Return-Path: <linux-media+bounces-23753-lists+linux-media=lfdr.de@vger.kernel.org>
X-Original-To: lists+linux-media@lfdr.de
Delivered-To: lists+linux-media@lfdr.de
Received: from ny.mirrors.kernel.org (ny.mirrors.kernel.org [IPv6:2604:1380:45d1:ec00::1])
	by mail.lfdr.de (Postfix) with ESMTPS id B63FB9F71C8
	for <lists+linux-media@lfdr.de>; Thu, 19 Dec 2024 02:29:54 +0100 (CET)
Received: from smtp.subspace.kernel.org (relay.kernel.org [52.25.139.140])
	(using TLSv1.2 with cipher ECDHE-ECDSA-AES256-GCM-SHA384 (256/256 bits))
	(No client certificate requested)
	by ny.mirrors.kernel.org (Postfix) with ESMTPS id C5E4D166692
	for <lists+linux-media@lfdr.de>; Thu, 19 Dec 2024 01:29:51 +0000 (UTC)
Received: from localhost.localdomain (localhost.localdomain [127.0.0.1])
	by smtp.subspace.kernel.org (Postfix) with ESMTP id 8E02F7081C;
	Thu, 19 Dec 2024 01:29:27 +0000 (UTC)
X-Original-To: linux-media@vger.kernel.org
Received: from mail2.tds.syn-alias.com (mail2.tds.syn-alias.com [129.159.94.43])
	by smtp.subspace.kernel.org (Postfix) with ESMTP id 3502478F2A
	for <linux-media@vger.kernel.org>; Thu, 19 Dec 2024 01:29:16 +0000 (UTC)
Authentication-Results: smtp.subspace.kernel.org; arc=none smtp.client-ip=129.159.94.43
ARC-Seal:i=1; a=rsa-sha256; d=subspace.kernel.org; s=arc-20240116;
	t=1734571767; cv=none; b=gjfzVWLn2NmZLXHp+KPeSRD8DzstE9ikfox7xdMxU97qTeHy4usDxdUbT5Y08eSPx0Fj5zEGMjIPJNovDkjVJeHYZ6wVToFqpgBbn3w2JLCzbLNckXmdQMweTJEcmWEN9VJyRXpx1gOtQMM3JyzD8qlG8vw6wToK20VAhAbysXI=
ARC-Message-Signature:i=1; a=rsa-sha256; d=subspace.kernel.org;
	s=arc-20240116; t=1734571767; c=relaxed/simple;
	bh=iDUDsj0k7a3Pd3k+pTx01M8tIy4n0Cp7aZ2XkBto/ec=;
	h=Date:From:To:Cc:Message-ID:In-Reply-To:References:Subject:
	 MIME-Version:Content-Type; b=MFY1jsPO7UNj/q5eDzVtPFXvm/L2etB1BjRaZC+pv2fxAiQyDwPK9Kh7JRkYsTzY0oQ+z8xeCT2WWnzmeQGdryqjZi0B7djx/Tf1bhBjWF5wEJ6+BMiDUsJ3eoar8ImlL77+UNSNpf/C/9EM3SRU+xlDfbYqONb9hi7is5+3MoE=
ARC-Authentication-Results:i=1; smtp.subspace.kernel.org; dmarc=none (p=none dis=none) header.from=chorus.net; spf=pass smtp.mailfrom=chorus.net; arc=none smtp.client-ip=129.159.94.43
Authentication-Results: smtp.subspace.kernel.org; dmarc=none (p=none dis=none) header.from=chorus.net
Authentication-Results: smtp.subspace.kernel.org; spf=pass smtp.mailfrom=chorus.net
X-Authed-Username: ZHVhbmVrQGNob3J1cy5uZXQ=
Received: from [10.219.153.33] ([10.219.153.33:15172] helo=md15.tds.email-ash1.sync.lan)
	by mail.tds.net (envelope-from <duanek@chorus.net>)
	(ecelerity 4.4.1.20033 r(msys-ecelerity:tags/4.4.1.0^0)) with ESMTP
	id AA/92-06351-CE673676; Wed, 18 Dec 2024 20:29:16 -0500
Date: Wed, 18 Dec 2024 20:29:16 -0500 (EST)
From: "duanek@chorus.net" <duanek@chorus.net>
To: Bingbu Cao <bingbu.cao@linux.intel.com>
Cc: Jacopo Mondi <jacopo.mondi@ideasonboard.com>, 
	linux-media <linux-media@vger.kernel.org>, 
	libcamera-devel <libcamera-devel@lists.libcamera.org>
Message-ID: <578607689.101572908.1734571756163.JavaMail.zimbra@chorus.net>
In-Reply-To: <06dcddff-84b3-8717-fa56-53d49abcaf5d@linux.intel.com>
References: <1594170563.10937137.1728935697496.JavaMail.zimbra@chorus.net> <1385342589.100511352.1734536762106.JavaMail.zimbra@chorus.net> <45xboahdow6gy7uanhrdsiln3zxcu4xdy7hew3usqtgurf7byj@wl7gvzgtzg5s> <1626527939.100593578.1734539132976.JavaMail.zimbra@chorus.net> <3csrwld4fbhg7fg7v4dm4fccvxkracxuwj6y7k5z7k7t5zpeha@qfgr6pmzyg6f> <698982370.100647689.1734540932591.JavaMail.zimbra@chorus.net> <4vlmoi3uto44j3cigzatkclqd5krybvihvkq77glwcblpdlrb5@yhdl6dvd2gmj> <06dcddff-84b3-8717-fa56-53d49abcaf5d@linux.intel.com>
Subject: Re: IPU6 Camera with ov08x40 (OVTI08F4 sensor) HP Spectre 16"
 Meteor Lake doesn't work
Precedence: bulk
X-Mailing-List: linux-media@vger.kernel.org
List-Id: <linux-media.vger.kernel.org>
List-Subscribe: <mailto:linux-media+subscribe@vger.kernel.org>
List-Unsubscribe: <mailto:linux-media+unsubscribe@vger.kernel.org>
MIME-Version: 1.0
Content-Type: text/plain; charset=utf-8
Content-Transfer-Encoding: quoted-printable
X-Mailer: Zimbra 9.0.0_GA_4653 (ZimbraWebClient - GC131 (Linux)/9.0.0_GA_4653)
Thread-Topic: IPU6 Camera with ov08x40 (OVTI08F4 sensor) HP Spectre 16" Meteor Lake doesn't work
Thread-Index: n2TAVrRvnTOBCZTejJfdpB1gmb8rdQ==
X-Vade-Verdict: clean
X-Vade-Analysis-1: gggruggvucftvghtrhhoucdtuddrgeefuddrleelgdefhecutefuodetggdotefrodftvfcurfhrohhf
X-Vade-Analysis-2: ihhlvgemucfujgfpteevqfftpdfvfffupdfgpfggqdfvfffupdfqfgfvnecuuegrihhlohhuthemucef
X-Vade-Analysis-3: tddunecusecvtfgvtghiphhivghnthhsucdlqddutddtmdenucfjughrpeffhffvvefkjghfufggtgfg
X-Vade-Analysis-4: ihfothesthhqtgdtiidtjeenucfhrhhomhepfdguuhgrnhgvkhestghhohhruhhsrdhnvghtfdcuoegu
X-Vade-Analysis-5: uhgrnhgvkhestghhohhruhhsrdhnvghtqeenucggtffrrghtthgvrhhnpeevjeffudeuveevieehvdet
X-Vade-Analysis-6: geeffeekteelhfdvgefgheekteehiedtffevfffgieenucfkphepuddtrddvudelrdduheefrdeffedp
X-Vade-Analysis-7: vddtjedrvddttddrvddvjedrgeegnecuvehluhhsthgvrhfuihiivgeptdenucfrrghrrghmpehinhgv
X-Vade-Analysis-8: thepuddtrddvudelrdduheefrdeffedphhgvlhhopehmugduhedrthgushdrvghmrghilhdqrghshhdu
X-Vade-Analysis-9: rdhshihntgdrlhgrnhdpmhgrihhlfhhrohhmpeguuhgrnhgvkhestghhohhruhhsrdhnvghtpdhrtghp
X-Vade-Analysis-10: thhtohepsghinhhgsghurdgtrghosehlihhnuhigrdhinhhtvghlrdgtohhmpdhrtghpthhtohepjhgr
X-Vade-Analysis-11: tghophhordhmohhnughisehiuggvrghsohhnsghorghrugdrtghomhdprhgtphhtthhopehlihhnuhig
X-Vade-Analysis-12: qdhmvgguihgrsehvghgvrhdrkhgvrhhnvghlrdhorhhgpdhrtghpthhtoheplhhisggtrghmvghrrgdq
X-Vade-Analysis-13: uggvvhgvlheslhhishhtshdrlhhisggtrghmvghrrgdrohhrghdpmhhtrghhohhsthepshhmthhptddu
X-Vade-Analysis-14: rdhtughsrdgvmhgrihhlqdgrshhhuddrshihnhgtrdhlrghnpdhnsggprhgtphhtthhopeegpdhishgp
X-Vade-Analysis-15: nhgrpehfrghlshgvpdgruhhthhgpuhhsvghrpeguuhgrnhgvkhestghhohhruhhsrdhnvght
X-Vade-Client: TDS

Dear Bingbu Cao,

I appreciate your help.

Full disclosure: I rebooted to get you a 'clean' dmesg, but when I rebooted=
, I had to re-load the ov80x40 module

sudo dmesg:
[    0.000000] Linux version 6.12.5-ipu6 (root@DuanesSpectre16) (gcc (Debia=
n 14.2.0-11) 14.2.0, GNU ld (GNU Binutils for Debian) 2.43.50.20241215) #7 =
SMP PREEMPT_DYNAMIC Tue Dec 17 18:12:49 CST 2024
[    0.000000] Command line: BOOT_IMAGE=3D/boot/vmlinuz-6.12.5-ipu6 root=3D=
UUID=3D7881f7bb-dbe6-4323-887f-dd718adb7a8b ro quiet splash
[    0.000000] x86/split lock detection: #AC: crashing the kernel on kernel=
 split_locks and warning on user-space split_locks
[    0.000000] BIOS-provided physical RAM map:
[    0.000000] BIOS-e820: [mem 0x0000000000000000-0x000000000009efff] usabl=
e
[    0.000000] BIOS-e820: [mem 0x000000000009f000-0x00000000000fffff] reser=
ved
[    0.000000] BIOS-e820: [mem 0x0000000000100000-0x0000000057818fff] usabl=
e
[    0.000000] BIOS-e820: [mem 0x0000000057819000-0x000000005ad4dfff] reser=
ved
[    0.000000] BIOS-e820: [mem 0x000000005ad4e000-0x000000005ae6dfff] ACPI =
data
[    0.000000] BIOS-e820: [mem 0x000000005ae6e000-0x000000005aff0fff] ACPI =
NVS
[    0.000000] BIOS-e820: [mem 0x000000005aff1000-0x0000000065ffefff] reser=
ved
[    0.000000] BIOS-e820: [mem 0x0000000065fff000-0x0000000065ffffff] usabl=
e
[    0.000000] BIOS-e820: [mem 0x0000000066000000-0x00000000787fffff] reser=
ved
[    0.000000] BIOS-e820: [mem 0x00000000c0000000-0x00000000cfffffff] reser=
ved
[    0.000000] BIOS-e820: [mem 0x00000000fe000000-0x00000000fe010fff] reser=
ved
[    0.000000] BIOS-e820: [mem 0x00000000fec00000-0x00000000fec00fff] reser=
ved
[    0.000000] BIOS-e820: [mem 0x00000000fed00000-0x00000000fed00fff] reser=
ved
[    0.000000] BIOS-e820: [mem 0x00000000fed20000-0x00000000fed7ffff] reser=
ved
[    0.000000] BIOS-e820: [mem 0x00000000fee00000-0x00000000fee00fff] reser=
ved
[    0.000000] BIOS-e820: [mem 0x00000000ff000000-0x00000000ffffffff] reser=
ved
[    0.000000] BIOS-e820: [mem 0x0000000100000000-0x000000087fffffff] usabl=
e
[    0.000000] NX (Execute Disable) protection: active
[    0.000000] APIC: Static calls initialized
[    0.000000] e820: update [mem 0x4fe69018-0x4fe78c57] usable =3D=3D> usab=
le
[    0.000000] extended physical RAM map:
[    0.000000] reserve setup_data: [mem 0x0000000000000000-0x000000000009ef=
ff] usable
[    0.000000] reserve setup_data: [mem 0x000000000009f000-0x00000000000fff=
ff] reserved
[    0.000000] reserve setup_data: [mem 0x0000000000100000-0x000000004fe690=
17] usable
[    0.000000] reserve setup_data: [mem 0x000000004fe69018-0x000000004fe78c=
57] usable
[    0.000000] reserve setup_data: [mem 0x000000004fe78c58-0x0000000057818f=
ff] usable
[    0.000000] reserve setup_data: [mem 0x0000000057819000-0x000000005ad4df=
ff] reserved
[    0.000000] reserve setup_data: [mem 0x000000005ad4e000-0x000000005ae6df=
ff] ACPI data
[    0.000000] reserve setup_data: [mem 0x000000005ae6e000-0x000000005aff0f=
ff] ACPI NVS
[    0.000000] reserve setup_data: [mem 0x000000005aff1000-0x0000000065ffef=
ff] reserved
[    0.000000] reserve setup_data: [mem 0x0000000065fff000-0x0000000065ffff=
ff] usable
[    0.000000] reserve setup_data: [mem 0x0000000066000000-0x00000000787fff=
ff] reserved
[    0.000000] reserve setup_data: [mem 0x00000000c0000000-0x00000000cfffff=
ff] reserved
[    0.000000] reserve setup_data: [mem 0x00000000fe000000-0x00000000fe010f=
ff] reserved
[    0.000000] reserve setup_data: [mem 0x00000000fec00000-0x00000000fec00f=
ff] reserved
[    0.000000] reserve setup_data: [mem 0x00000000fed00000-0x00000000fed00f=
ff] reserved
[    0.000000] reserve setup_data: [mem 0x00000000fed20000-0x00000000fed7ff=
ff] reserved
[    0.000000] reserve setup_data: [mem 0x00000000fee00000-0x00000000fee00f=
ff] reserved
[    0.000000] reserve setup_data: [mem 0x00000000ff000000-0x00000000ffffff=
ff] reserved
[    0.000000] reserve setup_data: [mem 0x0000000100000000-0x000000087fffff=
ff] usable
[    0.000000] efi: EFI v2.9 by American Megatrends
[    0.000000] efi: ACPI=3D0x5ae6d000 ACPI 2.0=3D0x5ae6d014 TPMFinalLog=3D0=
x5af09000 SMBIOS=3D0x64a28000 SMBIOS 3.0=3D0x64a27000 MEMATTR=3D0x544a7818 =
ESRT=3D0x55b40d18 MOKvar=3D0x65a8a000 INITRD=3D0x540b6598 RNG=3D0x5ad87018 =
TPMEventLog=3D0x5ad77018=20
[    0.000000] random: crng init done
[    0.000000] efi: Remove mem89: MMIO range=3D[0xc0000000-0xcfffffff] (256=
MB) from e820 map
[    0.000000] e820: remove [mem 0xc0000000-0xcfffffff] reserved
[    0.000000] efi: Not removing mem90: MMIO range=3D[0xfe000000-0xfe010fff=
] (68KB) from e820 map
[    0.000000] efi: Not removing mem91: MMIO range=3D[0xfec00000-0xfec00fff=
] (4KB) from e820 map
[    0.000000] efi: Not removing mem92: MMIO range=3D[0xfed00000-0xfed00fff=
] (4KB) from e820 map
[    0.000000] efi: Not removing mem94: MMIO range=3D[0xfee00000-0xfee00fff=
] (4KB) from e820 map
[    0.000000] efi: Remove mem95: MMIO range=3D[0xff000000-0xffffffff] (16M=
B) from e820 map
[    0.000000] e820: remove [mem 0xff000000-0xffffffff] reserved
[    0.000000] secureboot: Secure boot disabled
[    0.000000] SMBIOS 3.6.0 present.
[    0.000000] DMI: HP HP Spectre x360 2-in-1 Laptop 16t-aa000/8C17, BIOS F=
.11 08/14/2024
[    0.000000] DMI: Memory slots populated: 2/2
[    0.000000] tsc: Detected 3000.000 MHz processor
[    0.000000] tsc: Detected 2995.200 MHz TSC
[    0.000007] e820: update [mem 0x00000000-0x00000fff] usable =3D=3D> rese=
rved
[    0.000009] e820: remove [mem 0x000a0000-0x000fffff] usable
[    0.000014] last_pfn =3D 0x880000 max_arch_pfn =3D 0x400000000
[    0.000018] MTRR map: 8 entries (3 fixed + 5 variable; max 23), built fr=
om 10 variable MTRRs
[    0.000019] x86/PAT: Configuration [0-7]: WB  WC  UC- UC  WB  WP  UC- WT=
 =20
[    0.000463] x2apic: enabled by BIOS, switching to x2apic ops
[    0.000464] last_pfn =3D 0x66000 max_arch_pfn =3D 0x400000000
[    0.004826] esrt: Reserving ESRT space from 0x0000000055b40d18 to 0x0000=
000055b40d50.
[    0.004831] e820: update [mem 0x55b40000-0x55b40fff] usable =3D=3D> rese=
rved
[    0.004843] Using GB pages for direct mapping
[    0.005080] RAMDISK: [mem 0x3c687000-0x41486fff]
[    0.005083] ACPI: Early table checksum verification disabled
[    0.005086] ACPI: RSDP 0x000000005AE6D014 000024 (v02 HPQOEM)
[    0.005089] ACPI: XSDT 0x000000005AE6C728 000194 (v01 HPQOEM SLIC-MPC 01=
072009 AMI  01000013)
[    0.005093] ACPI: FACP 0x000000005AE53000 000114 (v06 HPQOEM SLIC-MPC 01=
072009 HP   01000013)
[    0.005097] ACPI: DSDT 0x000000005ADDB000 077690 (v02 HPQOEM 8C17     01=
072009 ACPI 20210930)
[    0.005098] ACPI: FACS 0x000000005AFEA000 000040
[    0.005100] ACPI: SSDT 0x000000005AE6B000 000689 (v02 HPQOEM 8C17     00=
003000 ACPI 20210930)
[    0.005101] ACPI: SSDT 0x000000005AE6A000 0005E4 (v02 HPQOEM 8C17     00=
003000 ACPI 20210930)
[    0.005103] ACPI: SSDT 0x000000005AE69000 0001AB (v02 HPQOEM 8C17     00=
003000 ACPI 20210930)
[    0.005104] ACPI: SSDT 0x000000005AE68000 000394 (v02 HPQOEM 8C17     00=
003001 ACPI 20210930)
[    0.005106] ACPI: SSDT 0x000000005AE66000 001BAF (v02 HPQOEM 8C17     00=
003000 ACPI 20210930)
[    0.005107] ACPI: SSDT 0x000000005AE64000 001620 (v02 HPQOEM 8C17     00=
003000 ACPI 20210930)
[    0.005108] ACPI: SSDT 0x000000005AE62000 001349 (v02 HPQOEM 8C17     00=
003000 ACPI 20210930)
[    0.005110] ACPI: SSDT 0x000000005AE61000 000FBB (v02 HPQOEM 8C17     00=
003000 ACPI 20210930)
[    0.005111] ACPI: SSDT 0x000000005AE5D000 003BC8 (v02 HPQOEM 8C17     00=
003000 ACPI 20210930)
[    0.005113] ACPI: DTPR 0x000000005AE5C000 000098 (v01 HPQOEM 8C17     00=
000000 HP   00000000)
[    0.005114] ACPI: SSDT 0x000000005AE56000 0058E1 (v02 HPQOEM 8C17     00=
001000 ACPI 20210930)
[    0.005116] ACPI: SSDT 0x000000005AE54000 00165F (v02 HPQOEM 8C17     00=
001000 ACPI 20210930)
[    0.005117] ACPI: FIDT 0x000000005ADDA000 00009C (v01 HPQOEM 8C17     01=
072009 HP   00010013)
[    0.005119] ACPI: MSDM 0x000000005ADD9000 000055 (v03 HPQOEM SLIC-MPC 00=
000001 HP   00010013)
[    0.005120] ACPI: SSDT 0x000000005ADD8000 00038C (v02 HPQOEM 8C17     00=
000001 ACPI 20210930)
[    0.005122] ACPI: SSDT 0x000000005ADD5000 002494 (v02 HPQOEM 8C17     00=
003000 ACPI 20210930)
[    0.005123] ACPI: SSDT 0x000000005ADCA000 0000F9 (v02 HPQOEM 8C17     00=
001000 ACPI 20210930)
[    0.005124] ACPI: HPET 0x000000005ADC9000 000038 (v01 HPQOEM 8C17     01=
072009 HP   01000013)
[    0.005126] ACPI: APIC 0x000000005ADC8000 000358 (v05 HPQOEM 8C17     01=
072009 HP   01000013)
[    0.005127] ACPI: MCFG 0x000000005ADC7000 00003C (v01 HPQOEM 8C17     01=
072009 HP   01000013)
[    0.005129] ACPI: SSDT 0x000000005ADC5000 00147F (v02 HPQOEM 8C17     00=
001000 ACPI 20210930)
[    0.005130] ACPI: SSDT 0x000000005ADC3000 00140F (v02 HPQOEM 8C17     00=
001000 ACPI 20210930)
[    0.005132] ACPI: SSDT 0x000000005ADB2000 01023F (v02 HPQOEM 8C17     00=
001000 ACPI 20210930)
[    0.005133] ACPI: UEFI 0x000000005AEF0000 000048 (v01 HPQOEM 8C17     01=
072009 HP   01000013)
[    0.005134] ACPI: NHLT 0x000000005ADB1000 000960 (v00 HPQOEM 8C17     01=
072009 HP   01000013)
[    0.005136] ACPI: LPIT 0x000000005ADB0000 0000CC (v01 HPQOEM 8C17     01=
072009 HP   01000013)
[    0.005137] ACPI: SSDT 0x000000005ADAE000 000CA6 (v02 HPQOEM 8C17     00=
001000 ACPI 20210930)
[    0.005139] ACPI: SSDT 0x000000005ADA8000 005E42 (v02 HPQOEM 8C17     00=
000000 ACPI 20210930)
[    0.005140] ACPI: DBGP 0x000000005ADA7000 000034 (v01 HPQOEM 8C17     01=
072009 HP   01000013)
[    0.005142] ACPI: DBG2 0x000000005ADA6000 000054 (v00 HPQOEM 8C17     01=
072009 HP   01000013)
[    0.005143] ACPI: SSDT 0x000000005ADA4000 00113F (v02 HPQOEM 8C17     00=
001000 ACPI 20210930)
[    0.005145] ACPI: DMAR 0x000000005ADA3000 0000A8 (v01 HPQOEM 8C17     01=
072009 HP   01000013)
[    0.005146] ACPI: FPDT 0x000000005ADA2000 000044 (v01 HPQOEM 8C17     01=
072009 HP   01000013)
[    0.005147] ACPI: SSDT 0x000000005ADA0000 001021 (v02 HPQOEM 8C17     00=
000000 ACPI 20210930)
[    0.005149] ACPI: SSDT 0x000000005AD9D000 00281A (v02 HPQOEM 8C17     00=
003000 ACPI 20210930)
[    0.005150] ACPI: SSDT 0x000000005AD9A000 0028D3 (v02 HPQOEM 8C17     00=
003000 ACPI 20210930)
[    0.005152] ACPI: SSDT 0x000000005AD99000 000060 (v01 HPQOEM 8C17     00=
000001 ACPI 20210930)
[    0.005153] ACPI: SSDT 0x000000005AD90000 0085C5 (v02 HPQOEM 8C17     00=
001000 ACPI 20210930)
[    0.005154] ACPI: OEM1 0x000000005AD8F000 0002B0 (v01 HPQOEM HPOEM1DC 00=
000000 HP   00000000)
[    0.005156] ACPI: SSDT 0x000000005AD8B000 003210 (v02 HPQOEM 8C17     00=
001000 ACPI 20210930)
[    0.005157] ACPI: PHAT 0x000000005AD8A000 000734 (v01 HPQOEM 8C17     00=
000005 HP   0100000D)
[    0.005159] ACPI: SSDT 0x000000005ADCB000 009BC2 (v02 HPQOEM 8C17     00=
001000 ACPI 20210930)
[    0.005160] ACPI: TPM2 0x000000005AD89000 00004C (v04 HPQOEM 8C17     00=
000001 HP   00000000)
[    0.005162] ACPI: WSMT 0x000000005ADAF000 000028 (v01 HPQOEM 8C17     01=
072009 HP   00010013)
[    0.005163] ACPI: BGRT 0x000000005AD88000 000038 (v01 HPQOEM 8C17     01=
072009 HP   00010013)
[    0.005164] ACPI: Reserving FACP table memory at [mem 0x5ae53000-0x5ae53=
113]
[    0.005165] ACPI: Reserving DSDT table memory at [mem 0x5addb000-0x5ae52=
68f]
[    0.005166] ACPI: Reserving FACS table memory at [mem 0x5afea000-0x5afea=
03f]
[    0.005166] ACPI: Reserving SSDT table memory at [mem 0x5ae6b000-0x5ae6b=
688]
[    0.005166] ACPI: Reserving SSDT table memory at [mem 0x5ae6a000-0x5ae6a=
5e3]
[    0.005167] ACPI: Reserving SSDT table memory at [mem 0x5ae69000-0x5ae69=
1aa]
[    0.005167] ACPI: Reserving SSDT table memory at [mem 0x5ae68000-0x5ae68=
393]
[    0.005168] ACPI: Reserving SSDT table memory at [mem 0x5ae66000-0x5ae67=
bae]
[    0.005168] ACPI: Reserving SSDT table memory at [mem 0x5ae64000-0x5ae65=
61f]
[    0.005168] ACPI: Reserving SSDT table memory at [mem 0x5ae62000-0x5ae63=
348]
[    0.005169] ACPI: Reserving SSDT table memory at [mem 0x5ae61000-0x5ae61=
fba]
[    0.005169] ACPI: Reserving SSDT table memory at [mem 0x5ae5d000-0x5ae60=
bc7]
[    0.005169] ACPI: Reserving DTPR table memory at [mem 0x5ae5c000-0x5ae5c=
097]
[    0.005170] ACPI: Reserving SSDT table memory at [mem 0x5ae56000-0x5ae5b=
8e0]
[    0.005170] ACPI: Reserving SSDT table memory at [mem 0x5ae54000-0x5ae55=
65e]
[    0.005170] ACPI: Reserving FIDT table memory at [mem 0x5adda000-0x5adda=
09b]
[    0.005171] ACPI: Reserving MSDM table memory at [mem 0x5add9000-0x5add9=
054]
[    0.005171] ACPI: Reserving SSDT table memory at [mem 0x5add8000-0x5add8=
38b]
[    0.005172] ACPI: Reserving SSDT table memory at [mem 0x5add5000-0x5add7=
493]
[    0.005172] ACPI: Reserving SSDT table memory at [mem 0x5adca000-0x5adca=
0f8]
[    0.005172] ACPI: Reserving HPET table memory at [mem 0x5adc9000-0x5adc9=
037]
[    0.005173] ACPI: Reserving APIC table memory at [mem 0x5adc8000-0x5adc8=
357]
[    0.005173] ACPI: Reserving MCFG table memory at [mem 0x5adc7000-0x5adc7=
03b]
[    0.005173] ACPI: Reserving SSDT table memory at [mem 0x5adc5000-0x5adc6=
47e]
[    0.005174] ACPI: Reserving SSDT table memory at [mem 0x5adc3000-0x5adc4=
40e]
[    0.005174] ACPI: Reserving SSDT table memory at [mem 0x5adb2000-0x5adc2=
23e]
[    0.005175] ACPI: Reserving UEFI table memory at [mem 0x5aef0000-0x5aef0=
047]
[    0.005175] ACPI: Reserving NHLT table memory at [mem 0x5adb1000-0x5adb1=
95f]
[    0.005175] ACPI: Reserving LPIT table memory at [mem 0x5adb0000-0x5adb0=
0cb]
[    0.005176] ACPI: Reserving SSDT table memory at [mem 0x5adae000-0x5adae=
ca5]
[    0.005176] ACPI: Reserving SSDT table memory at [mem 0x5ada8000-0x5adad=
e41]
[    0.005176] ACPI: Reserving DBGP table memory at [mem 0x5ada7000-0x5ada7=
033]
[    0.005177] ACPI: Reserving DBG2 table memory at [mem 0x5ada6000-0x5ada6=
053]
[    0.005177] ACPI: Reserving SSDT table memory at [mem 0x5ada4000-0x5ada5=
13e]
[    0.005178] ACPI: Reserving DMAR table memory at [mem 0x5ada3000-0x5ada3=
0a7]
[    0.005178] ACPI: Reserving FPDT table memory at [mem 0x5ada2000-0x5ada2=
043]
[    0.005178] ACPI: Reserving SSDT table memory at [mem 0x5ada0000-0x5ada1=
020]
[    0.005179] ACPI: Reserving SSDT table memory at [mem 0x5ad9d000-0x5ad9f=
819]
[    0.005179] ACPI: Reserving SSDT table memory at [mem 0x5ad9a000-0x5ad9c=
8d2]
[    0.005179] ACPI: Reserving SSDT table memory at [mem 0x5ad99000-0x5ad99=
05f]
[    0.005180] ACPI: Reserving SSDT table memory at [mem 0x5ad90000-0x5ad98=
5c4]
[    0.005180] ACPI: Reserving OEM1 table memory at [mem 0x5ad8f000-0x5ad8f=
2af]
[    0.005181] ACPI: Reserving SSDT table memory at [mem 0x5ad8b000-0x5ad8e=
20f]
[    0.005181] ACPI: Reserving PHAT table memory at [mem 0x5ad8a000-0x5ad8a=
733]
[    0.005181] ACPI: Reserving SSDT table memory at [mem 0x5adcb000-0x5add4=
bc1]
[    0.005182] ACPI: Reserving TPM2 table memory at [mem 0x5ad89000-0x5ad89=
04b]
[    0.005182] ACPI: Reserving WSMT table memory at [mem 0x5adaf000-0x5adaf=
027]
[    0.005183] ACPI: Reserving BGRT table memory at [mem 0x5ad88000-0x5ad88=
037]
[    0.005213] APIC: Switched APIC routing to: cluster x2apic
[    0.005418] No NUMA configuration found
[    0.005419] Faking a node at [mem 0x0000000000000000-0x000000087fffffff]
[    0.005423] NODE_DATA(0) allocated [mem 0x87ffd5680-0x87fffffff]
[    0.005588] Zone ranges:
[    0.005589]   DMA      [mem 0x0000000000001000-0x0000000000ffffff]
[    0.005590]   DMA32    [mem 0x0000000001000000-0x00000000ffffffff]
[    0.005590]   Normal   [mem 0x0000000100000000-0x000000087fffffff]
[    0.005591]   Device   empty
[    0.005592] Movable zone start for each node
[    0.005593] Early memory node ranges
[    0.005593]   node   0: [mem 0x0000000000001000-0x000000000009efff]
[    0.005594]   node   0: [mem 0x0000000000100000-0x0000000057818fff]
[    0.005594]   node   0: [mem 0x0000000065fff000-0x0000000065ffffff]
[    0.005595]   node   0: [mem 0x0000000100000000-0x000000087fffffff]
[    0.005597] Initmem setup node 0 [mem 0x0000000000001000-0x000000087ffff=
fff]
[    0.005601] On node 0, zone DMA: 1 pages in unavailable ranges
[    0.005621] On node 0, zone DMA: 97 pages in unavailable ranges
[    0.007359] On node 0, zone DMA32: 26598 pages in unavailable ranges
[    0.007575] On node 0, zone Normal: 8192 pages in unavailable ranges
[    0.007968] ACPI: PM-Timer IO Port: 0x1808
[    0.007975] ACPI: X2APIC_NMI (uid[0xffffffff] high level lint[0x1])
[    0.008008] IOAPIC[0]: apic_id 2, version 32, address 0xfec00000, GSI 0-=
119
[    0.008009] ACPI: INT_SRC_OVR (bus 0 bus_irq 0 global_irq 2 dfl dfl)
[    0.008011] ACPI: INT_SRC_OVR (bus 0 bus_irq 9 global_irq 9 high level)
[    0.008013] ACPI: Using ACPI (MADT) for SMP configuration information
[    0.008014] ACPI: HPET id: 0x8086a201 base: 0xfed00000
[    0.008020] e820: update [mem 0x5453a000-0x54563fff] usable =3D=3D> rese=
rved
[    0.008027] TSC deadline timer available
[    0.008029] CPU topo: Max. logical packages:   1
[    0.008029] CPU topo: Max. logical dies:       1
[    0.008030] CPU topo: Max. dies per package:   1
[    0.008031] CPU topo: Max. threads per core:   2
[    0.008032] CPU topo: Num. cores per package:    16
[    0.008032] CPU topo: Num. threads per package:  22
[    0.008032] CPU topo: Allowing 22 present CPUs plus 0 hotplug CPUs
[    0.008042] PM: hibernation: Registered nosave memory: [mem 0x00000000-0=
x00000fff]
[    0.008043] PM: hibernation: Registered nosave memory: [mem 0x0009f000-0=
x000fffff]
[    0.008044] PM: hibernation: Registered nosave memory: [mem 0x4fe69000-0=
x4fe69fff]
[    0.008045] PM: hibernation: Registered nosave memory: [mem 0x4fe78000-0=
x4fe78fff]
[    0.008045] PM: hibernation: Registered nosave memory: [mem 0x5453a000-0=
x54563fff]
[    0.008046] PM: hibernation: Registered nosave memory: [mem 0x55b40000-0=
x55b40fff]
[    0.008047] PM: hibernation: Registered nosave memory: [mem 0x57819000-0=
x5ad4dfff]
[    0.008047] PM: hibernation: Registered nosave memory: [mem 0x5ad4e000-0=
x5ae6dfff]
[    0.008048] PM: hibernation: Registered nosave memory: [mem 0x5ae6e000-0=
x5aff0fff]
[    0.008048] PM: hibernation: Registered nosave memory: [mem 0x5aff1000-0=
x65ffefff]
[    0.008049] PM: hibernation: Registered nosave memory: [mem 0x66000000-0=
x787fffff]
[    0.008049] PM: hibernation: Registered nosave memory: [mem 0x78800000-0=
xfdffffff]
[    0.008049] PM: hibernation: Registered nosave memory: [mem 0xfe000000-0=
xfe010fff]
[    0.008050] PM: hibernation: Registered nosave memory: [mem 0xfe011000-0=
xfebfffff]
[    0.008050] PM: hibernation: Registered nosave memory: [mem 0xfec00000-0=
xfec00fff]
[    0.008050] PM: hibernation: Registered nosave memory: [mem 0xfec01000-0=
xfecfffff]
[    0.008051] PM: hibernation: Registered nosave memory: [mem 0xfed00000-0=
xfed00fff]
[    0.008051] PM: hibernation: Registered nosave memory: [mem 0xfed01000-0=
xfed1ffff]
[    0.008051] PM: hibernation: Registered nosave memory: [mem 0xfed20000-0=
xfed7ffff]
[    0.008052] PM: hibernation: Registered nosave memory: [mem 0xfed80000-0=
xfedfffff]
[    0.008052] PM: hibernation: Registered nosave memory: [mem 0xfee00000-0=
xfee00fff]
[    0.008052] PM: hibernation: Registered nosave memory: [mem 0xfee01000-0=
xffffffff]
[    0.008053] [mem 0x78800000-0xfdffffff] available for PCI devices
[    0.008054] Booting paravirtualized kernel on bare hardware
[    0.008056] clocksource: refined-jiffies: mask: 0xffffffff max_cycles: 0=
xffffffff, max_idle_ns: 7645519600211568 ns
[    0.011289] setup_percpu: NR_CPUS:8192 nr_cpumask_bits:22 nr_cpu_ids:22 =
nr_node_ids:1
[    0.012587] percpu: Embedded 66 pages/cpu s233472 r8192 d28672 u524288
[    0.012593] pcpu-alloc: s233472 r8192 d28672 u524288 alloc=3D1*2097152
[    0.012596] pcpu-alloc: [0] 00 01 02 03 [0] 04 05 06 07=20
[    0.012598] pcpu-alloc: [0] 08 09 10 11 [0] 12 13 14 15=20
[    0.012600] pcpu-alloc: [0] 16 17 18 19 [0] 20 21 -- --=20
[    0.012611] Kernel command line: BOOT_IMAGE=3D/boot/vmlinuz-6.12.5-ipu6 =
root=3DUUID=3D7881f7bb-dbe6-4323-887f-dd718adb7a8b ro quiet splash
[    0.012650] Unknown kernel command line parameters "splash BOOT_IMAGE=3D=
/boot/vmlinuz-6.12.5-ipu6", will be passed to user space.
[    0.012658] printk: log_buf_len individual max cpu contribution: 4096 by=
tes
[    0.012659] printk: log_buf_len total cpu_extra contributions: 86016 byt=
es
[    0.012659] printk: log_buf_len min size: 131072 bytes
[    0.012817] printk: log_buf_len: 262144 bytes
[    0.012817] printk: early log buf free: 112576(85%)
[    0.015490] Dentry cache hash table entries: 4194304 (order: 13, 3355443=
2 bytes, linear)
[    0.016806] Inode-cache hash table entries: 2097152 (order: 12, 16777216=
 bytes, linear)
[    0.016972] Fallback order for Node 0: 0=20
[    0.016975] Built 1 zonelists, mobility grouping on.  Total pages: 82226=
48
[    0.016976] Policy zone: Normal
[    0.016982] mem auto-init: stack:all(zero), heap alloc:on, heap free:off
[    0.016993] software IO TLB: area num 32.
[    0.032342] SLUB: HWalign=3D64, Order=3D0-3, MinObjects=3D0, CPUs=3D22, =
Nodes=3D1
[    0.032391] ftrace: allocating 45562 entries in 178 pages
[    0.038290] ftrace: allocated 178 pages with 4 groups
[    0.038867] Dynamic Preempt: voluntary
[    0.038934] rcu: Preemptible hierarchical RCU implementation.
[    0.038934] rcu: =09RCU restricting CPUs from NR_CPUS=3D8192 to nr_cpu_i=
ds=3D22.
[    0.038936] =09Trampoline variant of Tasks RCU enabled.
[    0.038936] =09Rude variant of Tasks RCU enabled.
[    0.038936] =09Tracing variant of Tasks RCU enabled.
[    0.038937] rcu: RCU calculated value of scheduler-enlistment delay is 2=
5 jiffies.
[    0.038937] rcu: Adjusting geometry for rcu_fanout_leaf=3D16, nr_cpu_ids=
=3D22
[    0.038948] RCU Tasks: Setting shift to 5 and lim to 1 rcu_task_cb_adjus=
t=3D1 rcu_task_cpu_ids=3D22.
[    0.038950] RCU Tasks Rude: Setting shift to 5 and lim to 1 rcu_task_cb_=
adjust=3D1 rcu_task_cpu_ids=3D22.
[    0.038952] RCU Tasks Trace: Setting shift to 5 and lim to 1 rcu_task_cb=
_adjust=3D1 rcu_task_cpu_ids=3D22.
[    0.041199] NR_IRQS: 524544, nr_irqs: 2232, preallocated irqs: 16
[    0.041507] rcu: srcu_init: Setting srcu_struct sizes based on contentio=
n.
[    0.041693] Console: colour dummy device 80x25
[    0.041695] printk: legacy console [tty0] enabled
[    0.041729] ACPI: Core revision 20240827
[    0.042041] hpet: HPET dysfunctional in PC10. Force disabled.
[    0.042134] APIC: Switch to symmetric I/O mode setup
[    0.042136] DMAR: Host address width 42
[    0.042137] DMAR: DRHD base: 0x000000fc800000 flags: 0x0
[    0.042143] DMAR: dmar0: reg_base_addr fc800000 ver 7:0 cap c9de008cee69=
0462 ecap 12ca9a00f0ef5e
[    0.042145] DMAR: DRHD base: 0x000000fc801000 flags: 0x1
[    0.042148] DMAR: dmar1: reg_base_addr fc801000 ver 7:0 cap c9de008cee69=
0462 ecap 12ca9a00f0efde
[    0.042150] DMAR: SATC flags: 0x1
[    0.042152] DMAR-IR: IOAPIC id 2 under DRHD base  0xfc801000 IOMMU 1
[    0.042153] DMAR-IR: HPET id 0 under DRHD base 0xfc801000
[    0.042154] DMAR-IR: Queued invalidation will be enabled to support x2ap=
ic and Intr-remapping.
[    0.043760] DMAR-IR: Enabled IRQ remapping in x2apic mode
[    0.047633] clocksource: tsc-early: mask: 0xffffffffffffffff max_cycles:=
 0x2b2c8ec87c7, max_idle_ns: 440795278598 ns
[    0.047641] Calibrating delay loop (skipped), value calculated using tim=
er frequency.. 5990.40 BogoMIPS (lpj=3D11980800)
[    0.047696] CPU0: Thermal monitoring enabled (TM1)
[    0.047698] x86/cpu: User Mode Instruction Prevention (UMIP) activated
[    0.047870] CET detected: Indirect Branch Tracking enabled
[    0.047872] Last level iTLB entries: 4KB 0, 2MB 0, 4MB 0
[    0.047873] Last level dTLB entries: 4KB 0, 2MB 0, 4MB 0, 1GB 0
[    0.047875] process: using mwait in idle threads
[    0.047877] Spectre V1 : Mitigation: usercopy/swapgs barriers and __user=
 pointer sanitization
[    0.047878] Spectre V2 : Mitigation: Enhanced / Automatic IBRS
[    0.047879] Spectre V2 : Spectre v2 / SpectreRSB mitigation: Filling RSB=
 on context switch
[    0.047880] Spectre V2 : mitigation: Enabling conditional Indirect Branc=
h Prediction Barrier
[    0.047881] Speculative Store Bypass: Mitigation: Speculative Store Bypa=
ss disabled via prctl
[    0.047889] x86/fpu: Supporting XSAVE feature 0x001: 'x87 floating point=
 registers'
[    0.047890] x86/fpu: Supporting XSAVE feature 0x002: 'SSE registers'
[    0.047890] x86/fpu: Supporting XSAVE feature 0x004: 'AVX registers'
[    0.047891] x86/fpu: Supporting XSAVE feature 0x200: 'Protection Keys Us=
er registers'
[    0.047892] x86/fpu: Supporting XSAVE feature 0x800: 'Control-flow User =
registers'
[    0.047892] x86/fpu: xstate_offset[2]:  576, xstate_sizes[2]:  256
[    0.047893] x86/fpu: xstate_offset[9]:  832, xstate_sizes[9]:    8
[    0.047893] x86/fpu: xstate_offset[11]:  840, xstate_sizes[11]:   16
[    0.047894] x86/fpu: Enabled xstate features 0xa07, context size is 856 =
bytes, using 'compacted' format.
[    0.051639] Freeing SMP alternatives memory: 40K
[    0.051639] pid_max: default: 32768 minimum: 301
[    0.051639] LSM: initializing lsm=3Dlockdown,capability,landlock,yama,ap=
parmor,tomoyo,bpf,ima,evm
[    0.051639] landlock: Up and running.
[    0.051639] Yama: disabled by default; enable with sysctl kernel.yama.*
[    0.051639] AppArmor: AppArmor initialized
[    0.051639] TOMOYO Linux initialized
[    0.051639] LSM support for eBPF active
[    0.051639] Mount-cache hash table entries: 65536 (order: 7, 524288 byte=
s, linear)
[    0.051639] Mountpoint-cache hash table entries: 65536 (order: 7, 524288=
 bytes, linear)
[    0.051639] smpboot: CPU0: Intel(R) Core(TM) Ultra 7 155H (family: 0x6, =
model: 0xaa, stepping: 0x4)
[    0.051639] Performance Events: XSAVE Architectural LBR, PEBS fmt4+-base=
line,  AnyThread deprecated, Meteorlake Hybrid events, 32-deep LBR, full-wi=
dth counters, Intel PMU driver.
[    0.051639] core: cpu_core PMU driver:=20
[    0.051639] ... version:                5
[    0.051639] ... bit width:              48
[    0.051639] ... generic registers:      8
[    0.051639] ... value mask:             0000ffffffffffff
[    0.051639] ... max period:             00007fffffffffff
[    0.051639] ... fixed-purpose events:   4
[    0.051639] ... event mask:             0001000f000000ff
[    0.051639] signal: max sigframe size: 3632
[    0.051639] Estimated ratio of average max frequency by base frequency (=
times 1024): 1638
[    0.051639] rcu: Hierarchical SRCU implementation.
[    0.051639] rcu: =09Max phase no-delay instances is 1000.
[    0.051639] Timer migration: 2 hierarchy levels; 8 children per group; 2=
 crossnode level
[    0.051639] NMI watchdog: Enabled. Permanently consumes one hw-PMU count=
er.
[    0.051639] smp: Bringing up secondary CPUs ...
[    0.051639] smpboot: x86: Booting SMP configuration:
[    0.051639] .... node  #0, CPUs:        #1  #3  #6  #8 #10 #12 #13 #14 #=
15 #16 #17 #18 #19 #20 #21
[    0.009996] core: cpu_atom PMU driver: PEBS-via-PT=20
[    0.009996] ... version:                5
[    0.009996] ... bit width:              48
[    0.009996] ... generic registers:      8
[    0.009996] ... value mask:             0000ffffffffffff
[    0.009996] ... max period:             00007fffffffffff
[    0.009996] ... fixed-purpose events:   3
[    0.009996] ... event mask:             00000007000000ff
[    0.065128]   #2  #4  #5  #7  #9 #11
[    0.071714] smp: Brought up 1 node, 22 CPUs
[    0.071714] smpboot: Total of 22 processors activated (131788.80 BogoMIP=
S)
[    0.095692] node 0 deferred pages initialised in 20ms
[    0.095697] Memory: 32107908K/32890592K available (16384K kernel code, 2=
485K rwdata, 6840K rodata, 4128K init, 4988K bss, 760700K reserved, 0K cma-=
reserved)
[    0.096438] devtmpfs: initialized
[    0.096438] x86/mm: Memory block size: 128MB
[    0.097000] ACPI: PM: Registering ACPI NVS region [mem 0x5ae6e000-0x5aff=
0fff] (1585152 bytes)
[    0.097000] clocksource: jiffies: mask: 0xffffffff max_cycles: 0xfffffff=
f, max_idle_ns: 7645041785100000 ns
[    0.097000] futex hash table entries: 8192 (order: 7, 524288 bytes, line=
ar)
[    0.097000] pinctrl core: initialized pinctrl subsystem
[    0.097000] NET: Registered PF_NETLINK/PF_ROUTE protocol family
[    0.097000] DMA: preallocated 4096 KiB GFP_KERNEL pool for atomic alloca=
tions
[    0.099742] DMA: preallocated 4096 KiB GFP_KERNEL|GFP_DMA pool for atomi=
c allocations
[    0.100116] DMA: preallocated 4096 KiB GFP_KERNEL|GFP_DMA32 pool for ato=
mic allocations
[    0.100123] audit: initializing netlink subsys (disabled)
[    0.100131] audit: type=3D2000 audit(1734571172.052:1): state=3Dinitiali=
zed audit_enabled=3D0 res=3D1
[    0.100131] thermal_sys: Registered thermal governor 'fair_share'
[    0.100131] thermal_sys: Registered thermal governor 'bang_bang'
[    0.100131] thermal_sys: Registered thermal governor 'step_wise'
[    0.100131] thermal_sys: Registered thermal governor 'user_space'
[    0.100131] thermal_sys: Registered thermal governor 'power_allocator'
[    0.100131] cpuidle: using governor ladder
[    0.100131] cpuidle: using governor menu
[    0.100131] acpiphp: ACPI Hot Plug PCI Controller Driver version: 0.5
[    0.100131] PCI: ECAM [mem 0xc0000000-0xcfffffff] (base 0xc0000000) for =
domain 0000 [bus 00-ff]
[    0.100131] PCI: Using configuration type 1 for base access
[    0.100131] kprobes: kprobe jump-optimization is enabled. All kprobes ar=
e optimized if possible.
[    0.100131] HugeTLB: registered 1.00 GiB page size, pre-allocated 0 page=
s
[    0.100131] HugeTLB: 16380 KiB vmemmap can be freed for a 1.00 GiB page
[    0.100131] HugeTLB: registered 2.00 MiB page size, pre-allocated 0 page=
s
[    0.100131] HugeTLB: 28 KiB vmemmap can be freed for a 2.00 MiB page
[    0.100131] ACPI: Added _OSI(Module Device)
[    0.100131] ACPI: Added _OSI(Processor Device)
[    0.100131] ACPI: Added _OSI(3.0 _SCP Extensions)
[    0.100131] ACPI: Added _OSI(Processor Aggregator Device)
[    0.168584] ACPI BIOS Error (bug): Failure creating named object [\_SB.P=
C00.I2C3.PACT], AE_ALREADY_EXISTS (20240827/dswload2-326)
[    0.168596] ACPI Error: AE_ALREADY_EXISTS, During name lookup/catalog (2=
0240827/psobject-220)
[    0.168600] ACPI BIOS Error (bug): Failure creating named object [\_SB.P=
C00.I2C3.PABN], AE_ALREADY_EXISTS (20240827/dswload2-326)
[    0.168605] ACPI Error: AE_ALREADY_EXISTS, During name lookup/catalog (2=
0240827/psobject-220)
[    0.168608] ACPI BIOS Error (bug): Failure creating named object [\_SB.P=
C00.I2C3.PAS1], AE_ALREADY_EXISTS (20240827/dswload2-326)
[    0.168611] ACPI Error: AE_ALREADY_EXISTS, During name lookup/catalog (2=
0240827/psobject-220)
[    0.168617] ACPI BIOS Error (bug): Failure creating named object [\_SB.P=
C00.I2C3.PMP0], AE_ALREADY_EXISTS (20240827/dswload2-326)
[    0.168621] ACPI Error: AE_ALREADY_EXISTS, During name lookup/catalog (2=
0240827/psobject-220)
[    0.168637] ACPI BIOS Error (bug): Failure creating named object [\_SB.P=
C00.I2C3.PMP1], AE_ALREADY_EXISTS (20240827/dswload2-326)
[    0.168643] ACPI Error: AE_ALREADY_EXISTS, During name lookup/catalog (2=
0240827/psobject-220)
[    0.168657] ACPI BIOS Error (bug): Failure creating named object [\_SB.P=
C00.I2C3.PA01], AE_ALREADY_EXISTS (20240827/dswload2-326)
[    0.168662] ACPI Error: AE_ALREADY_EXISTS, During name lookup/catalog (2=
0240827/psobject-220)
[    0.168664] ACPI: Skipping parse of AML opcode: OpcodeName unavailable (=
0x5B82)
[    0.168667] ACPI BIOS Error (bug): Failure creating named object [\_SB.P=
C00.I2C3.PA02], AE_ALREADY_EXISTS (20240827/dswload2-326)
[    0.168671] ACPI Error: AE_ALREADY_EXISTS, During name lookup/catalog (2=
0240827/psobject-220)
[    0.168674] ACPI: Skipping parse of AML opcode: OpcodeName unavailable (=
0x5B82)
[    0.168676] ACPI BIOS Error (bug): Failure creating named object [\_SB.P=
C00.I2C3.PA03], AE_ALREADY_EXISTS (20240827/dswload2-326)
[    0.168680] ACPI Error: AE_ALREADY_EXISTS, During name lookup/catalog (2=
0240827/psobject-220)
[    0.168682] ACPI: Skipping parse of AML opcode: OpcodeName unavailable (=
0x5B82)
[    0.168684] ACPI BIOS Error (bug): Failure creating named object [\_SB.P=
C00.I2C3.PA04], AE_ALREADY_EXISTS (20240827/dswload2-326)
[    0.168688] ACPI Error: AE_ALREADY_EXISTS, During name lookup/catalog (2=
0240827/psobject-220)
[    0.168691] ACPI: Skipping parse of AML opcode: OpcodeName unavailable (=
0x5B82)
[    0.168692] ACPI BIOS Error (bug): Failure creating named object [\_SB.P=
C00.I2C3.PA05], AE_ALREADY_EXISTS (20240827/dswload2-326)
[    0.168696] ACPI Error: AE_ALREADY_EXISTS, During name lookup/catalog (2=
0240827/psobject-220)
[    0.168699] ACPI: Skipping parse of AML opcode: OpcodeName unavailable (=
0x5B82)
[    0.168701] ACPI BIOS Error (bug): Failure creating named object [\_SB.P=
C00.I2C3.PA06], AE_ALREADY_EXISTS (20240827/dswload2-326)
[    0.168704] ACPI Error: AE_ALREADY_EXISTS, During name lookup/catalog (2=
0240827/psobject-220)
[    0.168707] ACPI: Skipping parse of AML opcode: OpcodeName unavailable (=
0x5B82)
[    0.168709] ACPI BIOS Error (bug): Failure creating named object [\_SB.P=
C00.I2C3.PA07], AE_ALREADY_EXISTS (20240827/dswload2-326)
[    0.168713] ACPI Error: AE_ALREADY_EXISTS, During name lookup/catalog (2=
0240827/psobject-220)
[    0.168715] ACPI: Skipping parse of AML opcode: OpcodeName unavailable (=
0x5B82)
[    0.168717] ACPI BIOS Error (bug): Failure creating named object [\_SB.P=
C00.I2C3.PA08], AE_ALREADY_EXISTS (20240827/dswload2-326)
[    0.168721] ACPI Error: AE_ALREADY_EXISTS, During name lookup/catalog (2=
0240827/psobject-220)
[    0.168724] ACPI: Skipping parse of AML opcode: OpcodeName unavailable (=
0x5B82)
[    0.170099] ACPI BIOS Error (bug): Could not resolve symbol [\_SB.PC00.I=
2C3.TPD0], AE_NOT_FOUND (20240827/dswload2-162)
[    0.170105] ACPI Error: AE_NOT_FOUND, During name lookup/catalog (202408=
27/psobject-220)
[    0.170108] ACPI: Skipping parse of AML opcode: OpcodeName unavailable (=
0x0010)
[    0.179450] ACPI BIOS Error (bug): Could not resolve symbol [\_SB.PC00.T=
XHC.RHUB.SS01], AE_NOT_FOUND (20240827/dswload2-162)
[    0.179456] ACPI Error: AE_NOT_FOUND, During name lookup/catalog (202408=
27/psobject-220)
[    0.179459] ACPI: Skipping parse of AML opcode: OpcodeName unavailable (=
0x0010)
[    0.179461] ACPI BIOS Error (bug): Could not resolve symbol [\_SB.PC00.T=
XHC.RHUB.SS02], AE_NOT_FOUND (20240827/dswload2-162)
[    0.179465] ACPI Error: AE_NOT_FOUND, During name lookup/catalog (202408=
27/psobject-220)
[    0.179468] ACPI: Skipping parse of AML opcode: OpcodeName unavailable (=
0x0010)
[    0.179470] ACPI BIOS Error (bug): Could not resolve symbol [\_SB.PC00.T=
XHC.RHUB.SS03], AE_NOT_FOUND (20240827/dswload2-162)
[    0.179474] ACPI Error: AE_NOT_FOUND, During name lookup/catalog (202408=
27/psobject-220)
[    0.179477] ACPI: Skipping parse of AML opcode: OpcodeName unavailable (=
0x0010)
[    0.179479] ACPI BIOS Error (bug): Could not resolve symbol [\_SB.PC00.T=
XHC.RHUB.SS04], AE_NOT_FOUND (20240827/dswload2-162)
[    0.179483] ACPI Error: AE_NOT_FOUND, During name lookup/catalog (202408=
27/psobject-220)
[    0.179486] ACPI: Skipping parse of AML opcode: OpcodeName unavailable (=
0x0010)
[    0.179513] ACPI BIOS Error (bug): Failure creating named object [\_SB.P=
C00.XHCI.RHUB.HS01._UPC], AE_ALREADY_EXISTS (20240827/dswload2-326)
[    0.179517] ACPI Error: AE_ALREADY_EXISTS, During name lookup/catalog (2=
0240827/psobject-220)
[    0.179520] ACPI: Skipping parse of AML opcode: OpcodeName unavailable (=
0x0014)
[    0.179522] ACPI BIOS Error (bug): Failure creating named object [\_SB.P=
C00.XHCI.RHUB.HS01._PLD], AE_ALREADY_EXISTS (20240827/dswload2-326)
[    0.179526] ACPI Error: AE_ALREADY_EXISTS, During name lookup/catalog (2=
0240827/psobject-220)
[    0.179529] ACPI: Skipping parse of AML opcode: OpcodeName unavailable (=
0x0014)
[    0.179534] ACPI BIOS Error (bug): Failure creating named object [\_SB.P=
C00.XHCI.RHUB.HS02._UPC], AE_ALREADY_EXISTS (20240827/dswload2-326)
[    0.179538] ACPI Error: AE_ALREADY_EXISTS, During name lookup/catalog (2=
0240827/psobject-220)
[    0.179541] ACPI: Skipping parse of AML opcode: OpcodeName unavailable (=
0x0014)
[    0.179542] ACPI BIOS Error (bug): Failure creating named object [\_SB.P=
C00.XHCI.RHUB.HS02._PLD], AE_ALREADY_EXISTS (20240827/dswload2-326)
[    0.179546] ACPI Error: AE_ALREADY_EXISTS, During name lookup/catalog (2=
0240827/psobject-220)
[    0.179549] ACPI: Skipping parse of AML opcode: OpcodeName unavailable (=
0x0014)
[    0.179553] ACPI BIOS Error (bug): Failure creating named object [\_SB.P=
C00.XHCI.RHUB.HS03._UPC], AE_ALREADY_EXISTS (20240827/dswload2-326)
[    0.179557] ACPI Error: AE_ALREADY_EXISTS, During name lookup/catalog (2=
0240827/psobject-220)
[    0.179560] ACPI: Skipping parse of AML opcode: OpcodeName unavailable (=
0x0014)
[    0.179562] ACPI BIOS Error (bug): Failure creating named object [\_SB.P=
C00.XHCI.RHUB.HS03._PLD], AE_ALREADY_EXISTS (20240827/dswload2-326)
[    0.179566] ACPI Error: AE_ALREADY_EXISTS, During name lookup/catalog (2=
0240827/psobject-220)
[    0.179568] ACPI: Skipping parse of AML opcode: OpcodeName unavailable (=
0x0014)
[    0.179573] ACPI BIOS Error (bug): Failure creating named object [\_SB.P=
C00.XHCI.RHUB.HS04._UPC], AE_ALREADY_EXISTS (20240827/dswload2-326)
[    0.179577] ACPI Error: AE_ALREADY_EXISTS, During name lookup/catalog (2=
0240827/psobject-220)
[    0.179579] ACPI: Skipping parse of AML opcode: OpcodeName unavailable (=
0x0014)
[    0.179581] ACPI BIOS Error (bug): Failure creating named object [\_SB.P=
C00.XHCI.RHUB.HS04._PLD], AE_ALREADY_EXISTS (20240827/dswload2-326)
[    0.179585] ACPI Error: AE_ALREADY_EXISTS, During name lookup/catalog (2=
0240827/psobject-220)
[    0.179588] ACPI: Skipping parse of AML opcode: OpcodeName unavailable (=
0x0014)
[    0.179592] ACPI BIOS Error (bug): Failure creating named object [\_SB.P=
C00.XHCI.RHUB.HS05._UPC], AE_ALREADY_EXISTS (20240827/dswload2-326)
[    0.179596] ACPI Error: AE_ALREADY_EXISTS, During name lookup/catalog (2=
0240827/psobject-220)
[    0.179599] ACPI: Skipping parse of AML opcode: OpcodeName unavailable (=
0x0014)
[    0.179600] ACPI BIOS Error (bug): Failure creating named object [\_SB.P=
C00.XHCI.RHUB.HS05._PLD], AE_ALREADY_EXISTS (20240827/dswload2-326)
[    0.179604] ACPI Error: AE_ALREADY_EXISTS, During name lookup/catalog (2=
0240827/psobject-220)
[    0.179607] ACPI: Skipping parse of AML opcode: OpcodeName unavailable (=
0x0014)
[    0.179611] ACPI BIOS Error (bug): Failure creating named object [\_SB.P=
C00.XHCI.RHUB.HS06._UPC], AE_ALREADY_EXISTS (20240827/dswload2-326)
[    0.179615] ACPI Error: AE_ALREADY_EXISTS, During name lookup/catalog (2=
0240827/psobject-220)
[    0.179618] ACPI: Skipping parse of AML opcode: OpcodeName unavailable (=
0x0014)
[    0.179619] ACPI BIOS Error (bug): Failure creating named object [\_SB.P=
C00.XHCI.RHUB.HS06._PLD], AE_ALREADY_EXISTS (20240827/dswload2-326)
[    0.179623] ACPI Error: AE_ALREADY_EXISTS, During name lookup/catalog (2=
0240827/psobject-220)
[    0.179626] ACPI: Skipping parse of AML opcode: OpcodeName unavailable (=
0x0014)
[    0.179630] ACPI BIOS Error (bug): Failure creating named object [\_SB.P=
C00.XHCI.RHUB.HS07._UPC], AE_ALREADY_EXISTS (20240827/dswload2-326)
[    0.179634] ACPI Error: AE_ALREADY_EXISTS, During name lookup/catalog (2=
0240827/psobject-220)
[    0.179637] ACPI: Skipping parse of AML opcode: OpcodeName unavailable (=
0x0014)
[    0.179638] ACPI BIOS Error (bug): Failure creating named object [\_SB.P=
C00.XHCI.RHUB.HS07._PLD], AE_ALREADY_EXISTS (20240827/dswload2-326)
[    0.179643] ACPI Error: AE_ALREADY_EXISTS, During name lookup/catalog (2=
0240827/psobject-220)
[    0.179646] ACPI: Skipping parse of AML opcode: OpcodeName unavailable (=
0x0014)
[    0.179651] ACPI BIOS Error (bug): Failure creating named object [\_SB.P=
C00.XHCI.RHUB.HS08._UPC], AE_ALREADY_EXISTS (20240827/dswload2-326)
[    0.179655] ACPI Error: AE_ALREADY_EXISTS, During name lookup/catalog (2=
0240827/psobject-220)
[    0.179657] ACPI: Skipping parse of AML opcode: OpcodeName unavailable (=
0x0014)
[    0.179659] ACPI BIOS Error (bug): Failure creating named object [\_SB.P=
C00.XHCI.RHUB.HS08._PLD], AE_ALREADY_EXISTS (20240827/dswload2-326)
[    0.179663] ACPI Error: AE_ALREADY_EXISTS, During name lookup/catalog (2=
0240827/psobject-220)
[    0.179666] ACPI: Skipping parse of AML opcode: OpcodeName unavailable (=
0x0014)
[    0.179670] ACPI BIOS Error (bug): Failure creating named object [\_SB.P=
C00.XHCI.RHUB.HS09._UPC], AE_ALREADY_EXISTS (20240827/dswload2-326)
[    0.179674] ACPI Error: AE_ALREADY_EXISTS, During name lookup/catalog (2=
0240827/psobject-220)
[    0.179677] ACPI: Skipping parse of AML opcode: OpcodeName unavailable (=
0x0014)
[    0.179678] ACPI BIOS Error (bug): Failure creating named object [\_SB.P=
C00.XHCI.RHUB.HS09._PLD], AE_ALREADY_EXISTS (20240827/dswload2-326)
[    0.179682] ACPI Error: AE_ALREADY_EXISTS, During name lookup/catalog (2=
0240827/psobject-220)
[    0.179685] ACPI: Skipping parse of AML opcode: OpcodeName unavailable (=
0x0014)
[    0.179689] ACPI BIOS Error (bug): Failure creating named object [\_SB.P=
C00.XHCI.RHUB.HS10._UPC], AE_ALREADY_EXISTS (20240827/dswload2-326)
[    0.179693] ACPI Error: AE_ALREADY_EXISTS, During name lookup/catalog (2=
0240827/psobject-220)
[    0.179696] ACPI: Skipping parse of AML opcode: OpcodeName unavailable (=
0x0014)
[    0.179698] ACPI BIOS Error (bug): Failure creating named object [\_SB.P=
C00.XHCI.RHUB.HS10._PLD], AE_ALREADY_EXISTS (20240827/dswload2-326)
[    0.179701] ACPI Error: AE_ALREADY_EXISTS, During name lookup/catalog (2=
0240827/psobject-220)
[    0.179704] ACPI: Skipping parse of AML opcode: OpcodeName unavailable (=
0x0014)
[    0.179788] ACPI BIOS Error (bug): Failure creating named object [\_SB.P=
C00.XHCI.RHUB.SS01._UPC], AE_ALREADY_EXISTS (20240827/dswload2-326)
[    0.179792] ACPI Error: AE_ALREADY_EXISTS, During name lookup/catalog (2=
0240827/psobject-220)
[    0.179795] ACPI: Skipping parse of AML opcode: OpcodeName unavailable (=
0x0014)
[    0.179797] ACPI BIOS Error (bug): Failure creating named object [\_SB.P=
C00.XHCI.RHUB.SS01._PLD], AE_ALREADY_EXISTS (20240827/dswload2-326)
[    0.179800] ACPI Error: AE_ALREADY_EXISTS, During name lookup/catalog (2=
0240827/psobject-220)
[    0.179803] ACPI: Skipping parse of AML opcode: OpcodeName unavailable (=
0x0014)
[    0.179808] ACPI BIOS Error (bug): Failure creating named object [\_SB.P=
C00.XHCI.RHUB.SS02._UPC], AE_ALREADY_EXISTS (20240827/dswload2-326)
[    0.179812] ACPI Error: AE_ALREADY_EXISTS, During name lookup/catalog (2=
0240827/psobject-220)
[    0.179815] ACPI: Skipping parse of AML opcode: OpcodeName unavailable (=
0x0014)
[    0.179816] ACPI BIOS Error (bug): Failure creating named object [\_SB.P=
C00.XHCI.RHUB.SS02._PLD], AE_ALREADY_EXISTS (20240827/dswload2-326)
[    0.179820] ACPI Error: AE_ALREADY_EXISTS, During name lookup/catalog (2=
0240827/psobject-220)
[    0.179823] ACPI: Skipping parse of AML opcode: OpcodeName unavailable (=
0x0014)
[    0.191291] ACPI: 28 ACPI AML tables successfully acquired and loaded
[    0.205521] ACPI: USB4 _OSC: OS supports USB3+ DisplayPort+ PCIe+ XDomai=
n+
[    0.205525] ACPI: USB4 _OSC: OS controls USB3+ DisplayPort+ PCIe+ XDomai=
n+
[    0.213682] ACPI: EC: EC started
[    0.213684] ACPI: EC: interrupt blocked
[    0.219843] ACPI: EC: EC_CMD/EC_SC=3D0x66, EC_DATA=3D0x62
[    0.219845] ACPI: \_SB_.PC00.LPCB.EC0_: Boot DSDT EC used to handle tran=
sactions
[    0.219847] ACPI: Interpreter enabled
[    0.219918] ACPI: PM: (supports S0 S3 S4 S5)
[    0.219920] ACPI: Using IOAPIC for interrupt routing
[    0.219985] PCI: Using host bridge windows from ACPI; if necessary, use =
"pci=3Dnocrs" and report a bug
[    0.219986] PCI: Ignoring E820 reservations for host bridge windows
[    0.222677] ACPI: Enabled 10 GPEs in block 00 to 7F
[    0.222698] ACPI: Enabled 8 GPEs in block 80 to DF
[    0.225267] ACPI: \_SB_.PC00.RP01.PXP_: New power resource
[    0.230227] ACPI: \_SB_.PC00.RP06.PXP_: New power resource
[    0.231752] ACPI: \_SB_.PC00.RP07.PXP_: New power resource
[    0.234333] ACPI: \_SB_.PC00.RP09.PXP_: New power resource
[    0.235532] ACPI: \_SB_.PC00.RP10.PXP_: New power resource
[    0.236925] ACPI: \_SB_.PC00.RP11.PXP_: New power resource
[    0.238407] ACPI: \_SB_.PC00.RP12.PXP_: New power resource
[    0.241968] ACPI: \_SB_.PC00.XHCI.RHUB.HS10.BTRT: New power resource
[    0.242020] ACPI: \_SB_.PC00.XHCI.RHUB.HS10.DBTR: New power resource
[    0.242169] ACPI: \_SB_.PC00.PAUD: New power resource
[    0.247818] ACPI: \_SB_.PC00.I2C3.PXTC: New power resource
[    0.254054] ACPI: \_SB_.PC00.CNVW.WRST: New power resource
[    0.271548] ACPI: \_SB_.PC00.TBT0: New power resource
[    0.271608] ACPI: \_SB_.PC00.TBT1: New power resource
[    0.271663] ACPI: \_SB_.PC00.D3C_: New power resource
[    0.289625] ACPI: \PIN_: New power resource
[    0.290214] ACPI: PCI Root Bridge [PC00] (domain 0000 [bus 00-fe])
[    0.290221] acpi PNP0A08:00: _OSC: OS supports [ExtendedConfig ASPM Cloc=
kPM Segments MSI HPX-Type3]
[    0.291064] acpi PNP0A08:00: _OSC: platform does not support [AER]
[    0.292688] acpi PNP0A08:00: _OSC: OS now controls [PCIeHotplug SHPCHotp=
lug PME PCIeCapability LTR]
[    0.294541] PCI host bridge to bus 0000:00
[    0.294544] pci_bus 0000:00: root bus resource [io  0x0000-0x0cf7 window=
]
[    0.294546] pci_bus 0000:00: root bus resource [io  0x0d00-0xffff window=
]
[    0.294547] pci_bus 0000:00: root bus resource [mem 0x000a0000-0x000bfff=
f window]
[    0.294550] pci_bus 0000:00: root bus resource [mem 0x80000000-0xbffffff=
f window]
[    0.294551] pci_bus 0000:00: root bus resource [mem 0x4000000000-0x3ffbf=
ffffff window]
[    0.294553] pci_bus 0000:00: root bus resource [bus 00-fe]
[    0.296578] pci 0000:00:00.0: [8086:7d01] type 00 class 0x060000 convent=
ional PCI endpoint
[    0.296724] pci 0000:00:02.0: [8086:7d55] type 00 class 0x030000 PCIe Ro=
ot Complex Integrated Endpoint
[    0.296736] pci 0000:00:02.0: BAR 0 [mem 0x5220000000-0x5220ffffff 64bit=
 pref]
[    0.296745] pci 0000:00:02.0: BAR 2 [mem 0x4210000000-0x421fffffff 64bit=
 pref]
[    0.296777] pci 0000:00:02.0: DMAR: Skip IOMMU disabling for graphics
[    0.296781] pci 0000:00:02.0: Video device with shadowed ROM at [mem 0x0=
00c0000-0x000dffff]
[    0.296816] pci 0000:00:02.0: PME# supported from D0 D3hot
[    0.296834] pci 0000:00:02.0: VF BAR 0 [mem 0x00000000-0x00ffffff 64bit =
pref]
[    0.296836] pci 0000:00:02.0: VF BAR 0 [mem 0x00000000-0x06ffffff 64bit =
pref]: contains BAR 0 for 7 VFs
[    0.297023] pci 0000:00:04.0: [8086:7d03] type 00 class 0x118000 convent=
ional PCI endpoint
[    0.297039] pci 0000:00:04.0: BAR 0 [mem 0x52312c0000-0x52312dffff 64bit=
]
[    0.297284] pci 0000:00:05.0: [8086:7d19] type 00 class 0x048000 PCIe Ro=
ot Complex Integrated Endpoint
[    0.297293] pci 0000:00:05.0: BAR 0 [mem 0x5230000000-0x5230ffffff 64bit=
]
[    0.297308] pci 0000:00:05.0: enabling Extended Tags
[    0.297433] pci 0000:00:06.0: [8086:7ecb] type 01 class 0x060400 PCIe Ro=
ot Port
[    0.297458] pci 0000:00:06.0: PCI bridge to [bus 01]
[    0.297463] pci 0000:00:06.0:   bridge window [mem 0x8d200000-0x8d2fffff=
]
[    0.297547] pci 0000:00:06.0: PME# supported from D0 D3hot D3cold
[    0.297591] pci 0000:00:06.0: PTM enabled (root), 4ns granularity
[    0.298373] pci 0000:00:07.0: [8086:7ec4] type 01 class 0x060400 PCIe Ro=
ot Port
[    0.298405] pci 0000:00:07.0: PCI bridge to [bus 02-2b]
[    0.298411] pci 0000:00:07.0:   bridge window [mem 0x86000000-0x8bffffff=
]
[    0.298420] pci 0000:00:07.0:   bridge window [mem 0x4a20000000-0x521fff=
ffff 64bit pref]
[    0.298535] pci 0000:00:07.0: PME# supported from D0 D3hot D3cold
[    0.298566] pci 0000:00:07.0: PTM enabled (root), 4ns granularity
[    0.299331] pci 0000:00:07.2: [8086:7ec6] type 01 class 0x060400 PCIe Ro=
ot Port
[    0.299358] pci 0000:00:07.2: PCI bridge to [bus 2c-55]
[    0.299363] pci 0000:00:07.2:   bridge window [mem 0x80000000-0x85ffffff=
]
[    0.299372] pci 0000:00:07.2:   bridge window [mem 0x4220000000-0x4a1fff=
ffff 64bit pref]
[    0.299487] pci 0000:00:07.2: PME# supported from D0 D3hot D3cold
[    0.299519] pci 0000:00:07.2: PTM enabled (root), 4ns granularity
[    0.300304] pci 0000:00:08.0: [8086:7e4c] type 00 class 0x088000 convent=
ional PCI endpoint
[    0.300319] pci 0000:00:08.0: BAR 0 [mem 0x5231327000-0x5231327fff 64bit=
]
[    0.300434] pci 0000:00:0a.0: [8086:7d0d] type 00 class 0x118000 PCIe Ro=
ot Complex Integrated Endpoint
[    0.300441] pci 0000:00:0a.0: BAR 0 [mem 0x5231280000-0x52312bffff 64bit=
]
[    0.300458] pci 0000:00:0a.0: enabling Extended Tags
[    0.300531] pci 0000:00:0b.0: [8086:7d1d] type 00 class 0x120000 PCIe Ro=
ot Complex Integrated Endpoint
[    0.300540] pci 0000:00:0b.0: BAR 0 [mem 0x5228000000-0x522fffffff 64bit=
]
[    0.300552] pci 0000:00:0b.0: BAR 4 [mem 0x5231326000-0x5231326fff 64bit=
]
[    0.300674] pci 0000:00:0d.0: [8086:7ec0] type 00 class 0x0c0330 convent=
ional PCI endpoint
[    0.300689] pci 0000:00:0d.0: BAR 0 [mem 0x5231300000-0x523130ffff 64bit=
]
[    0.300785] pci 0000:00:0d.0: PME# supported from D3hot D3cold
[    0.301209] pci 0000:00:0d.2: [8086:7ec2] type 00 class 0x0c0340 convent=
ional PCI endpoint
[    0.301224] pci 0000:00:0d.2: BAR 0 [mem 0x5231240000-0x523127ffff 64bit=
]
[    0.301233] pci 0000:00:0d.2: BAR 2 [mem 0x5231325000-0x5231325fff 64bit=
]
[    0.301279] pci 0000:00:0d.2: supports D1 D2
[    0.301280] pci 0000:00:0d.2: PME# supported from D0 D1 D2 D3hot D3cold
[    0.301373] pci 0000:00:0d.3: [8086:7ec3] type 00 class 0x0c0340 convent=
ional PCI endpoint
[    0.301388] pci 0000:00:0d.3: BAR 0 [mem 0x5231200000-0x523123ffff 64bit=
]
[    0.301398] pci 0000:00:0d.3: BAR 2 [mem 0x5231324000-0x5231324fff 64bit=
]
[    0.301442] pci 0000:00:0d.3: supports D1 D2
[    0.301443] pci 0000:00:0d.3: PME# supported from D0 D1 D2 D3hot D3cold
[    0.301562] pci 0000:00:12.0: [8086:7e45] type 00 class 0x070000 convent=
ional PCI endpoint
[    0.301575] pci 0000:00:12.0: BAR 0 [mem 0x52312f0000-0x52312fffff 64bit=
]
[    0.301622] pci 0000:00:12.0: PME# supported from D0 D3hot
[    0.302322] pci 0000:00:14.0: [8086:7e7d] type 00 class 0x0c0330 convent=
ional PCI endpoint
[    0.302338] pci 0000:00:14.0: BAR 0 [mem 0x52312e0000-0x52312effff 64bit=
]
[    0.302398] pci 0000:00:14.0: PME# supported from D3hot D3cold
[    0.302799] pci 0000:00:14.2: [8086:7e7f] type 00 class 0x050000 convent=
ional PCI endpoint
[    0.302817] pci 0000:00:14.2: BAR 0 [mem 0x5231318000-0x523131bfff 64bit=
]
[    0.302828] pci 0000:00:14.2: BAR 2 [mem 0x5231323000-0x5231323fff 64bit=
]
[    0.302933] pci 0000:00:14.3: [8086:7e40] type 00 class 0x028000 PCIe Ro=
ot Complex Integrated Endpoint
[    0.302945] pci 0000:00:14.3: BAR 0 [mem 0x5231314000-0x5231317fff 64bit=
]
[    0.303015] pci 0000:00:14.3: PME# supported from D0 D3hot D3cold
[    0.303229] pci 0000:00:15.0: [8086:7e78] type 00 class 0x0c8000 convent=
ional PCI endpoint
[    0.303282] pci 0000:00:15.0: BAR 0 [mem 0x00000000-0x00000fff 64bit]
[    0.303628] pci 0000:00:15.1: [8086:7e79] type 00 class 0x0c8000 convent=
ional PCI endpoint
[    0.303659] pci 0000:00:15.1: BAR 0 [mem 0x00000000-0x00000fff 64bit]
[    0.304016] pci 0000:00:15.3: [8086:7e7b] type 00 class 0x0c8000 convent=
ional PCI endpoint
[    0.304068] pci 0000:00:15.3: BAR 0 [mem 0x00000000-0x00000fff 64bit]
[    0.304375] pci 0000:00:16.0: [8086:7e70] type 00 class 0x078000 convent=
ional PCI endpoint
[    0.304393] pci 0000:00:16.0: BAR 0 [mem 0x523131f000-0x523131ffff 64bit=
]
[    0.304475] pci 0000:00:16.0: PME# supported from D3hot
[    0.305213] pci 0000:00:19.0: [8086:7e50] type 00 class 0x0c8000 convent=
ional PCI endpoint
[    0.305264] pci 0000:00:19.0: BAR 0 [mem 0x00000000-0x00000fff 64bit]
[    0.305613] pci 0000:00:19.1: [8086:7e51] type 00 class 0x0c8000 convent=
ional PCI endpoint
[    0.305665] pci 0000:00:19.1: BAR 0 [mem 0x00000000-0x00000fff 64bit]
[    0.305981] pci 0000:00:1c.0: [8086:7e38] type 01 class 0x060400 PCIe Ro=
ot Port
[    0.306002] pci 0000:00:1c.0: PCI bridge to [bus 56]
[    0.306006] pci 0000:00:1c.0:   bridge window [io  0x3000-0x3fff]
[    0.306008] pci 0000:00:1c.0:   bridge window [mem 0x8c000000-0x8d0fffff=
]
[    0.306016] pci 0000:00:1c.0:   bridge window [mem 0x4000000000-0x4201ff=
ffff 64bit pref]
[    0.306076] pci 0000:00:1c.0: PME# supported from D0 D3hot D3cold
[    0.306105] pci 0000:00:1c.0: PTM enabled (root), 4ns granularity
[    0.306727] pci 0000:00:1f.0: [8086:7e02] type 00 class 0x060100 convent=
ional PCI endpoint
[    0.307101] pci 0000:00:1f.3: [8086:7e28] type 00 class 0x040100 convent=
ional PCI endpoint
[    0.307136] pci 0000:00:1f.3: BAR 0 [mem 0x5231310000-0x5231313fff 64bit=
]
[    0.307156] pci 0000:00:1f.3: BAR 4 [mem 0x5231000000-0x52311fffff 64bit=
]
[    0.307205] pci 0000:00:1f.3: PME# supported from D3hot D3cold
[    0.307280] pci 0000:00:1f.4: [8086:7e22] type 00 class 0x0c0500 convent=
ional PCI endpoint
[    0.307301] pci 0000:00:1f.4: BAR 0 [mem 0x523131c000-0x523131c0ff 64bit=
]
[    0.307325] pci 0000:00:1f.4: BAR 4 [io  0xefa0-0xefbf]
[    0.307546] pci 0000:00:1f.5: [8086:7e23] type 00 class 0x0c8000 convent=
ional PCI endpoint
[    0.307585] pci 0000:00:1f.5: BAR 0 [mem 0xfe010000-0xfe010fff]
[    0.308090] pci 0000:01:00.0: [1c5c:1959] type 00 class 0x010802 PCIe En=
dpoint
[    0.308109] pci 0000:01:00.0: BAR 0 [mem 0x8d200000-0x8d203fff 64bit]
[    0.308402] pci 0000:00:06.0: PCI bridge to [bus 01]
[    0.308450] pci 0000:00:07.0: PCI bridge to [bus 02-2b]
[    0.308501] pci 0000:00:07.2: PCI bridge to [bus 2c-55]
[    0.308553] pci 0000:56:00.0: [10de:28a1] type 00 class 0x030000 PCIe Le=
gacy Endpoint
[    0.308566] pci 0000:56:00.0: BAR 0 [mem 0x8c000000-0x8cffffff]
[    0.308576] pci 0000:56:00.0: BAR 1 [mem 0x4000000000-0x41ffffffff 64bit=
 pref]
[    0.308586] pci 0000:56:00.0: BAR 3 [mem 0x4200000000-0x4201ffffff 64bit=
 pref]
[    0.308593] pci 0000:56:00.0: BAR 5 [io  0x3000-0x307f]
[    0.308600] pci 0000:56:00.0: ROM [mem 0x8d000000-0x8d07ffff pref]
[    0.308662] pci 0000:56:00.0: PME# supported from D0 D3hot
[    0.308741] pci 0000:56:00.0: 63.012 Gb/s available PCIe bandwidth, limi=
ted by 16.0 GT/s PCIe x4 link at 0000:00:1c.0 (capable of 126.024 Gb/s with=
 16.0 GT/s PCIe x8 link)
[    0.308937] pci 0000:56:00.1: [10de:22be] type 00 class 0x040300 PCIe En=
dpoint
[    0.308947] pci 0000:56:00.1: BAR 0 [mem 0x8d080000-0x8d083fff]
[    0.309089] pci 0000:00:1c.0: PCI bridge to [bus 56]
[    0.313528] ACPI: PCI: Interrupt link LNKA configured for IRQ 0
[    0.313668] ACPI: PCI: Interrupt link LNKB configured for IRQ 1
[    0.313803] ACPI: PCI: Interrupt link LNKC configured for IRQ 0
[    0.313935] ACPI: PCI: Interrupt link LNKD configured for IRQ 0
[    0.314070] ACPI: PCI: Interrupt link LNKE configured for IRQ 0
[    0.314204] ACPI: PCI: Interrupt link LNKF configured for IRQ 0
[    0.314338] ACPI: PCI: Interrupt link LNKG configured for IRQ 0
[    0.314470] ACPI: PCI: Interrupt link LNKH configured for IRQ 0
[    0.315414] ACPI: \_SB_.PEPD: Duplicate LPS0 _DSM functions (mask: 0x1)
[    0.451374] Low-power S0 idle used by default for system suspend
[    0.461383] ACPI: EC: interrupt unblocked
[    0.461385] ACPI: EC: event unblocked
[    0.461406] ACPI: EC: EC_CMD/EC_SC=3D0x66, EC_DATA=3D0x62
[    0.461408] ACPI: EC: GPE=3D0x6e
[    0.461409] ACPI: \_SB_.PC00.LPCB.EC0_: Boot DSDT EC initialization comp=
lete
[    0.461410] ACPI: \_SB_.PC00.LPCB.EC0_: EC: Used to handle transactions =
and events
[    0.461498] iommu: Default domain type: Translated
[    0.461498] iommu: DMA domain TLB invalidation policy: lazy mode
[    0.461498] pps_core: LinuxPPS API ver. 1 registered
[    0.461498] pps_core: Software ver. 5.3.6 - Copyright 2005-2007 Rodolfo =
Giometti <giometti@linux.it>
[    0.461498] PTP clock support registered
[    0.461498] EDAC MC: Ver: 3.0.0
[    0.461498] efivars: Registered efivars operations
[    0.461498] NetLabel: Initializing
[    0.461498] NetLabel:  domain hash size =3D 128
[    0.461498] NetLabel:  protocols =3D UNLABELED CIPSOv4 CALIPSO
[    0.461498] NetLabel:  unlabeled traffic allowed by default
[    0.461498] PCI: Using ACPI for IRQ routing
[    0.473271] PCI: pci_cache_line_size set to 64 bytes
[    0.473417] pci 0000:00:1f.5: BAR 0 [mem 0xfe010000-0xfe010fff]: can't c=
laim; no compatible bridge window
[    0.473533] e820: reserve RAM buffer [mem 0x0009f000-0x0009ffff]
[    0.473535] e820: reserve RAM buffer [mem 0x4fe69018-0x4fffffff]
[    0.473536] e820: reserve RAM buffer [mem 0x5453a000-0x57ffffff]
[    0.473537] e820: reserve RAM buffer [mem 0x55b40000-0x57ffffff]
[    0.473538] e820: reserve RAM buffer [mem 0x57819000-0x57ffffff]
[    0.473538] e820: reserve RAM buffer [mem 0x66000000-0x67ffffff]
[    0.473570] pci 0000:00:02.0: vgaarb: setting as boot VGA device
[    0.473570] pci 0000:00:02.0: vgaarb: bridge control possible
[    0.473570] pci 0000:00:02.0: vgaarb: VGA device added: decodes=3Dio+mem=
,owns=3Dio+mem,locks=3Dnone
[    0.473570] pci 0000:56:00.0: vgaarb: bridge control possible
[    0.473570] pci 0000:56:00.0: vgaarb: VGA device added: decodes=3Dio+mem=
,owns=3Dnone,locks=3Dnone
[    0.473570] vgaarb: loaded
[    0.473570] clocksource: Switched to clocksource tsc-early
[    0.473570] VFS: Disk quotas dquot_6.6.0
[    0.473570] VFS: Dquot-cache hash table entries: 512 (order 0, 4096 byte=
s)
[    0.473570] AppArmor: AppArmor Filesystem Enabled
[    0.473570] pnp: PnP ACPI init
[    0.473570] system 00:00: [io  0x0680-0x069f] has been reserved
[    0.473570] system 00:00: [io  0x164e-0x164f] has been reserved
[    0.473570] system 00:01: [io  0x1854-0x1857] has been reserved
[    0.473570] pnp 00:03: disabling [mem 0x00000000-0x00000fff] because it =
overlaps 0000:00:02.0 BAR 7 [mem 0x00000000-0x06ffffff 64bit pref]
[    0.473570] pnp 00:03: disabling [mem 0x00000000-0x00000fff] because it =
overlaps 0000:00:02.0 BAR 7 [mem 0x00000000-0x06ffffff 64bit pref]
[    0.473570] system 00:03: [mem 0xfedc0000-0xfedc7fff] has been reserved
[    0.473570] system 00:03: [mem 0xc0000000-0xcfffffff] has been reserved
[    0.473570] system 00:03: [mem 0xfed20000-0xfed7ffff] could not be reser=
ved
[    0.473570] system 00:03: [mem 0xfc800000-0xfc81ffff] could not be reser=
ved
[    0.473570] system 00:03: [mem 0xfed45000-0xfed8ffff] could not be reser=
ved
[    0.473570] system 00:03: [mem 0xfee00000-0xfeefffff] could not be reser=
ved
[    0.474592] system 00:04: [io  0x2000-0x20fe] has been reserved
[    0.474909] system 00:05: [mem 0xfe02c008-0xfe02cfff] has been reserved
[    0.474911] system 00:05: [mem 0xfe02d000-0xfe02dfff] has been reserved
[    0.476013] pnp: PnP ACPI: found 6 devices
[    0.481635] clocksource: acpi_pm: mask: 0xffffff max_cycles: 0xffffff, m=
ax_idle_ns: 2085701024 ns
[    0.481706] NET: Registered PF_INET protocol family
[    0.481938] IP idents hash table entries: 262144 (order: 9, 2097152 byte=
s, linear)
[    0.484828] tcp_listen_portaddr_hash hash table entries: 16384 (order: 6=
, 262144 bytes, linear)
[    0.484871] Table-perturb hash table entries: 65536 (order: 6, 262144 by=
tes, linear)
[    0.485083] TCP established hash table entries: 262144 (order: 9, 209715=
2 bytes, linear)
[    0.485446] TCP bind hash table entries: 65536 (order: 9, 2097152 bytes,=
 linear)
[    0.485554] TCP: Hash tables configured (established 262144 bind 65536)
[    0.485745] MPTCP token hash table entries: 32768 (order: 7, 786432 byte=
s, linear)
[    0.485842] UDP hash table entries: 16384 (order: 7, 524288 bytes, linea=
r)
[    0.485924] UDP-Lite hash table entries: 16384 (order: 7, 524288 bytes, =
linear)
[    0.486009] NET: Registered PF_UNIX/PF_LOCAL protocol family
[    0.486016] NET: Registered PF_XDP protocol family
[    0.486023] pci_bus 0000:00: max bus depth: 1 pci_try_num: 2
[    0.486036] pci 0000:00:02.0: VF BAR 0 [mem 0x4202000000-0x4208ffffff 64=
bit pref]: assigned
[    0.486041] pci 0000:00:07.0: bridge window [io  0x4000-0x4fff]: assigne=
d
[    0.486044] pci 0000:00:07.2: bridge window [io  0x5000-0x5fff]: assigne=
d
[    0.486045] pci 0000:00:15.0: BAR 0 [mem 0x4209000000-0x4209000fff 64bit=
]: assigned
[    0.486085] pci 0000:00:15.1: BAR 0 [mem 0x4209001000-0x4209001fff 64bit=
]: assigned
[    0.486099] pci 0000:00:15.3: BAR 0 [mem 0x4209002000-0x4209002fff 64bit=
]: assigned
[    0.486145] pci 0000:00:19.0: BAR 0 [mem 0x4209003000-0x4209003fff 64bit=
]: assigned
[    0.486157] pci 0000:00:19.1: BAR 0 [mem 0x4209004000-0x4209004fff 64bit=
]: assigned
[    0.486174] pci 0000:00:1f.5: BAR 0 [mem 0x8d100000-0x8d100fff]: assigne=
d
[    0.486185] pci 0000:00:06.0: PCI bridge to [bus 01]
[    0.486191] pci 0000:00:06.0:   bridge window [mem 0x8d200000-0x8d2fffff=
]
[    0.486198] pci 0000:00:07.0: PCI bridge to [bus 02-2b]
[    0.486205] pci 0000:00:07.0:   bridge window [io  0x4000-0x4fff]
[    0.486209] pci 0000:00:07.0:   bridge window [mem 0x86000000-0x8bffffff=
]
[    0.486212] pci 0000:00:07.0:   bridge window [mem 0x4a20000000-0x521fff=
ffff 64bit pref]
[    0.486216] pci 0000:00:07.2: PCI bridge to [bus 2c-55]
[    0.486218] pci 0000:00:07.2:   bridge window [io  0x5000-0x5fff]
[    0.486222] pci 0000:00:07.2:   bridge window [mem 0x80000000-0x85ffffff=
]
[    0.486225] pci 0000:00:07.2:   bridge window [mem 0x4220000000-0x4a1fff=
ffff 64bit pref]
[    0.486231] pci 0000:00:1c.0: PCI bridge to [bus 56]
[    0.486232] pci 0000:00:1c.0:   bridge window [io  0x3000-0x3fff]
[    0.486236] pci 0000:00:1c.0:   bridge window [mem 0x8c000000-0x8d0fffff=
]
[    0.486238] pci 0000:00:1c.0:   bridge window [mem 0x4000000000-0x4201ff=
ffff 64bit pref]
[    0.486242] pci_bus 0000:00: resource 4 [io  0x0000-0x0cf7 window]
[    0.486244] pci_bus 0000:00: resource 5 [io  0x0d00-0xffff window]
[    0.486245] pci_bus 0000:00: resource 6 [mem 0x000a0000-0x000bffff windo=
w]
[    0.486246] pci_bus 0000:00: resource 7 [mem 0x80000000-0xbfffffff windo=
w]
[    0.486247] pci_bus 0000:00: resource 8 [mem 0x4000000000-0x3ffbfffffff =
window]
[    0.486249] pci_bus 0000:01: resource 1 [mem 0x8d200000-0x8d2fffff]
[    0.486250] pci_bus 0000:02: resource 0 [io  0x4000-0x4fff]
[    0.486251] pci_bus 0000:02: resource 1 [mem 0x86000000-0x8bffffff]
[    0.486252] pci_bus 0000:02: resource 2 [mem 0x4a20000000-0x521fffffff 6=
4bit pref]
[    0.486253] pci_bus 0000:2c: resource 0 [io  0x5000-0x5fff]
[    0.486255] pci_bus 0000:2c: resource 1 [mem 0x80000000-0x85ffffff]
[    0.486256] pci_bus 0000:2c: resource 2 [mem 0x4220000000-0x4a1fffffff 6=
4bit pref]
[    0.486257] pci_bus 0000:56: resource 0 [io  0x3000-0x3fff]
[    0.486258] pci_bus 0000:56: resource 1 [mem 0x8c000000-0x8d0fffff]
[    0.486259] pci_bus 0000:56: resource 2 [mem 0x4000000000-0x4201ffffff 6=
4bit pref]
[    0.486844] pci 0000:56:00.1: extending delay after power-on from D3hot =
to 20 msec
[    0.486870] pci 0000:56:00.1: D0 power state depends on 0000:56:00.0
[    0.486874] PCI: CLS 64 bytes, default 64
[    0.486907] DMAR: No RMRR found
[    0.486907] DMAR: No ATSR found
[    0.486909] DMAR: IOMMU feature sc_support inconsistent
[    0.486911] DMAR: dmar0: Using Queued invalidation
[    0.486914] DMAR: dmar1: Using Queued invalidation
[    0.486941] Trying to unpack rootfs image as initramfs...
[    0.487448] pci 0000:00:02.0: Adding to iommu group 0
[    0.487482] pci 0000:00:00.0: Adding to iommu group 1
[    0.487492] pci 0000:00:04.0: Adding to iommu group 2
[    0.487503] pci 0000:00:05.0: Adding to iommu group 3
[    0.487536] pci 0000:00:06.0: Adding to iommu group 4
[    0.487554] pci 0000:00:07.0: Adding to iommu group 5
[    0.487565] pci 0000:00:07.2: Adding to iommu group 6
[    0.487575] pci 0000:00:08.0: Adding to iommu group 7
[    0.487584] pci 0000:00:0a.0: Adding to iommu group 8
[    0.487594] pci 0000:00:0b.0: Adding to iommu group 9
[    0.487615] pci 0000:00:0d.0: Adding to iommu group 10
[    0.487625] pci 0000:00:0d.2: Adding to iommu group 10
[    0.487635] pci 0000:00:0d.3: Adding to iommu group 10
[    0.487649] pci 0000:00:12.0: Adding to iommu group 11
[    0.487665] pci 0000:00:14.0: Adding to iommu group 12
[    0.487674] pci 0000:00:14.2: Adding to iommu group 12
[    0.487686] pci 0000:00:14.3: Adding to iommu group 13
[    0.487705] pci 0000:00:15.0: Adding to iommu group 14
[    0.487715] pci 0000:00:15.1: Adding to iommu group 14
[    0.487725] pci 0000:00:15.3: Adding to iommu group 14
[    0.487737] pci 0000:00:16.0: Adding to iommu group 15
[    0.487754] pci 0000:00:19.0: Adding to iommu group 16
[    0.487765] pci 0000:00:19.1: Adding to iommu group 16
[    0.487776] pci 0000:00:1c.0: Adding to iommu group 17
[    0.487798] pci 0000:00:1f.0: Adding to iommu group 18
[    0.487809] pci 0000:00:1f.3: Adding to iommu group 18
[    0.487821] pci 0000:00:1f.4: Adding to iommu group 18
[    0.487832] pci 0000:00:1f.5: Adding to iommu group 18
[    0.487867] pci 0000:01:00.0: Adding to iommu group 19
[    0.487886] pci 0000:56:00.0: Adding to iommu group 20
[    0.487899] pci 0000:56:00.1: Adding to iommu group 20
[    0.490853] DMAR: Intel(R) Virtualization Technology for Directed I/O
[    0.490856] PCI-DMA: Using software bounce buffering for IO (SWIOTLB)
[    0.490857] software IO TLB: mapped [mem 0x00000000480b8000-0x000000004c=
0b8000] (64MB)
[    0.490888] clocksource: tsc: mask: 0xffffffffffffffff max_cycles: 0x2b2=
c8ec87c7, max_idle_ns: 440795278598 ns
[    0.491016] clocksource: Switched to clocksource tsc
[    0.491110] platform rtc_cmos: registered platform RTC device (no PNP de=
vice found)
[    0.494694] Initialise system trusted keyrings
[    0.494704] Key type blacklist registered
[    0.494741] workingset: timestamp_bits=3D36 max_order=3D23 bucket_order=
=3D0
[    0.494748] zbud: loaded
[    0.494840] fuse: init (API version 7.41)
[    0.494970] integrity: Platform Keyring initialized
[    0.494973] integrity: Machine keyring initialized
[    0.504209] Key type asymmetric registered
[    0.504211] Asymmetric key parser 'x509' registered
[    0.959914] Freeing initrd memory: 79872K
[    0.964477] Block layer SCSI generic (bsg) driver version 0.4 loaded (ma=
jor 246)
[    0.964517] io scheduler mq-deadline registered
[    0.966116] ledtrig-cpu: registered to indicate activity on CPUs
[    0.966933] pcieport 0000:00:06.0: PME: Signaling with IRQ 122
[    0.967342] pcieport 0000:00:07.0: PME: Signaling with IRQ 123
[    0.967362] pcieport 0000:00:07.0: pciehp: Slot #12 AttnBtn- PwrCtrl- MR=
L- AttnInd- PwrInd- HotPlug+ Surprise+ Interlock- NoCompl+ IbPresDis- LLAct=
Rep+
[    0.967688] pcieport 0000:00:07.2: PME: Signaling with IRQ 124
[    0.967706] pcieport 0000:00:07.2: pciehp: Slot #14 AttnBtn- PwrCtrl- MR=
L- AttnInd- PwrInd- HotPlug+ Surprise+ Interlock- NoCompl+ IbPresDis- LLAct=
Rep+
[    0.967988] pcieport 0000:00:1c.0: PME: Signaling with IRQ 125
[    0.968079] shpchp: Standard Hot Plug PCI Controller Driver version: 0.4
[    0.979506] ACPI: thermal: [Firmware Bug]: Invalid critical threshold (-=
274000)
[    0.981825] thermal LNXTHERM:00: registered as thermal_zone0
[    0.981827] ACPI: thermal: Thermal Zone [TZ01] (69 C)
[    0.982015] Serial: 8250/16550 driver, 4 ports, IRQ sharing enabled
[    0.982721] serial 0000:00:12.0: enabling device (0000 -> 0002)
[    0.983078] hpet_acpi_add: no address or irqs in _CRS
[    0.983097] Linux agpgart interface v0.103
[    0.984968] tpm_tis MSFT0101:00: 2.0 TPM (device-id 0x1D, rev-id 54)
[    1.099561] i8042: PNP: PS/2 Controller [PNP0303:PS2K] at 0x60,0x64 irq =
1
[    1.099564] i8042: PNP: PS/2 appears to have AUX port disabled, if this =
is incorrect please boot with i8042.nopnp
[    1.100761] serio: i8042 KBD port at 0x60,0x64 irq 1
[    1.101079] mousedev: PS/2 mouse device common for all mice
[    1.101281] rtc_cmos rtc_cmos: RTC can wake from S4
[    1.102101] rtc_cmos rtc_cmos: registered as rtc0
[    1.102232] rtc_cmos rtc_cmos: setting system clock to 2024-12-19T01:19:=
33 UTC (1734571173)
[    1.102254] rtc_cmos rtc_cmos: alarms up to one month, y3k, 114 bytes nv=
ram
[    1.105070] intel_pstate: Intel P-state driver initializing
[    1.110242] intel_pstate: HWP enabled
[    1.110385] efifb: probing for efifb
[    1.110394] efifb: framebuffer at 0x70800000, using 20252k, total 20250k
[    1.110396] efifb: mode is 2880x1800x32, linelength=3D11520, pages=3D1
[    1.110397] efifb: scrolling: redraw
[    1.110397] efifb: Truecolor: size=3D8:8:8:8, shift=3D24:16:8:0
[    1.110476] Console: switching to colour frame buffer device 180x56
[    1.112894] fb0: EFI VGA frame buffer device
[    1.113040] NET: Registered PF_INET6 protocol family
[    1.116750] Segment Routing with IPv6
[    1.116765] In-situ OAM (IOAM) with IPv6
[    1.116792] mip6: Mobile IPv6
[    1.116795] NET: Registered PF_PACKET protocol family
[    1.116813] mpls_gso: MPLS GSO support
[    1.120965] ENERGY_PERF_BIAS: Set to 'normal', was 'performance'
[    1.122133] microcode: Current revision: 0x00000020
[    1.122136] microcode: Updated early from: 0x0000001f
[    1.127321] IPI shorthand broadcast: enabled
[    1.128141] sched_clock: Marking stable (1121290113, 5996358)->(11780236=
42, -50737171)
[    1.128886] registered taskstats version 1
[    1.128994] Loading compiled-in X.509 certificates
[    1.144395] Loaded X.509 cert 'Build time autogenerated kernel key: b836=
7364ab86cd6d96862dfcfcdbc0b9ecc179c3'
[    1.145495] Demotion targets for Node 0: null
[    1.145588] Key type .fscrypt registered
[    1.145589] Key type fscrypt-provisioning registered
[    1.157369] Key type encrypted registered
[    1.157371] AppArmor: AppArmor sha256 policy hashing enabled
[    1.157657] integrity: Loading X.509 certificate: UEFI:db
[    1.157673] integrity: Loaded X.509 cert 'HP Inc.: HP UEFI Secure Boot D=
B 2017: d9c01b50cfcae89d3b05345c163aa76e5dd589e7'
[    1.157674] integrity: Loading X.509 certificate: UEFI:db
[    1.157685] integrity: Loaded X.509 cert 'Microsoft UEFI CA 2023: 81aa6b=
3244c935bce0d6628af39827421e32497d'
[    1.157686] integrity: Loading X.509 certificate: UEFI:db
[    1.157698] integrity: Loaded X.509 cert 'Microsoft Corporation: Windows=
 UEFI CA 2023: aefc5fbbbe055d8f8daa585473499417ab5a5272'
[    1.157698] integrity: Loading X.509 certificate: UEFI:db
[    1.157709] integrity: Loaded X.509 cert 'Microsoft Windows Production P=
CA 2011: a92902398e16c49778cd90f99e4f9ae17c55af53'
[    1.157710] integrity: Loading X.509 certificate: UEFI:db
[    1.157720] integrity: Loaded X.509 cert 'Microsoft Corporation UEFI CA =
2011: 13adbf4309bd82709c8cd54f316ed522988a1bd4'
[    1.158588] ima: Allocated hash algorithm: sha256
[    1.168968] input: AT Translated Set 2 keyboard as /devices/platform/i80=
42/serio0/input/input0
[    1.318304] ima: No architecture policies found
[    1.318327] evm: Initialising EVM extended attributes:
[    1.318329] evm: security.selinux
[    1.318330] evm: security.SMACK64 (disabled)
[    1.318331] evm: security.SMACK64EXEC (disabled)
[    1.318332] evm: security.SMACK64TRANSMUTE (disabled)
[    1.318332] evm: security.SMACK64MMAP (disabled)
[    1.318333] evm: security.apparmor
[    1.318334] evm: security.ima
[    1.318334] evm: security.capability
[    1.318335] evm: HMAC attrs: 0x1
[    1.321850] RAS: Correctable Errors collector initialized.
[    1.321910] clk: Disabling unused clocks
[    1.321912] PM: genpd: Disabling unused power domains
[    1.330001] Freeing unused decrypted memory: 2028K
[    1.331618] Freeing unused kernel image (initmem) memory: 4128K
[    1.331629] Write protecting the kernel read-only data: 24576k
[    1.333314] Freeing unused kernel image (rodata/data gap) memory: 1352K
[    1.338015] x86/mm: Checked W+X mappings: passed, no W+X pages found.
[    1.338018] Run /init as init process
[    1.338019]   with arguments:
[    1.338019]     /init
[    1.338020]     splash
[    1.338020]   with environment:
[    1.338020]     HOME=3D/
[    1.338021]     TERM=3Dlinux
[    1.338021]     BOOT_IMAGE=3D/boot/vmlinuz-6.12.5-ipu6
[    1.398194] input: Sleep Button as /devices/LNXSYSTM:00/LNXSYBUS:00/PNP0=
C0E:00/input/input1
[    1.398221] ACPI: button: Sleep Button [SLPB]
[    1.398257] input: Lid Switch as /devices/LNXSYSTM:00/LNXSYBUS:00/PNP0C0=
D:00/input/input2
[    1.398269] ACPI: button: Lid Switch [LID0]
[    1.398284] input: Power Button as /devices/LNXSYSTM:00/LNXSYBUS:00/PNP0=
C0C:00/input/input3
[    1.407181] wmi_bus wmi_bus-PNP0C14:04: [Firmware Info]: 8F1F6436-9F42-4=
2C8-BADC-0E9424F20C9A has zero instances
[    1.407187] wmi_bus wmi_bus-PNP0C14:04: [Firmware Info]: 8F1F6435-9F42-4=
2C8-BADC-0E9424F20C9A has zero instances
[    1.407188] wmi_bus wmi_bus-PNP0C14:04: [Firmware Info]: 7391A661-223A-4=
7DB-A77A-7BE84C60822D has zero instances
[    1.407190] wmi_bus wmi_bus-PNP0C14:04: [Firmware Info]: DF4E63B6-3BBC-4=
858-9737-C74F82F821F3 has zero instances
[    1.418529] ACPI: bus type thunderbolt registered
[    1.422083] ACPI: button: Power Button [PWRB]
[    1.422141] input: Power Button as /devices/LNXSYSTM:00/LNXPWRBN:00/inpu=
t/input4
[    1.422255] ACPI: button: Power Button [PWRF]
[    1.424537] ACPI: bus type drm_connector registered
[    1.430776] ACPI: battery: Slot [BAT0] (battery present)
[    1.432431] i801_smbus 0000:00:1f.4: SPD Write Disable is set
[    1.432479] i801_smbus 0000:00:1f.4: SMBus using PCI interrupt
[    1.433397] nvme 0000:01:00.0: platform quirk: setting simple suspend
[    1.433479] nvme nvme0: pci function 0000:01:00.0
[    1.435700] hid: raw HID events driver (C) Jiri Kosina
[    1.440563] ACPI: bus type USB registered
[    1.440583] usbcore: registered new interface driver usbfs
[    1.440588] usbcore: registered new interface driver hub
[    1.440597] usbcore: registered new device driver usb
[    1.445946] intel-lpss 0000:00:15.0: enabling device (0004 -> 0006)
[    1.446244] idma64 idma64.0: Found Intel integrated DMA 64-bit
[    1.451978] nvme nvme0: 22/0/0 default/read/poll queues
[    1.457024]  nvme0n1: p1 p2 p3 p4 p5 p6 p7
[    1.465093] intel-lpss 0000:00:15.1: enabling device (0004 -> 0006)
[    1.465316] idma64 idma64.1: Found Intel integrated DMA 64-bit
[    1.481725] intel-lpss 0000:00:15.3: enabling device (0004 -> 0006)
[    1.481859] idma64 idma64.2: Found Intel integrated DMA 64-bit
[    1.498017] intel-lpss 0000:00:19.0: enabling device (0004 -> 0006)
[    1.514105] intel-lpss 0000:00:19.1: enabling device (0004 -> 0006)
[    1.640154] i801_smbus 0000:00:1f.4: SMBus is busy, can't use it!
[    1.759733] i2c_hid_acpi i2c-ELAN2513:00: i2c_hid_get_input: IRQ trigger=
ed but there's no data
[    1.761441] xhci_hcd 0000:00:0d.0: xHCI Host Controller
[    1.761449] xhci_hcd 0000:00:0d.0: new USB bus registered, assigned bus =
number 1
[    1.761844] input: ELAN07CE:00 04F3:32C8 Mouse as /devices/pci0000:00/00=
00:00:15.0/i2c_designware.0/i2c-1/i2c-ELAN07CE:00/0018:04F3:32C8.0001/input=
/input5
[    1.761912] input: ELAN07CE:00 04F3:32C8 Touchpad as /devices/pci0000:00=
/0000:00:15.0/i2c_designware.0/i2c-1/i2c-ELAN07CE:00/0018:04F3:32C8.0001/in=
put/input7
[    1.761964] input: ELAN07CE:00 04F3:32C8 Consumer Control as /devices/pc=
i0000:00/0000:00:15.0/i2c_designware.0/i2c-1/i2c-ELAN07CE:00/0018:04F3:32C8=
.0001/input/input8
[    1.762033] hid-generic 0018:04F3:32C8.0001: input,hidraw0: I2C HID v1.0=
0 Mouse [ELAN07CE:00 04F3:32C8] on i2c-ELAN07CE:00
[    1.762656] xhci_hcd 0000:00:0d.0: hcc params 0x20007fc1 hci version 0x1=
20 quirks 0x0000000200009810
[    1.762986] xhci_hcd 0000:00:0d.0: xHCI Host Controller
[    1.762990] xhci_hcd 0000:00:0d.0: new USB bus registered, assigned bus =
number 2
[    1.762993] xhci_hcd 0000:00:0d.0: Host supports USB 3.2 Enhanced SuperS=
peed
[    1.763055] usb usb1: New USB device found, idVendor=3D1d6b, idProduct=
=3D0002, bcdDevice=3D 6.12
[    1.763058] usb usb1: New USB device strings: Mfr=3D3, Product=3D2, Seri=
alNumber=3D1
[    1.763060] usb usb1: Product: xHCI Host Controller
[    1.763062] usb usb1: Manufacturer: Linux 6.12.5-ipu6 xhci-hcd
[    1.763063] usb usb1: SerialNumber: 0000:00:0d.0
[    1.763210] hub 1-0:1.0: USB hub found
[    1.763239] hub 1-0:1.0: 1 port detected
[    1.763246] input: ELAN2513:00 04F3:422C Touchscreen as /devices/pci0000=
:00/0000:00:15.1/i2c_designware.1/i2c-2/i2c-ELAN2513:00/0018:04F3:422C.0002=
/input/input9
[    1.763316] input: ELAN2513:00 04F3:422C as /devices/pci0000:00/0000:00:=
15.1/i2c_designware.1/i2c-2/i2c-ELAN2513:00/0018:04F3:422C.0002/input/input=
10
[    1.763336] input: ELAN2513:00 04F3:422C as /devices/pci0000:00/0000:00:=
15.1/i2c_designware.1/i2c-2/i2c-ELAN2513:00/0018:04F3:422C.0002/input/input=
11
[    1.763354] input: ELAN2513:00 04F3:422C Stylus as /devices/pci0000:00/0=
000:00:15.1/i2c_designware.1/i2c-2/i2c-ELAN2513:00/0018:04F3:422C.0002/inpu=
t/input12
[    1.763410] input: ELAN2513:00 04F3:422C Keyboard as /devices/pci0000:00=
/0000:00:15.1/i2c_designware.1/i2c-2/i2c-ELAN2513:00/0018:04F3:422C.0002/in=
put/input13
[    1.763438] input: ELAN2513:00 04F3:422C Mouse as /devices/pci0000:00/00=
00:00:15.1/i2c_designware.1/i2c-2/i2c-ELAN2513:00/0018:04F3:422C.0002/input=
/input14
[    1.763455] usb usb2: New USB device found, idVendor=3D1d6b, idProduct=
=3D0003, bcdDevice=3D 6.12
[    1.763457] usb usb2: New USB device strings: Mfr=3D3, Product=3D2, Seri=
alNumber=3D1
[    1.763458] usb usb2: Product: xHCI Host Controller
[    1.763459] usb usb2: Manufacturer: Linux 6.12.5-ipu6 xhci-hcd
[    1.763460] usb usb2: SerialNumber: 0000:00:0d.0
[    1.763501] input: ELAN2513:00 04F3:422C as /devices/pci0000:00/0000:00:=
15.1/i2c_designware.1/i2c-2/i2c-ELAN2513:00/0018:04F3:422C.0002/input/input=
16
[    1.763523] input: ELAN2513:00 04F3:422C as /devices/pci0000:00/0000:00:=
15.1/i2c_designware.1/i2c-2/i2c-ELAN2513:00/0018:04F3:422C.0002/input/input=
17
[    1.763555] hub 2-0:1.0: USB hub found
[    1.763557] input: ELAN2513:00 04F3:422C as /devices/pci0000:00/0000:00:=
15.1/i2c_designware.1/i2c-2/i2c-ELAN2513:00/0018:04F3:422C.0002/input/input=
18
[    1.763583] hub 2-0:1.0: 4 ports detected
[    1.765637] xhci_hcd 0000:00:14.0: xHCI Host Controller
[    1.765641] xhci_hcd 0000:00:14.0: new USB bus registered, assigned bus =
number 3
[    1.766756] xhci_hcd 0000:00:14.0: hcc params 0x20007fc1 hci version 0x1=
20 quirks 0x0000000200009810
[    1.766983] xhci_hcd 0000:00:14.0: xHCI Host Controller
[    1.766985] xhci_hcd 0000:00:14.0: new USB bus registered, assigned bus =
number 4
[    1.766986] xhci_hcd 0000:00:14.0: Host supports USB 3.2 Enhanced SuperS=
peed
[    1.767002] usb usb3: New USB device found, idVendor=3D1d6b, idProduct=
=3D0002, bcdDevice=3D 6.12
[    1.767004] usb usb3: New USB device strings: Mfr=3D3, Product=3D2, Seri=
alNumber=3D1
[    1.767005] usb usb3: Product: xHCI Host Controller
[    1.767005] usb usb3: Manufacturer: Linux 6.12.5-ipu6 xhci-hcd
[    1.767006] usb usb3: SerialNumber: 0000:00:14.0
[    1.767072] hub 3-0:1.0: USB hub found
[    1.767084] hub 3-0:1.0: 12 ports detected
[    1.767538] usb usb4: New USB device found, idVendor=3D1d6b, idProduct=
=3D0003, bcdDevice=3D 6.12
[    1.767539] usb usb4: New USB device strings: Mfr=3D3, Product=3D2, Seri=
alNumber=3D1
[    1.767540] usb usb4: Product: xHCI Host Controller
[    1.767541] usb usb4: Manufacturer: Linux 6.12.5-ipu6 xhci-hcd
[    1.767541] usb usb4: SerialNumber: 0000:00:14.0
[    1.767583] hub 4-0:1.0: USB hub found
[    1.767589] hub 4-0:1.0: 2 ports detected
[    1.807403] hid-generic 0018:04F3:422C.0002: input,hidraw1: I2C HID v1.0=
0 Keyboard [ELAN2513:00 04F3:422C] on i2c-ELAN2513:00
[    1.968292] input: ELAN07CE:00 04F3:32C8 Touchpad as /devices/pci0000:00=
/0000:00:15.0/i2c_designware.0/i2c-1/i2c-ELAN07CE:00/0018:04F3:32C8.0001/in=
put/input22
[    1.968380] input: ELAN07CE:00 04F3:32C8 Consumer Control as /devices/pc=
i0000:00/0000:00:15.0/i2c_designware.0/i2c-1/i2c-ELAN07CE:00/0018:04F3:32C8=
.0001/input/input23
[    1.968421] hid-multitouch 0018:04F3:32C8.0001: input,hidraw0: I2C HID v=
1.00 Mouse [ELAN07CE:00 04F3:32C8] on i2c-ELAN07CE:00
[    1.975770] i915 0000:00:02.0: [drm] Found METEORLAKE (device ID 7d55) d=
isplay version 14.00 stepping C0
[    1.976992] i915 0000:00:02.0: [drm] VT-d active for gfx access
[    1.977057] Console: switching to colour dummy device 80x25
[    1.977068] i915 0000:00:02.0: vgaarb: deactivate vga console
[    1.977077] i915 0000:00:02.0: [drm] Using Transparent Hugepages
[    1.994098] i915 0000:00:02.0: vgaarb: VGA decodes changed: olddecodes=
=3Dio+mem,decodes=3Dnone:owns=3Dio+mem
[    2.003023] i915 0000:00:02.0: [drm] Finished loading DMC firmware i915/=
mtl_dmc.bin (v2.23)
[    2.031590] i915 0000:00:02.0: [drm] GT0: GuC firmware i915/mtl_guc_70.b=
in version 70.29.2
[    2.045261] i915 0000:00:02.0: [drm] GT0: GUC: submission enabled
[    2.045263] i915 0000:00:02.0: [drm] GT0: GUC: SLPC enabled
[    2.045474] i915 0000:00:02.0: [drm] GT0: GUC: RC enabled
[    2.049676] i915 0000:00:02.0: [drm] GT1: can't init GSC proxy due to mi=
ssing mei component
[    2.049924] i915 0000:00:02.0: [drm] GT1: GuC firmware i915/mtl_guc_70.b=
in version 70.29.2
[    2.049926] i915 0000:00:02.0: [drm] GT1: HuC firmware i915/mtl_huc_gsc.=
bin version 8.5.4
[    2.072370] i915 0000:00:02.0: [drm] GT1: HuC: authenticated for clear m=
edia
[    2.072792] i915 0000:00:02.0: [drm] GT1: GUC: submission enabled
[    2.072794] i915 0000:00:02.0: [drm] GT1: GUC: SLPC enabled
[    2.072867] i915 0000:00:02.0: [drm] GT1: GUC: RC enabled
[    2.075116] i915 0000:00:02.0: [drm] Protected Xe Path (PXP) protected c=
ontent support initialized
[    2.078010] usb 3-3: new full-speed USB device number 2 using xhci_hcd
[    2.082764] [drm] Initialized i915 1.6.0 for 0000:00:02.0 on minor 0
[    2.083115] ACPI: video: Video Device [PXSX] (multi-head: no  rom: yes  =
post: no)
[    2.083145] input: Video Bus as /devices/LNXSYSTM:00/LNXSYBUS:00/PNP0A08=
:00/device:01/LNXVIDEO:00/input/input24
[    2.115178] ACPI: video: Video Device [GFX0] (multi-head: yes  rom: no  =
post: no)
[    2.115513] input: Video Bus as /devices/LNXSYSTM:00/LNXSYBUS:00/PNP0A08=
:00/LNXVIDEO:01/input/input25
[    2.121531] fbcon: i915drmfb (fb0) is primary device
[    2.126363] input: ELAN2513:00 04F3:422C as /devices/pci0000:00/0000:00:=
15.1/i2c_designware.1/i2c-2/i2c-ELAN2513:00/0018:04F3:422C.0002/input/input=
26
[    2.126404] input: ELAN2513:00 04F3:422C UNKNOWN as /devices/pci0000:00/=
0000:00:15.1/i2c_designware.1/i2c-2/i2c-ELAN2513:00/0018:04F3:422C.0002/inp=
ut/input27
[    2.126418] input: ELAN2513:00 04F3:422C UNKNOWN as /devices/pci0000:00/=
0000:00:15.1/i2c_designware.1/i2c-2/i2c-ELAN2513:00/0018:04F3:422C.0002/inp=
ut/input28
[    2.126432] input: ELAN2513:00 04F3:422C Stylus as /devices/pci0000:00/0=
000:00:15.1/i2c_designware.1/i2c-2/i2c-ELAN2513:00/0018:04F3:422C.0002/inpu=
t/input29
[    2.126466] input: ELAN2513:00 04F3:422C Keyboard as /devices/pci0000:00=
/0000:00:15.1/i2c_designware.1/i2c-2/i2c-ELAN2513:00/0018:04F3:422C.0002/in=
put/input30
[    2.126481] input: ELAN2513:00 04F3:422C Mouse as /devices/pci0000:00/00=
00:00:15.1/i2c_designware.1/i2c-2/i2c-ELAN2513:00/0018:04F3:422C.0002/input=
/input31
[    2.126515] input: ELAN2513:00 04F3:422C UNKNOWN as /devices/pci0000:00/=
0000:00:15.1/i2c_designware.1/i2c-2/i2c-ELAN2513:00/0018:04F3:422C.0002/inp=
ut/input33
[    2.126528] input: ELAN2513:00 04F3:422C UNKNOWN as /devices/pci0000:00/=
0000:00:15.1/i2c_designware.1/i2c-2/i2c-ELAN2513:00/0018:04F3:422C.0002/inp=
ut/input34
[    2.126539] input: ELAN2513:00 04F3:422C UNKNOWN as /devices/pci0000:00/=
0000:00:15.1/i2c_designware.1/i2c-2/i2c-ELAN2513:00/0018:04F3:422C.0002/inp=
ut/input35
[    2.170219] hid-multitouch 0018:04F3:422C.0002: input,hidraw1: I2C HID v=
1.00 Keyboard [ELAN2513:00 04F3:422C] on i2c-ELAN2513:00
[    2.213723] i915 0000:00:02.0: [drm] GT1: Loaded GSC firmware i915/mtl_g=
sc_1.bin (cv1.0, r102.0.10.1878, svn 1)
[    2.215227] usb 3-3: New USB device found, idVendor=3D06cb, idProduct=3D=
016c, bcdDevice=3D 0.00
[    2.215231] usb 3-3: New USB device strings: Mfr=3D0, Product=3D0, Seria=
lNumber=3D1
[    2.215232] usb 3-3: SerialNumber: 17f07122a011
[    2.222041] tpm tpm0: auth session is active
[    2.233645] i915 0000:00:02.0: [drm] GT1: HuC: authenticated for all wor=
kloads
[    2.233652] i915 0000:00:02.0: [drm] *ERROR* GT1: GSC proxy handler fail=
ed to init
[    2.334308] usb 3-10: new full-speed USB device number 3 using xhci_hcd
[    2.473004] usb 3-10: New USB device found, idVendor=3D8087, idProduct=
=3D0033, bcdDevice=3D 0.00
[    2.473011] usb 3-10: New USB device strings: Mfr=3D0, Product=3D0, Seri=
alNumber=3D0
[    2.509077] ish-hid {33AECD58-B679-4E54-9BD9-A04D34F0C226}: [hid-ish]: e=
num_devices_done OK, num_hid_devices=3D6
[    2.515148] hid-generic 001F:8087:0AC2.0003: hidraw2: SENSOR HUB HID v2.=
00 Device [hid-ishtp 8087:0AC2] on=20
[    2.520960] hid-generic 001F:8087:0AC2.0004: hidraw3: SENSOR HUB HID v2.=
00 Device [hid-ishtp 8087:0AC2] on=20
[    2.530300] hid-generic 001F:8087:0AC2.0005: hidraw4: SENSOR HUB HID v2.=
00 Device [hid-ishtp 8087:0AC2] on=20
[    2.535340] hid-generic 001F:8087:0AC2.0006: hidraw5: SENSOR HUB HID v2.=
00 Device [hid-ishtp 8087:0AC2] on=20
[    2.540016] hid-generic 001F:8087:0AC2.0007: hidraw6: SENSOR HUB HID v2.=
00 Device [hid-ishtp 8087:0AC2] on=20
[    2.541404] hid-generic 001F:8087:0AC2.0008: hidraw7: SENSOR HUB HID v2.=
00 Device [hid-ishtp 8087:0AC2] on=20
[    2.545167] hid-sensor-hub 001F:8087:0AC2.0003: hidraw2: SENSOR HUB HID =
v2.00 Device [hid-ishtp 8087:0AC2] on=20
[    2.546161] hid-sensor-hub 001F:8087:0AC2.0004: hidraw3: SENSOR HUB HID =
v2.00 Device [hid-ishtp 8087:0AC2] on=20
[    2.546983] hid-sensor-hub 001F:8087:0AC2.0005: hidraw4: SENSOR HUB HID =
v2.00 Device [hid-ishtp 8087:0AC2] on=20
[    2.547629] hid-sensor-hub 001F:8087:0AC2.0006: hidraw5: SENSOR HUB HID =
v2.00 Device [hid-ishtp 8087:0AC2] on=20
[    2.548260] hid-sensor-hub 001F:8087:0AC2.0007: hidraw6: SENSOR HUB HID =
v2.00 Device [hid-ishtp 8087:0AC2] on=20
[    2.548418] hid-sensor-hub 001F:8087:0AC2.0008: hidraw7: SENSOR HUB HID =
v2.00 Device [hid-ishtp 8087:0AC2] on=20
[    3.502064] Console: switching to colour frame buffer device 180x56
[    3.511743] i915 0000:00:02.0: [drm] fb0: i915drmfb frame buffer device
[    3.649999] raid6: avx2x4   gen() 20851 MB/s
[    3.717998] raid6: avx2x2   gen() 24501 MB/s
[    3.785999] raid6: avx2x1   gen() 21076 MB/s
[    3.786000] raid6: using algorithm avx2x2 gen() 24501 MB/s
[    3.853998] raid6: .... xor() 16216 MB/s, rmw enabled
[    3.853999] raid6: using avx2x2 recovery algorithm
[    3.856507] xor: automatically using best checksumming function   avx   =
   =20
[    3.858128] async_tx: api initialized (async)
[    4.240337] i915 0000:00:02.0: [drm] Selective fetch area calculation fa=
iled in pipe A
[    4.710606] Btrfs loaded, zoned=3Dyes, fsverity=3Dyes
[    4.745483] PM: Image not found (code -22)
[   10.690120] EXT4-fs (nvme0n1p4): orphan cleanup on readonly fs
[   10.690349] EXT4-fs (nvme0n1p4): mounted filesystem 7881f7bb-dbe6-4323-8=
87f-dd718adb7a8b ro with ordered data mode. Quota mode: none.
[   10.724336] Not activating Mandatory Access Control as /sbin/tomoyo-init=
 does not exist.
[   10.762273] systemd[1]: Inserted module 'autofs4'
[   11.128598] systemd[1]: systemd 257-2 running in system mode (+PAM +AUDI=
T +SELINUX +APPARMOR +IMA +IPE +SMACK +SECCOMP +GCRYPT -GNUTLS +OPENSSL +AC=
L +BLKID +CURL +ELFUTILS +FIDO2 +IDN2 -IDN +IPTC +KMOD +LIBCRYPTSETUP +LIBC=
RYPTSETUP_PLUGINS +LIBFDISK +PCRE2 +PWQUALITY +P11KIT +QRENCODE +TPM2 +BZIP=
2 +LZ4 +XZ +ZLIB +ZSTD +BPF_FRAMEWORK +BTF -XKBCOMMON -UTMP +SYSVINIT +LIBA=
RCHIVE)
[   11.128615] systemd[1]: Detected architecture x86-64.
[   11.137883] systemd[1]: Hostname set to <DuanesSpectre16>.
[   11.183812] systemd[1]: bpf-restrict-fs: Failed to load BPF object: No s=
uch process
[   11.271565] systemd[1]: Queued start job for default target graphical.ta=
rget.
[   11.322128] systemd[1]: Created slice system-getty.slice - Slice /system=
/getty.
[   11.322924] systemd[1]: Created slice system-modprobe.slice - Slice /sys=
tem/modprobe.
[   11.323444] systemd[1]: Created slice system-systemd\x2dfsck.slice - Sli=
ce /system/systemd-fsck.
[   11.324038] systemd[1]: Created slice system-xfs_scrub.slice - xfs_scrub=
 background service slice.
[   11.324411] systemd[1]: Created slice user.slice - User and Session Slic=
e.
[   11.324486] systemd[1]: Started systemd-ask-password-wall.path - Forward=
 Password Requests to Wall Directory Watch.
[   11.324681] systemd[1]: Set up automount proc-sys-fs-binfmt_misc.automou=
nt - Arbitrary Executable File Formats File System Automount Point.
[   11.324706] systemd[1]: Expecting device dev-disk-by\x2duuid-12DE8F49DE8=
F2457.device - /dev/disk/by-uuid/12DE8F49DE8F2457...
[   11.324716] systemd[1]: Expecting device dev-disk-by\x2duuid-96c2339a\x2=
dae0c\x2d4a9d\x2d9d62\x2dfbbce901defc.device - /dev/disk/by-uuid/96c2339a-a=
e0c-4a9d-9d62-fbbce901defc...
[   11.324724] systemd[1]: Expecting device dev-disk-by\x2duuid-9DB2\x2d2D8=
0.device - /dev/disk/by-uuid/9DB2-2D80...
[   11.324759] systemd[1]: Reached target nss-user-lookup.target - User and=
 Group Name Lookups.
[   11.324788] systemd[1]: Reached target slices.target - Slice Units.
[   11.329208] systemd[1]: Listening on rpcbind.socket - RPCbind Server Act=
ivation Socket.
[   11.332439] systemd[1]: Listening on systemd-coredump.socket - Process C=
ore Dump Socket.
[   11.333061] systemd[1]: Listening on systemd-creds.socket - Credential E=
ncryption/Decryption.
[   11.333148] systemd[1]: Listening on systemd-initctl.socket - initctl Co=
mpatibility Named Pipe.
[   11.333227] systemd[1]: Listening on systemd-journald-dev-log.socket - J=
ournal Socket (/dev/log).
[   11.333301] systemd[1]: Listening on systemd-journald.socket - Journal S=
ockets.
[   11.333351] systemd[1]: systemd-pcrextend.socket - TPM PCR Measurements =
was skipped because of an unmet condition check (ConditionSecurity=3Dmeasur=
ed-uki).
[   11.333366] systemd[1]: systemd-pcrlock.socket - Make TPM PCR Policy was=
 skipped because of an unmet condition check (ConditionSecurity=3Dmeasured-=
uki).
[   11.333433] systemd[1]: Listening on systemd-udevd-control.socket - udev=
 Control Socket.
[   11.333482] systemd[1]: Listening on systemd-udevd-kernel.socket - udev =
Kernel Socket.
[   11.334562] systemd[1]: Mounting dev-hugepages.mount - Huge Pages File S=
ystem...
[   11.335271] systemd[1]: Mounting dev-mqueue.mount - POSIX Message Queue =
File System...
[   11.336088] systemd[1]: Mounting run-lock.mount - Legacy Locks Directory=
 /run/lock...
[   11.336781] systemd[1]: Mounting sys-kernel-debug.mount - Kernel Debug F=
ile System...
[   11.337489] systemd[1]: Mounting sys-kernel-tracing.mount - Kernel Trace=
 File System...
[   11.337577] systemd[1]: auth-rpcgss-module.service - Kernel Module suppo=
rting RPCSEC_GSS was skipped because of an unmet condition check (Condition=
PathExists=3D/etc/krb5.keytab).
[   11.338671] systemd[1]: Starting keyboard-setup.service - Set the consol=
e keyboard layout...
[   11.339473] systemd[1]: Starting kmod-static-nodes.service - Create List=
 of Static Device Nodes...
[   11.340194] systemd[1]: Starting modprobe@configfs.service - Load Kernel=
 Module configfs...
[   11.341056] systemd[1]: Starting modprobe@drm.service - Load Kernel Modu=
le drm...
[   11.342023] systemd[1]: Starting modprobe@efi_pstore.service - Load Kern=
el Module efi_pstore...
[   11.342673] systemd[1]: Starting modprobe@fuse.service - Load Kernel Mod=
ule fuse...
[   11.342791] systemd[1]: systemd-fsck-root.service - File System Check on=
 Root Device was skipped because of an unmet condition check (ConditionPath=
Exists=3D!/run/initramfs/fsck-root).
[   11.342830] systemd[1]: systemd-hibernate-clear.service - Clear Stale Hi=
bernate Storage Info was skipped because of an unmet condition check (Condi=
tionPathExists=3D/sys/firmware/efi/efivars/HibernateLocation-8cf2644b-4b0b-=
428f-9387-6d876050dc67).
[   11.345992] systemd[1]: Starting systemd-journald.service - Journal Serv=
ice...
[   11.347092] systemd[1]: Starting systemd-modules-load.service - Load Ker=
nel Modules...
[   11.347112] systemd[1]: systemd-pcrmachine.service - TPM PCR Machine ID =
Measurement was skipped because of an unmet condition check (ConditionSecur=
ity=3Dmeasured-uki).
[   11.348453] systemd[1]: Starting systemd-remount-fs.service - Remount Ro=
ot and Kernel File Systems...
[   11.348499] systemd[1]: systemd-tpm2-setup-early.service - Early TPM SRK=
 Setup was skipped because of an unmet condition check (ConditionSecurity=
=3Dmeasured-uki).
[   11.349665] systemd[1]: Starting systemd-udev-load-credentials.service -=
 Load udev Rules from Credentials...
[   11.349928] pstore: Using crash dump compression: deflate
[   11.350841] systemd[1]: Starting systemd-udev-trigger.service - Coldplug=
 All udev Devices...
[   11.353165] systemd[1]: Mounted dev-hugepages.mount - Huge Pages File Sy=
stem.
[   11.353287] systemd[1]: Mounted dev-mqueue.mount - POSIX Message Queue F=
ile System.
[   11.353371] systemd[1]: Mounted run-lock.mount - Legacy Locks Directory =
/run/lock.
[   11.353449] systemd[1]: Mounted sys-kernel-debug.mount - Kernel Debug Fi=
le System.
[   11.353523] systemd[1]: Mounted sys-kernel-tracing.mount - Kernel Trace =
File System.
[   11.353762] systemd[1]: Finished kmod-static-nodes.service - Create List=
 of Static Device Nodes.
[   11.354031] systemd[1]: modprobe@configfs.service: Deactivated successfu=
lly.
[   11.354195] systemd[1]: Finished modprobe@configfs.service - Load Kernel=
 Module configfs.
[   11.354451] systemd[1]: modprobe@drm.service: Deactivated successfully.
[   11.354599] systemd[1]: Finished modprobe@drm.service - Load Kernel Modu=
le drm.
[   11.354829] systemd[1]: modprobe@fuse.service: Deactivated successfully.
[   11.354966] systemd[1]: Finished modprobe@fuse.service - Load Kernel Mod=
ule fuse.
[   11.356399] systemd[1]: Mounting sys-fs-fuse-connections.mount - FUSE Co=
ntrol File System...
