Return-Path: <linux-media+bounces-23787-lists+linux-media=lfdr.de@vger.kernel.org>
X-Original-To: lists+linux-media@lfdr.de
Delivered-To: lists+linux-media@lfdr.de
Received: from am.mirrors.kernel.org (am.mirrors.kernel.org [IPv6:2604:1380:4601:e00::3])
	by mail.lfdr.de (Postfix) with ESMTPS id 575699F7C56
	for <lists+linux-media@lfdr.de>; Thu, 19 Dec 2024 14:29:44 +0100 (CET)
Received: from smtp.subspace.kernel.org (relay.kernel.org [52.25.139.140])
	(using TLSv1.2 with cipher ECDHE-ECDSA-AES256-GCM-SHA384 (256/256 bits))
	(No client certificate requested)
	by am.mirrors.kernel.org (Postfix) with ESMTPS id CA5F918925A9
	for <lists+linux-media@lfdr.de>; Thu, 19 Dec 2024 13:29:13 +0000 (UTC)
Received: from localhost.localdomain (localhost.localdomain [127.0.0.1])
	by smtp.subspace.kernel.org (Postfix) with ESMTP id 09980225416;
	Thu, 19 Dec 2024 13:26:30 +0000 (UTC)
X-Original-To: linux-media@vger.kernel.org
Received: from mail2.tds.syn-alias.com (mail2.tds.syn-alias.com [129.159.94.43])
	by smtp.subspace.kernel.org (Postfix) with ESMTP id 81E0B2253E3
	for <linux-media@vger.kernel.org>; Thu, 19 Dec 2024 13:26:19 +0000 (UTC)
Authentication-Results: smtp.subspace.kernel.org; arc=none smtp.client-ip=129.159.94.43
ARC-Seal:i=1; a=rsa-sha256; d=subspace.kernel.org; s=arc-20240116;
	t=1734614789; cv=none; b=G2lehcTM+4jWlvYzepKUlxHQzWAKRhiRwICI/wJB4s3h/wd+EI2v2WwYRTDFk9CXLx0ipHFJQJIceTzNNoPpqw7rXd3ka6MBZpI61wavWeJO+vvo+sr8EnvsBlpE3MUs81avPRni2wfsp0sOKgdHb/xsB3s1THViPKppVDi+bI0=
ARC-Message-Signature:i=1; a=rsa-sha256; d=subspace.kernel.org;
	s=arc-20240116; t=1734614789; c=relaxed/simple;
	bh=wf5Z8xNgYGgnka7SVYCBTRBix7qxYU/u9Cfo/yyGYxQ=;
	h=Date:From:To:Cc:Message-ID:In-Reply-To:References:Subject:
	 MIME-Version:Content-Type; b=bV42DMp3glSjmnIaejkq4ztcuvbHpkWdMB6HXMbmj6cOq/7iRwULzBFOWOBhUIvbFYyeMviJZjuz475f/fotFYY8jxfX52tkfuLoMjgbdgZaAd4zJcu5+UVpGi5rMMfMprFgDyI7N9VciZ7v2rftEWttyx9tvv+1fZt07uPOegs=
ARC-Authentication-Results:i=1; smtp.subspace.kernel.org; dmarc=none (p=none dis=none) header.from=chorus.net; spf=pass smtp.mailfrom=chorus.net; arc=none smtp.client-ip=129.159.94.43
Authentication-Results: smtp.subspace.kernel.org; dmarc=none (p=none dis=none) header.from=chorus.net
Authentication-Results: smtp.subspace.kernel.org; spf=pass smtp.mailfrom=chorus.net
X-Authed-Username: ZHVhbmVrQGNob3J1cy5uZXQ=
Received: from [10.219.153.28] ([10.219.153.28:53654] helo=md15.tds.email-ash1.sync.lan)
	by mail.tds.net (envelope-from <duanek@chorus.net>)
	(ecelerity 4.4.1.20033 r(msys-ecelerity:tags/4.4.1.0^0)) with ESMTP
	id 45/96-06351-AFE14676; Thu, 19 Dec 2024 08:26:18 -0500
Date: Thu, 19 Dec 2024 08:26:18 -0500 (EST)
From: "duanek@chorus.net" <duanek@chorus.net>
To: Bingbu Cao <bingbu.cao@linux.intel.com>
Cc: Jacopo Mondi <jacopo.mondi@ideasonboard.com>, 
	linux-media <linux-media@vger.kernel.org>, 
	libcamera-devel <libcamera-devel@lists.libcamera.org>
Message-ID: <1634366496.102345718.1734614778536.JavaMail.zimbra@chorus.net>
In-Reply-To: <22f3bfe0-23ca-1ba9-95a7-5288bea5a723@linux.intel.com>
References: <1594170563.10937137.1728935697496.JavaMail.zimbra@chorus.net> <1626527939.100593578.1734539132976.JavaMail.zimbra@chorus.net> <3csrwld4fbhg7fg7v4dm4fccvxkracxuwj6y7k5z7k7t5zpeha@qfgr6pmzyg6f> <698982370.100647689.1734540932591.JavaMail.zimbra@chorus.net> <4vlmoi3uto44j3cigzatkclqd5krybvihvkq77glwcblpdlrb5@yhdl6dvd2gmj> <06dcddff-84b3-8717-fa56-53d49abcaf5d@linux.intel.com> <578607689.101572908.1734571756163.JavaMail.zimbra@chorus.net> <22f3bfe0-23ca-1ba9-95a7-5288bea5a723@linux.intel.com>
Subject: Re: IPU6 Camera with ov08x40 (OVTI08F4 sensor) HP Spectre 16"
 Meteor Lake doesn't work
Precedence: bulk
X-Mailing-List: linux-media@vger.kernel.org
List-Id: <linux-media.vger.kernel.org>
List-Subscribe: <mailto:linux-media+subscribe@vger.kernel.org>
List-Unsubscribe: <mailto:linux-media+unsubscribe@vger.kernel.org>
MIME-Version: 1.0
Content-Type: text/plain; charset=utf-8
Content-Transfer-Encoding: quoted-printable
X-Mailer: Zimbra 9.0.0_GA_4653 (ZimbraWebClient - GC131 (Linux)/9.0.0_GA_4653)
Thread-Topic: IPU6 Camera with ov08x40 (OVTI08F4 sensor) HP Spectre 16" Meteor Lake doesn't work
Thread-Index: ejW9e5I9WGhvVRF7c9vaW6i8WX0Lsg==
X-Vade-Verdict: clean
X-Vade-Analysis-1: gggruggvucftvghtrhhoucdtuddrgeefuddruddttddghedtucetufdoteggodetrfdotffvucfrrhho
X-Vade-Analysis-2: fhhilhgvmecuufgjpfetvefqtfdpvfffufdpgffpggdqvfffufdpqfgfvfenuceurghilhhouhhtmecu
X-Vade-Analysis-3: fedtudenucesvcftvggtihhpihgvnhhtshculddquddttddmnecujfgurhepfffhvfevkfgjfhfugggt
X-Vade-Analysis-4: gfhiofhtsehtqhgttdiitdejnecuhfhrohhmpedfughurghnvghksegthhhorhhushdrnhgvthdfuceo
X-Vade-Analysis-5: ughurghnvghksegthhhorhhushdrnhgvtheqnecuggftrfgrthhtvghrnhepveejffduueevveeihedv
X-Vade-Analysis-6: teegfeefkeetlefhvdeggfehkeetheeitdffveffgfeinecukfhppedutddrvdduledrudehfedrvdek
X-Vade-Analysis-7: pddvtdejrddvtddtrddvvdejrdeggeenucevlhhushhtvghrufhiiigvpedtnecurfgrrhgrmhepihhn
X-Vade-Analysis-8: vghtpedutddrvdduledrudehfedrvdekpdhhvghlohepmhguudehrdhtughsrdgvmhgrihhlqdgrshhh
X-Vade-Analysis-9: uddrshihnhgtrdhlrghnpdhmrghilhhfrhhomhepughurghnvghksegthhhorhhushdrnhgvthdprhgt
X-Vade-Analysis-10: phhtthhopegsihhnghgsuhdrtggroheslhhinhhugidrihhnthgvlhdrtghomhdprhgtphhtthhopehj
X-Vade-Analysis-11: rggtohhpohdrmhhonhguihesihguvggrshhonhgsohgrrhgurdgtohhmpdhrtghpthhtoheplhhinhhu
X-Vade-Analysis-12: gidqmhgvughirgesvhhgvghrrdhkvghrnhgvlhdrohhrghdprhgtphhtthhopehlihgstggrmhgvrhgr
X-Vade-Analysis-13: qdguvghvvghlsehlihhsthhsrdhlihgstggrmhgvrhgrrdhorhhgpdhmthgrhhhoshhtpehsmhhtphdt
X-Vade-Analysis-14: uddrthgushdrvghmrghilhdqrghshhdurdhshihntgdrlhgrnhdpnhgspghrtghpthhtohepgedpihhs
X-Vade-Analysis-15: pghnrgepfhgrlhhsvgdprghuthhhpghushgvrhepughurghnvghksegthhhorhhushdrnhgvth
X-Vade-Client: TDS

Dear Bingbu Cao,

Thanks for your patience.

I created the ipu.conf file, and rebooted. After re-booting the command:
LIBCAMERA_LOG_LEVELS=3D0 cam -c"\_SB_.PC00.LNK0" -C1

could not find a camera, so I re-loaded the ov08x40 module, and re-ran the =
above cam command, which then found a camera and generated dmesg output.

20241219_dmesg:
[    0.000000] Linux version 6.12.5-ipu6 (root@DuanesSpectre16) (gcc (Debia=
n 14.2.0-11) 14.2.0, GNU ld (GNU Binutils for Debian) 2.43.50.20241215) #7 =
SMP PREEMPT_DYNAMIC Tue Dec 17 18:12:49 CST 2024
[    0.000000] Command line: BOOT_IMAGE=3D/boot/vmlinuz-6.12.5-ipu6 root=3D=
UUID=3D7881f7bb-dbe6-4323-887f-dd718adb7a8b ro quiet splash
[    0.000000] x86/split lock detection: #AC: crashing the kernel on kernel=
 split_locks and warning on user-space split_locks
[    0.000000] BIOS-provided physical RAM map:
[    0.000000] BIOS-e820: [mem 0x0000000000000000-0x000000000009efff] usabl=
e
[    0.000000] BIOS-e820: [mem 0x000000000009f000-0x00000000000fffff] reser=
ved
[    0.000000] BIOS-e820: [mem 0x0000000000100000-0x0000000057818fff] usabl=
e
[    0.000000] BIOS-e820: [mem 0x0000000057819000-0x000000005ad4dfff] reser=
ved
[    0.000000] BIOS-e820: [mem 0x000000005ad4e000-0x000000005ae6dfff] ACPI =
data
[    0.000000] BIOS-e820: [mem 0x000000005ae6e000-0x000000005aff0fff] ACPI =
NVS
[    0.000000] BIOS-e820: [mem 0x000000005aff1000-0x0000000065ffefff] reser=
ved
[    0.000000] BIOS-e820: [mem 0x0000000065fff000-0x0000000065ffffff] usabl=
e
[    0.000000] BIOS-e820: [mem 0x0000000066000000-0x00000000787fffff] reser=
ved
[    0.000000] BIOS-e820: [mem 0x00000000c0000000-0x00000000cfffffff] reser=
ved
[    0.000000] BIOS-e820: [mem 0x00000000fe000000-0x00000000fe010fff] reser=
ved
[    0.000000] BIOS-e820: [mem 0x00000000fec00000-0x00000000fec00fff] reser=
ved
[    0.000000] BIOS-e820: [mem 0x00000000fed00000-0x00000000fed00fff] reser=
ved
[    0.000000] BIOS-e820: [mem 0x00000000fed20000-0x00000000fed7ffff] reser=
ved
[    0.000000] BIOS-e820: [mem 0x00000000fee00000-0x00000000fee00fff] reser=
ved
[    0.000000] BIOS-e820: [mem 0x00000000ff000000-0x00000000ffffffff] reser=
ved
[    0.000000] BIOS-e820: [mem 0x0000000100000000-0x000000087fffffff] usabl=
e
[    0.000000] NX (Execute Disable) protection: active
[    0.000000] APIC: Static calls initialized
[    0.000000] e820: update [mem 0x4fe69018-0x4fe78c57] usable =3D=3D> usab=
le
[    0.000000] extended physical RAM map:
[    0.000000] reserve setup_data: [mem 0x0000000000000000-0x000000000009ef=
ff] usable
[    0.000000] reserve setup_data: [mem 0x000000000009f000-0x00000000000fff=
ff] reserved
[    0.000000] reserve setup_data: [mem 0x0000000000100000-0x000000004fe690=
17] usable
[    0.000000] reserve setup_data: [mem 0x000000004fe69018-0x000000004fe78c=
57] usable
[    0.000000] reserve setup_data: [mem 0x000000004fe78c58-0x0000000057818f=
ff] usable
[    0.000000] reserve setup_data: [mem 0x0000000057819000-0x000000005ad4df=
ff] reserved
[    0.000000] reserve setup_data: [mem 0x000000005ad4e000-0x000000005ae6df=
ff] ACPI data
[    0.000000] reserve setup_data: [mem 0x000000005ae6e000-0x000000005aff0f=
ff] ACPI NVS
[    0.000000] reserve setup_data: [mem 0x000000005aff1000-0x0000000065ffef=
ff] reserved
[    0.000000] reserve setup_data: [mem 0x0000000065fff000-0x0000000065ffff=
ff] usable
[    0.000000] reserve setup_data: [mem 0x0000000066000000-0x00000000787fff=
ff] reserved
[    0.000000] reserve setup_data: [mem 0x00000000c0000000-0x00000000cfffff=
ff] reserved
[    0.000000] reserve setup_data: [mem 0x00000000fe000000-0x00000000fe010f=
ff] reserved
[    0.000000] reserve setup_data: [mem 0x00000000fec00000-0x00000000fec00f=
ff] reserved
[    0.000000] reserve setup_data: [mem 0x00000000fed00000-0x00000000fed00f=
ff] reserved
[    0.000000] reserve setup_data: [mem 0x00000000fed20000-0x00000000fed7ff=
ff] reserved
[    0.000000] reserve setup_data: [mem 0x00000000fee00000-0x00000000fee00f=
ff] reserved
[    0.000000] reserve setup_data: [mem 0x00000000ff000000-0x00000000ffffff=
ff] reserved
[    0.000000] reserve setup_data: [mem 0x0000000100000000-0x000000087fffff=
ff] usable
[    0.000000] efi: EFI v2.9 by American Megatrends
[    0.000000] efi: ACPI=3D0x5ae6d000 ACPI 2.0=3D0x5ae6d014 TPMFinalLog=3D0=
x5af09000 SMBIOS=3D0x64a28000 SMBIOS 3.0=3D0x64a27000 MEMATTR=3D0x544a7818 =
ESRT=3D0x55b40d18 MOKvar=3D0x65a8a000 INITRD=3D0x540b6598 RNG=3D0x5ad87018 =
TPMEventLog=3D0x5ad77018=20
[    0.000000] random: crng init done
[    0.000000] efi: Remove mem89: MMIO range=3D[0xc0000000-0xcfffffff] (256=
MB) from e820 map
[    0.000000] e820: remove [mem 0xc0000000-0xcfffffff] reserved
[    0.000000] efi: Not removing mem90: MMIO range=3D[0xfe000000-0xfe010fff=
] (68KB) from e820 map
[    0.000000] efi: Not removing mem91: MMIO range=3D[0xfec00000-0xfec00fff=
] (4KB) from e820 map
[    0.000000] efi: Not removing mem92: MMIO range=3D[0xfed00000-0xfed00fff=
] (4KB) from e820 map
[    0.000000] efi: Not removing mem94: MMIO range=3D[0xfee00000-0xfee00fff=
] (4KB) from e820 map
[    0.000000] efi: Remove mem95: MMIO range=3D[0xff000000-0xffffffff] (16M=
B) from e820 map
[    0.000000] e820: remove [mem 0xff000000-0xffffffff] reserved
[    0.000000] secureboot: Secure boot disabled
[    0.000000] SMBIOS 3.6.0 present.
[    0.000000] DMI: HP HP Spectre x360 2-in-1 Laptop 16t-aa000/8C17, BIOS F=
.11 08/14/2024
[    0.000000] DMI: Memory slots populated: 2/2
[    0.000000] tsc: Detected 3000.000 MHz processor
[    0.000000] tsc: Detected 2995.200 MHz TSC
[    0.000008] e820: update [mem 0x00000000-0x00000fff] usable =3D=3D> rese=
rved
[    0.000009] e820: remove [mem 0x000a0000-0x000fffff] usable
[    0.000014] last_pfn =3D 0x880000 max_arch_pfn =3D 0x400000000
[    0.000018] MTRR map: 8 entries (3 fixed + 5 variable; max 23), built fr=
om 10 variable MTRRs
[    0.000019] x86/PAT: Configuration [0-7]: WB  WC  UC- UC  WB  WP  UC- WT=
 =20
[    0.000463] x2apic: enabled by BIOS, switching to x2apic ops
[    0.000464] last_pfn =3D 0x66000 max_arch_pfn =3D 0x400000000
[    0.004832] esrt: Reserving ESRT space from 0x0000000055b40d18 to 0x0000=
000055b40d50.
[    0.004837] e820: update [mem 0x55b40000-0x55b40fff] usable =3D=3D> rese=
rved
[    0.004849] Using GB pages for direct mapping
[    0.005036] RAMDISK: [mem 0x3c687000-0x41486fff]
[    0.005040] ACPI: Early table checksum verification disabled
[    0.005043] ACPI: RSDP 0x000000005AE6D014 000024 (v02 HPQOEM)
[    0.005046] ACPI: XSDT 0x000000005AE6C728 000194 (v01 HPQOEM SLIC-MPC 01=
072009 AMI  01000013)
[    0.005050] ACPI: FACP 0x000000005AE53000 000114 (v06 HPQOEM SLIC-MPC 01=
072009 HP   01000013)
[    0.005055] ACPI: DSDT 0x000000005ADDB000 077690 (v02 HPQOEM 8C17     01=
072009 ACPI 20210930)
[    0.005057] ACPI: FACS 0x000000005AFEA000 000040
[    0.005058] ACPI: SSDT 0x000000005AE6B000 000689 (v02 HPQOEM 8C17     00=
003000 ACPI 20210930)
[    0.005060] ACPI: SSDT 0x000000005AE6A000 0005E4 (v02 HPQOEM 8C17     00=
003000 ACPI 20210930)
[    0.005061] ACPI: SSDT 0x000000005AE69000 0001AB (v02 HPQOEM 8C17     00=
003000 ACPI 20210930)
[    0.005063] ACPI: SSDT 0x000000005AE68000 000394 (v02 HPQOEM 8C17     00=
003001 ACPI 20210930)
[    0.005064] ACPI: SSDT 0x000000005AE66000 001BAF (v02 HPQOEM 8C17     00=
003000 ACPI 20210930)
[    0.005065] ACPI: SSDT 0x000000005AE64000 001620 (v02 HPQOEM 8C17     00=
003000 ACPI 20210930)
[    0.005067] ACPI: SSDT 0x000000005AE62000 001349 (v02 HPQOEM 8C17     00=
003000 ACPI 20210930)
[    0.005068] ACPI: SSDT 0x000000005AE61000 000FBB (v02 HPQOEM 8C17     00=
003000 ACPI 20210930)
[    0.005070] ACPI: SSDT 0x000000005AE5D000 003BC8 (v02 HPQOEM 8C17     00=
003000 ACPI 20210930)
[    0.005072] ACPI: DTPR 0x000000005AE5C000 000098 (v01 HPQOEM 8C17     00=
000000 HP   00000000)
[    0.005073] ACPI: SSDT 0x000000005AE56000 0058E1 (v02 HPQOEM 8C17     00=
001000 ACPI 20210930)
[    0.005075] ACPI: SSDT 0x000000005AE54000 00165F (v02 HPQOEM 8C17     00=
001000 ACPI 20210930)
[    0.005076] ACPI: FIDT 0x000000005ADDA000 00009C (v01 HPQOEM 8C17     01=
072009 HP   00010013)
[    0.005077] ACPI: MSDM 0x000000005ADD9000 000055 (v03 HPQOEM SLIC-MPC 00=
000001 HP   00010013)
[    0.005079] ACPI: SSDT 0x000000005ADD8000 00038C (v02 HPQOEM 8C17     00=
000001 ACPI 20210930)
[    0.005080] ACPI: SSDT 0x000000005ADD5000 002494 (v02 HPQOEM 8C17     00=
003000 ACPI 20210930)
[    0.005082] ACPI: SSDT 0x000000005ADCA000 0000F9 (v02 HPQOEM 8C17     00=
001000 ACPI 20210930)
[    0.005083] ACPI: HPET 0x000000005ADC9000 000038 (v01 HPQOEM 8C17     01=
072009 HP   01000013)
[    0.005085] ACPI: APIC 0x000000005ADC8000 000358 (v05 HPQOEM 8C17     01=
072009 HP   01000013)
[    0.005086] ACPI: MCFG 0x000000005ADC7000 00003C (v01 HPQOEM 8C17     01=
072009 HP   01000013)
[    0.005088] ACPI: SSDT 0x000000005ADC5000 00147F (v02 HPQOEM 8C17     00=
001000 ACPI 20210930)
[    0.005089] ACPI: SSDT 0x000000005ADC3000 00140F (v02 HPQOEM 8C17     00=
001000 ACPI 20210930)
[    0.005090] ACPI: SSDT 0x000000005ADB2000 01023F (v02 HPQOEM 8C17     00=
001000 ACPI 20210930)
[    0.005092] ACPI: UEFI 0x000000005AEF0000 000048 (v01 HPQOEM 8C17     01=
072009 HP   01000013)
[    0.005093] ACPI: NHLT 0x000000005ADB1000 000960 (v00 HPQOEM 8C17     01=
072009 HP   01000013)
[    0.005095] ACPI: LPIT 0x000000005ADB0000 0000CC (v01 HPQOEM 8C17     01=
072009 HP   01000013)
[    0.005096] ACPI: SSDT 0x000000005ADAE000 000CA6 (v02 HPQOEM 8C17     00=
001000 ACPI 20210930)
[    0.005098] ACPI: SSDT 0x000000005ADA8000 005E42 (v02 HPQOEM 8C17     00=
000000 ACPI 20210930)
[    0.005099] ACPI: DBGP 0x000000005ADA7000 000034 (v01 HPQOEM 8C17     01=
072009 HP   01000013)
[    0.005101] ACPI: DBG2 0x000000005ADA6000 000054 (v00 HPQOEM 8C17     01=
072009 HP   01000013)
[    0.005102] ACPI: SSDT 0x000000005ADA4000 00113F (v02 HPQOEM 8C17     00=
001000 ACPI 20210930)
[    0.005103] ACPI: DMAR 0x000000005ADA3000 0000A8 (v01 HPQOEM 8C17     01=
072009 HP   01000013)
[    0.005105] ACPI: FPDT 0x000000005ADA2000 000044 (v01 HPQOEM 8C17     01=
072009 HP   01000013)
[    0.005106] ACPI: SSDT 0x000000005ADA0000 001021 (v02 HPQOEM 8C17     00=
000000 ACPI 20210930)
[    0.005108] ACPI: SSDT 0x000000005AD9D000 00281A (v02 HPQOEM 8C17     00=
003000 ACPI 20210930)
[    0.005109] ACPI: SSDT 0x000000005AD9A000 0028D3 (v02 HPQOEM 8C17     00=
003000 ACPI 20210930)
[    0.005111] ACPI: SSDT 0x000000005AD99000 000060 (v01 HPQOEM 8C17     00=
000001 ACPI 20210930)
[    0.005112] ACPI: SSDT 0x000000005AD90000 0085C5 (v02 HPQOEM 8C17     00=
001000 ACPI 20210930)
[    0.005113] ACPI: OEM1 0x000000005AD8F000 0002B0 (v01 HPQOEM HPOEM1DC 00=
000000 HP   00000000)
[    0.005115] ACPI: SSDT 0x000000005AD8B000 003210 (v02 HPQOEM 8C17     00=
001000 ACPI 20210930)
[    0.005116] ACPI: PHAT 0x000000005AD8A000 000734 (v01 HPQOEM 8C17     00=
000005 HP   0100000D)
[    0.005118] ACPI: SSDT 0x000000005ADCB000 009BC2 (v02 HPQOEM 8C17     00=
001000 ACPI 20210930)
[    0.005119] ACPI: TPM2 0x000000005AD89000 00004C (v04 HPQOEM 8C17     00=
000001 HP   00000000)
[    0.005121] ACPI: WSMT 0x000000005ADAF000 000028 (v01 HPQOEM 8C17     01=
072009 HP   00010013)
[    0.005122] ACPI: BGRT 0x000000005AD88000 000038 (v01 HPQOEM 8C17     01=
072009 HP   00010013)
[    0.005123] ACPI: Reserving FACP table memory at [mem 0x5ae53000-0x5ae53=
113]
[    0.005124] ACPI: Reserving DSDT table memory at [mem 0x5addb000-0x5ae52=
68f]
[    0.005124] ACPI: Reserving FACS table memory at [mem 0x5afea000-0x5afea=
03f]
[    0.005125] ACPI: Reserving SSDT table memory at [mem 0x5ae6b000-0x5ae6b=
688]
[    0.005125] ACPI: Reserving SSDT table memory at [mem 0x5ae6a000-0x5ae6a=
5e3]
[    0.005126] ACPI: Reserving SSDT table memory at [mem 0x5ae69000-0x5ae69=
1aa]
[    0.005126] ACPI: Reserving SSDT table memory at [mem 0x5ae68000-0x5ae68=
393]
[    0.005126] ACPI: Reserving SSDT table memory at [mem 0x5ae66000-0x5ae67=
bae]
[    0.005127] ACPI: Reserving SSDT table memory at [mem 0x5ae64000-0x5ae65=
61f]
[    0.005127] ACPI: Reserving SSDT table memory at [mem 0x5ae62000-0x5ae63=
348]
[    0.005128] ACPI: Reserving SSDT table memory at [mem 0x5ae61000-0x5ae61=
fba]
[    0.005128] ACPI: Reserving SSDT table memory at [mem 0x5ae5d000-0x5ae60=
bc7]
[    0.005128] ACPI: Reserving DTPR table memory at [mem 0x5ae5c000-0x5ae5c=
097]
[    0.005129] ACPI: Reserving SSDT table memory at [mem 0x5ae56000-0x5ae5b=
8e0]
[    0.005129] ACPI: Reserving SSDT table memory at [mem 0x5ae54000-0x5ae55=
65e]
[    0.005129] ACPI: Reserving FIDT table memory at [mem 0x5adda000-0x5adda=
09b]
[    0.005130] ACPI: Reserving MSDM table memory at [mem 0x5add9000-0x5add9=
054]
[    0.005130] ACPI: Reserving SSDT table memory at [mem 0x5add8000-0x5add8=
38b]
[    0.005131] ACPI: Reserving SSDT table memory at [mem 0x5add5000-0x5add7=
493]
[    0.005131] ACPI: Reserving SSDT table memory at [mem 0x5adca000-0x5adca=
0f8]
[    0.005131] ACPI: Reserving HPET table memory at [mem 0x5adc9000-0x5adc9=
037]
[    0.005132] ACPI: Reserving APIC table memory at [mem 0x5adc8000-0x5adc8=
357]
[    0.005132] ACPI: Reserving MCFG table memory at [mem 0x5adc7000-0x5adc7=
03b]
[    0.005132] ACPI: Reserving SSDT table memory at [mem 0x5adc5000-0x5adc6=
47e]
[    0.005133] ACPI: Reserving SSDT table memory at [mem 0x5adc3000-0x5adc4=
40e]
[    0.005133] ACPI: Reserving SSDT table memory at [mem 0x5adb2000-0x5adc2=
23e]
[    0.005134] ACPI: Reserving UEFI table memory at [mem 0x5aef0000-0x5aef0=
047]
[    0.005134] ACPI: Reserving NHLT table memory at [mem 0x5adb1000-0x5adb1=
95f]
[    0.005134] ACPI: Reserving LPIT table memory at [mem 0x5adb0000-0x5adb0=
0cb]
[    0.005135] ACPI: Reserving SSDT table memory at [mem 0x5adae000-0x5adae=
ca5]
[    0.005135] ACPI: Reserving SSDT table memory at [mem 0x5ada8000-0x5adad=
e41]
[    0.005136] ACPI: Reserving DBGP table memory at [mem 0x5ada7000-0x5ada7=
033]
[    0.005136] ACPI: Reserving DBG2 table memory at [mem 0x5ada6000-0x5ada6=
053]
[    0.005136] ACPI: Reserving SSDT table memory at [mem 0x5ada4000-0x5ada5=
13e]
[    0.005137] ACPI: Reserving DMAR table memory at [mem 0x5ada3000-0x5ada3=
0a7]
[    0.005137] ACPI: Reserving FPDT table memory at [mem 0x5ada2000-0x5ada2=
043]
[    0.005138] ACPI: Reserving SSDT table memory at [mem 0x5ada0000-0x5ada1=
020]
[    0.005138] ACPI: Reserving SSDT table memory at [mem 0x5ad9d000-0x5ad9f=
819]
[    0.005138] ACPI: Reserving SSDT table memory at [mem 0x5ad9a000-0x5ad9c=
8d2]
[    0.005139] ACPI: Reserving SSDT table memory at [mem 0x5ad99000-0x5ad99=
05f]
[    0.005139] ACPI: Reserving SSDT table memory at [mem 0x5ad90000-0x5ad98=
5c4]
[    0.005139] ACPI: Reserving OEM1 table memory at [mem 0x5ad8f000-0x5ad8f=
2af]
[    0.005140] ACPI: Reserving SSDT table memory at [mem 0x5ad8b000-0x5ad8e=
20f]
[    0.005140] ACPI: Reserving PHAT table memory at [mem 0x5ad8a000-0x5ad8a=
733]
[    0.005141] ACPI: Reserving SSDT table memory at [mem 0x5adcb000-0x5add4=
bc1]
[    0.005141] ACPI: Reserving TPM2 table memory at [mem 0x5ad89000-0x5ad89=
04b]
[    0.005142] ACPI: Reserving WSMT table memory at [mem 0x5adaf000-0x5adaf=
027]
[    0.005142] ACPI: Reserving BGRT table memory at [mem 0x5ad88000-0x5ad88=
037]
[    0.005176] APIC: Switched APIC routing to: cluster x2apic
[    0.005376] No NUMA configuration found
[    0.005377] Faking a node at [mem 0x0000000000000000-0x000000087fffffff]
[    0.005381] NODE_DATA(0) allocated [mem 0x87ffd5680-0x87fffffff]
[    0.005545] Zone ranges:
[    0.005545]   DMA      [mem 0x0000000000001000-0x0000000000ffffff]
[    0.005546]   DMA32    [mem 0x0000000001000000-0x00000000ffffffff]
[    0.005547]   Normal   [mem 0x0000000100000000-0x000000087fffffff]
[    0.005548]   Device   empty
[    0.005548] Movable zone start for each node
[    0.005549] Early memory node ranges
[    0.005550]   node   0: [mem 0x0000000000001000-0x000000000009efff]
[    0.005550]   node   0: [mem 0x0000000000100000-0x0000000057818fff]
[    0.005551]   node   0: [mem 0x0000000065fff000-0x0000000065ffffff]
[    0.005551]   node   0: [mem 0x0000000100000000-0x000000087fffffff]
[    0.005554] Initmem setup node 0 [mem 0x0000000000001000-0x000000087ffff=
fff]
[    0.005558] On node 0, zone DMA: 1 pages in unavailable ranges
[    0.005577] On node 0, zone DMA: 97 pages in unavailable ranges
[    0.007312] On node 0, zone DMA32: 26598 pages in unavailable ranges
[    0.007537] On node 0, zone Normal: 8192 pages in unavailable ranges
[    0.007926] ACPI: PM-Timer IO Port: 0x1808
[    0.007933] ACPI: X2APIC_NMI (uid[0xffffffff] high level lint[0x1])
[    0.007966] IOAPIC[0]: apic_id 2, version 32, address 0xfec00000, GSI 0-=
119
[    0.007968] ACPI: INT_SRC_OVR (bus 0 bus_irq 0 global_irq 2 dfl dfl)
[    0.007969] ACPI: INT_SRC_OVR (bus 0 bus_irq 9 global_irq 9 high level)
[    0.007971] ACPI: Using ACPI (MADT) for SMP configuration information
[    0.007972] ACPI: HPET id: 0x8086a201 base: 0xfed00000
[    0.007978] e820: update [mem 0x5453a000-0x54563fff] usable =3D=3D> rese=
rved
[    0.007985] TSC deadline timer available
[    0.007987] CPU topo: Max. logical packages:   1
[    0.007988] CPU topo: Max. logical dies:       1
[    0.007988] CPU topo: Max. dies per package:   1
[    0.007989] CPU topo: Max. threads per core:   2
[    0.007990] CPU topo: Num. cores per package:    16
[    0.007990] CPU topo: Num. threads per package:  22
[    0.007991] CPU topo: Allowing 22 present CPUs plus 0 hotplug CPUs
[    0.008000] PM: hibernation: Registered nosave memory: [mem 0x00000000-0=
x00000fff]
[    0.008001] PM: hibernation: Registered nosave memory: [mem 0x0009f000-0=
x000fffff]
[    0.008002] PM: hibernation: Registered nosave memory: [mem 0x4fe69000-0=
x4fe69fff]
[    0.008003] PM: hibernation: Registered nosave memory: [mem 0x4fe78000-0=
x4fe78fff]
[    0.008004] PM: hibernation: Registered nosave memory: [mem 0x5453a000-0=
x54563fff]
[    0.008005] PM: hibernation: Registered nosave memory: [mem 0x55b40000-0=
x55b40fff]
[    0.008005] PM: hibernation: Registered nosave memory: [mem 0x57819000-0=
x5ad4dfff]
[    0.008006] PM: hibernation: Registered nosave memory: [mem 0x5ad4e000-0=
x5ae6dfff]
[    0.008006] PM: hibernation: Registered nosave memory: [mem 0x5ae6e000-0=
x5aff0fff]
[    0.008006] PM: hibernation: Registered nosave memory: [mem 0x5aff1000-0=
x65ffefff]
[    0.008007] PM: hibernation: Registered nosave memory: [mem 0x66000000-0=
x787fffff]
[    0.008007] PM: hibernation: Registered nosave memory: [mem 0x78800000-0=
xfdffffff]
[    0.008008] PM: hibernation: Registered nosave memory: [mem 0xfe000000-0=
xfe010fff]
[    0.008008] PM: hibernation: Registered nosave memory: [mem 0xfe011000-0=
xfebfffff]
[    0.008008] PM: hibernation: Registered nosave memory: [mem 0xfec00000-0=
xfec00fff]
[    0.008008] PM: hibernation: Registered nosave memory: [mem 0xfec01000-0=
xfecfffff]
[    0.008009] PM: hibernation: Registered nosave memory: [mem 0xfed00000-0=
xfed00fff]
[    0.008009] PM: hibernation: Registered nosave memory: [mem 0xfed01000-0=
xfed1ffff]
[    0.008009] PM: hibernation: Registered nosave memory: [mem 0xfed20000-0=
xfed7ffff]
[    0.008010] PM: hibernation: Registered nosave memory: [mem 0xfed80000-0=
xfedfffff]
[    0.008010] PM: hibernation: Registered nosave memory: [mem 0xfee00000-0=
xfee00fff]
[    0.008010] PM: hibernation: Registered nosave memory: [mem 0xfee01000-0=
xffffffff]
[    0.008011] [mem 0x78800000-0xfdffffff] available for PCI devices
[    0.008012] Booting paravirtualized kernel on bare hardware
[    0.008014] clocksource: refined-jiffies: mask: 0xffffffff max_cycles: 0=
xffffffff, max_idle_ns: 7645519600211568 ns
[    0.011256] setup_percpu: NR_CPUS:8192 nr_cpumask_bits:22 nr_cpu_ids:22 =
nr_node_ids:1
[    0.012531] percpu: Embedded 66 pages/cpu s233472 r8192 d28672 u524288
[    0.012537] pcpu-alloc: s233472 r8192 d28672 u524288 alloc=3D1*2097152
[    0.012540] pcpu-alloc: [0] 00 01 02 03 [0] 04 05 06 07=20
[    0.012542] pcpu-alloc: [0] 08 09 10 11 [0] 12 13 14 15=20
[    0.012544] pcpu-alloc: [0] 16 17 18 19 [0] 20 21 -- --=20
[    0.012556] Kernel command line: BOOT_IMAGE=3D/boot/vmlinuz-6.12.5-ipu6 =
root=3DUUID=3D7881f7bb-dbe6-4323-887f-dd718adb7a8b ro quiet splash
[    0.012592] Unknown kernel command line parameters "splash BOOT_IMAGE=3D=
/boot/vmlinuz-6.12.5-ipu6", will be passed to user space.
[    0.012600] printk: log_buf_len individual max cpu contribution: 4096 by=
tes
[    0.012601] printk: log_buf_len total cpu_extra contributions: 86016 byt=
es
[    0.012601] printk: log_buf_len min size: 131072 bytes
[    0.012740] printk: log_buf_len: 262144 bytes
[    0.012741] printk: early log buf free: 112576(85%)
[    0.015386] Dentry cache hash table entries: 4194304 (order: 13, 3355443=
2 bytes, linear)
[    0.016704] Inode-cache hash table entries: 2097152 (order: 12, 16777216=
 bytes, linear)
[    0.016863] Fallback order for Node 0: 0=20
[    0.016866] Built 1 zonelists, mobility grouping on.  Total pages: 82226=
48
[    0.016867] Policy zone: Normal
[    0.016872] mem auto-init: stack:all(zero), heap alloc:on, heap free:off
[    0.016883] software IO TLB: area num 32.
[    0.032394] SLUB: HWalign=3D64, Order=3D0-3, MinObjects=3D0, CPUs=3D22, =
Nodes=3D1
[    0.032454] ftrace: allocating 45562 entries in 178 pages
[    0.038379] ftrace: allocated 178 pages with 4 groups
[    0.038961] Dynamic Preempt: voluntary
[    0.039029] rcu: Preemptible hierarchical RCU implementation.
[    0.039030] rcu: =09RCU restricting CPUs from NR_CPUS=3D8192 to nr_cpu_i=
ds=3D22.
[    0.039031] =09Trampoline variant of Tasks RCU enabled.
[    0.039031] =09Rude variant of Tasks RCU enabled.
[    0.039031] =09Tracing variant of Tasks RCU enabled.
[    0.039032] rcu: RCU calculated value of scheduler-enlistment delay is 2=
5 jiffies.
[    0.039032] rcu: Adjusting geometry for rcu_fanout_leaf=3D16, nr_cpu_ids=
=3D22
[    0.039043] RCU Tasks: Setting shift to 5 and lim to 1 rcu_task_cb_adjus=
t=3D1 rcu_task_cpu_ids=3D22.
[    0.039045] RCU Tasks Rude: Setting shift to 5 and lim to 1 rcu_task_cb_=
adjust=3D1 rcu_task_cpu_ids=3D22.
[    0.039047] RCU Tasks Trace: Setting shift to 5 and lim to 1 rcu_task_cb=
_adjust=3D1 rcu_task_cpu_ids=3D22.
[    0.041314] NR_IRQS: 524544, nr_irqs: 2232, preallocated irqs: 16
[    0.041615] rcu: srcu_init: Setting srcu_struct sizes based on contentio=
n.
[    0.041797] Console: colour dummy device 80x25
[    0.041799] printk: legacy console [tty0] enabled
[    0.041833] ACPI: Core revision 20240827
[    0.042155] hpet: HPET dysfunctional in PC10. Force disabled.
[    0.042248] APIC: Switch to symmetric I/O mode setup
[    0.042250] DMAR: Host address width 42
[    0.042250] DMAR: DRHD base: 0x000000fc800000 flags: 0x0
[    0.042257] DMAR: dmar0: reg_base_addr fc800000 ver 7:0 cap c9de008cee69=
0462 ecap 12ca9a00f0ef5e
[    0.042259] DMAR: DRHD base: 0x000000fc801000 flags: 0x1
[    0.042262] DMAR: dmar1: reg_base_addr fc801000 ver 7:0 cap c9de008cee69=
0462 ecap 12ca9a00f0efde
[    0.042264] DMAR: SATC flags: 0x1
[    0.042266] DMAR-IR: IOAPIC id 2 under DRHD base  0xfc801000 IOMMU 1
[    0.042267] DMAR-IR: HPET id 0 under DRHD base 0xfc801000
[    0.042267] DMAR-IR: Queued invalidation will be enabled to support x2ap=
ic and Intr-remapping.
[    0.043884] DMAR-IR: Enabled IRQ remapping in x2apic mode
[    0.047846] clocksource: tsc-early: mask: 0xffffffffffffffff max_cycles:=
 0x2b2c8ec87c7, max_idle_ns: 440795278598 ns
[    0.047853] Calibrating delay loop (skipped), value calculated using tim=
er frequency.. 5990.40 BogoMIPS (lpj=3D11980800)
[    0.047908] CPU0: Thermal monitoring enabled (TM1)
[    0.047909] x86/cpu: User Mode Instruction Prevention (UMIP) activated
[    0.048080] CET detected: Indirect Branch Tracking enabled
[    0.048082] Last level iTLB entries: 4KB 0, 2MB 0, 4MB 0
[    0.048082] Last level dTLB entries: 4KB 0, 2MB 0, 4MB 0, 1GB 0
[    0.048085] process: using mwait in idle threads
[    0.048086] Spectre V1 : Mitigation: usercopy/swapgs barriers and __user=
 pointer sanitization
[    0.048088] Spectre V2 : Mitigation: Enhanced / Automatic IBRS
[    0.048089] Spectre V2 : Spectre v2 / SpectreRSB mitigation: Filling RSB=
 on context switch
[    0.048090] Spectre V2 : mitigation: Enabling conditional Indirect Branc=
h Prediction Barrier
[    0.048091] Speculative Store Bypass: Mitigation: Speculative Store Bypa=
ss disabled via prctl
[    0.048099] x86/fpu: Supporting XSAVE feature 0x001: 'x87 floating point=
 registers'
[    0.048100] x86/fpu: Supporting XSAVE feature 0x002: 'SSE registers'
[    0.048101] x86/fpu: Supporting XSAVE feature 0x004: 'AVX registers'
[    0.048101] x86/fpu: Supporting XSAVE feature 0x200: 'Protection Keys Us=
er registers'
[    0.048102] x86/fpu: Supporting XSAVE feature 0x800: 'Control-flow User =
registers'
[    0.048102] x86/fpu: xstate_offset[2]:  576, xstate_sizes[2]:  256
[    0.048103] x86/fpu: xstate_offset[9]:  832, xstate_sizes[9]:    8
[    0.048104] x86/fpu: xstate_offset[11]:  840, xstate_sizes[11]:   16
[    0.048104] x86/fpu: Enabled xstate features 0xa07, context size is 856 =
bytes, using 'compacted' format.
[    0.051851] Freeing SMP alternatives memory: 40K
[    0.051851] pid_max: default: 32768 minimum: 301
[    0.051851] LSM: initializing lsm=3Dlockdown,capability,landlock,yama,ap=
parmor,tomoyo,bpf,ima,evm
[    0.051851] landlock: Up and running.
[    0.051851] Yama: disabled by default; enable with sysctl kernel.yama.*
[    0.051851] AppArmor: AppArmor initialized
[    0.051851] TOMOYO Linux initialized
[    0.051851] LSM support for eBPF active
[    0.051851] Mount-cache hash table entries: 65536 (order: 7, 524288 byte=
s, linear)
[    0.051851] Mountpoint-cache hash table entries: 65536 (order: 7, 524288=
 bytes, linear)
[    0.051851] smpboot: CPU0: Intel(R) Core(TM) Ultra 7 155H (family: 0x6, =
model: 0xaa, stepping: 0x4)
[    0.051851] Performance Events: XSAVE Architectural LBR, PEBS fmt4+-base=
line,  AnyThread deprecated, Meteorlake Hybrid events, 32-deep LBR, full-wi=
dth counters, Intel PMU driver.
[    0.051851] core: cpu_core PMU driver:=20
[    0.051851] ... version:                5
[    0.051851] ... bit width:              48
[    0.051851] ... generic registers:      8
[    0.051851] ... value mask:             0000ffffffffffff
[    0.051851] ... max period:             00007fffffffffff
[    0.051851] ... fixed-purpose events:   4
[    0.051851] ... event mask:             0001000f000000ff
[    0.051851] signal: max sigframe size: 3632
[    0.051851] Estimated ratio of average max frequency by base frequency (=
times 1024): 1638
[    0.051851] rcu: Hierarchical SRCU implementation.
[    0.051851] rcu: =09Max phase no-delay instances is 1000.
[    0.051851] Timer migration: 2 hierarchy levels; 8 children per group; 2=
 crossnode level
[    0.051851] NMI watchdog: Enabled. Permanently consumes one hw-PMU count=
er.
[    0.051851] smp: Bringing up secondary CPUs ...
[    0.051851] smpboot: x86: Booting SMP configuration:
[    0.051851] .... node  #0, CPUs:        #1  #3  #6  #8 #10 #12 #13 #14 #=
15 #16 #17 #18 #19 #20 #21
[    0.010105] core: cpu_atom PMU driver: PEBS-via-PT=20
[    0.010105] ... version:                5
[    0.010105] ... bit width:              48
[    0.010105] ... generic registers:      8
[    0.010105] ... value mask:             0000ffffffffffff
[    0.010105] ... max period:             00007fffffffffff
[    0.010105] ... fixed-purpose events:   3
[    0.010105] ... event mask:             00000007000000ff
[    0.071869]   #2  #4  #5  #7  #9 #11
[    0.089368] smp: Brought up 1 node, 22 CPUs
[    0.089368] smpboot: Total of 22 processors activated (131788.80 BogoMIP=
S)
[    0.104610] node 0 deferred pages initialised in 16ms
[    0.108465] Memory: 32108588K/32890592K available (16384K kernel code, 2=
485K rwdata, 6840K rodata, 4128K init, 4988K bss, 760692K reserved, 0K cma-=
reserved)
[    0.108658] devtmpfs: initialized
[    0.108658] x86/mm: Memory block size: 128MB
[    0.109188] ACPI: PM: Registering ACPI NVS region [mem 0x5ae6e000-0x5aff=
0fff] (1585152 bytes)
[    0.109188] clocksource: jiffies: mask: 0xffffffff max_cycles: 0xfffffff=
f, max_idle_ns: 7645041785100000 ns
[    0.109188] futex hash table entries: 8192 (order: 7, 524288 bytes, line=
ar)
[    0.109188] pinctrl core: initialized pinctrl subsystem
[    0.109188] NET: Registered PF_NETLINK/PF_ROUTE protocol family
[    0.112023] DMA: preallocated 4096 KiB GFP_KERNEL pool for atomic alloca=
tions
[    0.112388] DMA: preallocated 4096 KiB GFP_KERNEL|GFP_DMA pool for atomi=
c allocations
[    0.112753] DMA: preallocated 4096 KiB GFP_KERNEL|GFP_DMA32 pool for ato=
mic allocations
[    0.112760] audit: initializing netlink subsys (disabled)
[    0.112769] audit: type=3D2000 audit(1734614242.064:1): state=3Dinitiali=
zed audit_enabled=3D0 res=3D1
[    0.112769] thermal_sys: Registered thermal governor 'fair_share'
[    0.112769] thermal_sys: Registered thermal governor 'bang_bang'
[    0.112769] thermal_sys: Registered thermal governor 'step_wise'
[    0.112769] thermal_sys: Registered thermal governor 'user_space'
[    0.112769] thermal_sys: Registered thermal governor 'power_allocator'
[    0.112769] cpuidle: using governor ladder
[    0.112769] cpuidle: using governor menu
[    0.112769] acpiphp: ACPI Hot Plug PCI Controller Driver version: 0.5
[    0.112769] PCI: ECAM [mem 0xc0000000-0xcfffffff] (base 0xc0000000) for =
domain 0000 [bus 00-ff]
[    0.112769] PCI: Using configuration type 1 for base access
[    0.112769] kprobes: kprobe jump-optimization is enabled. All kprobes ar=
e optimized if possible.
[    0.112769] HugeTLB: registered 1.00 GiB page size, pre-allocated 0 page=
s
[    0.112769] HugeTLB: 16380 KiB vmemmap can be freed for a 1.00 GiB page
[    0.112769] HugeTLB: registered 2.00 MiB page size, pre-allocated 0 page=
s
[    0.112769] HugeTLB: 28 KiB vmemmap can be freed for a 2.00 MiB page
[    0.112769] ACPI: Added _OSI(Module Device)
[    0.112769] ACPI: Added _OSI(Processor Device)
[    0.112769] ACPI: Added _OSI(3.0 _SCP Extensions)
[    0.112769] ACPI: Added _OSI(Processor Aggregator Device)
[    0.175805] ACPI BIOS Error (bug): Failure creating named object [\_SB.P=
C00.I2C3.PACT], AE_ALREADY_EXISTS (20240827/dswload2-326)
[    0.175813] ACPI Error: AE_ALREADY_EXISTS, During name lookup/catalog (2=
0240827/psobject-220)
[    0.175815] ACPI BIOS Error (bug): Failure creating named object [\_SB.P=
C00.I2C3.PABN], AE_ALREADY_EXISTS (20240827/dswload2-326)
[    0.175817] ACPI Error: AE_ALREADY_EXISTS, During name lookup/catalog (2=
0240827/psobject-220)
[    0.175819] ACPI BIOS Error (bug): Failure creating named object [\_SB.P=
C00.I2C3.PAS1], AE_ALREADY_EXISTS (20240827/dswload2-326)
[    0.175821] ACPI Error: AE_ALREADY_EXISTS, During name lookup/catalog (2=
0240827/psobject-220)
[    0.175824] ACPI BIOS Error (bug): Failure creating named object [\_SB.P=
C00.I2C3.PMP0], AE_ALREADY_EXISTS (20240827/dswload2-326)
[    0.175826] ACPI Error: AE_ALREADY_EXISTS, During name lookup/catalog (2=
0240827/psobject-220)
[    0.175835] ACPI BIOS Error (bug): Failure creating named object [\_SB.P=
C00.I2C3.PMP1], AE_ALREADY_EXISTS (20240827/dswload2-326)
[    0.175838] ACPI Error: AE_ALREADY_EXISTS, During name lookup/catalog (2=
0240827/psobject-220)
[    0.175847] ACPI BIOS Error (bug): Failure creating named object [\_SB.P=
C00.I2C3.PA01], AE_ALREADY_EXISTS (20240827/dswload2-326)
[    0.175850] ACPI Error: AE_ALREADY_EXISTS, During name lookup/catalog (2=
0240827/psobject-220)
[    0.175852] ACPI: Skipping parse of AML opcode: OpcodeName unavailable (=
0x5B82)
[    0.175854] ACPI BIOS Error (bug): Failure creating named object [\_SB.P=
C00.I2C3.PA02], AE_ALREADY_EXISTS (20240827/dswload2-326)
[    0.175856] ACPI Error: AE_ALREADY_EXISTS, During name lookup/catalog (2=
0240827/psobject-220)
[    0.175858] ACPI: Skipping parse of AML opcode: OpcodeName unavailable (=
0x5B82)
[    0.175859] ACPI BIOS Error (bug): Failure creating named object [\_SB.P=
C00.I2C3.PA03], AE_ALREADY_EXISTS (20240827/dswload2-326)
[    0.175861] ACPI Error: AE_ALREADY_EXISTS, During name lookup/catalog (2=
0240827/psobject-220)
[    0.175862] ACPI: Skipping parse of AML opcode: OpcodeName unavailable (=
0x5B82)
[    0.175863] ACPI BIOS Error (bug): Failure creating named object [\_SB.P=
C00.I2C3.PA04], AE_ALREADY_EXISTS (20240827/dswload2-326)
[    0.175865] ACPI Error: AE_ALREADY_EXISTS, During name lookup/catalog (2=
0240827/psobject-220)
[    0.175867] ACPI: Skipping parse of AML opcode: OpcodeName unavailable (=
0x5B82)
[    0.175872] ACPI BIOS Error (bug): Failure creating named object [\_SB.P=
C00.I2C3.PA05], AE_ALREADY_EXISTS (20240827/dswload2-326)
[    0.175891] ACPI Error: AE_ALREADY_EXISTS, During name lookup/catalog (2=
0240827/psobject-220)
[    0.175903] ACPI: Skipping parse of AML opcode: OpcodeName unavailable (=
0x5B82)
[    0.175910] ACPI BIOS Error (bug): Failure creating named object [\_SB.P=
C00.I2C3.PA06], AE_ALREADY_EXISTS (20240827/dswload2-326)
[    0.175922] ACPI Error: AE_ALREADY_EXISTS, During name lookup/catalog (2=
0240827/psobject-220)
[    0.175931] ACPI: Skipping parse of AML opcode: OpcodeName unavailable (=
0x5B82)
[    0.175935] ACPI BIOS Error (bug): Failure creating named object [\_SB.P=
C00.I2C3.PA07], AE_ALREADY_EXISTS (20240827/dswload2-326)
[    0.175946] ACPI Error: AE_ALREADY_EXISTS, During name lookup/catalog (2=
0240827/psobject-220)
[    0.175954] ACPI: Skipping parse of AML opcode: OpcodeName unavailable (=
0x5B82)
[    0.175959] ACPI BIOS Error (bug): Failure creating named object [\_SB.P=
C00.I2C3.PA08], AE_ALREADY_EXISTS (20240827/dswload2-326)
[    0.175969] ACPI Error: AE_ALREADY_EXISTS, During name lookup/catalog (2=
0240827/psobject-220)
[    0.175977] ACPI: Skipping parse of AML opcode: OpcodeName unavailable (=
0x5B82)
[    0.177535] ACPI BIOS Error (bug): Could not resolve symbol [\_SB.PC00.I=
2C3.TPD0], AE_NOT_FOUND (20240827/dswload2-162)
[    0.177540] ACPI Error: AE_NOT_FOUND, During name lookup/catalog (202408=
27/psobject-220)
[    0.177544] ACPI: Skipping parse of AML opcode: OpcodeName unavailable (=
0x0010)
[    0.186991] ACPI BIOS Error (bug): Could not resolve symbol [\_SB.PC00.T=
XHC.RHUB.SS01], AE_NOT_FOUND (20240827/dswload2-162)
[    0.186997] ACPI Error: AE_NOT_FOUND, During name lookup/catalog (202408=
27/psobject-220)
[    0.187000] ACPI: Skipping parse of AML opcode: OpcodeName unavailable (=
0x0010)
[    0.187003] ACPI BIOS Error (bug): Could not resolve symbol [\_SB.PC00.T=
XHC.RHUB.SS02], AE_NOT_FOUND (20240827/dswload2-162)
[    0.187007] ACPI Error: AE_NOT_FOUND, During name lookup/catalog (202408=
27/psobject-220)
[    0.187010] ACPI: Skipping parse of AML opcode: OpcodeName unavailable (=
0x0010)
[    0.187012] ACPI BIOS Error (bug): Could not resolve symbol [\_SB.PC00.T=
XHC.RHUB.SS03], AE_NOT_FOUND (20240827/dswload2-162)
[    0.187016] ACPI Error: AE_NOT_FOUND, During name lookup/catalog (202408=
27/psobject-220)
[    0.187019] ACPI: Skipping parse of AML opcode: OpcodeName unavailable (=
0x0010)
[    0.187021] ACPI BIOS Error (bug): Could not resolve symbol [\_SB.PC00.T=
XHC.RHUB.SS04], AE_NOT_FOUND (20240827/dswload2-162)
[    0.187025] ACPI Error: AE_NOT_FOUND, During name lookup/catalog (202408=
27/psobject-220)
[    0.187028] ACPI: Skipping parse of AML opcode: OpcodeName unavailable (=
0x0010)
[    0.187055] ACPI BIOS Error (bug): Failure creating named object [\_SB.P=
C00.XHCI.RHUB.HS01._UPC], AE_ALREADY_EXISTS (20240827/dswload2-326)
[    0.187060] ACPI Error: AE_ALREADY_EXISTS, During name lookup/catalog (2=
0240827/psobject-220)
[    0.187063] ACPI: Skipping parse of AML opcode: OpcodeName unavailable (=
0x0014)
[    0.187065] ACPI BIOS Error (bug): Failure creating named object [\_SB.P=
C00.XHCI.RHUB.HS01._PLD], AE_ALREADY_EXISTS (20240827/dswload2-326)
[    0.187069] ACPI Error: AE_ALREADY_EXISTS, During name lookup/catalog (2=
0240827/psobject-220)
[    0.187072] ACPI: Skipping parse of AML opcode: OpcodeName unavailable (=
0x0014)
[    0.187077] ACPI BIOS Error (bug): Failure creating named object [\_SB.P=
C00.XHCI.RHUB.HS02._UPC], AE_ALREADY_EXISTS (20240827/dswload2-326)
[    0.187081] ACPI Error: AE_ALREADY_EXISTS, During name lookup/catalog (2=
0240827/psobject-220)
[    0.187084] ACPI: Skipping parse of AML opcode: OpcodeName unavailable (=
0x0014)
[    0.187085] ACPI BIOS Error (bug): Failure creating named object [\_SB.P=
C00.XHCI.RHUB.HS02._PLD], AE_ALREADY_EXISTS (20240827/dswload2-326)
[    0.187089] ACPI Error: AE_ALREADY_EXISTS, During name lookup/catalog (2=
0240827/psobject-220)
[    0.187092] ACPI: Skipping parse of AML opcode: OpcodeName unavailable (=
0x0014)
[    0.187097] ACPI BIOS Error (bug): Failure creating named object [\_SB.P=
C00.XHCI.RHUB.HS03._UPC], AE_ALREADY_EXISTS (20240827/dswload2-326)
[    0.187101] ACPI Error: AE_ALREADY_EXISTS, During name lookup/catalog (2=
0240827/psobject-220)
[    0.187104] ACPI: Skipping parse of AML opcode: OpcodeName unavailable (=
0x0014)
[    0.187105] ACPI BIOS Error (bug): Failure creating named object [\_SB.P=
C00.XHCI.RHUB.HS03._PLD], AE_ALREADY_EXISTS (20240827/dswload2-326)
[    0.187109] ACPI Error: AE_ALREADY_EXISTS, During name lookup/catalog (2=
0240827/psobject-220)
[    0.187112] ACPI: Skipping parse of AML opcode: OpcodeName unavailable (=
0x0014)
[    0.187116] ACPI BIOS Error (bug): Failure creating named object [\_SB.P=
C00.XHCI.RHUB.HS04._UPC], AE_ALREADY_EXISTS (20240827/dswload2-326)
[    0.187120] ACPI Error: AE_ALREADY_EXISTS, During name lookup/catalog (2=
0240827/psobject-220)
[    0.187123] ACPI: Skipping parse of AML opcode: OpcodeName unavailable (=
0x0014)
[    0.187125] ACPI BIOS Error (bug): Failure creating named object [\_SB.P=
C00.XHCI.RHUB.HS04._PLD], AE_ALREADY_EXISTS (20240827/dswload2-326)
[    0.187129] ACPI Error: AE_ALREADY_EXISTS, During name lookup/catalog (2=
0240827/psobject-220)
[    0.187132] ACPI: Skipping parse of AML opcode: OpcodeName unavailable (=
0x0014)
[    0.187136] ACPI BIOS Error (bug): Failure creating named object [\_SB.P=
C00.XHCI.RHUB.HS05._UPC], AE_ALREADY_EXISTS (20240827/dswload2-326)
[    0.187140] ACPI Error: AE_ALREADY_EXISTS, During name lookup/catalog (2=
0240827/psobject-220)
[    0.187143] ACPI: Skipping parse of AML opcode: OpcodeName unavailable (=
0x0014)
[    0.187144] ACPI BIOS Error (bug): Failure creating named object [\_SB.P=
C00.XHCI.RHUB.HS05._PLD], AE_ALREADY_EXISTS (20240827/dswload2-326)
[    0.187148] ACPI Error: AE_ALREADY_EXISTS, During name lookup/catalog (2=
0240827/psobject-220)
[    0.187151] ACPI: Skipping parse of AML opcode: OpcodeName unavailable (=
0x0014)
[    0.187155] ACPI BIOS Error (bug): Failure creating named object [\_SB.P=
C00.XHCI.RHUB.HS06._UPC], AE_ALREADY_EXISTS (20240827/dswload2-326)
[    0.187159] ACPI Error: AE_ALREADY_EXISTS, During name lookup/catalog (2=
0240827/psobject-220)
[    0.187162] ACPI: Skipping parse of AML opcode: OpcodeName unavailable (=
0x0014)
[    0.187164] ACPI BIOS Error (bug): Failure creating named object [\_SB.P=
C00.XHCI.RHUB.HS06._PLD], AE_ALREADY_EXISTS (20240827/dswload2-326)
[    0.187167] ACPI Error: AE_ALREADY_EXISTS, During name lookup/catalog (2=
0240827/psobject-220)
[    0.187170] ACPI: Skipping parse of AML opcode: OpcodeName unavailable (=
0x0014)
[    0.187174] ACPI BIOS Error (bug): Failure creating named object [\_SB.P=
C00.XHCI.RHUB.HS07._UPC], AE_ALREADY_EXISTS (20240827/dswload2-326)
[    0.187179] ACPI Error: AE_ALREADY_EXISTS, During name lookup/catalog (2=
0240827/psobject-220)
[    0.187181] ACPI: Skipping parse of AML opcode: OpcodeName unavailable (=
0x0014)
[    0.187183] ACPI BIOS Error (bug): Failure creating named object [\_SB.P=
C00.XHCI.RHUB.HS07._PLD], AE_ALREADY_EXISTS (20240827/dswload2-326)
[    0.187187] ACPI Error: AE_ALREADY_EXISTS, During name lookup/catalog (2=
0240827/psobject-220)
[    0.187190] ACPI: Skipping parse of AML opcode: OpcodeName unavailable (=
0x0014)
[    0.187194] ACPI BIOS Error (bug): Failure creating named object [\_SB.P=
C00.XHCI.RHUB.HS08._UPC], AE_ALREADY_EXISTS (20240827/dswload2-326)
[    0.187198] ACPI Error: AE_ALREADY_EXISTS, During name lookup/catalog (2=
0240827/psobject-220)
[    0.187201] ACPI: Skipping parse of AML opcode: OpcodeName unavailable (=
0x0014)
[    0.187202] ACPI BIOS Error (bug): Failure creating named object [\_SB.P=
C00.XHCI.RHUB.HS08._PLD], AE_ALREADY_EXISTS (20240827/dswload2-326)
[    0.187206] ACPI Error: AE_ALREADY_EXISTS, During name lookup/catalog (2=
0240827/psobject-220)
[    0.187209] ACPI: Skipping parse of AML opcode: OpcodeName unavailable (=
0x0014)
[    0.187213] ACPI BIOS Error (bug): Failure creating named object [\_SB.P=
C00.XHCI.RHUB.HS09._UPC], AE_ALREADY_EXISTS (20240827/dswload2-326)
[    0.187217] ACPI Error: AE_ALREADY_EXISTS, During name lookup/catalog (2=
0240827/psobject-220)
[    0.187220] ACPI: Skipping parse of AML opcode: OpcodeName unavailable (=
0x0014)
[    0.187221] ACPI BIOS Error (bug): Failure creating named object [\_SB.P=
C00.XHCI.RHUB.HS09._PLD], AE_ALREADY_EXISTS (20240827/dswload2-326)
[    0.187225] ACPI Error: AE_ALREADY_EXISTS, During name lookup/catalog (2=
0240827/psobject-220)
[    0.187228] ACPI: Skipping parse of AML opcode: OpcodeName unavailable (=
0x0014)
[    0.187233] ACPI BIOS Error (bug): Failure creating named object [\_SB.P=
C00.XHCI.RHUB.HS10._UPC], AE_ALREADY_EXISTS (20240827/dswload2-326)
[    0.187237] ACPI Error: AE_ALREADY_EXISTS, During name lookup/catalog (2=
0240827/psobject-220)
[    0.187240] ACPI: Skipping parse of AML opcode: OpcodeName unavailable (=
0x0014)
[    0.187241] ACPI BIOS Error (bug): Failure creating named object [\_SB.P=
C00.XHCI.RHUB.HS10._PLD], AE_ALREADY_EXISTS (20240827/dswload2-326)
[    0.187245] ACPI Error: AE_ALREADY_EXISTS, During name lookup/catalog (2=
0240827/psobject-220)
[    0.187248] ACPI: Skipping parse of AML opcode: OpcodeName unavailable (=
0x0014)
[    0.187333] ACPI BIOS Error (bug): Failure creating named object [\_SB.P=
C00.XHCI.RHUB.SS01._UPC], AE_ALREADY_EXISTS (20240827/dswload2-326)
[    0.187337] ACPI Error: AE_ALREADY_EXISTS, During name lookup/catalog (2=
0240827/psobject-220)
[    0.187340] ACPI: Skipping parse of AML opcode: OpcodeName unavailable (=
0x0014)
[    0.187342] ACPI BIOS Error (bug): Failure creating named object [\_SB.P=
C00.XHCI.RHUB.SS01._PLD], AE_ALREADY_EXISTS (20240827/dswload2-326)
[    0.187346] ACPI Error: AE_ALREADY_EXISTS, During name lookup/catalog (2=
0240827/psobject-220)
[    0.187348] ACPI: Skipping parse of AML opcode: OpcodeName unavailable (=
0x0014)
[    0.187353] ACPI BIOS Error (bug): Failure creating named object [\_SB.P=
C00.XHCI.RHUB.SS02._UPC], AE_ALREADY_EXISTS (20240827/dswload2-326)
[    0.187357] ACPI Error: AE_ALREADY_EXISTS, During name lookup/catalog (2=
0240827/psobject-220)
[    0.187360] ACPI: Skipping parse of AML opcode: OpcodeName unavailable (=
0x0014)
[    0.187361] ACPI BIOS Error (bug): Failure creating named object [\_SB.P=
C00.XHCI.RHUB.SS02._PLD], AE_ALREADY_EXISTS (20240827/dswload2-326)
[    0.187365] ACPI Error: AE_ALREADY_EXISTS, During name lookup/catalog (2=
0240827/psobject-220)
[    0.187368] ACPI: Skipping parse of AML opcode: OpcodeName unavailable (=
0x0014)
[    0.198949] ACPI: 28 ACPI AML tables successfully acquired and loaded
[    0.213762] ACPI: USB4 _OSC: OS supports USB3+ DisplayPort+ PCIe+ XDomai=
n+
[    0.213766] ACPI: USB4 _OSC: OS controls USB3+ DisplayPort+ PCIe+ XDomai=
n+
[    0.221518] ACPI: EC: EC started
[    0.221520] ACPI: EC: interrupt blocked
[    0.227567] ACPI: EC: EC_CMD/EC_SC=3D0x66, EC_DATA=3D0x62
[    0.227570] ACPI: \_SB_.PC00.LPCB.EC0_: Boot DSDT EC used to handle tran=
sactions
[    0.227572] ACPI: Interpreter enabled
[    0.227646] ACPI: PM: (supports S0 S3 S4 S5)
[    0.227647] ACPI: Using IOAPIC for interrupt routing
[    0.227714] PCI: Using host bridge windows from ACPI; if necessary, use =
"pci=3Dnocrs" and report a bug
[    0.227715] PCI: Ignoring E820 reservations for host bridge windows
[    0.230412] ACPI: Enabled 10 GPEs in block 00 to 7F
[    0.230433] ACPI: Enabled 8 GPEs in block 80 to DF
[    0.233024] ACPI: \_SB_.PC00.RP01.PXP_: New power resource
[    0.238071] ACPI: \_SB_.PC00.RP06.PXP_: New power resource
[    0.239612] ACPI: \_SB_.PC00.RP07.PXP_: New power resource
[    0.242229] ACPI: \_SB_.PC00.RP09.PXP_: New power resource
[    0.243442] ACPI: \_SB_.PC00.RP10.PXP_: New power resource
[    0.244850] ACPI: \_SB_.PC00.RP11.PXP_: New power resource
[    0.246353] ACPI: \_SB_.PC00.RP12.PXP_: New power resource
[    0.249935] ACPI: \_SB_.PC00.XHCI.RHUB.HS10.BTRT: New power resource
[    0.249989] ACPI: \_SB_.PC00.XHCI.RHUB.HS10.DBTR: New power resource
[    0.250137] ACPI: \_SB_.PC00.PAUD: New power resource
[    0.255754] ACPI: \_SB_.PC00.I2C3.PXTC: New power resource
[    0.262010] ACPI: \_SB_.PC00.CNVW.WRST: New power resource
[    0.279601] ACPI: \_SB_.PC00.TBT0: New power resource
[    0.279663] ACPI: \_SB_.PC00.TBT1: New power resource
[    0.279719] ACPI: \_SB_.PC00.D3C_: New power resource
[    0.298017] ACPI: \PIN_: New power resource
[    0.298603] ACPI: PCI Root Bridge [PC00] (domain 0000 [bus 00-fe])
[    0.298610] acpi PNP0A08:00: _OSC: OS supports [ExtendedConfig ASPM Cloc=
kPM Segments MSI HPX-Type3]
[    0.299451] acpi PNP0A08:00: _OSC: platform does not support [AER]
[    0.301064] acpi PNP0A08:00: _OSC: OS now controls [PCIeHotplug SHPCHotp=
lug PME PCIeCapability LTR]
[    0.302932] PCI host bridge to bus 0000:00
[    0.302935] pci_bus 0000:00: root bus resource [io  0x0000-0x0cf7 window=
]
[    0.302938] pci_bus 0000:00: root bus resource [io  0x0d00-0xffff window=
]
[    0.302939] pci_bus 0000:00: root bus resource [mem 0x000a0000-0x000bfff=
f window]
[    0.302942] pci_bus 0000:00: root bus resource [mem 0x80000000-0xbffffff=
f window]
[    0.302943] pci_bus 0000:00: root bus resource [mem 0x4000000000-0x3ffbf=
ffffff window]
[    0.302945] pci_bus 0000:00: root bus resource [bus 00-fe]
[    0.304994] pci 0000:00:00.0: [8086:7d01] type 00 class 0x060000 convent=
ional PCI endpoint
[    0.305135] pci 0000:00:02.0: [8086:7d55] type 00 class 0x030000 PCIe Ro=
ot Complex Integrated Endpoint
[    0.305148] pci 0000:00:02.0: BAR 0 [mem 0x5220000000-0x5220ffffff 64bit=
 pref]
[    0.305157] pci 0000:00:02.0: BAR 2 [mem 0x4210000000-0x421fffffff 64bit=
 pref]
[    0.305188] pci 0000:00:02.0: DMAR: Skip IOMMU disabling for graphics
[    0.305192] pci 0000:00:02.0: Video device with shadowed ROM at [mem 0x0=
00c0000-0x000dffff]
[    0.305228] pci 0000:00:02.0: PME# supported from D0 D3hot
[    0.305246] pci 0000:00:02.0: VF BAR 0 [mem 0x00000000-0x00ffffff 64bit =
pref]
[    0.305247] pci 0000:00:02.0: VF BAR 0 [mem 0x00000000-0x06ffffff 64bit =
pref]: contains BAR 0 for 7 VFs
[    0.305429] pci 0000:00:04.0: [8086:7d03] type 00 class 0x118000 convent=
ional PCI endpoint
[    0.305444] pci 0000:00:04.0: BAR 0 [mem 0x52312c0000-0x52312dffff 64bit=
]
[    0.305685] pci 0000:00:05.0: [8086:7d19] type 00 class 0x048000 PCIe Ro=
ot Complex Integrated Endpoint
[    0.305694] pci 0000:00:05.0: BAR 0 [mem 0x5230000000-0x5230ffffff 64bit=
]
[    0.305710] pci 0000:00:05.0: enabling Extended Tags
[    0.305966] pci 0000:00:06.0: [8086:7ecb] type 01 class 0x060400 PCIe Ro=
ot Port
[    0.306061] pci 0000:00:06.0: PCI bridge to [bus 01]
[    0.306074] pci 0000:00:06.0:   bridge window [mem 0x8d200000-0x8d2fffff=
]
[    0.306217] pci 0000:00:06.0: PME# supported from D0 D3hot D3cold
[    0.306270] pci 0000:00:06.0: PTM enabled (root), 4ns granularity
[    0.307107] pci 0000:00:07.0: [8086:7ec4] type 01 class 0x060400 PCIe Ro=
ot Port
[    0.307133] pci 0000:00:07.0: PCI bridge to [bus 02-2b]
[    0.307139] pci 0000:00:07.0:   bridge window [mem 0x86000000-0x8bffffff=
]
[    0.307154] pci 0000:00:07.0:   bridge window [mem 0x4a20000000-0x521fff=
ffff 64bit pref]
[    0.307264] pci 0000:00:07.0: PME# supported from D0 D3hot D3cold
[    0.307301] pci 0000:00:07.0: PTM enabled (root), 4ns granularity
[    0.308076] pci 0000:00:07.2: [8086:7ec6] type 01 class 0x060400 PCIe Ro=
ot Port
[    0.308102] pci 0000:00:07.2: PCI bridge to [bus 2c-55]
[    0.308107] pci 0000:00:07.2:   bridge window [mem 0x80000000-0x85ffffff=
]
[    0.308116] pci 0000:00:07.2:   bridge window [mem 0x4220000000-0x4a1fff=
ffff 64bit pref]
[    0.308231] pci 0000:00:07.2: PME# supported from D0 D3hot D3cold
[    0.308262] pci 0000:00:07.2: PTM enabled (root), 4ns granularity
[    0.309037] pci 0000:00:08.0: [8086:7e4c] type 00 class 0x088000 convent=
ional PCI endpoint
[    0.309054] pci 0000:00:08.0: BAR 0 [mem 0x5231327000-0x5231327fff 64bit=
]
[    0.309167] pci 0000:00:0a.0: [8086:7d0d] type 00 class 0x118000 PCIe Ro=
ot Complex Integrated Endpoint
[    0.309175] pci 0000:00:0a.0: BAR 0 [mem 0x5231280000-0x52312bffff 64bit=
]
[    0.309191] pci 0000:00:0a.0: enabling Extended Tags
[    0.309264] pci 0000:00:0b.0: [8086:7d1d] type 00 class 0x120000 PCIe Ro=
ot Complex Integrated Endpoint
[    0.309274] pci 0000:00:0b.0: BAR 0 [mem 0x5228000000-0x522fffffff 64bit=
]
[    0.309286] pci 0000:00:0b.0: BAR 4 [mem 0x5231326000-0x5231326fff 64bit=
]
[    0.309407] pci 0000:00:0d.0: [8086:7ec0] type 00 class 0x0c0330 convent=
ional PCI endpoint
[    0.309422] pci 0000:00:0d.0: BAR 0 [mem 0x5231300000-0x523130ffff 64bit=
]
[    0.309516] pci 0000:00:0d.0: PME# supported from D3hot D3cold
[    0.309949] pci 0000:00:0d.2: [8086:7ec2] type 00 class 0x0c0340 convent=
ional PCI endpoint
[    0.309964] pci 0000:00:0d.2: BAR 0 [mem 0x5231240000-0x523127ffff 64bit=
]
[    0.309974] pci 0000:00:0d.2: BAR 2 [mem 0x5231325000-0x5231325fff 64bit=
]
[    0.310105] pci 0000:00:0d.2: supports D1 D2
[    0.310107] pci 0000:00:0d.2: PME# supported from D0 D1 D2 D3hot D3cold
[    0.310232] pci 0000:00:0d.3: [8086:7ec3] type 00 class 0x0c0340 convent=
ional PCI endpoint
[    0.310247] pci 0000:00:0d.3: BAR 0 [mem 0x5231200000-0x523123ffff 64bit=
]
[    0.310256] pci 0000:00:0d.3: BAR 2 [mem 0x5231324000-0x5231324fff 64bit=
]
[    0.310362] pci 0000:00:0d.3: supports D1 D2
[    0.310363] pci 0000:00:0d.3: PME# supported from D0 D1 D2 D3hot D3cold
[    0.310506] pci 0000:00:12.0: [8086:7e45] type 00 class 0x070000 convent=
ional PCI endpoint
[    0.310520] pci 0000:00:12.0: BAR 0 [mem 0x52312f0000-0x52312fffff 64bit=
]
[    0.310571] pci 0000:00:12.0: PME# supported from D0 D3hot
[    0.311278] pci 0000:00:14.0: [8086:7e7d] type 00 class 0x0c0330 convent=
ional PCI endpoint
[    0.311293] pci 0000:00:14.0: BAR 0 [mem 0x52312e0000-0x52312effff 64bit=
]
[    0.311353] pci 0000:00:14.0: PME# supported from D3hot D3cold
[    0.311759] pci 0000:00:14.2: [8086:7e7f] type 00 class 0x050000 convent=
ional PCI endpoint
[    0.311776] pci 0000:00:14.2: BAR 0 [mem 0x5231318000-0x523131bfff 64bit=
]
[    0.311787] pci 0000:00:14.2: BAR 2 [mem 0x5231323000-0x5231323fff 64bit=
]
[    0.311891] pci 0000:00:14.3: [8086:7e40] type 00 class 0x028000 PCIe Ro=
ot Complex Integrated Endpoint
[    0.311903] pci 0000:00:14.3: BAR 0 [mem 0x5231314000-0x5231317fff 64bit=
]
[    0.311974] pci 0000:00:14.3: PME# supported from D0 D3hot D3cold
[    0.312189] pci 0000:00:15.0: [8086:7e78] type 00 class 0x0c8000 convent=
ional PCI endpoint
[    0.312240] pci 0000:00:15.0: BAR 0 [mem 0x00000000-0x00000fff 64bit]
[    0.312591] pci 0000:00:15.1: [8086:7e79] type 00 class 0x0c8000 convent=
ional PCI endpoint
[    0.312646] pci 0000:00:15.1: BAR 0 [mem 0x00000000-0x00000fff 64bit]
[    0.313000] pci 0000:00:15.3: [8086:7e7b] type 00 class 0x0c8000 convent=
ional PCI endpoint
[    0.313053] pci 0000:00:15.3: BAR 0 [mem 0x00000000-0x00000fff 64bit]
[    0.313371] pci 0000:00:16.0: [8086:7e70] type 00 class 0x078000 convent=
ional PCI endpoint
[    0.313389] pci 0000:00:16.0: BAR 0 [mem 0x523131f000-0x523131ffff 64bit=
]
[    0.313471] pci 0000:00:16.0: PME# supported from D3hot
[    0.314217] pci 0000:00:19.0: [8086:7e50] type 00 class 0x0c8000 convent=
ional PCI endpoint
[    0.314269] pci 0000:00:19.0: BAR 0 [mem 0x00000000-0x00000fff 64bit]
[    0.314625] pci 0000:00:19.1: [8086:7e51] type 00 class 0x0c8000 convent=
ional PCI endpoint
[    0.314676] pci 0000:00:19.1: BAR 0 [mem 0x00000000-0x00000fff 64bit]
[    0.314996] pci 0000:00:1c.0: [8086:7e38] type 01 class 0x060400 PCIe Ro=
ot Port
[    0.315017] pci 0000:00:1c.0: PCI bridge to [bus 56]
[    0.315021] pci 0000:00:1c.0:   bridge window [io  0x3000-0x3fff]
[    0.315023] pci 0000:00:1c.0:   bridge window [mem 0x8c000000-0x8d0fffff=
]
[    0.315031] pci 0000:00:1c.0:   bridge window [mem 0x4000000000-0x4201ff=
ffff 64bit pref]
[    0.315091] pci 0000:00:1c.0: PME# supported from D0 D3hot D3cold
[    0.315120] pci 0000:00:1c.0: PTM enabled (root), 4ns granularity
[    0.315741] pci 0000:00:1f.0: [8086:7e02] type 00 class 0x060100 convent=
ional PCI endpoint
[    0.316132] pci 0000:00:1f.3: [8086:7e28] type 00 class 0x040100 convent=
ional PCI endpoint
[    0.316157] pci 0000:00:1f.3: BAR 0 [mem 0x5231310000-0x5231313fff 64bit=
]
[    0.316177] pci 0000:00:1f.3: BAR 4 [mem 0x5231000000-0x52311fffff 64bit=
]
[    0.316229] pci 0000:00:1f.3: PME# supported from D3hot D3cold
[    0.316305] pci 0000:00:1f.4: [8086:7e22] type 00 class 0x0c0500 convent=
ional PCI endpoint
[    0.316325] pci 0000:00:1f.4: BAR 0 [mem 0x523131c000-0x523131c0ff 64bit=
]
[    0.316350] pci 0000:00:1f.4: BAR 4 [io  0xefa0-0xefbf]
[    0.316571] pci 0000:00:1f.5: [8086:7e23] type 00 class 0x0c8000 convent=
ional PCI endpoint
[    0.316611] pci 0000:00:1f.5: BAR 0 [mem 0xfe010000-0xfe010fff]
[    0.317113] pci 0000:01:00.0: [1c5c:1959] type 00 class 0x010802 PCIe En=
dpoint
[    0.317132] pci 0000:01:00.0: BAR 0 [mem 0x8d200000-0x8d203fff 64bit]
[    0.317425] pci 0000:00:06.0: PCI bridge to [bus 01]
[    0.317480] pci 0000:00:07.0: PCI bridge to [bus 02-2b]
[    0.317525] pci 0000:00:07.2: PCI bridge to [bus 2c-55]
[    0.317577] pci 0000:56:00.0: [10de:28a1] type 00 class 0x030000 PCIe Le=
gacy Endpoint
[    0.317590] pci 0000:56:00.0: BAR 0 [mem 0x8c000000-0x8cffffff]
[    0.317600] pci 0000:56:00.0: BAR 1 [mem 0x4000000000-0x41ffffffff 64bit=
 pref]
[    0.317611] pci 0000:56:00.0: BAR 3 [mem 0x4200000000-0x4201ffffff 64bit=
 pref]
[    0.317618] pci 0000:56:00.0: BAR 5 [io  0x3000-0x307f]
[    0.317625] pci 0000:56:00.0: ROM [mem 0x8d000000-0x8d07ffff pref]
[    0.317688] pci 0000:56:00.0: PME# supported from D0 D3hot
[    0.317770] pci 0000:56:00.0: 63.012 Gb/s available PCIe bandwidth, limi=
ted by 16.0 GT/s PCIe x4 link at 0000:00:1c.0 (capable of 126.024 Gb/s with=
 16.0 GT/s PCIe x8 link)
[    0.317964] pci 0000:56:00.1: [10de:22be] type 00 class 0x040300 PCIe En=
dpoint
[    0.317975] pci 0000:56:00.1: BAR 0 [mem 0x8d080000-0x8d083fff]
[    0.318115] pci 0000:00:1c.0: PCI bridge to [bus 56]
[    0.322611] ACPI: PCI: Interrupt link LNKA configured for IRQ 0
[    0.322751] ACPI: PCI: Interrupt link LNKB configured for IRQ 1
[    0.322889] ACPI: PCI: Interrupt link LNKC configured for IRQ 0
[    0.323026] ACPI: PCI: Interrupt link LNKD configured for IRQ 0
[    0.323163] ACPI: PCI: Interrupt link LNKE configured for IRQ 0
[    0.323300] ACPI: PCI: Interrupt link LNKF configured for IRQ 0
[    0.323436] ACPI: PCI: Interrupt link LNKG configured for IRQ 0
[    0.323570] ACPI: PCI: Interrupt link LNKH configured for IRQ 0
[    0.324525] ACPI: \_SB_.PEPD: Duplicate LPS0 _DSM functions (mask: 0x1)
[    0.460581] Low-power S0 idle used by default for system suspend
[    0.470680] ACPI: EC: interrupt unblocked
[    0.470681] ACPI: EC: event unblocked
[    0.470702] ACPI: EC: EC_CMD/EC_SC=3D0x66, EC_DATA=3D0x62
[    0.470703] ACPI: EC: GPE=3D0x6e
[    0.470704] ACPI: \_SB_.PC00.LPCB.EC0_: Boot DSDT EC initialization comp=
lete
[    0.470706] ACPI: \_SB_.PC00.LPCB.EC0_: EC: Used to handle transactions =
and events
[    0.470798] iommu: Default domain type: Translated
[    0.470798] iommu: DMA domain TLB invalidation policy: lazy mode
[    0.470798] pps_core: LinuxPPS API ver. 1 registered
[    0.470798] pps_core: Software ver. 5.3.6 - Copyright 2005-2007 Rodolfo =
Giometti <giometti@linux.it>
[    0.470798] PTP clock support registered
[    0.470798] EDAC MC: Ver: 3.0.0
[    0.470798] efivars: Registered efivars operations
[    0.470798] NetLabel: Initializing
[    0.470798] NetLabel:  domain hash size =3D 128
[    0.470798] NetLabel:  protocols =3D UNLABELED CIPSOv4 CALIPSO
[    0.470798] NetLabel:  unlabeled traffic allowed by default
[    0.470798] PCI: Using ACPI for IRQ routing
[    0.482740] PCI: pci_cache_line_size set to 64 bytes
[    0.482890] pci 0000:00:1f.5: BAR 0 [mem 0xfe010000-0xfe010fff]: can't c=
laim; no compatible bridge window
[    0.483014] e820: reserve RAM buffer [mem 0x0009f000-0x0009ffff]
[    0.483016] e820: reserve RAM buffer [mem 0x4fe69018-0x4fffffff]
[    0.483017] e820: reserve RAM buffer [mem 0x5453a000-0x57ffffff]
[    0.483018] e820: reserve RAM buffer [mem 0x55b40000-0x57ffffff]
[    0.483019] e820: reserve RAM buffer [mem 0x57819000-0x57ffffff]
[    0.483020] e820: reserve RAM buffer [mem 0x66000000-0x67ffffff]
[    0.483051] pci 0000:00:02.0: vgaarb: setting as boot VGA device
[    0.483051] pci 0000:00:02.0: vgaarb: bridge control possible
[    0.483051] pci 0000:00:02.0: vgaarb: VGA device added: decodes=3Dio+mem=
,owns=3Dio+mem,locks=3Dnone
[    0.483051] pci 0000:56:00.0: vgaarb: bridge control possible
[    0.483051] pci 0000:56:00.0: vgaarb: VGA device added: decodes=3Dio+mem=
,owns=3Dnone,locks=3Dnone
[    0.483051] vgaarb: loaded
[    0.483051] clocksource: Switched to clocksource tsc-early
[    0.483051] VFS: Disk quotas dquot_6.6.0
[    0.483051] VFS: Dquot-cache hash table entries: 512 (order 0, 4096 byte=
s)
[    0.483051] AppArmor: AppArmor Filesystem Enabled
[    0.483051] pnp: PnP ACPI init
[    0.483051] system 00:00: [io  0x0680-0x069f] has been reserved
[    0.483051] system 00:00: [io  0x164e-0x164f] has been reserved
[    0.483051] system 00:01: [io  0x1854-0x1857] has been reserved
[    0.483051] pnp 00:03: disabling [mem 0x00000000-0x00000fff] because it =
overlaps 0000:00:02.0 BAR 7 [mem 0x00000000-0x06ffffff 64bit pref]
[    0.483051] pnp 00:03: disabling [mem 0x00000000-0x00000fff] because it =
overlaps 0000:00:02.0 BAR 7 [mem 0x00000000-0x06ffffff 64bit pref]
[    0.483051] system 00:03: [mem 0xfedc0000-0xfedc7fff] has been reserved
[    0.483051] system 00:03: [mem 0xc0000000-0xcfffffff] has been reserved
[    0.483051] system 00:03: [mem 0xfed20000-0xfed7ffff] could not be reser=
ved
[    0.483051] system 00:03: [mem 0xfc800000-0xfc81ffff] could not be reser=
ved
[    0.483051] system 00:03: [mem 0xfed45000-0xfed8ffff] could not be reser=
ved
[    0.483051] system 00:03: [mem 0xfee00000-0xfeefffff] could not be reser=
ved
[    0.483051] system 00:04: [io  0x2000-0x20fe] has been reserved
[    0.483138] system 00:05: [mem 0xfe02c008-0xfe02cfff] has been reserved
[    0.483140] system 00:05: [mem 0xfe02d000-0xfe02dfff] has been reserved
[    0.484222] pnp: PnP ACPI: found 6 devices
[    0.489829] clocksource: acpi_pm: mask: 0xffffff max_cycles: 0xffffff, m=
ax_idle_ns: 2085701024 ns
[    0.489895] NET: Registered PF_INET protocol family
[    0.490133] IP idents hash table entries: 262144 (order: 9, 2097152 byte=
s, linear)
[    0.493280] tcp_listen_portaddr_hash hash table entries: 16384 (order: 6=
, 262144 bytes, linear)
[    0.493324] Table-perturb hash table entries: 65536 (order: 6, 262144 by=
tes, linear)
[    0.493546] TCP established hash table entries: 262144 (order: 9, 209715=
2 bytes, linear)
[    0.493910] TCP bind hash table entries: 65536 (order: 9, 2097152 bytes,=
 linear)
[    0.494019] TCP: Hash tables configured (established 262144 bind 65536)
[    0.494211] MPTCP token hash table entries: 32768 (order: 7, 786432 byte=
s, linear)
[    0.494317] UDP hash table entries: 16384 (order: 7, 524288 bytes, linea=
r)
[    0.494399] UDP-Lite hash table entries: 16384 (order: 7, 524288 bytes, =
linear)
[    0.494480] NET: Registered PF_UNIX/PF_LOCAL protocol family
[    0.494487] NET: Registered PF_XDP protocol family
[    0.494494] pci_bus 0000:00: max bus depth: 1 pci_try_num: 2
[    0.494505] pci 0000:00:02.0: VF BAR 0 [mem 0x4202000000-0x4208ffffff 64=
bit pref]: assigned
[    0.494511] pci 0000:00:07.0: bridge window [io  0x4000-0x4fff]: assigne=
d
[    0.494513] pci 0000:00:07.2: bridge window [io  0x5000-0x5fff]: assigne=
d
[    0.494515] pci 0000:00:15.0: BAR 0 [mem 0x4209000000-0x4209000fff 64bit=
]: assigned
[    0.494553] pci 0000:00:15.1: BAR 0 [mem 0x4209001000-0x4209001fff 64bit=
]: assigned
[    0.494570] pci 0000:00:15.3: BAR 0 [mem 0x4209002000-0x4209002fff 64bit=
]: assigned
[    0.494582] pci 0000:00:19.0: BAR 0 [mem 0x4209003000-0x4209003fff 64bit=
]: assigned
[    0.494598] pci 0000:00:19.1: BAR 0 [mem 0x4209004000-0x4209004fff 64bit=
]: assigned
[    0.494611] pci 0000:00:1f.5: BAR 0 [mem 0x8d100000-0x8d100fff]: assigne=
d
[    0.494621] pci 0000:00:06.0: PCI bridge to [bus 01]
[    0.494627] pci 0000:00:06.0:   bridge window [mem 0x8d200000-0x8d2fffff=
]
[    0.494634] pci 0000:00:07.0: PCI bridge to [bus 02-2b]
[    0.494640] pci 0000:00:07.0:   bridge window [io  0x4000-0x4fff]
[    0.494643] pci 0000:00:07.0:   bridge window [mem 0x86000000-0x8bffffff=
]
[    0.494646] pci 0000:00:07.0:   bridge window [mem 0x4a20000000-0x521fff=
ffff 64bit pref]
[    0.494651] pci 0000:00:07.2: PCI bridge to [bus 2c-55]
[    0.494653] pci 0000:00:07.2:   bridge window [io  0x5000-0x5fff]
[    0.494657] pci 0000:00:07.2:   bridge window [mem 0x80000000-0x85ffffff=
]
[    0.494660] pci 0000:00:07.2:   bridge window [mem 0x4220000000-0x4a1fff=
ffff 64bit pref]
[    0.494665] pci 0000:00:1c.0: PCI bridge to [bus 56]
[    0.494667] pci 0000:00:1c.0:   bridge window [io  0x3000-0x3fff]
[    0.494670] pci 0000:00:1c.0:   bridge window [mem 0x8c000000-0x8d0fffff=
]
[    0.494672] pci 0000:00:1c.0:   bridge window [mem 0x4000000000-0x4201ff=
ffff 64bit pref]
[    0.494677] pci_bus 0000:00: resource 4 [io  0x0000-0x0cf7 window]
[    0.494678] pci_bus 0000:00: resource 5 [io  0x0d00-0xffff window]
[    0.494680] pci_bus 0000:00: resource 6 [mem 0x000a0000-0x000bffff windo=
w]
[    0.494681] pci_bus 0000:00: resource 7 [mem 0x80000000-0xbfffffff windo=
w]
[    0.494682] pci_bus 0000:00: resource 8 [mem 0x4000000000-0x3ffbfffffff =
window]
[    0.494683] pci_bus 0000:01: resource 1 [mem 0x8d200000-0x8d2fffff]
[    0.494685] pci_bus 0000:02: resource 0 [io  0x4000-0x4fff]
[    0.494686] pci_bus 0000:02: resource 1 [mem 0x86000000-0x8bffffff]
[    0.494687] pci_bus 0000:02: resource 2 [mem 0x4a20000000-0x521fffffff 6=
4bit pref]
[    0.494688] pci_bus 0000:2c: resource 0 [io  0x5000-0x5fff]
[    0.494689] pci_bus 0000:2c: resource 1 [mem 0x80000000-0x85ffffff]
[    0.494690] pci_bus 0000:2c: resource 2 [mem 0x4220000000-0x4a1fffffff 6=
4bit pref]
[    0.494692] pci_bus 0000:56: resource 0 [io  0x3000-0x3fff]
[    0.494693] pci_bus 0000:56: resource 1 [mem 0x8c000000-0x8d0fffff]
[    0.494694] pci_bus 0000:56: resource 2 [mem 0x4000000000-0x4201ffffff 6=
4bit pref]
[    0.495259] pci 0000:56:00.1: extending delay after power-on from D3hot =
to 20 msec
[    0.495284] pci 0000:56:00.1: D0 power state depends on 0000:56:00.0
[    0.495290] PCI: CLS 64 bytes, default 64
[    0.495359] DMAR: No RMRR found
[    0.495360] DMAR: No ATSR found
[    0.495361] DMAR: IOMMU feature sc_support inconsistent
[    0.495363] DMAR: dmar0: Using Queued invalidation
[    0.495366] DMAR: dmar1: Using Queued invalidation
[    0.495395] Trying to unpack rootfs image as initramfs...
[    0.495725] pci 0000:00:02.0: Adding to iommu group 0
[    0.495758] pci 0000:00:00.0: Adding to iommu group 1
[    0.495768] pci 0000:00:04.0: Adding to iommu group 2
[    0.495778] pci 0000:00:05.0: Adding to iommu group 3
[    0.495811] pci 0000:00:06.0: Adding to iommu group 4
[    0.495829] pci 0000:00:07.0: Adding to iommu group 5
[    0.495841] pci 0000:00:07.2: Adding to iommu group 6
[    0.495850] pci 0000:00:08.0: Adding to iommu group 7
[    0.495859] pci 0000:00:0a.0: Adding to iommu group 8
[    0.495872] pci 0000:00:0b.0: Adding to iommu group 9
[    0.495892] pci 0000:00:0d.0: Adding to iommu group 10
[    0.495901] pci 0000:00:0d.2: Adding to iommu group 10
[    0.495911] pci 0000:00:0d.3: Adding to iommu group 10
[    0.495925] pci 0000:00:12.0: Adding to iommu group 11
[    0.495941] pci 0000:00:14.0: Adding to iommu group 12
[    0.495951] pci 0000:00:14.2: Adding to iommu group 12
[    0.495960] pci 0000:00:14.3: Adding to iommu group 13
[    0.495980] pci 0000:00:15.0: Adding to iommu group 14
[    0.495991] pci 0000:00:15.1: Adding to iommu group 14
[    0.496001] pci 0000:00:15.3: Adding to iommu group 14
[    0.496013] pci 0000:00:16.0: Adding to iommu group 15
[    0.496030] pci 0000:00:19.0: Adding to iommu group 16
[    0.496041] pci 0000:00:19.1: Adding to iommu group 16
[    0.496052] pci 0000:00:1c.0: Adding to iommu group 17
[    0.496076] pci 0000:00:1f.0: Adding to iommu group 18
[    0.496087] pci 0000:00:1f.3: Adding to iommu group 18
[    0.496098] pci 0000:00:1f.4: Adding to iommu group 18
[    0.496110] pci 0000:00:1f.5: Adding to iommu group 18
[    0.496144] pci 0000:01:00.0: Adding to iommu group 19
[    0.496162] pci 0000:56:00.0: Adding to iommu group 20
[    0.496175] pci 0000:56:00.1: Adding to iommu group 20
[    0.498980] DMAR: Intel(R) Virtualization Technology for Directed I/O
[    0.498982] PCI-DMA: Using software bounce buffering for IO (SWIOTLB)
[    0.498983] software IO TLB: mapped [mem 0x00000000480b8000-0x000000004c=
0b8000] (64MB)
[    0.499013] clocksource: tsc: mask: 0xffffffffffffffff max_cycles: 0x2b2=
c8ec87c7, max_idle_ns: 440795278598 ns
[    0.499052] clocksource: Switched to clocksource tsc
[    0.499079] platform rtc_cmos: registered platform RTC device (no PNP de=
vice found)
[    0.502762] Initialise system trusted keyrings
[    0.502772] Key type blacklist registered
[    0.502813] workingset: timestamp_bits=3D36 max_order=3D23 bucket_order=
=3D0
[    0.502819] zbud: loaded
[    0.502908] fuse: init (API version 7.41)
[    0.503030] integrity: Platform Keyring initialized
[    0.503034] integrity: Machine keyring initialized
[    0.512172] Key type asymmetric registered
[    0.512173] Asymmetric key parser 'x509' registered
[    0.941912] Freeing initrd memory: 79872K
[    0.946526] Block layer SCSI generic (bsg) driver version 0.4 loaded (ma=
jor 246)
[    0.946569] io scheduler mq-deadline registered
[    0.947889] ledtrig-cpu: registered to indicate activity on CPUs
[    0.948446] pcieport 0000:00:06.0: PME: Signaling with IRQ 122
[    0.948757] pcieport 0000:00:07.0: PME: Signaling with IRQ 123
[    0.948769] pcieport 0000:00:07.0: pciehp: Slot #12 AttnBtn- PwrCtrl- MR=
L- AttnInd- PwrInd- HotPlug+ Surprise+ Interlock- NoCompl+ IbPresDis- LLAct=
Rep+
[    0.949002] pcieport 0000:00:07.2: PME: Signaling with IRQ 124
[    0.949013] pcieport 0000:00:07.2: pciehp: Slot #14 AttnBtn- PwrCtrl- MR=
L- AttnInd- PwrInd- HotPlug+ Surprise+ Interlock- NoCompl+ IbPresDis- LLAct=
Rep+
[    0.949198] pcieport 0000:00:1c.0: PME: Signaling with IRQ 125
[    0.949264] shpchp: Standard Hot Plug PCI Controller Driver version: 0.4
[    0.961051] ACPI: thermal: [Firmware Bug]: Invalid critical threshold (-=
274000)
[    0.963370] thermal LNXTHERM:00: registered as thermal_zone0
[    0.963371] ACPI: thermal: Thermal Zone [TZ01] (62 C)
[    0.963540] Serial: 8250/16550 driver, 4 ports, IRQ sharing enabled
[    0.964055] serial 0000:00:12.0: enabling device (0000 -> 0002)
[    0.964254] hpet_acpi_add: no address or irqs in _CRS
[    0.964283] Linux agpgart interface v0.103
[    0.966114] tpm_tis MSFT0101:00: 2.0 TPM (device-id 0x1D, rev-id 54)
[    1.081054] i8042: PNP: PS/2 Controller [PNP0303:PS2K] at 0x60,0x64 irq =
1
[    1.081058] i8042: PNP: PS/2 appears to have AUX port disabled, if this =
is incorrect please boot with i8042.nopnp
[    1.082394] serio: i8042 KBD port at 0x60,0x64 irq 1
[    1.082587] mousedev: PS/2 mouse device common for all mice
[    1.082598] rtc_cmos rtc_cmos: RTC can wake from S4
[    1.083311] rtc_cmos rtc_cmos: registered as rtc0
[    1.083441] rtc_cmos rtc_cmos: setting system clock to 2024-12-19T13:17:=
23 UTC (1734614243)
[    1.083459] rtc_cmos rtc_cmos: alarms up to one month, y3k, 114 bytes nv=
ram
[    1.085289] intel_pstate: Intel P-state driver initializing
[    1.088064] intel_pstate: HWP enabled
[    1.088172] efifb: probing for efifb
[    1.088180] efifb: framebuffer at 0x70800000, using 20252k, total 20250k
[    1.088181] efifb: mode is 2880x1800x32, linelength=3D11520, pages=3D1
[    1.088182] efifb: scrolling: redraw
[    1.088182] efifb: Truecolor: size=3D8:8:8:8, shift=3D24:16:8:0
[    1.088243] Console: switching to colour frame buffer device 180x56
[    1.089943] fb0: EFI VGA frame buffer device
[    1.090034] NET: Registered PF_INET6 protocol family
[    1.094229] Segment Routing with IPv6
[    1.094233] In-situ OAM (IOAM) with IPv6
[    1.094243] mip6: Mobile IPv6
[    1.094245] NET: Registered PF_PACKET protocol family
[    1.094275] mpls_gso: MPLS GSO support
[    1.096661] ENERGY_PERF_BIAS: Set to 'normal', was 'performance'
[    1.097589] microcode: Current revision: 0x00000020
[    1.097591] microcode: Updated early from: 0x0000001f
[    1.098676] IPI shorthand broadcast: enabled
[    1.099177] sched_clock: Marking stable (1092537277, 6105799)->(11525870=
32, -53943956)
[    1.099374] registered taskstats version 1
[    1.099431] Loading compiled-in X.509 certificates
[    1.112959] Loaded X.509 cert 'Build time autogenerated kernel key: b836=
7364ab86cd6d96862dfcfcdbc0b9ecc179c3'
[    1.113805] Demotion targets for Node 0: null
[    1.114010] Key type .fscrypt registered
[    1.114011] Key type fscrypt-provisioning registered
[    1.126693] Key type encrypted registered
[    1.126696] AppArmor: AppArmor sha256 policy hashing enabled
[    1.126971] integrity: Loading X.509 certificate: UEFI:db
[    1.126993] integrity: Loaded X.509 cert 'HP Inc.: HP UEFI Secure Boot D=
B 2017: d9c01b50cfcae89d3b05345c163aa76e5dd589e7'
[    1.126995] integrity: Loading X.509 certificate: UEFI:db
[    1.127011] integrity: Loaded X.509 cert 'Microsoft UEFI CA 2023: 81aa6b=
3244c935bce0d6628af39827421e32497d'
[    1.127012] integrity: Loading X.509 certificate: UEFI:db
[    1.127029] integrity: Loaded X.509 cert 'Microsoft Corporation: Windows=
 UEFI CA 2023: aefc5fbbbe055d8f8daa585473499417ab5a5272'
[    1.127030] integrity: Loading X.509 certificate: UEFI:db
[    1.127047] integrity: Loaded X.509 cert 'Microsoft Windows Production P=
CA 2011: a92902398e16c49778cd90f99e4f9ae17c55af53'
[    1.127048] integrity: Loading X.509 certificate: UEFI:db
[    1.127065] integrity: Loaded X.509 cert 'Microsoft Corporation UEFI CA =
2011: 13adbf4309bd82709c8cd54f316ed522988a1bd4'
[    1.128445] ima: Allocated hash algorithm: sha256
[    1.147994] input: AT Translated Set 2 keyboard as /devices/platform/i80=
42/serio0/input/input0
[    1.297166] ima: No architecture policies found
[    1.297186] evm: Initialising EVM extended attributes:
[    1.297188] evm: security.selinux
[    1.297189] evm: security.SMACK64 (disabled)
[    1.297190] evm: security.SMACK64EXEC (disabled)
[    1.297191] evm: security.SMACK64TRANSMUTE (disabled)
[    1.297192] evm: security.SMACK64MMAP (disabled)
[    1.297192] evm: security.apparmor
[    1.297193] evm: security.ima
[    1.297194] evm: security.capability
[    1.297195] evm: HMAC attrs: 0x1
[    1.300509] RAS: Correctable Errors collector initialized.
[    1.300794] clk: Disabling unused clocks
[    1.300797] PM: genpd: Disabling unused power domains
[    1.302420] Freeing unused decrypted memory: 2028K
[    1.303275] Freeing unused kernel image (initmem) memory: 4128K
[    1.303297] Write protecting the kernel read-only data: 24576k
[    1.304003] Freeing unused kernel image (rodata/data gap) memory: 1352K
[    1.313540] x86/mm: Checked W+X mappings: passed, no W+X pages found.
[    1.313552] Run /init as init process
[    1.313555]   with arguments:
[    1.313557]     /init
[    1.313557]     splash
[    1.313558]   with environment:
[    1.313559]     HOME=3D/
[    1.313560]     TERM=3Dlinux
[    1.313561]     BOOT_IMAGE=3D/boot/vmlinuz-6.12.5-ipu6
[    1.374217] input: Sleep Button as /devices/LNXSYSTM:00/LNXSYBUS:00/PNP0=
C0E:00/input/input1
[    1.374259] ACPI: button: Sleep Button [SLPB]
[    1.374331] input: Lid Switch as /devices/LNXSYSTM:00/LNXSYBUS:00/PNP0C0=
D:00/input/input2
[    1.374347] ACPI: button: Lid Switch [LID0]
[    1.374364] input: Power Button as /devices/LNXSYSTM:00/LNXSYBUS:00/PNP0=
C0C:00/input/input3
[    1.378476] wmi_bus wmi_bus-PNP0C14:04: [Firmware Info]: 8F1F6436-9F42-4=
2C8-BADC-0E9424F20C9A has zero instances
[    1.378480] wmi_bus wmi_bus-PNP0C14:04: [Firmware Info]: 8F1F6435-9F42-4=
2C8-BADC-0E9424F20C9A has zero instances
[    1.378481] wmi_bus wmi_bus-PNP0C14:04: [Firmware Info]: 7391A661-223A-4=
7DB-A77A-7BE84C60822D has zero instances
[    1.378482] wmi_bus wmi_bus-PNP0C14:04: [Firmware Info]: DF4E63B6-3BBC-4=
858-9737-C74F82F821F3 has zero instances
[    1.385986] i801_smbus 0000:00:1f.4: SPD Write Disable is set
[    1.386033] i801_smbus 0000:00:1f.4: SMBus using PCI interrupt
[    1.391027] ACPI: bus type USB registered
[    1.391042] usbcore: registered new interface driver usbfs
[    1.391046] usbcore: registered new interface driver hub
[    1.391052] usbcore: registered new device driver usb
[    1.394444] ACPI: bus type thunderbolt registered
[    1.398201] ACPI: button: Power Button [PWRB]
[    1.398254] input: Power Button as /devices/LNXSYSTM:00/LNXPWRBN:00/inpu=
t/input4
[    1.398366] ACPI: button: Power Button [PWRF]
[    1.402432] ACPI: bus type drm_connector registered
[    1.407938] ACPI: battery: Slot [BAT0] (battery present)
[    1.592214] i801_smbus 0000:00:1f.4: SMBus is busy, can't use it!
[    1.596389] nvme 0000:01:00.0: platform quirk: setting simple suspend
[    1.596469] nvme nvme0: pci function 0000:01:00.0
[    1.598749] hid: raw HID events driver (C) Jiri Kosina
[    1.606120] intel-lpss 0000:00:15.0: enabling device (0004 -> 0006)
[    1.606327] idma64 idma64.0: Found Intel integrated DMA 64-bit
[    1.616294] nvme nvme0: 22/0/0 default/read/poll queues
[    1.621237]  nvme0n1: p1 p2 p3 p4 p5 p6 p7
[    1.622122] intel-lpss 0000:00:15.1: enabling device (0004 -> 0006)
[    1.622547] idma64 idma64.1: Found Intel integrated DMA 64-bit
[    1.622919] xhci_hcd 0000:00:0d.0: xHCI Host Controller
[    1.622924] xhci_hcd 0000:00:0d.0: new USB bus registered, assigned bus =
number 1
[    1.624017] xhci_hcd 0000:00:0d.0: hcc params 0x20007fc1 hci version 0x1=
20 quirks 0x0000000200009810
[    1.624284] xhci_hcd 0000:00:0d.0: xHCI Host Controller
[    1.624285] xhci_hcd 0000:00:0d.0: new USB bus registered, assigned bus =
number 2
[    1.624286] xhci_hcd 0000:00:0d.0: Host supports USB 3.2 Enhanced SuperS=
peed
[    1.624312] usb usb1: New USB device found, idVendor=3D1d6b, idProduct=
=3D0002, bcdDevice=3D 6.12
[    1.624313] usb usb1: New USB device strings: Mfr=3D3, Product=3D2, Seri=
alNumber=3D1
[    1.624314] usb usb1: Product: xHCI Host Controller
[    1.624315] usb usb1: Manufacturer: Linux 6.12.5-ipu6 xhci-hcd
[    1.624315] usb usb1: SerialNumber: 0000:00:0d.0
[    1.624421] hub 1-0:1.0: USB hub found
[    1.624428] hub 1-0:1.0: 1 port detected
[    1.624671] usb usb2: New USB device found, idVendor=3D1d6b, idProduct=
=3D0003, bcdDevice=3D 6.12
[    1.624672] usb usb2: New USB device strings: Mfr=3D3, Product=3D2, Seri=
alNumber=3D1
[    1.624673] usb usb2: Product: xHCI Host Controller
[    1.624674] usb usb2: Manufacturer: Linux 6.12.5-ipu6 xhci-hcd
[    1.624674] usb usb2: SerialNumber: 0000:00:0d.0
[    1.624754] hub 2-0:1.0: USB hub found
[    1.624762] hub 2-0:1.0: 4 ports detected
[    1.627038] xhci_hcd 0000:00:14.0: xHCI Host Controller
[    1.627044] xhci_hcd 0000:00:14.0: new USB bus registered, assigned bus =
number 3
[    1.628150] xhci_hcd 0000:00:14.0: hcc params 0x20007fc1 hci version 0x1=
20 quirks 0x0000000200009810
[    1.628386] xhci_hcd 0000:00:14.0: xHCI Host Controller
[    1.628389] xhci_hcd 0000:00:14.0: new USB bus registered, assigned bus =
number 4
[    1.628391] xhci_hcd 0000:00:14.0: Host supports USB 3.2 Enhanced SuperS=
peed
[    1.628413] usb usb3: New USB device found, idVendor=3D1d6b, idProduct=
=3D0002, bcdDevice=3D 6.12
[    1.628414] usb usb3: New USB device strings: Mfr=3D3, Product=3D2, Seri=
alNumber=3D1
[    1.628415] usb usb3: Product: xHCI Host Controller
[    1.628416] usb usb3: Manufacturer: Linux 6.12.5-ipu6 xhci-hcd
[    1.628417] usb usb3: SerialNumber: 0000:00:14.0
[    1.628583] hub 3-0:1.0: USB hub found
[    1.629115] hub 3-0:1.0: 12 ports detected
[    1.629835] usb usb4: New USB device found, idVendor=3D1d6b, idProduct=
=3D0003, bcdDevice=3D 6.12
[    1.629838] usb usb4: New USB device strings: Mfr=3D3, Product=3D2, Seri=
alNumber=3D1
[    1.629838] usb usb4: Product: xHCI Host Controller
[    1.629839] usb usb4: Manufacturer: Linux 6.12.5-ipu6 xhci-hcd
[    1.629840] usb usb4: SerialNumber: 0000:00:14.0
[    1.629892] hub 4-0:1.0: USB hub found
[    1.629898] hub 4-0:1.0: 2 ports detected
[    1.644443] intel-lpss 0000:00:15.3: enabling device (0004 -> 0006)
[    1.644663] idma64 idma64.2: Found Intel integrated DMA 64-bit
[    1.661875] intel-lpss 0000:00:19.0: enabling device (0004 -> 0006)
[    1.678145] intel-lpss 0000:00:19.1: enabling device (0004 -> 0006)
[    1.731857] i2c_hid_acpi i2c-ELAN2513:00: i2c_hid_get_input: IRQ trigger=
ed but there's no data
[    1.734781] input: ELAN07CE:00 04F3:32C8 Mouse as /devices/pci0000:00/00=
00:00:15.0/i2c_designware.0/i2c-1/i2c-ELAN07CE:00/0018:04F3:32C8.0001/input=
/input5
[    1.734854] input: ELAN07CE:00 04F3:32C8 Touchpad as /devices/pci0000:00=
/0000:00:15.0/i2c_designware.0/i2c-1/i2c-ELAN07CE:00/0018:04F3:32C8.0001/in=
put/input7
[    1.734911] input: ELAN07CE:00 04F3:32C8 Consumer Control as /devices/pc=
i0000:00/0000:00:15.0/i2c_designware.0/i2c-1/i2c-ELAN07CE:00/0018:04F3:32C8=
.0001/input/input8
[    1.734945] hid-generic 0018:04F3:32C8.0001: input,hidraw0: I2C HID v1.0=
0 Mouse [ELAN07CE:00 04F3:32C8] on i2c-ELAN07CE:00
[    1.736054] input: ELAN2513:00 04F3:422C Touchscreen as /devices/pci0000=
:00/0000:00:15.1/i2c_designware.1/i2c-2/i2c-ELAN2513:00/0018:04F3:422C.0002=
/input/input9
[    1.736097] input: ELAN2513:00 04F3:422C as /devices/pci0000:00/0000:00:=
15.1/i2c_designware.1/i2c-2/i2c-ELAN2513:00/0018:04F3:422C.0002/input/input=
10
[    1.736111] input: ELAN2513:00 04F3:422C as /devices/pci0000:00/0000:00:=
15.1/i2c_designware.1/i2c-2/i2c-ELAN2513:00/0018:04F3:422C.0002/input/input=
11
[    1.736128] input: ELAN2513:00 04F3:422C Stylus as /devices/pci0000:00/0=
000:00:15.1/i2c_designware.1/i2c-2/i2c-ELAN2513:00/0018:04F3:422C.0002/inpu=
t/input12
[    1.736163] input: ELAN2513:00 04F3:422C Keyboard as /devices/pci0000:00=
/0000:00:15.1/i2c_designware.1/i2c-2/i2c-ELAN2513:00/0018:04F3:422C.0002/in=
put/input13
[    1.736180] input: ELAN2513:00 04F3:422C Mouse as /devices/pci0000:00/00=
00:00:15.1/i2c_designware.1/i2c-2/i2c-ELAN2513:00/0018:04F3:422C.0002/input=
/input14
[    1.736212] input: ELAN2513:00 04F3:422C as /devices/pci0000:00/0000:00:=
15.1/i2c_designware.1/i2c-2/i2c-ELAN2513:00/0018:04F3:422C.0002/input/input=
16
[    1.736227] input: ELAN2513:00 04F3:422C as /devices/pci0000:00/0000:00:=
15.1/i2c_designware.1/i2c-2/i2c-ELAN2513:00/0018:04F3:422C.0002/input/input=
17
[    1.736241] input: ELAN2513:00 04F3:422C as /devices/pci0000:00/0000:00:=
15.1/i2c_designware.1/i2c-2/i2c-ELAN2513:00/0018:04F3:422C.0002/input/input=
18
[    1.787443] hid-generic 0018:04F3:422C.0002: input,hidraw1: I2C HID v1.0=
0 Keyboard [ELAN2513:00 04F3:422C] on i2c-ELAN2513:00
[    1.882125] usb 3-3: new full-speed USB device number 2 using xhci_hcd
[    1.956846] i915 0000:00:02.0: [drm] Found METEORLAKE (device ID 7d55) d=
isplay version 14.00 stepping C0
[    1.958036] i915 0000:00:02.0: [drm] VT-d active for gfx access
[    1.958099] Console: switching to colour dummy device 80x25
[    1.958114] i915 0000:00:02.0: vgaarb: deactivate vga console
[    1.958125] i915 0000:00:02.0: [drm] Using Transparent Hugepages
[    1.978223] i915 0000:00:02.0: vgaarb: VGA decodes changed: olddecodes=
=3Dio+mem,decodes=3Dnone:owns=3Dio+mem
[    1.986516] i915 0000:00:02.0: [drm] Finished loading DMC firmware i915/=
mtl_dmc.bin (v2.23)
[    1.995837] input: ELAN07CE:00 04F3:32C8 Touchpad as /devices/pci0000:00=
/0000:00:15.0/i2c_designware.0/i2c-1/i2c-ELAN07CE:00/0018:04F3:32C8.0001/in=
put/input22
[    1.995870] input: ELAN07CE:00 04F3:32C8 Consumer Control as /devices/pc=
i0000:00/0000:00:15.0/i2c_designware.0/i2c-1/i2c-ELAN07CE:00/0018:04F3:32C8=
.0001/input/input23
[    1.995885] hid-multitouch 0018:04F3:32C8.0001: input,hidraw0: I2C HID v=
1.00 Mouse [ELAN07CE:00 04F3:32C8] on i2c-ELAN07CE:00
[    2.019477] i915 0000:00:02.0: [drm] GT0: GuC firmware i915/mtl_guc_70.b=
in version 70.29.2
[    2.023352] usb 3-3: New USB device found, idVendor=3D06cb, idProduct=3D=
016c, bcdDevice=3D 0.00
[    2.023355] usb 3-3: New USB device strings: Mfr=3D0, Product=3D0, Seria=
lNumber=3D1
[    2.023356] usb 3-3: SerialNumber: 17f07122a011
[    2.033361] i915 0000:00:02.0: [drm] GT0: GUC: submission enabled
[    2.033365] i915 0000:00:02.0: [drm] GT0: GUC: SLPC enabled
[    2.033579] i915 0000:00:02.0: [drm] GT0: GUC: RC enabled
[    2.038094] i915 0000:00:02.0: [drm] GT1: can't init GSC proxy due to mi=
ssing mei component
[    2.038316] i915 0000:00:02.0: [drm] GT1: GuC firmware i915/mtl_guc_70.b=
in version 70.29.2
[    2.038318] i915 0000:00:02.0: [drm] GT1: HuC firmware i915/mtl_huc_gsc.=
bin version 8.5.4
[    2.060472] i915 0000:00:02.0: [drm] GT1: HuC: authenticated for clear m=
edia
[    2.060840] i915 0000:00:02.0: [drm] GT1: GUC: submission enabled
[    2.060841] i915 0000:00:02.0: [drm] GT1: GUC: SLPC enabled
[    2.060913] i915 0000:00:02.0: [drm] GT1: GUC: RC enabled
[    2.063152] i915 0000:00:02.0: [drm] Protected Xe Path (PXP) protected c=
ontent support initialized
[    2.070498] [drm] Initialized i915 1.6.0 for 0000:00:02.0 on minor 0
[    2.070925] ACPI: video: Video Device [PXSX] (multi-head: no  rom: yes  =
post: no)
[    2.070957] input: Video Bus as /devices/LNXSYSTM:00/LNXSYBUS:00/PNP0A08=
:00/device:01/LNXVIDEO:00/input/input24
[    2.142117] usb 3-10: new full-speed USB device number 3 using xhci_hcd
[    2.163577] ACPI: video: Video Device [GFX0] (multi-head: yes  rom: no  =
post: no)
[    2.163934] input: Video Bus as /devices/LNXSYSTM:00/LNXSYBUS:00/PNP0A08=
:00/LNXVIDEO:01/input/input25
[    2.169730] fbcon: i915drmfb (fb0) is primary device
[    2.174734] input: ELAN2513:00 04F3:422C as /devices/pci0000:00/0000:00:=
15.1/i2c_designware.1/i2c-2/i2c-ELAN2513:00/0018:04F3:422C.0002/input/input=
26
[    2.174790] input: ELAN2513:00 04F3:422C UNKNOWN as /devices/pci0000:00/=
0000:00:15.1/i2c_designware.1/i2c-2/i2c-ELAN2513:00/0018:04F3:422C.0002/inp=
ut/input27
[    2.174806] input: ELAN2513:00 04F3:422C UNKNOWN as /devices/pci0000:00/=
0000:00:15.1/i2c_designware.1/i2c-2/i2c-ELAN2513:00/0018:04F3:422C.0002/inp=
ut/input28
[    2.174823] input: ELAN2513:00 04F3:422C Stylus as /devices/pci0000:00/0=
000:00:15.1/i2c_designware.1/i2c-2/i2c-ELAN2513:00/0018:04F3:422C.0002/inpu=
t/input29
[    2.174861] input: ELAN2513:00 04F3:422C Keyboard as /devices/pci0000:00=
/0000:00:15.1/i2c_designware.1/i2c-2/i2c-ELAN2513:00/0018:04F3:422C.0002/in=
put/input30
[    2.174880] input: ELAN2513:00 04F3:422C Mouse as /devices/pci0000:00/00=
00:00:15.1/i2c_designware.1/i2c-2/i2c-ELAN2513:00/0018:04F3:422C.0002/input=
/input31
[    2.174917] input: ELAN2513:00 04F3:422C UNKNOWN as /devices/pci0000:00/=
0000:00:15.1/i2c_designware.1/i2c-2/i2c-ELAN2513:00/0018:04F3:422C.0002/inp=
ut/input33
[    2.174932] input: ELAN2513:00 04F3:422C UNKNOWN as /devices/pci0000:00/=
0000:00:15.1/i2c_designware.1/i2c-2/i2c-ELAN2513:00/0018:04F3:422C.0002/inp=
ut/input34
[    2.174948] input: ELAN2513:00 04F3:422C UNKNOWN as /devices/pci0000:00/=
0000:00:15.1/i2c_designware.1/i2c-2/i2c-ELAN2513:00/0018:04F3:422C.0002/inp=
ut/input35
[    2.201914] i915 0000:00:02.0: [drm] GT1: Loaded GSC firmware i915/mtl_g=
sc_1.bin (cv1.0, r102.0.10.1878, svn 1)
[    2.221753] hid-multitouch 0018:04F3:422C.0002: input,hidraw1: I2C HID v=
1.00 Keyboard [ELAN2513:00 04F3:422C] on i2c-ELAN2513:00
[    2.221912] i915 0000:00:02.0: [drm] GT1: HuC: authenticated for all wor=
kloads
[    2.221917] i915 0000:00:02.0: [drm] *ERROR* GT1: GSC proxy handler fail=
ed to init
[    2.222148] tpm tpm0: auth session is active
[    2.280293] usb 3-10: New USB device found, idVendor=3D8087, idProduct=
=3D0033, bcdDevice=3D 0.00
[    2.280297] usb 3-10: New USB device strings: Mfr=3D0, Product=3D0, Seri=
alNumber=3D0
[    2.462443] ish-hid {33AECD58-B679-4E54-9BD9-A04D34F0C226}: [hid-ish]: e=
num_devices_done OK, num_hid_devices=3D6
[    2.468616] hid-generic 001F:8087:0AC2.0003: hidraw2: SENSOR HUB HID v2.=
00 Device [hid-ishtp 8087:0AC2] on=20
[    2.474068] hid-generic 001F:8087:0AC2.0004: hidraw3: SENSOR HUB HID v2.=
00 Device [hid-ishtp 8087:0AC2] on=20
[    2.483923] hid-generic 001F:8087:0AC2.0005: hidraw4: SENSOR HUB HID v2.=
00 Device [hid-ishtp 8087:0AC2] on=20
[    2.489868] hid-generic 001F:8087:0AC2.0006: hidraw5: SENSOR HUB HID v2.=
00 Device [hid-ishtp 8087:0AC2] on=20
[    2.494813] hid-generic 001F:8087:0AC2.0007: hidraw6: SENSOR HUB HID v2.=
00 Device [hid-ishtp 8087:0AC2] on=20
[    2.496342] hid-generic 001F:8087:0AC2.0008: hidraw7: SENSOR HUB HID v2.=
00 Device [hid-ishtp 8087:0AC2] on=20
[    2.499085] hid-sensor-hub 001F:8087:0AC2.0003: hidraw2: SENSOR HUB HID =
v2.00 Device [hid-ishtp 8087:0AC2] on=20
[    2.499867] hid-sensor-hub 001F:8087:0AC2.0004: hidraw3: SENSOR HUB HID =
v2.00 Device [hid-ishtp 8087:0AC2] on=20
[    2.500437] hid-sensor-hub 001F:8087:0AC2.0005: hidraw4: SENSOR HUB HID =
v2.00 Device [hid-ishtp 8087:0AC2] on=20
[    2.501069] hid-sensor-hub 001F:8087:0AC2.0006: hidraw5: SENSOR HUB HID =
v2.00 Device [hid-ishtp 8087:0AC2] on=20
[    2.501666] hid-sensor-hub 001F:8087:0AC2.0007: hidraw6: SENSOR HUB HID =
v2.00 Device [hid-ishtp 8087:0AC2] on=20
[    2.501810] hid-sensor-hub 001F:8087:0AC2.0008: hidraw7: SENSOR HUB HID =
v2.00 Device [hid-ishtp 8087:0AC2] on=20
[    3.567577] Console: switching to colour frame buffer device 180x56
[    3.577120] i915 0000:00:02.0: [drm] fb0: i915drmfb frame buffer device
[    3.698114] raid6: avx2x4   gen() 59639 MB/s
[    3.766108] raid6: avx2x2   gen() 62036 MB/s
[    3.834163] raid6: avx2x1   gen() 60606 MB/s
[    3.834163] raid6: using algorithm avx2x2 gen() 62036 MB/s
[    3.902108] raid6: .... xor() 43297 MB/s, rmw enabled
[    3.902109] raid6: using avx2x2 recovery algorithm
[    3.904419] xor: automatically using best checksumming function   avx   =
   =20
[    3.905900] async_tx: api initialized (async)
[    4.291262] i915 0000:00:02.0: [drm] Selective fetch area calculation fa=
iled in pipe A
[    4.762729] Btrfs loaded, zoned=3Dyes, fsverity=3Dyes
[    4.814029] PM: Image not found (code -22)
[    4.886435] EXT4-fs (nvme0n1p4): orphan cleanup on readonly fs
[    4.886614] EXT4-fs (nvme0n1p4): mounted filesystem 7881f7bb-dbe6-4323-8=
87f-dd718adb7a8b ro with ordered data mode. Quota mode: none.
[    4.941588] Not activating Mandatory Access Control as /sbin/tomoyo-init=
 does not exist.
[    4.974595] systemd[1]: Inserted module 'autofs4'
[    5.343447] systemd[1]: systemd 257-2 running in system mode (+PAM +AUDI=
T +SELINUX +APPARMOR +IMA +IPE +SMACK +SECCOMP +GCRYPT -GNUTLS +OPENSSL +AC=
L +BLKID +CURL +ELFUTILS +FIDO2 +IDN2 -IDN +IPTC +KMOD +LIBCRYPTSETUP +LIBC=
RYPTSETUP_PLUGINS +LIBFDISK +PCRE2 +PWQUALITY +P11KIT +QRENCODE +TPM2 +BZIP=
2 +LZ4 +XZ +ZLIB +ZSTD +BPF_FRAMEWORK +BTF -XKBCOMMON -UTMP +SYSVINIT +LIBA=
RCHIVE)
[    5.343461] systemd[1]: Detected architecture x86-64.
[    5.353031] systemd[1]: Hostname set to <DuanesSpectre16>.
[    5.405818] systemd[1]: bpf-restrict-fs: Failed to load BPF object: No s=
uch process
[    5.486827] systemd[1]: Queued start job for default target graphical.ta=
rget.
[    5.521321] systemd[1]: Created slice system-getty.slice - Slice /system=
/getty.
[    5.521570] systemd[1]: Created slice system-modprobe.slice - Slice /sys=
tem/modprobe.
[    5.521775] systemd[1]: Created slice system-systemd\x2dfsck.slice - Sli=
ce /system/systemd-fsck.
[    5.522013] systemd[1]: Created slice system-xfs_scrub.slice - xfs_scrub=
 background service slice.
[    5.522161] systemd[1]: Created slice user.slice - User and Session Slic=
e.
[    5.522193] systemd[1]: Started systemd-ask-password-wall.path - Forward=
 Password Requests to Wall Directory Watch.
[    5.522300] systemd[1]: Set up automount proc-sys-fs-binfmt_misc.automou=
nt - Arbitrary Executable File Formats File System Automount Point.
[    5.522312] systemd[1]: Expecting device dev-disk-by\x2duuid-12DE8F49DE8=
F2457.device - /dev/disk/by-uuid/12DE8F49DE8F2457...
[    5.522316] systemd[1]: Expecting device dev-disk-by\x2duuid-96c2339a\x2=
dae0c\x2d4a9d\x2d9d62\x2dfbbce901defc.device - /dev/disk/by-uuid/96c2339a-a=
e0c-4a9d-9d62-fbbce901defc...
[    5.522320] systemd[1]: Expecting device dev-disk-by\x2duuid-9DB2\x2d2D8=
0.device - /dev/disk/by-uuid/9DB2-2D80...
[    5.522337] systemd[1]: Reached target nss-user-lookup.target - User and=
 Group Name Lookups.
[    5.522351] systemd[1]: Reached target slices.target - Slice Units.
[    5.525728] systemd[1]: Listening on rpcbind.socket - RPCbind Server Act=
ivation Socket.
[    5.529196] systemd[1]: Listening on systemd-coredump.socket - Process C=
ore Dump Socket.
[    5.529751] systemd[1]: Listening on systemd-creds.socket - Credential E=
ncryption/Decryption.
[    5.529808] systemd[1]: Listening on systemd-initctl.socket - initctl Co=
mpatibility Named Pipe.
[    5.529852] systemd[1]: Listening on systemd-journald-dev-log.socket - J=
ournal Socket (/dev/log).
[    5.529890] systemd[1]: Listening on systemd-journald.socket - Journal S=
ockets.
[    5.529918] systemd[1]: systemd-pcrextend.socket - TPM PCR Measurements =
was skipped because of an unmet condition check (ConditionSecurity=3Dmeasur=
ed-uki).
[    5.529927] systemd[1]: systemd-pcrlock.socket - Make TPM PCR Policy was=
 skipped because of an unmet condition check (ConditionSecurity=3Dmeasured-=
uki).
[    5.529959] systemd[1]: Listening on systemd-udevd-control.socket - udev=
 Control Socket.
[    5.529985] systemd[1]: Listening on systemd-udevd-kernel.socket - udev =
Kernel Socket.
[    5.530717] systemd[1]: Mounting dev-hugepages.mount - Huge Pages File S=
ystem...
[    5.531165] systemd[1]: Mounting dev-mqueue.mount - POSIX Message Queue =
File System...
[    5.532061] systemd[1]: Mounting run-lock.mount - Legacy Locks Directory=
 /run/lock...
[    5.532783] systemd[1]: Mounting sys-kernel-debug.mount - Kernel Debug F=
ile System...
[    5.533502] systemd[1]: Mounting sys-kernel-tracing.mount - Kernel Trace=
 File System...
[    5.533602] systemd[1]: auth-rpcgss-module.service - Kernel Module suppo=
rting RPCSEC_GSS was skipped because of an unmet condition check (Condition=
PathExists=3D/etc/krb5.keytab).
[    5.534263] systemd[1]: Starting keyboard-setup.service - Set the consol=
e keyboard layout...
[    5.535173] systemd[1]: Starting kmod-static-nodes.service - Create List=
 of Static Device Nodes...
[    5.535654] systemd[1]: Starting modprobe@configfs.service - Load Kernel=
 Module configfs...
[    5.536141] systemd[1]: Starting modprobe@drm.service - Load Kernel Modu=
le drm...
[    5.536609] systemd[1]: Starting modprobe@efi_pstore.service - Load Kern=
el Module efi_pstore...
[    5.537558] systemd[1]: Starting modprobe@fuse.service - Load Kernel Mod=
ule fuse...
[    5.537690] systemd[1]: systemd-fsck-root.service - File System Check on=
 Root Device was skipped because of an unmet condition check (ConditionPath=
Exists=3D!/run/initramfs/fsck-root).
[    5.537735] systemd[1]: systemd-hibernate-clear.service - Clear Stale Hi=
bernate Storage Info was skipped because of an unmet condition check (Condi=
tionPathExists=3D/sys/firmware/efi/efivars/HibernateLocation-8cf2644b-4b0b-=
428f-9387-6d876050dc67).
[    5.540453] systemd[1]: Starting systemd-journald.service - Journal Serv=
ice...
[    5.541156] systemd[1]: Starting systemd-modules-load.service - Load Ker=
nel Modules...
[    5.541177] systemd[1]: systemd-pcrmachine.service - TPM PCR Machine ID =
Measurement was skipped because of an unmet condition check (ConditionSecur=
ity=3Dmeasured-uki).
[    5.541502] pstore: Using crash dump compression: deflate
[    5.541949] systemd[1]: Starting systemd-remount-fs.service - Remount Ro=
ot and Kernel File Systems...
[    5.541992] systemd[1]: systemd-tpm2-setup-early.service - Early TPM SRK=
 Setup was skipped because of an unmet condition check (ConditionSecurity=
=3Dmeasured-uki).
[    5.542797] systemd[1]: Starting systemd-udev-load-credentials.service -=
 Load udev Rules from Credentials...
[    5.543471] systemd[1]: Starting systemd-udev-trigger.service - Coldplug=
 All udev Devices...
[    5.544927] systemd[1]: Mounted dev-hugepages.mount - Huge Pages File Sy=
stem.
[    5.544972] systemd[1]: Mounted dev-mqueue.mount - POSIX Message Queue F=
ile System.
[    5.545005] systemd[1]: Mounted run-lock.mount - Legacy Locks Directory =
/run/lock.
[    5.545037] systemd[1]: Mounted sys-kernel-debug.mount - Kernel Debug Fi=
le System.
[    5.545068] systemd[1]: Mounted sys-kernel-tracing.mount - Kernel Trace =
File System.
[    5.545182] systemd[1]: Finished kmod-static-nodes.service - Create List=
 of Static Device Nodes.
[    5.545301] systemd[1]: modprobe@configfs.service: Deactivated successfu=
lly.
[    5.545368] systemd[1]: Finished modprobe@configfs.service - Load Kernel=
 Module configfs.
[    5.545462] systemd[1]: modprobe@drm.service: Deactivated successfully.
[    5.545524] systemd[1]: Finished modprobe@drm.service - Load Kernel Modu=
le drm.
[    5.545611] systemd[1]: modprobe@fuse.service: Deactivated successfully.
