Return-Path: <linux-media+bounces-38615-lists+linux-media=lfdr.de@vger.kernel.org>
X-Original-To: lists+linux-media@lfdr.de
Delivered-To: lists+linux-media@lfdr.de
Received: from am.mirrors.kernel.org (am.mirrors.kernel.org [IPv6:2604:1380:4601:e00::3])
	by mail.lfdr.de (Postfix) with ESMTPS id 8A7EDB14949
	for <lists+linux-media@lfdr.de>; Tue, 29 Jul 2025 09:42:41 +0200 (CEST)
Received: from smtp.subspace.kernel.org (relay.kernel.org [52.25.139.140])
	(using TLSv1.2 with cipher ECDHE-ECDSA-AES256-GCM-SHA384 (256/256 bits))
	(No client certificate requested)
	by am.mirrors.kernel.org (Postfix) with ESMTPS id E6966189E3A1
	for <lists+linux-media@lfdr.de>; Tue, 29 Jul 2025 07:42:57 +0000 (UTC)
Received: from localhost.localdomain (localhost.localdomain [127.0.0.1])
	by smtp.subspace.kernel.org (Postfix) with ESMTP id 739742652B2;
	Tue, 29 Jul 2025 07:42:33 +0000 (UTC)
Authentication-Results: smtp.subspace.kernel.org;
	dkim=pass (2048-bit key) header.d=kerneltoast.com header.i=@kerneltoast.com header.b="cyHen8k8"
X-Original-To: linux-media@vger.kernel.org
Received: from mail-pf1-f170.google.com (mail-pf1-f170.google.com [209.85.210.170])
	(using TLSv1.2 with cipher ECDHE-RSA-AES128-GCM-SHA256 (128/128 bits))
	(No client certificate requested)
	by smtp.subspace.kernel.org (Postfix) with ESMTPS id 75D0F25BEE7
	for <linux-media@vger.kernel.org>; Tue, 29 Jul 2025 07:42:23 +0000 (UTC)
Authentication-Results: smtp.subspace.kernel.org; arc=none smtp.client-ip=209.85.210.170
ARC-Seal:i=1; a=rsa-sha256; d=subspace.kernel.org; s=arc-20240116;
	t=1753774952; cv=none; b=UIuxJqdqYC3slRJtn40lJQ3/nO47F0gR0iZkyVxA5DYPpNOW78/Dzn7uaLofChYtxmdGWxZchMvFwLI+u1RU5ZQgtZV7AyDdzt9ANY1JXzTDMEJJoNRwfyUOwa/WBM7npisziCMCMJXY8WZAR2ZTqgh523ASXLb4FpedS1dz3NQ=
ARC-Message-Signature:i=1; a=rsa-sha256; d=subspace.kernel.org;
	s=arc-20240116; t=1753774952; c=relaxed/simple;
	bh=FdqjicPlmiCBkE4Bc3VGntuRYeWEQVM1zmiWTRYDgwc=;
	h=Date:From:To:Cc:Subject:Message-ID:References:MIME-Version:
	 Content-Type:Content-Disposition:In-Reply-To; b=eOMToq9z0dDQnGz7tIENgwL6bLL1yJIFeaVxQe9jLavKH+WdyOnhTPn0sSbj/uONUbfzrRU5/sfcjk+Z4WsGxjfq1ocp5aShauDN6O3b6KzDFxH92NanXfC2HnayGOZpp3HGGaeQNh4ifUotb32EdGK4aG70iW0eHt/DdhLy0pc=
ARC-Authentication-Results:i=1; smtp.subspace.kernel.org; dmarc=pass (p=reject dis=none) header.from=kerneltoast.com; spf=pass smtp.mailfrom=kerneltoast.com; dkim=pass (2048-bit key) header.d=kerneltoast.com header.i=@kerneltoast.com header.b=cyHen8k8; arc=none smtp.client-ip=209.85.210.170
Authentication-Results: smtp.subspace.kernel.org; dmarc=pass (p=reject dis=none) header.from=kerneltoast.com
Authentication-Results: smtp.subspace.kernel.org; spf=pass smtp.mailfrom=kerneltoast.com
Received: by mail-pf1-f170.google.com with SMTP id d2e1a72fcca58-748e81d37a7so3496147b3a.1
        for <linux-media@vger.kernel.org>; Tue, 29 Jul 2025 00:42:23 -0700 (PDT)
DKIM-Signature: v=1; a=rsa-sha256; c=relaxed/relaxed;
        d=kerneltoast.com; s=google; t=1753774943; x=1754379743; darn=vger.kernel.org;
        h=in-reply-to:content-disposition:mime-version:references:message-id
         :subject:cc:to:from:date:from:to:cc:subject:date:message-id:reply-to;
        bh=8uw7PlKFphM3SmZXiqTQm/uA75mNtlJdWwvEIE7Yock=;
        b=cyHen8k8Mm0ROZ4vBADPE/71rSZnnu2jgWnQJoE8qUCkhv5kaH7SnrzLwy4FCxJGeT
         A1qimg7FjqqR6uTHfCEXjluIT3vBqzlzIjdcCDevjyPSXc9xHbdA0ysiX0W+klaOhHmn
         9be4qWueUsmYWv7XUUYmmZJ9euLWaSPI8SRjEtSHpSzRVBiP+VLo6c9aoSW4rrY+a7mT
         nWXESvrq0KfkEZXu6VHVD4bAkYkAlPvH1bwHkzo45zCIpyZobjKLgoZYhR4XiFsizDPo
         FLj0AwuceLJbJNAVRaRB0tWghIYh4O6OAkclnNbdXW/zpfb2tBd+qgTU+PS/VINHS91L
         iIsg==
X-Google-DKIM-Signature: v=1; a=rsa-sha256; c=relaxed/relaxed;
        d=1e100.net; s=20230601; t=1753774943; x=1754379743;
        h=in-reply-to:content-disposition:mime-version:references:message-id
         :subject:cc:to:from:date:x-gm-message-state:from:to:cc:subject:date
         :message-id:reply-to;
        bh=8uw7PlKFphM3SmZXiqTQm/uA75mNtlJdWwvEIE7Yock=;
        b=SHIbJSV/t3/tE/i8svNON+HpeUT62Dz3zwCUundb8BaVVKRWLpPBx9JfLnNXCMA0ii
         Q6JLdhctrut4hZqVVE3bwWa+0H8yfVHVSn8UBsoNkrT9CaWA/e4OjzceWgwITRYzi9Lk
         OfLOV7BSau51g0xjb16W8XwPgJ9mfzkSC1GNyrvhokYJUqYL+f961Q6+qW6gxht+MOtK
         1rSU6WG91G6cTC1EWaR6MXhMp9UOYoh1g43BgnsRm6s9H/4oGCTuXMjqktav/krOSr+B
         1fQqu3puj2n4BigDUnfPHQ6hqjBv4v4N/3MbHv0urM7aEGZMm8S5oS1x4s+DWpgUi8A+
         uz3w==
X-Forwarded-Encrypted: i=1; AJvYcCVhzqpv+uwF7x9ESJZk5yqYQeFZg0kJktyX5evscQr8qihpbZl4uHEzbvpOvEQmq8H7WfvXCdVh9d/Cgw==@vger.kernel.org
X-Gm-Message-State: AOJu0YxDDqw4Mwh2WE336dmtE1zqWeAHRqxr1nJQqPBroJw5bXEOSsLQ
	ysR8P2dMdlG0PphrM2Gn2b5d4b199FQNTnsJxsvChZNsc10tWmEEqnm95XhOauvhQHOl
X-Gm-Gg: ASbGnct8PEY9ooyw8y3R69ahrfuwWZpeaFpIcZQaYCY08a8b3qwGexrk/hIVOTkHpxW
	1+UDA2yH45B+IpcgiooSN66xTU0yyUCZ4aKxtM0Bnijt5UHqLZ5nHAb1M7IQ4Slx07PAJEwDMDH
	vnoMctT4G+CWYzxB4wqRTjl9I8uNWhju+2QXNimuPDVctBLpCY8BX3OCcqW4u97udDTgXIhZXsw
	GhLBeJP00V4AGK6IOt9SGy68vrqiIoHYO/jXnU5vwOLf1ObZZ+g7ZrHC37zGwTEqODlXJrUMcXW
	o8MrkJh3KjsCYGni3PhIcaRPxnE4JhNMNpLsNcl9u9rUJbJhuc5ZRxfvvdvFjYOM8pZot1KSgfR
	Ceg3P2f3xGz2hC+S46VJKLsit
X-Google-Smtp-Source: AGHT+IHG3JlUwigF15T0XwhDxzlsY2s/tUjrYQgDnnRgkFRBCyrBoP03AMu5+REr9myqURLGjXjqYQ==
X-Received: by 2002:a05:6a00:4fcf:b0:749:4fd7:3513 with SMTP id d2e1a72fcca58-763389ac8ddmr21558966b3a.16.1753774942464;
        Tue, 29 Jul 2025 00:42:22 -0700 (PDT)
Received: from sultan-box ([79.127.217.54])
        by smtp.gmail.com with ESMTPSA id d2e1a72fcca58-76408feb6casm7296388b3a.59.2025.07.29.00.42.18
        (version=TLS1_3 cipher=TLS_AES_256_GCM_SHA384 bits=256/256);
        Tue, 29 Jul 2025 00:42:21 -0700 (PDT)
Date: Tue, 29 Jul 2025 00:42:16 -0700
From: Sultan Alsawaf <sultan@kerneltoast.com>
To: "Du, Bin" <bin.du@amd.com>
Cc: mchehab@kernel.org, hverkuil@xs4all.nl,
	laurent.pinchart+renesas@ideasonboard.com,
	bryan.odonoghue@linaro.org, sakari.ailus@linux.intel.com,
	prabhakar.mahadev-lad.rj@bp.renesas.com,
	linux-media@vger.kernel.org, linux-kernel@vger.kernel.org,
	pratap.nirujogi@amd.com, benjamin.chan@amd.com, king.li@amd.com,
	gjorgji.rosikopulos@amd.com, Phil.Jawich@amd.com,
	Dominic.Antony@amd.com
Subject: Re: [PATCH v2 0/8] Add AMD ISP4 driver
Message-ID: <aIh7WB0TGNU15Zm1@sultan-box>
References: <20250618091959.68293-1-Bin.Du@amd.com>
 <aIEmJXNpNN0QF233@sultan-box>
 <12fb4d09-6b94-4f54-86b8-8a3ac0949151@amd.com>
 <aIVXVpg_9XxRXUAH@sultan-box>
 <b02d0749-6ecb-4e69-818a-6268f894464d@amd.com>
Precedence: bulk
X-Mailing-List: linux-media@vger.kernel.org
List-Id: <linux-media.vger.kernel.org>
List-Subscribe: <mailto:linux-media+subscribe@vger.kernel.org>
List-Unsubscribe: <mailto:linux-media+unsubscribe@vger.kernel.org>
MIME-Version: 1.0
Content-Type: multipart/mixed; boundary="LPdxapUyg6j0wNvs"
Content-Disposition: inline
In-Reply-To: <b02d0749-6ecb-4e69-818a-6268f894464d@amd.com>


--LPdxapUyg6j0wNvs
Content-Type: text/plain; charset=us-ascii
Content-Disposition: inline

On Tue, Jul 29, 2025 at 11:32:23AM +0800, Du, Bin wrote:
> Thanks Sultan, please see my comments
> 
> On 7/27/2025 6:31 AM, Sultan Alsawaf wrote:
> > On Fri, Jul 25, 2025 at 06:22:03PM +0800, Du, Bin wrote:
> > > > I have the Ryzen AI MAX+ 395 SKU of the HP ZBook Ultra G1a 14.
> > > > 
> > > > I cannot for the life of me get the webcam working under Linux. The webcam works
> > > > under Windows so it's not a hardware issue.
> > > > 
> > > > With this patchset and all of the patches you link here applied to 6.15, I get
> > > > the following errors:
> > > >     [   11.970038] amd_isp_i2c_designware amd_isp_i2c_designware: Unknown Synopsys component type: 0xffffffff
> > > >     [   11.973162] amd_isp_i2c_designware amd_isp_i2c_designware: error -19: i2c_dw_probe failed
> > > > 
> > > > With the old ispkernel code from February [1] applied on 6.15, the webcam
> > > > indicator LED lights up but there's no image. I see these messages at boot:
> > > >     [    9.449005] amd_isp_capture amd_isp_capture.1.auto: amdgpu: AMD ISP v4l2 device registered
> > > >     [    9.489005] amd_isp_i2c_designware amd_isp_i2c_designware.2.auto: The OV05 sensor device is added to the ISP I2C bus
> > > >     [    9.529012] amd_isp_i2c_designware amd_isp_i2c_designware.2.auto: timeout while trying to abort current transfer
> > > >     [    9.554046] amd_isp_i2c_designware amd_isp_i2c_designware.2.auto: timeout in disabling adapter
> > > >     [    9.554174] amd_isp_i2c_designware amd_isp_i2c_designware.2.auto: timeout while trying to abort current transfer
> > > >     [    9.580022] amd_isp_i2c_designware amd_isp_i2c_designware.2.auto: timeout in disabling adapter
> > > > 
> > > > And then the kernel crashes due to the same use-after-free issues I pointed out
> > > > in my other email [2].
> > > > 
> > > > Any idea what's going on?
> > > > 
> > > > [1] https://github.com/amd/Linux_ISP_Kernel/commit/c6d42584fbd0aa42cc91ecf16dc5c4f3dfea0bb4
> > > > [2] https://lore.kernel.org/r/aIEiJL83pOYO8lUJ@sultan-box
> > > Hi Sultan,
> > > 
> > > [1] is for kernel 6.8, believe it can't be applied to 6.15. We didn't verify
> > > on 6.15 but we are really glad to help, would you please provide some info,
> > > 1. Suppose you are using Ubuntu, right? What's the version?
> > > 2. 6.15, do you mean https://github.com/torvalds/linux/tree/v6.15 ?
> > > 
> > > After your confirmation, we'll see what we can do to enable your camera
> > > quickly and easily
> > > 
> > > Regards,
> > > Bin
> > 
> > Thank you, Bin!
> > 
> > 1. I'm using Arch Linux with the ISP4-patched libcamera [1].
> > 2. Yes, here is my kernel source [2].
> > 
> > I have some more findings:
> > 
> > Currently, the first blocking issue is that the I2C adapter fails to initialize.
> > This is because the ISP tile isn't powered on.
> > 
> > I noticed that in the old version of amd_isp_i2c_designware [3], there were
> > calls to isp_power_set(), which is available in the old ISP4 sources [4].
> > Without isp_power_set(), the I2C adapter always fails to initialize for me.
> > 
> > How is the ISP tile supposed to get powered on in the current ISP4 code?
> > 
> You are correct, yes, i believe the I2C adapter failure is caused by ISP not
> being powered up. Currently in latest code, isp_power_set is no longer
> available, instead, we implemented genPD for ISP in amdgpu
> https://lore.kernel.org/all/20250618221923.3944751-1-pratap.nirujogi@amd.com/
> Both amd_isp_i2c and amd_isp_capture are in the power domain and use the
> standard runtime PM API to do the power control

Thanks for that link, I found it along with another patch on the list to make
the fwnode work ("drm/amd/amdgpu: Initialize swnode for ISP MFD device").

> > Also, I noticed that the driver init ordering matters between all of the drivers
> > needed for the ISP4 camera. In particular, amd_isp_i2c_designware and amd_isp4
> > must be initialized before amd_capture, otherwise amd_capture will fail to find
> > the fwnode properties for the OV05C10 device attached to the I2C bus.
> > 
> > But there is no driver init ordering enforced, which also caused some issues for
> > me until I figured it out. Maybe probe deferral (-EPROBE_DEFER) should be used
> > to ensure each driver waits for its dependencies to init first?
> > 
> amd_isp_capture only has dependency on amd_isp4 which is the ACPI platform
> driver, it is init before amd_isp_catpure.
> Do you see in your side the amd_capture probe failure caused by failing to
> read fwnode properties? If that's the case please help to check if amd_isp4
> is loaded successfully

I got much further now: there aren't any driver initialization errors, but when
I open the camera, there's no image. The camera LED turns on so it's active.

And then shortly afterwards, amdgpu dies and the entire system freezes.

I've attached my full dmesg, please let me know what you think. Thanks!

Sultan

--LPdxapUyg6j0wNvs
Content-Type: text/plain; charset=us-ascii
Content-Disposition: attachment; filename=isp4-amdgpu-dies-dmesg.txt
Content-Transfer-Encoding: quoted-printable

[    4.221499] kernel: Linux version 6.16.0-00020-g541e951a4e8a (sultan@sul=
tan-box) (gcc (GCC) 15.1.1 20250425, GNU ld (GNU Binutils) 2.44.0) #1 SMP P=
REEMPT_DYNAMIC Mon Jul 28 23:17:19 PDT 2025
[    4.221530] kernel: Command line: BOOT_IMAGE=3D/vmlinuz-linux-sultan roo=
t=3DUUID=3D18516d14-ae39-4b89-8899-95270912d67b rw module_blacklist=3Dnouve=
au,pcspkr,ntfs3 quiet cryptdevice=3DUUID=3D086cda6b-894f-4a2b-b380-33584642=
1e3f:cryptroot:allow-discards,no-read-workqueue,no-write-workqueue root=3D/=
dev/mapper/cryptroot audit=3D0 psi=3D0 init_on_alloc=3D0 tsx=3Doff memory_c=
orruption_check=3D0 noirqdebug zswap.enabled=3D0 iwlmvm.power_scheme=3D3 pc=
ie_aspm=3Dforce split_lock_detect=3Doff asus_wmi.fnlock_default=3Dfalse efi=
_pstore.pstore_disable=3D0
[    4.221535] kernel: x86/split lock detection: disabled
[    4.221539] kernel: BIOS-provided physical RAM map:
[    4.221543] kernel: BIOS-e820: [mem 0x0000000000000000-0x000000000009eff=
f] usable
[    4.221546] kernel: BIOS-e820: [mem 0x000000000009f000-0x000000000009fff=
f] reserved
[    4.221549] kernel: BIOS-e820: [mem 0x0000000000100000-0x0000000009effff=
f] usable
[    4.221553] kernel: BIOS-e820: [mem 0x0000000009f00000-0x0000000009f87ff=
f] ACPI NVS
[    4.221556] kernel: BIOS-e820: [mem 0x0000000009f88000-0x0000000044bcfff=
f] usable
[    4.221559] kernel: BIOS-e820: [mem 0x0000000044bd0000-0x00000000451cfff=
f] type 20
[    4.221562] kernel: BIOS-e820: [mem 0x00000000451d0000-0x000000004899bff=
f] reserved
[    4.221566] kernel: BIOS-e820: [mem 0x000000004899c000-0x000000004909bff=
f] ACPI NVS
[    4.221569] kernel: BIOS-e820: [mem 0x000000004909c000-0x000000004913dff=
f] ACPI data
[    4.221572] kernel: BIOS-e820: [mem 0x000000004913e000-0x0000000052bd1ff=
f] usable
[    4.221576] kernel: BIOS-e820: [mem 0x0000000052bd2000-0x0000000052bd2ff=
f] reserved
[    4.221579] kernel: BIOS-e820: [mem 0x0000000052bd3000-0x0000000052bdbff=
f] usable
[    4.221582] kernel: BIOS-e820: [mem 0x0000000052bdc000-0x0000000052bdcff=
f] reserved
[    4.221585] kernel: BIOS-e820: [mem 0x0000000052bdd000-0x000000005d133ff=
f] usable
[    4.221588] kernel: BIOS-e820: [mem 0x000000005d134000-0x000000005d138ff=
f] reserved
[    4.221590] kernel: BIOS-e820: [mem 0x000000005d139000-0x0000000077fffff=
f] usable
[    4.221593] kernel: BIOS-e820: [mem 0x0000000078000000-0x000000007bfffff=
f] reserved
[    4.221597] kernel: BIOS-e820: [mem 0x000000007d675000-0x000000007d6ffff=
f] reserved
[    4.221599] kernel: BIOS-e820: [mem 0x000000007d800000-0x000000007ffffff=
f] reserved
[    4.221602] kernel: BIOS-e820: [mem 0x00000000e0000000-0x00000000effffff=
f] reserved
[    4.221605] kernel: BIOS-e820: [mem 0x00000000fd300000-0x00000000fd3ffff=
f] reserved
[    4.221608] kernel: BIOS-e820: [mem 0x00000000fec00000-0x00000000fec00ff=
f] reserved
[    4.221611] kernel: BIOS-e820: [mem 0x00000000fec10000-0x00000000fec10ff=
f] reserved
[    4.221614] kernel: BIOS-e820: [mem 0x00000000fed80000-0x00000000fed80ff=
f] reserved
[    4.221617] kernel: BIOS-e820: [mem 0x00000000fedf1000-0x00000000fedf1ff=
f] reserved
[    4.221620] kernel: BIOS-e820: [mem 0x00000000fee00000-0x00000000fee00ff=
f] reserved
[    4.221622] kernel: BIOS-e820: [mem 0x0000000100000000-0x0000000f7e0bfff=
f] usable
[    4.221625] kernel: BIOS-e820: [mem 0x0000000f7e0c0000-0x00000010b01ffff=
f] reserved
[    4.221628] kernel: BIOS-e820: [mem 0x000000fd00000000-0x000000fd01fffff=
f] reserved
[    4.221630] kernel: NX (Execute Disable) protection: active
[    4.221633] kernel: APIC: Static calls initialized
[    4.221636] kernel: efi: EFI v2.8 by HP
[    4.221639] kernel: efi: ACPI=3D0x4913d000 ACPI 2.0=3D0x4913d014 SMBIOS=
=3D0x45ea0000 SMBIOS 3.0=3D0x45e9e000 ESRT=3D0x45e9c118 RTPROP=3D0x45e9c798=
 MEMATTR=3D0x37f04698=20
[    4.221642] kernel: efi: Remove mem65: MMIO range=3D[0xe0000000-0xefffff=
ff] (256MB) from e820 map
[    4.221645] kernel: e820: remove [mem 0xe0000000-0xefffffff] reserved
[    4.221648] kernel: efi: Remove mem66: MMIO range=3D[0xfd300000-0xfd3fff=
ff] (1MB) from e820 map
[    4.221652] kernel: e820: remove [mem 0xfd300000-0xfd3fffff] reserved
[    4.221655] kernel: efi: Not removing mem67: MMIO range=3D[0xfec00000-0x=
fec00fff] (4KB) from e820 map
[    4.221658] kernel: efi: Not removing mem68: MMIO range=3D[0xfec10000-0x=
fec10fff] (4KB) from e820 map
[    4.221661] kernel: efi: Not removing mem69: MMIO range=3D[0xfed80000-0x=
fed80fff] (4KB) from e820 map
[    4.221664] kernel: efi: Not removing mem70: MMIO range=3D[0xfedf1000-0x=
fedf1fff] (4KB) from e820 map
[    4.221666] kernel: efi: Not removing mem71: MMIO range=3D[0xfee00000-0x=
fee00fff] (4KB) from e820 map
[    4.221669] kernel: efi: Remove mem73: MMIO range=3D[0x1090000000-0x10b0=
1fffff] (514MB) from e820 map
[    4.221672] kernel: e820: remove [mem 0x1090000000-0x10b01fffff] reserved
[    4.221675] kernel: efi: Remove mem74: MMIO range=3D[0xfd00000000-0xfd01=
ffffff] (32MB) from e820 map
[    4.221678] kernel: e820: remove [mem 0xfd00000000-0xfd01ffffff] reserved
[    4.221681] kernel: SMBIOS 3.4.0 present.
[    4.221684] kernel: DMI: HP HP ZBook Ultra G1a 14 inch Mobile Workstatio=
n PC/8D01, BIOS X89 Ver. 01.03.00 04/25/2025
[    4.221687] kernel: DMI: Memory slots populated: 8/8
[    4.221690] kernel: tsc: Fast TSC calibration using PIT
[    4.221694] kernel: tsc: Detected 2994.065 MHz processor
[    4.221697] kernel: e820: update [mem 0x00000000-0x00000fff] usable =3D=
=3D> reserved
[    4.221700] kernel: e820: remove [mem 0x000a0000-0x000fffff] usable
[    4.221704] kernel: last_pfn =3D 0xf7e0c0 max_arch_pfn =3D 0x400000000
[    4.221707] kernel: MTRR map: 8 entries (3 fixed + 5 variable; max 20), =
built from 9 variable MTRRs
[    4.221710] kernel: x86/PAT: Configuration [0-7]: WB  WC  UC- UC  WB  WP=
  UC- WT =20
[    4.221713] kernel: last_pfn =3D 0x78000 max_arch_pfn =3D 0x400000000
[    4.221716] kernel: esrt: Reserving ESRT space from 0x0000000045e9c118 t=
o 0x0000000045e9c128.
[    4.221720] kernel: Using GB pages for direct mapping
[    4.221723] kernel: Secure boot disabled
[    4.221726] kernel: RAMDISK: [mem 0x2fc19000-0x33e03fff]
[    4.221730] kernel: ACPI: Early table checksum verification disabled
[    4.221733] kernel: ACPI: RSDP 0x000000004913D014 000024 (v02 HPQOEM)
[    4.221736] kernel: ACPI: XSDT 0x00000000490C1228 00019C (v01 HPQOEM SLI=
C-BPC 00000001      01000013)
[    4.221739] kernel: ACPI: FACP 0x0000000049129000 00010C (v05 HPQOEM SLI=
C-BPC 00000001 HP   00000001)
[    4.221742] kernel: ACPI: DSDT 0x0000000049108000 01A94C (v02 HPQOEM 8D0=
1     00000000 INTL 20200717)
[    4.221745] kernel: ACPI: FACS 0x0000000048D43000 000040
[    4.221748] kernel: ACPI: SSDT 0x000000004913B000 000353 (v02 HP     NVT=
EC    00000001 INTL 20200717)
[    4.221752] kernel: ACPI: SSDT 0x000000004913A000 00013E (v02 HP     Shm=
Table 00000001 INTL 20200717)
[    4.221755] kernel: ACPI: ASF! 0x0000000049139000 000085 (v32 HPQOEM EDK=
2     00000002      01000013)
[    4.221758] kernel: ACPI: SSDT 0x0000000049130000 00848D (v02 AMD    Amd=
Table 00000002 MSFT 04000000)
[    4.221761] kernel: ACPI: RTMA 0x000000004912F000 00009E (v01 HP     _HB=
MART_ 00001000 HP   00000001)
[    4.221765] kernel: ACPI: SSDT 0x000000004912D000 001A39 (v02 HP     Ucs=
iAcpi 00000001 INTL 20200717)
[    4.221768] kernel: ACPI: SSDT 0x000000004912C000 0000FB (v02 HP     Ucs=
iCntr 00000001 INTL 20200717)
[    4.221771] kernel: ACPI: SSDT 0x000000004912B000 0000BC (v01 HP     OPA=
LPWD  00000001 INTL 20200717)
[    4.221774] kernel: ACPI: OEML 0x000000004912A000 000028 (v03 HPQOEM EDK=
2     00000002      01000013)
[    4.221777] kernel: ACPI: MSDM 0x0000000049128000 000055 (v03 HPQOEM SLI=
C-BPC 00000000 HP   00000001)
[    4.221780] kernel: ACPI: WSMT 0x0000000049127000 000028 (v01 HPQOEM 8D0=
1     00000001 HP   00000001)
[    4.221783] kernel: ACPI: ASF! 0x0000000049126000 00006E (v32 HPQOEM 8D0=
1     00000001 HP   00000001)
[    4.221787] kernel: ACPI: HPET 0x0000000049125000 000038 (v01 HPQOEM 8D0=
1     00000001 HP   00000001)
[    4.221790] kernel: ACPI: APIC 0x0000000049124000 000222 (v02 HPQOEM 8D0=
1     00000001 HP   00000001)
[    4.221817] kernel: ACPI: MCFG 0x0000000049123000 00003C (v01 HPQOEM 8D0=
1     00000001 HP   00000001)
[    4.221820] kernel: ACPI: SSDT 0x0000000049107000 00014A (v01 HPQOEM AMD=
NFCI2 00000001 INTL 20200717)
[    4.221823] kernel: ACPI: SSDT 0x00000000490FC000 00A8CE (v02 AMD    AMD=
 CPU  00000001 AMD  00000001)
[    4.221827] kernel: ACPI: FPDT 0x00000000490FB000 000044 (v01 HPQOEM EDK=
2     00000002      01000013)
[    4.221830] kernel: ACPI: SSDT 0x00000000490FA000 000045 (v02 HP     HPN=
BCONV 00001000 INTL 20200717)
[    4.221833] kernel: ACPI: SSDT 0x00000000490F9000 00061A (v01 HP     AMD=
TPL   00001000 INTL 20200717)
[    4.221836] kernel: ACPI: SSDT 0x00000000490F3000 004430 (v02 HP     HPA=
MD_WL 00001000 INTL 20200717)
[    4.221840] kernel: ACPI: SSDT 0x000000004913C000 000032 (v02 HP     HPC=
ONDEV 00001000 INTL 20200717)
[    4.221843] kernel: ACPI: SSDT 0x00000000490F2000 000EE0 (v02 HPQOEM HPP=
ATT   00001000 INTL 20200717)
[    4.221846] kernel: ACPI: VFCT 0x00000000490ED000 004484 (v01 HPQOEM SLI=
C-BPC 00000001 AMD  33504F47)
[    4.221849] kernel: ACPI: SSDT 0x00000000490EB000 0017CA (v02 AMD    OEM=
ACP   00000001 INTL 20200717)
[    4.221853] kernel: ACPI: SSDT 0x00000000490E9000 001152 (v02 AMD    OEM=
PMF   00000001 INTL 20200717)
[    4.221856] kernel: ACPI: SSDT 0x00000000490E7000 001DB7 (v02 AMD    CPM=
PMF   00000001 INTL 20200717)
[    4.221859] kernel: ACPI: SSDT 0x00000000490E6000 00047A (v02 AMD    CPM=
WBH   00000001 INTL 20200717)
[    4.221863] kernel: ACPI: SSDT 0x00000000490DC000 009A93 (v02 AMD    CPM=
CMN   00000001 INTL 20200717)
[    4.221866] kernel: ACPI: BGRT 0x00000000490DB000 000038 (v01 HPQOEM EDK=
2     00000002      01000013)
[    4.221869] kernel: ACPI: SSDT 0x00000000490DA000 000612 (v02 AMD    CAM=
11    00000001 INTL 20200717)
[    4.221872] kernel: ACPI: SSDT 0x00000000490D9000 000A7F (v02 AMD    SDC=
R     00000001 INTL 20200717)
[    4.221876] kernel: ACPI: SSDT 0x00000000490D8000 000A34 (v02 AMD    LOM=
      00000001 INTL 20200717)
[    4.221879] kernel: ACPI: SSDT 0x00000000490D7000 000DB4 (v02 AMD    NVM=
E     00000001 INTL 20200717)
[    4.221882] kernel: ACPI: SSDT 0x00000000490D5000 001672 (v02 AMD    UPE=
P     00000001 INTL 20200717)
[    4.221886] kernel: ACPI: SSDT 0x00000000490D3000 0010BB (v02 AMD    GPP=
_PME_ 00000001 INTL 20200717)
[    4.221889] kernel: ACPI: SSDT 0x00000000490C9000 0097A5 (v02 AMD    INT=
BUSC_ 00000001 INTL 20200717)
[    4.221892] kernel: ACPI: SSDT 0x00000000490C4000 0046FB (v02 AMD    INT=
GPPA_ 00000001 INTL 20200717)
[    4.221895] kernel: ACPI: SSDT 0x00000000490C3000 000AE6 (v02 AMD    CPM=
GPIO0 00000001 INTL 20200717)
[    4.221898] kernel: ACPI: SSDT 0x00000000490C2000 000051 (v02 AMD    DRT=
M     00000001 INTL 20200717)
[    4.221902] kernel: ACPI: IVRS 0x00000000490F8000 0001F6 (v02 AMD    Amd=
Table 00000001 AMD  00000001)
[    4.221905] kernel: ACPI: SSDT 0x00000000490C0000 000500 (v02 AMD    MEM=
TOOL0 00000002 INTL 20200717)
[    4.221908] kernel: ACPI: SSDT 0x00000000490BF000 0009D0 (v02 AMD    CPM=
MSOSC 00000001 INTL 20200717)
[    4.221911] kernel: ACPI: SSDT 0x00000000490BE000 00008D (v02 AMD    CPM=
MSLPI 00000001 INTL 20200717)
[    4.221914] kernel: ACPI: SSDT 0x00000000490BD000 000509 (v02 AMD    CPM=
SFAML 00000001 INTL 20200717)
[    4.221918] kernel: ACPI: SSDT 0x00000000490BC000 000F5C (v02 AMD    CPM=
ACPV8 00000001 INTL 20200717)
[    4.221921] kernel: ACPI: Reserving FACP table memory at [mem 0x49129000=
-0x4912910b]
[    4.221926] kernel: ACPI: Reserving DSDT table memory at [mem 0x49108000=
-0x4912294b]
[    4.221929] kernel: ACPI: Reserving FACS table memory at [mem 0x48d43000=
-0x48d4303f]
[    4.221932] kernel: ACPI: Reserving SSDT table memory at [mem 0x4913b000=
-0x4913b352]
[    4.221935] kernel: ACPI: Reserving SSDT table memory at [mem 0x4913a000=
-0x4913a13d]
[    4.221938] kernel: ACPI: Reserving ASF! table memory at [mem 0x49139000=
-0x49139084]
[    4.221941] kernel: ACPI: Reserving SSDT table memory at [mem 0x49130000=
-0x4913848c]
[    4.221944] kernel: ACPI: Reserving RTMA table memory at [mem 0x4912f000=
-0x4912f09d]
[    4.221946] kernel: ACPI: Reserving SSDT table memory at [mem 0x4912d000=
-0x4912ea38]
[    4.221950] kernel: ACPI: Reserving SSDT table memory at [mem 0x4912c000=
-0x4912c0fa]
[    4.221953] kernel: ACPI: Reserving SSDT table memory at [mem 0x4912b000=
-0x4912b0bb]
[    4.221955] kernel: ACPI: Reserving OEML table memory at [mem 0x4912a000=
-0x4912a027]
[    4.221958] kernel: ACPI: Reserving MSDM table memory at [mem 0x49128000=
-0x49128054]
[    4.221961] kernel: ACPI: Reserving WSMT table memory at [mem 0x49127000=
-0x49127027]
[    4.221964] kernel: ACPI: Reserving ASF! table memory at [mem 0x49126000=
-0x4912606d]
[    4.221967] kernel: ACPI: Reserving HPET table memory at [mem 0x49125000=
-0x49125037]
[    4.221970] kernel: ACPI: Reserving APIC table memory at [mem 0x49124000=
-0x49124221]
[    4.221974] kernel: ACPI: Reserving MCFG table memory at [mem 0x49123000=
-0x4912303b]
[    4.221977] kernel: ACPI: Reserving SSDT table memory at [mem 0x49107000=
-0x49107149]
[    4.221980] kernel: ACPI: Reserving SSDT table memory at [mem 0x490fc000=
-0x491068cd]
[    4.221983] kernel: ACPI: Reserving FPDT table memory at [mem 0x490fb000=
-0x490fb043]
[    4.221986] kernel: ACPI: Reserving SSDT table memory at [mem 0x490fa000=
-0x490fa044]
[    4.221989] kernel: ACPI: Reserving SSDT table memory at [mem 0x490f9000=
-0x490f9619]
[    4.221992] kernel: ACPI: Reserving SSDT table memory at [mem 0x490f3000=
-0x490f742f]
[    4.221995] kernel: ACPI: Reserving SSDT table memory at [mem 0x4913c000=
-0x4913c031]
[    4.221998] kernel: ACPI: Reserving SSDT table memory at [mem 0x490f2000=
-0x490f2edf]
[    4.222003] kernel: ACPI: Reserving VFCT table memory at [mem 0x490ed000=
-0x490f1483]
[    4.222007] kernel: ACPI: Reserving SSDT table memory at [mem 0x490eb000=
-0x490ec7c9]
[    4.222012] kernel: ACPI: Reserving SSDT table memory at [mem 0x490e9000=
-0x490ea151]
[    4.222015] kernel: ACPI: Reserving SSDT table memory at [mem 0x490e7000=
-0x490e8db6]
[    4.222018] kernel: ACPI: Reserving SSDT table memory at [mem 0x490e6000=
-0x490e6479]
[    4.222022] kernel: ACPI: Reserving SSDT table memory at [mem 0x490dc000=
-0x490e5a92]
[    4.222025] kernel: ACPI: Reserving BGRT table memory at [mem 0x490db000=
-0x490db037]
[    4.222028] kernel: ACPI: Reserving SSDT table memory at [mem 0x490da000=
-0x490da611]
[    4.222030] kernel: ACPI: Reserving SSDT table memory at [mem 0x490d9000=
-0x490d9a7e]
[    4.222034] kernel: ACPI: Reserving SSDT table memory at [mem 0x490d8000=
-0x490d8a33]
[    4.222037] kernel: ACPI: Reserving SSDT table memory at [mem 0x490d7000=
-0x490d7db3]
[    4.222040] kernel: ACPI: Reserving SSDT table memory at [mem 0x490d5000=
-0x490d6671]
[    4.222043] kernel: ACPI: Reserving SSDT table memory at [mem 0x490d3000=
-0x490d40ba]
[    4.222046] kernel: ACPI: Reserving SSDT table memory at [mem 0x490c9000=
-0x490d27a4]
[    4.222049] kernel: ACPI: Reserving SSDT table memory at [mem 0x490c4000=
-0x490c86fa]
[    4.222052] kernel: ACPI: Reserving SSDT table memory at [mem 0x490c3000=
-0x490c3ae5]
[    4.222055] kernel: ACPI: Reserving SSDT table memory at [mem 0x490c2000=
-0x490c2050]
[    4.222057] kernel: ACPI: Reserving IVRS table memory at [mem 0x490f8000=
-0x490f81f5]
[    4.222061] kernel: ACPI: Reserving SSDT table memory at [mem 0x490c0000=
-0x490c04ff]
[    4.222064] kernel: ACPI: Reserving SSDT table memory at [mem 0x490bf000=
-0x490bf9cf]
[    4.222067] kernel: ACPI: Reserving SSDT table memory at [mem 0x490be000=
-0x490be08c]
[    4.222070] kernel: ACPI: Reserving SSDT table memory at [mem 0x490bd000=
-0x490bd508]
[    4.222073] kernel: ACPI: Reserving SSDT table memory at [mem 0x490bc000=
-0x490bcf5b]
[    4.222076] kernel: No NUMA configuration found
[    4.222079] kernel: Faking a node at [mem 0x0000000000000000-0x0000000f7=
e0bffff]
[    4.222083] kernel: NODE_DATA(0) allocated [mem 0xf7e095280-0xf7e0bffff]
[    4.222086] kernel: Zone ranges:
[    4.222089] kernel:   DMA      [mem 0x0000000000001000-0x0000000000fffff=
f]
[    4.222092] kernel:   DMA32    [mem 0x0000000001000000-0x00000000fffffff=
f]
[    4.222096] kernel:   Normal   [mem 0x0000000100000000-0x0000000f7e0bfff=
f]
[    4.222099] kernel:   Device   empty
[    4.222102] kernel: Movable zone start for each node
[    4.222105] kernel: Early memory node ranges
[    4.222109] kernel:   node   0: [mem 0x0000000000001000-0x000000000009ef=
ff]
[    4.222112] kernel:   node   0: [mem 0x0000000000100000-0x0000000009efff=
ff]
[    4.222115] kernel:   node   0: [mem 0x0000000009f88000-0x0000000044bcff=
ff]
[    4.222118] kernel:   node   0: [mem 0x000000004913e000-0x0000000052bd1f=
ff]
[    4.222121] kernel:   node   0: [mem 0x0000000052bd3000-0x0000000052bdbf=
ff]
[    4.222124] kernel:   node   0: [mem 0x0000000052bdd000-0x000000005d133f=
ff]
[    4.222127] kernel:   node   0: [mem 0x000000005d139000-0x0000000077ffff=
ff]
[    4.222131] kernel:   node   0: [mem 0x0000000100000000-0x0000000f7e0bff=
ff]
[    4.222134] kernel: Initmem setup node 0 [mem 0x0000000000001000-0x00000=
00f7e0bffff]
[    4.222137] kernel: On node 0, zone DMA: 1 pages in unavailable ranges
[    4.222140] kernel: On node 0, zone DMA: 97 pages in unavailable ranges
[    4.222143] kernel: On node 0, zone DMA32: 136 pages in unavailable rang=
es
[    4.222146] kernel: On node 0, zone DMA32: 17774 pages in unavailable ra=
nges
[    4.222150] kernel: On node 0, zone DMA32: 1 pages in unavailable ranges
[    4.222153] kernel: On node 0, zone DMA32: 1 pages in unavailable ranges
[    4.222156] kernel: On node 0, zone DMA32: 5 pages in unavailable ranges
[    4.222159] kernel: On node 0, zone Normal: 8000 pages in unavailable ra=
nges
[    4.222162] kernel: ACPI: PM-Timer IO Port: 0x408
[    4.222165] kernel: ACPI: LAPIC_NMI (acpi_id[0x00] high edge lint[0x1])
[    4.222168] kernel: ACPI: LAPIC_NMI (acpi_id[0x01] high edge lint[0x1])
[    4.222171] kernel: ACPI: LAPIC_NMI (acpi_id[0x02] high edge lint[0x1])
[    4.222174] kernel: ACPI: LAPIC_NMI (acpi_id[0x03] high edge lint[0x1])
[    4.222177] kernel: ACPI: LAPIC_NMI (acpi_id[0x04] high edge lint[0x1])
[    4.222180] kernel: ACPI: LAPIC_NMI (acpi_id[0x05] high edge lint[0x1])
[    4.222183] kernel: ACPI: LAPIC_NMI (acpi_id[0x06] high edge lint[0x1])
[    4.222186] kernel: ACPI: LAPIC_NMI (acpi_id[0x07] high edge lint[0x1])
[    4.222189] kernel: ACPI: LAPIC_NMI (acpi_id[0x08] high edge lint[0x1])
[    4.222192] kernel: ACPI: LAPIC_NMI (acpi_id[0x09] high edge lint[0x1])
[    4.222195] kernel: ACPI: LAPIC_NMI (acpi_id[0x0a] high edge lint[0x1])
[    4.222198] kernel: ACPI: LAPIC_NMI (acpi_id[0x0b] high edge lint[0x1])
[    4.222201] kernel: ACPI: LAPIC_NMI (acpi_id[0x0c] high edge lint[0x1])
[    4.222204] kernel: ACPI: LAPIC_NMI (acpi_id[0x0d] high edge lint[0x1])
[    4.222207] kernel: ACPI: LAPIC_NMI (acpi_id[0x0e] high edge lint[0x1])
[    4.222210] kernel: ACPI: LAPIC_NMI (acpi_id[0x0f] high edge lint[0x1])
[    4.222213] kernel: ACPI: LAPIC_NMI (acpi_id[0x10] high edge lint[0x1])
[    4.222216] kernel: ACPI: LAPIC_NMI (acpi_id[0x11] high edge lint[0x1])
[    4.222219] kernel: ACPI: LAPIC_NMI (acpi_id[0x12] high edge lint[0x1])
[    4.222221] kernel: ACPI: LAPIC_NMI (acpi_id[0x13] high edge lint[0x1])
[    4.222224] kernel: ACPI: LAPIC_NMI (acpi_id[0x14] high edge lint[0x1])
[    4.222227] kernel: ACPI: LAPIC_NMI (acpi_id[0x15] high edge lint[0x1])
[    4.222231] kernel: ACPI: LAPIC_NMI (acpi_id[0x16] high edge lint[0x1])
[    4.222234] kernel: ACPI: LAPIC_NMI (acpi_id[0x17] high edge lint[0x1])
[    4.222237] kernel: ACPI: LAPIC_NMI (acpi_id[0x18] high edge lint[0x1])
[    4.222241] kernel: ACPI: LAPIC_NMI (acpi_id[0x19] high edge lint[0x1])
[    4.222244] kernel: ACPI: LAPIC_NMI (acpi_id[0x1a] high edge lint[0x1])
[    4.222247] kernel: ACPI: LAPIC_NMI (acpi_id[0x1b] high edge lint[0x1])
[    4.222250] kernel: ACPI: LAPIC_NMI (acpi_id[0x1c] high edge lint[0x1])
[    4.222253] kernel: ACPI: LAPIC_NMI (acpi_id[0x1d] high edge lint[0x1])
[    4.222256] kernel: ACPI: LAPIC_NMI (acpi_id[0x1e] high edge lint[0x1])
[    4.222259] kernel: ACPI: LAPIC_NMI (acpi_id[0x1f] high edge lint[0x1])
[    4.222261] kernel: IOAPIC[0]: apic_id 4, version 33, address 0xfec00000=
, GSI 0-23
[    4.222265] kernel: IOAPIC[1]: apic_id 5, version 33, address 0xfec01000=
, GSI 24-55
[    4.222268] kernel: ACPI: INT_SRC_OVR (bus 0 bus_irq 1 global_irq 1 low =
edge)
[    4.222271] kernel: ACPI: INT_SRC_OVR (bus 0 bus_irq 0 global_irq 2 dfl =
dfl)
[    4.222275] kernel: ACPI: INT_SRC_OVR (bus 0 bus_irq 9 global_irq 9 low =
level)
[    4.222278] kernel: ACPI: Using ACPI (MADT) for SMP configuration inform=
ation
[    4.222281] kernel: ACPI: HPET id: 0x10228210 base: 0xfed00000
[    4.222284] kernel: e820: update [mem 0x37bee000-0x37dfdfff] usable =3D=
=3D> reserved
[    4.222287] kernel: CPU topo: Max. logical packages:   1
[    4.222291] kernel: CPU topo: Max. logical dies:       2
[    4.222294] kernel: CPU topo: Max. dies per package:   2
[    4.222296] kernel: CPU topo: Max. threads per core:   2
[    4.222300] kernel: CPU topo: Num. cores per package:    16
[    4.222303] kernel: CPU topo: Num. threads per package:  32
[    4.222306] kernel: CPU topo: Allowing 32 present CPUs plus 0 hotplug CP=
Us
[    4.222309] kernel: PM: hibernation: Registered nosave memory: [mem 0x00=
000000-0x00000fff]
[    4.222313] kernel: PM: hibernation: Registered nosave memory: [mem 0x00=
09f000-0x000fffff]
[    4.222318] kernel: PM: hibernation: Registered nosave memory: [mem 0x09=
f00000-0x09f87fff]
[    4.222321] kernel: PM: hibernation: Registered nosave memory: [mem 0x37=
bee000-0x37dfdfff]
[    4.222325] kernel: PM: hibernation: Registered nosave memory: [mem 0x44=
bd0000-0x4913dfff]
[    4.222328] kernel: PM: hibernation: Registered nosave memory: [mem 0x52=
bd2000-0x52bd2fff]
[    4.222332] kernel: PM: hibernation: Registered nosave memory: [mem 0x52=
bdc000-0x52bdcfff]
[    4.222337] kernel: PM: hibernation: Registered nosave memory: [mem 0x5d=
134000-0x5d138fff]
[    4.222340] kernel: PM: hibernation: Registered nosave memory: [mem 0x78=
000000-0xffffffff]
[    4.222343] kernel: [mem 0x80000000-0xfebfffff] available for PCI devices
[    4.222348] kernel: Booting paravirtualized kernel on bare hardware
[    4.222351] kernel: clocksource: refined-jiffies: mask: 0xffffffff max_c=
ycles: 0xffffffff, max_idle_ns: 1910969940391419 ns
[    4.222355] kernel: setup_percpu: NR_CPUS:8192 nr_cpumask_bits:32 nr_cpu=
_ids:32 nr_node_ids:1
[    4.222358] kernel: percpu: Embedded 62 pages/cpu s217088 r8192 d28672 u=
262144
[    4.222363] kernel: pcpu-alloc: s217088 r8192 d28672 u262144 alloc=3D1*2=
097152
[    4.222367] kernel: pcpu-alloc: [0] 00 01 02 03 04 05 06 07 [0] 08 09 10=
 11 12 13 14 15=20
[    4.222370] kernel: pcpu-alloc: [0] 16 17 18 19 20 21 22 23 [0] 24 25 26=
 27 28 29 30 31=20
[    4.222374] kernel: Kernel command line: BOOT_IMAGE=3D/vmlinuz-linux-sul=
tan root=3DUUID=3D18516d14-ae39-4b89-8899-95270912d67b rw module_blacklist=
=3Dnouveau,pcspkr,ntfs3 quiet cryptdevice=3DUUID=3D086cda6b-894f-4a2b-b380-=
335846421e3f:cryptroot:allow-discards,no-read-workqueue,no-write-workqueue =
root=3D/dev/mapper/cryptroot audit=3D0 psi=3D0 init_on_alloc=3D0 tsx=3Doff =
memory_corruption_check=3D0 noirqdebug zswap.enabled=3D0 iwlmvm.power_schem=
e=3D3 pcie_aspm=3Dforce split_lock_detect=3Doff asus_wmi.fnlock_default=3Df=
alse efi_pstore.pstore_disable=3D0
[    4.222380] kernel: audit: disabled (until reboot)
[    4.222384] kernel: IRQ lockup detection disabled
[    4.222389] kernel: PCIe ASPM is forcibly enabled
[    4.222392] kernel: Unknown kernel command line parameters "BOOT_IMAGE=
=3D/vmlinuz-linux-sultan cryptdevice=3DUUID=3D086cda6b-894f-4a2b-b380-33584=
6421e3f:cryptroot:allow-discards,no-read-workqueue,no-write-workqueue tsx=
=3Doff split_lock_detect=3Doff", will be passed to user space.
[    4.222396] kernel: random: crng init done
[    4.222400] kernel: printk: log_buf_len individual max cpu contribution:=
 4096 bytes
[    4.222403] kernel: printk: log_buf_len total cpu_extra contributions: 1=
26976 bytes
[    4.222406] kernel: printk: log_buf_len min size: 131072 bytes
[    4.222409] kernel: printk: log buffer data + meta data: 262144 + 917504=
 =3D 1179648 bytes
[    4.222412] kernel: printk: early log buf free: 110568(84%)
[    4.222416] kernel: Dentry cache hash table entries: 8388608 (order: 14,=
 67108864 bytes, linear)
[    4.222419] kernel: Inode-cache hash table entries: 4194304 (order: 13, =
33554432 bytes, linear)
[    4.222422] kernel: software IO TLB: area num 32.
[    4.222425] kernel: Fallback order for Node 0: 0=20
[    4.222429] kernel: Built 1 zonelists, mobility grouping on.  Total page=
s: 15669857
[    4.222432] kernel: Policy zone: Normal
[    4.222435] kernel: mem auto-init: stack:all(zero), heap alloc:off, heap=
 free:off
[    4.222438] kernel: SLUB: HWalign=3D64, Order=3D0-3, MinObjects=3D0, CPU=
s=3D32, Nodes=3D1
[    4.222442] kernel: ftrace: allocating 55816 entries in 220 pages
[    4.222445] kernel: ftrace: allocated 220 pages with 5 groups
[    4.222448] kernel: Dynamic Preempt: full
[    4.222451] kernel: rcu: Preemptible hierarchical RCU implementation.
[    4.222455] kernel: rcu:         RCU restricting CPUs from NR_CPUS=3D819=
2 to nr_cpu_ids=3D32.
[    4.222459] kernel: rcu:         RCU priority boosting: priority 1 delay=
 500 ms.
[    4.222463] kernel:         Trampoline variant of Tasks RCU enabled.
[    4.222466] kernel:         Rude variant of Tasks RCU enabled.
[    4.222470] kernel:         Tracing variant of Tasks RCU enabled.
[    4.222473] kernel: rcu: RCU calculated value of scheduler-enlistment de=
lay is 100 jiffies.
[    4.222476] kernel: rcu: Adjusting geometry for rcu_fanout_leaf=3D16, nr=
_cpu_ids=3D32
[    4.222479] kernel: RCU Tasks: Setting shift to 5 and lim to 1 rcu_task_=
cb_adjust=3D1 rcu_task_cpu_ids=3D32.
[    4.222482] kernel: RCU Tasks Rude: Setting shift to 5 and lim to 1 rcu_=
task_cb_adjust=3D1 rcu_task_cpu_ids=3D32.
[    4.222485] kernel: RCU Tasks Trace: Setting shift to 5 and lim to 1 rcu=
_task_cb_adjust=3D1 rcu_task_cpu_ids=3D32.
[    4.222489] kernel: NR_IRQS: 524544, nr_irqs: 1224, preallocated irqs: 16
[    4.222492] kernel: rcu: srcu_init: Setting srcu_struct sizes based on c=
ontention.
[    4.222496] kernel: kfence: initialized - using 2097152 bytes for 255 ob=
jects at 0x(____ptrval____)-0x(____ptrval____)
[    4.222501] kernel: Console: colour dummy device 80x25
[    4.222504] kernel: printk: legacy console [tty0] enabled
[    4.222507] kernel: ACPI: Core revision 20250404
[    4.222511] kernel: clocksource: hpet: mask: 0xffffffff max_cycles: 0xff=
ffffff, max_idle_ns: 133484873504 ns
[    4.222516] kernel: APIC: Switch to symmetric I/O mode setup
[    4.222519] kernel: AMD-Vi: ivrs, add hid:AMDI0020, uid:ID00, rdevid:0xa0
[    4.222523] kernel: AMD-Vi: ivrs, add hid:AMDI0020, uid:ID01, rdevid:0xa0
[    4.222526] kernel: AMD-Vi: ivrs, add hid:AMDI0020, uid:ID02, rdevid:0xa0
[    4.222530] kernel: AMD-Vi: ivrs, add hid:AMDI0020, uid:ID03, rdevid:0xa0
[    4.222533] kernel: AMD-Vi: ivrs, add hid:MSFT0201, uid:1, rdevid:0x60
[    4.222536] kernel: AMD-Vi: ivrs, add hid:AMDI0020, uid:ID04, rdevid:0xa0
[    4.222539] kernel: AMD-Vi: Using global IVHD EFR:0x246577efa2254afa, EF=
R2:0x10
[    4.222542] kernel: ..TIMER: vector=3D0x30 apic1=3D0 pin1=3D2 apic2=3D-1=
 pin2=3D-1
[    4.222547] kernel: clocksource: tsc-early: mask: 0xffffffffffffffff max=
_cycles: 0x2b285e92338, max_idle_ns: 440795203718 ns
[    4.222551] kernel: Calibrating delay loop (skipped), value calculated u=
sing timer frequency.. 5988.13 BogoMIPS (lpj=3D2994065)
[    4.222556] kernel: x86/cpu: User Mode Instruction Prevention (UMIP) act=
ivated
[    4.222561] kernel: LVT offset 1 assigned for vector 0xf9
[    4.222564] kernel: LVT offset 2 assigned for vector 0xf4
[    4.222567] kernel: Last level iTLB entries: 4KB 64, 2MB 64, 4MB 32
[    4.222571] kernel: Last level dTLB entries: 4KB 128, 2MB 128, 4MB 64, 1=
GB 0
[    4.222574] kernel: process: using mwait in idle threads
[    4.222577] kernel: Speculative Store Bypass: Mitigation: Speculative St=
ore Bypass disabled via prctl
[    4.222580] kernel: Spectre V2 : Mitigation: Enhanced / Automatic IBRS
[    4.222583] kernel: Spectre V2 : User space: Mitigation: STIBP always-on=
 protection
[    4.222587] kernel: Speculative Return Stack Overflow: Mitigation: IBPB =
on VMEXIT only
[    4.222590] kernel: Spectre V1 : Mitigation: usercopy/swapgs barriers an=
d __user pointer sanitization
[    4.222594] kernel: Spectre V2 : mitigation: Enabling conditional Indire=
ct Branch Prediction Barrier
[    4.222597] kernel: x86/fpu: Supporting XSAVE feature 0x001: 'x87 floati=
ng point registers'
[    4.222600] kernel: x86/fpu: Supporting XSAVE feature 0x002: 'SSE regist=
ers'
[    4.222603] kernel: x86/fpu: Supporting XSAVE feature 0x004: 'AVX regist=
ers'
[    4.222606] kernel: x86/fpu: Supporting XSAVE feature 0x020: 'AVX-512 op=
mask'
[    4.222609] kernel: x86/fpu: Supporting XSAVE feature 0x040: 'AVX-512 Hi=
256'
[    4.222612] kernel: x86/fpu: Supporting XSAVE feature 0x080: 'AVX-512 ZM=
M_Hi256'
[    4.222616] kernel: x86/fpu: Supporting XSAVE feature 0x200: 'Protection=
 Keys User registers'
[    4.222619] kernel: x86/fpu: Supporting XSAVE feature 0x800: 'Control-fl=
ow User registers'
[    4.222622] kernel: x86/fpu: xstate_offset[2]:  576, xstate_sizes[2]:  2=
56
[    4.222626] kernel: x86/fpu: xstate_offset[5]:  832, xstate_sizes[5]:   =
64
[    4.222629] kernel: x86/fpu: xstate_offset[6]:  896, xstate_sizes[6]:  5=
12
[    4.222632] kernel: x86/fpu: xstate_offset[7]: 1408, xstate_sizes[7]: 10=
24
[    4.222635] kernel: x86/fpu: xstate_offset[9]: 2432, xstate_sizes[9]:   =
 8
[    4.222638] kernel: x86/fpu: xstate_offset[11]: 2440, xstate_sizes[11]: =
  16
[    4.222641] kernel: x86/fpu: Enabled xstate features 0xae7, context size=
 is 2456 bytes, using 'compacted' format.
[    4.222644] kernel: Freeing SMP alternatives memory: 56K
[    4.222648] kernel: pid_max: default: 32768 minimum: 301
[    4.222651] kernel: LSM: initializing lsm=3Dcapability,landlock,lockdown=
,yama,bpf
[    4.222654] kernel: landlock: Up and running.
[    4.222657] kernel: Yama: becoming mindful.
[    4.222660] kernel: LSM support for eBPF active
[    4.222663] kernel: Mount-cache hash table entries: 131072 (order: 8, 10=
48576 bytes, linear)
[    4.222666] kernel: Mountpoint-cache hash table entries: 131072 (order: =
8, 1048576 bytes, linear)
[    4.222670] kernel: smpboot: CPU0: AMD RYZEN AI MAX+ PRO 395 w/ Radeon 8=
060S (family: 0x1a, model: 0x70, stepping: 0x0)
[    4.222674] kernel: Performance Events: Fam17h+ 16-deep LBR, core perfct=
r, AMD PMU driver.
[    4.222677] kernel: ... version:                2
[    4.222680] kernel: ... bit width:              48
[    4.222684] kernel: ... generic registers:      6
[    4.222687] kernel: ... value mask:             0000ffffffffffff
[    4.222690] kernel: ... max period:             00007fffffffffff
[    4.222693] kernel: ... fixed-purpose events:   0
[    4.222699] kernel: ... event mask:             000000000000003f
[    4.222703] kernel: signal: max sigframe size: 3376
[    4.222706] kernel: rcu: Hierarchical SRCU implementation.
[    4.222709] kernel: rcu:         Max phase no-delay instances is 400.
[    4.222712] kernel: Timer migration: 2 hierarchy levels; 8 children per =
group; 2 crossnode level
[    4.222715] kernel: MCE: In-kernel MCE decoding enabled.
[    4.222718] kernel: NMI watchdog: Enabled. Permanently consumes one hw-P=
MU counter.
[    4.222721] kernel: smp: Bringing up secondary CPUs ...
[    4.222724] kernel: smpboot: x86: Booting SMP configuration:
[    4.222728] kernel: .... node  #0, CPUs:        #2  #4  #6  #8 #10 #12 #=
14 #16 #18 #20 #22 #24 #26 #28 #30  #1  #3  #5  #7  #9 #11 #13 #15 #17 #19 =
#21 #23 #25 #27 #29 #31
[    4.222731] kernel: Spectre V2 : Update user space SMT mitigation: STIBP=
 always-on
[    4.222734] kernel: smp: Brought up 1 node, 32 CPUs
[    4.222737] kernel: smpboot: Total of 32 processors activated (191620.16=
 BogoMIPS)
[    4.222740] kernel: Memory: 61357380K/62679428K available (19619K kernel=
 code, 2940K rwdata, 15820K rodata, 4644K init, 5040K bss, 1283092K reserve=
d, 0K cma-reserved)
[    4.222743] kernel: devtmpfs: initialized
[    4.222747] kernel: x86/mm: Memory block size: 128MB
[    4.222752] kernel: ACPI: PM: Registering ACPI NVS region [mem 0x09f0000=
0-0x09f87fff] (557056 bytes)
[    4.222757] kernel: ACPI: PM: Registering ACPI NVS region [mem 0x4899c00=
0-0x4909bfff] (7340032 bytes)
[    4.222760] kernel: clocksource: jiffies: mask: 0xffffffff max_cycles: 0=
xffffffff, max_idle_ns: 1911260446275000 ns
[    4.222763] kernel: posixtimers hash table entries: 16384 (order: 6, 262=
144 bytes, linear)
[    4.222766] kernel: futex hash table entries: 8192 (524288 bytes on 1 NU=
MA nodes, total 512 KiB, linear).
[    4.222769] kernel: pinctrl core: initialized pinctrl subsystem
[    4.222772] kernel: PM: RTC time: 06:54:06, date: 2025-07-29
[    4.222775] kernel: NET: Registered PF_NETLINK/PF_ROUTE protocol family
[    4.222778] kernel: DMA: preallocated 4096 KiB GFP_KERNEL pool for atomi=
c allocations
[    4.222782] kernel: DMA: preallocated 4096 KiB GFP_KERNEL|GFP_DMA pool f=
or atomic allocations
[    4.222785] kernel: DMA: preallocated 4096 KiB GFP_KERNEL|GFP_DMA32 pool=
 for atomic allocations
[    4.222788] kernel: thermal_sys: Registered thermal governor 'fair_share'
[    4.222791] kernel: thermal_sys: Registered thermal governor 'bang_bang'
[    4.222794] kernel: thermal_sys: Registered thermal governor 'step_wise'
[    4.222798] kernel: thermal_sys: Registered thermal governor 'user_space'
[    4.222801] kernel: thermal_sys: Registered thermal governor 'power_allo=
cator'
[    4.222803] kernel: cpuidle: using governor ladder
[    4.222807] kernel: cpuidle: using governor menu
[    4.222811] kernel: ACPI FADT declares the system doesn't support PCIe A=
SPM, so disable it
[    4.222814] kernel: acpiphp: ACPI Hot Plug PCI Controller Driver version=
: 0.5
[    4.222817] kernel: PCI: ECAM [mem 0xe0000000-0xefffffff] (base 0xe00000=
00) for domain 0000 [bus 00-ff]
[    4.222820] kernel: PCI: Using configuration type 1 for base access
[    4.222824] kernel: kprobes: kprobe jump-optimization is enabled. All kp=
robes are optimized if possible.
[    4.222827] kernel: HugeTLB: allocation took 0ms with hugepage_allocatio=
n_threads=3D8
[    4.222830] kernel: HugeTLB: registered 1.00 GiB page size, pre-allocate=
d 0 pages
[    4.222833] kernel: HugeTLB: 16380 KiB vmemmap can be freed for a 1.00 G=
iB page
[    4.222836] kernel: HugeTLB: registered 2.00 MiB page size, pre-allocate=
d 0 pages
[    4.222840] kernel: HugeTLB: 28 KiB vmemmap can be freed for a 2.00 MiB =
page
[    4.222843] kernel: raid6: skipped pq benchmark and selected avx512x4
[    4.222846] kernel: raid6: using avx512x2 recovery algorithm
[    4.222849] kernel: ACPI: Added _OSI(Module Device)
[    4.222852] kernel: ACPI: Added _OSI(Processor Device)
[    4.222856] kernel: ACPI: Added _OSI(Processor Aggregator Device)
[    4.222859] kernel: ACPI: 34 ACPI AML tables successfully acquired and l=
oaded
[    4.222862] kernel: ACPI: [Firmware Bug]: BIOS _OSI(Linux) query ignored
[    4.222865] kernel: ACPI: USB4 _OSC: OS supports USB3+ DisplayPort+ PCIe=
+ XDomain+
[    4.222868] kernel: ACPI: USB4 _OSC: OS controls USB3+ DisplayPort+ PCIe=
+ XDomain+
[    4.222872] kernel: ACPI: EC: EC started
[    4.222875] kernel: ACPI: EC: interrupt blocked
[    4.222878] kernel: ACPI: EC: EC_CMD/EC_SC=3D0x66, EC_DATA=3D0x62
[    4.222881] kernel: ACPI: \_SB_.PCI0.LPCB.EC0_: Boot DSDT EC used to han=
dle transactions
[    4.222884] kernel: ACPI: Interpreter enabled
[    4.222888] kernel: ACPI: PM: (supports S0 S4 S5)
[    4.222891] kernel: ACPI: Using IOAPIC for interrupt routing
[    4.222894] kernel: PCI: Using host bridge windows from ACPI; if necessa=
ry, use "pci=3Dnocrs" and report a bug
[    4.222897] kernel: PCI: Ignoring E820 reservations for host bridge wind=
ows
[    4.222901] kernel: ACPI: Enabled 6 GPEs in block 00 to 1F
[    4.222904] kernel: ACPI: \_SB_.PCI0.GP11.PWRS: New power resource
[    4.222907] kernel: ACPI: \_SB_.PCI0.GP11.SWUS.PWRS: New power resource
[    4.222910] kernel: ACPI: \_SB_.PCI0.GP12.PWRS: New power resource
[    4.222913] kernel: ACPI: \_SB_.PCI0.GP12.SWUS.PWRS: New power resource
[    4.222916] kernel: ACPI: \_SB_.PCI0.GP21.PWRS: New power resource
[    4.222919] kernel: ACPI: \_SB_.PCI0.GP22.PWRS: New power resource
[    4.222922] kernel: ACPI: \_SB_.PCI0.GP23.NCRD.WRST: New power resource
[    4.222926] kernel: ACPI: \_SB_.PCI0.GP25.P0NV: New power resource
[    4.222929] kernel: ACPI: \_SB_.PCI0.GPPA.PWRS: New power resource
[    4.222932] kernel: ACPI: \_SB_.PCI0.GPPA.GFX0.PWRS: New power resource
[    4.222935] kernel: ACPI: \_SB_.PCI0.GPPA.HDAU.PWRS: New power resource
[    4.222938] kernel: ACPI: \_SB_.PCI0.GPPA.XHC1.PWRS: New power resource
[    4.222941] kernel: ACPI: \_SB_.PCI0.GPPA.ACP_.PWRS: New power resource
[    4.222945] kernel: ACPI: \_SB_.PCI0.GPPA.HDEF.PWRS: New power resource
[    4.222948] kernel: ACPI: \_SB_.PCI0.BUSC.XHC0.PWRS: New power resource
[    4.222952] kernel: ACPI: \_SB_.PCI0.BUSC.XHC0.RHUB.HS05.DBTR: New power=
 resource
[    4.222955] kernel: ACPI: \_SB_.PCI0.BUSC.XHC3.PWRS: New power resource
[    4.222958] kernel: ACPI: \_SB_.PCI0.BUSC.XHC4.PWRS: New power resource
[    4.222961] kernel: ACPI: \_SB_.PCI0.BUSC.NHI0.PWRS: New power resource
[    4.222965] kernel: ACPI: \_SB_.PCI0.BUSC.NHI1.PWRS: New power resource
[    4.222968] kernel: ACPI: PCI Root Bridge [PCI0] (domain 0000 [bus 00-ff=
])
[    4.223054] kernel: acpi PNP0A08:00: _OSC: OS supports [ExtendedConfig A=
SPM ClockPM Segments MSI EDR HPX-Type3]
[    4.223094] kernel: acpi PNP0A08:00: _OSC: platform does not support [SH=
PCHotplug AER]
[    4.223129] kernel: acpi PNP0A08:00: _OSC: OS now controls [PCIeHotplug =
PME PCIeCapability LTR DPC]
[    4.223163] kernel: acpi PNP0A08:00: FADT indicates ASPM is unsupported,=
 using BIOS configuration
[    4.223167] kernel: PCI host bridge to bus 0000:00
[    4.223206] kernel: pci_bus 0000:00: root bus resource [io  0x0000-0x0cf=
7 window]
[    4.223237] kernel: pci_bus 0000:00: root bus resource [io  0x0d00-0xfff=
f window]
[    4.223267] kernel: pci_bus 0000:00: root bus resource [mem 0x000a0000-0=
x000bffff window]
[    4.223297] kernel: pci_bus 0000:00: root bus resource [mem 0x000c0000-0=
x000cffff window]
[    4.223327] kernel: pci_bus 0000:00: root bus resource [mem 0x000d0000-0=
x000effff window]
[    4.223357] kernel: pci_bus 0000:00: root bus resource [mem 0x80000000-0=
xefffffff window]
[    4.223387] kernel: pci_bus 0000:00: root bus resource [mem 0xfed45000-0=
xfed814ff window]
[    4.223416] kernel: pci_bus 0000:00: root bus resource [mem 0xfed81900-0=
xfed81fff window]
[    4.223446] kernel: pci_bus 0000:00: root bus resource [mem 0xfedc0000-0=
xfedc0fff window]
[    4.223476] kernel: pci_bus 0000:00: root bus resource [mem 0xfedc6000-0=
xfedc6fff window]
[    4.223506] kernel: pci_bus 0000:00: root bus resource [mem 0xf7e0c0000-=
0x108fffffff window]
[    4.223535] kernel: pci_bus 0000:00: root bus resource [mem 0x10b0200000=
-0x8b4fffffff window]
[    4.223564] kernel: pci_bus 0000:00: root bus resource [bus 00-ff]
[    4.223605] kernel: pci 0000:00:00.0: [1022:1507] type 00 class 0x060000=
 conventional PCI endpoint
[    4.223642] kernel: pci 0000:00:00.2: [1022:1508] type 00 class 0x080600=
 conventional PCI endpoint
[    4.223678] kernel: pci 0000:00:01.0: [1022:1509] type 00 class 0x060000=
 conventional PCI endpoint
[    4.223714] kernel: pci 0000:00:01.1: [1022:150a] type 01 class 0x060400=
 PCIe Root Port
[    4.223749] kernel: pci 0000:00:01.1: PCI bridge to [bus 01-60]
[    4.223782] kernel: pci 0000:00:01.1:   bridge window [io  0x6000-0x9fff]
[    4.223816] kernel: pci 0000:00:01.1:   bridge window [mem 0xbc000000-0x=
d3ffffff]
[    4.223852] kernel: pci 0000:00:01.1:   bridge window [mem 0x3800000000-=
0x57ffffffff 64bit pref]
[    4.223885] kernel: pci 0000:00:01.1: PME# supported from D0 D3hot D3cold
[    4.223920] kernel: pci 0000:00:01.2: [1022:150a] type 01 class 0x060400=
 PCIe Root Port
[    4.223954] kernel: pci 0000:00:01.2: PCI bridge to [bus 61-c0]
[    4.223987] kernel: pci 0000:00:01.2:   bridge window [io  0x2000-0x5fff]
[    4.224025] kernel: pci 0000:00:01.2:   bridge window [mem 0xa4000000-0x=
bbffffff]
[    4.224060] kernel: pci 0000:00:01.2:   bridge window [mem 0x1800000000-=
0x37ffffffff 64bit pref]
[    4.224092] kernel: pci 0000:00:01.2: PME# supported from D0 D3hot D3cold
[    4.224127] kernel: pci 0000:00:02.0: [1022:1509] type 00 class 0x060000=
 conventional PCI endpoint
[    4.224162] kernel: pci 0000:00:02.3: [1022:150b] type 01 class 0x060400=
 PCIe Root Port
[    4.224197] kernel: pci 0000:00:02.3: PCI bridge to [bus c1]
[    4.224230] kernel: pci 0000:00:02.3:   bridge window [mem 0xd4000000-0x=
d42fffff]
[    4.224263] kernel: pci 0000:00:02.3: PME# supported from D0 D3hot D3cold
[    4.224298] kernel: pci 0000:00:02.5: [1022:150b] type 01 class 0x060400=
 PCIe Root Port
[    4.224332] kernel: pci 0000:00:02.5: PCI bridge to [bus c2]
[    4.224366] kernel: pci 0000:00:02.5:   bridge window [mem 0xd4900000-0x=
d49fffff]
[    4.224399] kernel: pci 0000:00:02.5: PME# supported from D0 D3hot D3cold
[    4.224433] kernel: pci 0000:00:03.0: [1022:1509] type 00 class 0x060000=
 conventional PCI endpoint
[    4.224469] kernel: pci 0000:00:08.0: [1022:1509] type 00 class 0x060000=
 conventional PCI endpoint
[    4.224503] kernel: pci 0000:00:08.1: [1022:150c] type 01 class 0x060400=
 PCIe Root Port
[    4.224537] kernel: pci 0000:00:08.1: PCI bridge to [bus c3]
[    4.224571] kernel: pci 0000:00:08.1:   bridge window [io  0x1000-0x1fff]
[    4.224604] kernel: pci 0000:00:08.1:   bridge window [mem 0x90000000-0x=
a04fffff]
[    4.224638] kernel: pci 0000:00:08.1:   bridge window [mem 0x5800000000-=
0x59007fffff 64bit pref]
[    4.224672] kernel: pci 0000:00:08.1: enabling Extended Tags
[    4.224705] kernel: pci 0000:00:08.1: PME# supported from D0 D3hot D3cold
[    4.224739] kernel: pci 0000:00:08.2: [1022:150c] type 01 class 0x060400=
 PCIe Root Port
[    4.224772] kernel: pci 0000:00:08.2: PCI bridge to [bus c4]
[    4.224805] kernel: pci 0000:00:08.2:   bridge window [mem 0xd4700000-0x=
d48fffff]
[    4.224840] kernel: pci 0000:00:08.2:   bridge window [mem 0x5900800000-=
0x59008fffff 64bit pref]
[    4.224873] kernel: pci 0000:00:08.2: enabling Extended Tags
[    4.224907] kernel: pci 0000:00:08.2: PME# supported from D0 D3hot D3cold
[    4.224941] kernel: pci 0000:00:08.3: [1022:150c] type 01 class 0x060400=
 PCIe Root Port
[    4.224975] kernel: pci 0000:00:08.3: PCI bridge to [bus c5]
[    4.225012] kernel: pci 0000:00:08.3:   bridge window [mem 0xd4300000-0x=
d46fffff]
[    4.225045] kernel: pci 0000:00:08.3: enabling Extended Tags
[    4.225079] kernel: pci 0000:00:08.3: PME# supported from D0 D3hot D3cold
[    4.225113] kernel: pci 0000:00:14.0: [1022:790b] type 00 class 0x0c0500=
 conventional PCI endpoint
[    4.225147] kernel: pci 0000:00:14.3: [1022:790e] type 00 class 0x060100=
 conventional PCI endpoint
[    4.225181] kernel: pci 0000:00:18.0: [1022:12b8] type 00 class 0x060000=
 conventional PCI endpoint
[    4.225216] kernel: pci 0000:00:18.1: [1022:12b9] type 00 class 0x060000=
 conventional PCI endpoint
[    4.225250] kernel: pci 0000:00:18.2: [1022:12ba] type 00 class 0x060000=
 conventional PCI endpoint
[    4.225286] kernel: pci 0000:00:18.3: [1022:12bb] type 00 class 0x060000=
 conventional PCI endpoint
[    4.225321] kernel: pci 0000:00:18.4: [1022:12bc] type 00 class 0x060000=
 conventional PCI endpoint
[    4.225356] kernel: pci 0000:00:18.5: [1022:12bd] type 00 class 0x060000=
 conventional PCI endpoint
[    4.225391] kernel: pci 0000:00:18.6: [1022:12be] type 00 class 0x060000=
 conventional PCI endpoint
[    4.225429] kernel: pci 0000:00:18.7: [1022:12bf] type 00 class 0x060000=
 conventional PCI endpoint
[    4.225464] kernel: pci 0000:00:01.1: PCI bridge to [bus 01-60]
[    4.225498] kernel: pci 0000:00:01.2: PCI bridge to [bus 61-c0]
[    4.225537] kernel: pci 0000:c1:00.0: [14c3:7925] type 00 class 0x028000=
 PCIe Endpoint
[    4.225572] kernel: pci 0000:c1:00.0: BAR 0 [mem 0xd4000000-0xd41fffff 6=
4bit]
[    4.225607] kernel: pci 0000:c1:00.0: BAR 2 [mem 0xd4200000-0xd4207fff 6=
4bit]
[    4.225655] kernel: pci 0000:c1:00.0: PME# supported from D0 D3hot D3cold
[    4.225689] kernel: pci 0000:00:02.3: PCI bridge to [bus c1]
[    4.225725] kernel: pci 0000:c2:00.0: [144d:a80c] type 00 class 0x010802=
 PCIe Endpoint
[    4.225760] kernel: pci 0000:c2:00.0: BAR 0 [mem 0xd4900000-0xd4903fff 6=
4bit]
[    4.225794] kernel: pci 0000:00:02.5: PCI bridge to [bus c2]
[    4.225829] kernel: pci 0000:c3:00.0: [1002:1586] type 00 class 0x038000=
 PCIe Legacy Endpoint
[    4.225863] kernel: pci 0000:c3:00.0: BAR 0 [mem 0x5800000000-0x58ffffff=
ff 64bit pref]
[    4.225897] kernel: pci 0000:c3:00.0: BAR 2 [mem 0x90000000-0x9fffffff 6=
4bit pref]
[    4.225931] kernel: pci 0000:c3:00.0: BAR 4 [io  0x1000-0x10ff]
[    4.225966] kernel: pci 0000:c3:00.0: BAR 5 [mem 0xa0300000-0xa03fffff]
[    4.226001] kernel: pci 0000:c3:00.0: enabling Extended Tags
[    4.226038] kernel: pci 0000:c3:00.0: PME# supported from D1 D2 D3hot D3=
cold
[    4.226073] kernel: pci 0000:c3:00.1: [1002:1640] type 00 class 0x040300=
 PCIe Legacy Endpoint
[    4.226107] kernel: pci 0000:c3:00.1: BAR 0 [mem 0xa0448000-0xa044bfff]
[    4.226140] kernel: pci 0000:c3:00.1: enabling Extended Tags
[    4.226173] kernel: pci 0000:c3:00.1: PME# supported from D1 D2 D3hot D3=
cold
[    4.226209] kernel: pci 0000:c3:00.2: [1022:17e0] type 00 class 0x108000=
 PCIe Endpoint
[    4.226243] kernel: pci 0000:c3:00.2: BAR 2 [mem 0xa0200000-0xa02fffff]
[    4.226278] kernel: pci 0000:c3:00.2: BAR 5 [mem 0xa044e000-0xa044ffff]
[    4.226312] kernel: pci 0000:c3:00.2: enabling Extended Tags
[    4.226348] kernel: pci 0000:c3:00.4: [1022:1587] type 00 class 0x0c0330=
 PCIe Endpoint
[    4.226382] kernel: pci 0000:c3:00.4: BAR 0 [mem 0xa0000000-0xa00fffff 6=
4bit]
[    4.226416] kernel: pci 0000:c3:00.4: enabling Extended Tags
[    4.226450] kernel: pci 0000:c3:00.4: PME# supported from D0 D3hot D3cold
[    4.226485] kernel: pci 0000:c3:00.5: [1022:15e2] type 00 class 0x048000=
 PCIe Endpoint
[    4.226520] kernel: pci 0000:c3:00.5: BAR 0 [mem 0xa0400000-0xa043ffff]
[    4.226554] kernel: pci 0000:c3:00.5: BAR 2 [mem 0x5900000000-0x59007fff=
ff 64bit pref]
[    4.226587] kernel: pci 0000:c3:00.5: enabling Extended Tags
[    4.226621] kernel: pci 0000:c3:00.5: PME# supported from D0 D3hot D3cold
[    4.226655] kernel: pci 0000:c3:00.6: [1022:15e3] type 00 class 0x040300=
 PCIe Endpoint
[    4.226689] kernel: pci 0000:c3:00.6: BAR 0 [mem 0xa0440000-0xa0447fff]
[    4.226723] kernel: pci 0000:c3:00.6: enabling Extended Tags
[    4.226756] kernel: pci 0000:c3:00.6: PME# supported from D0 D3hot D3cold
[    4.226792] kernel: pci 0000:c3:00.7: [1022:164a] type 00 class 0x118000=
 PCIe Endpoint
[    4.226826] kernel: pci 0000:c3:00.7: BAR 2 [mem 0xa0100000-0xa01fffff]
[    4.226859] kernel: pci 0000:c3:00.7: BAR 5 [mem 0xa044c000-0xa044dfff]
[    4.226893] kernel: pci 0000:c3:00.7: enabling Extended Tags
[    4.226925] kernel: pci 0000:00:08.1: PCI bridge to [bus c3]
[    4.226960] kernel: pci 0000:c4:00.0: [1022:150d] type 00 class 0x130000=
 PCIe Endpoint
[    4.226995] kernel: pci 0000:c4:00.0: enabling Extended Tags
[    4.227041] kernel: pci 0000:c4:00.1: [1022:17f0] type 00 class 0x118000=
 PCIe Endpoint
[    4.227077] kernel: pci 0000:c4:00.1: BAR 0 [mem 0xd4700000-0xd47fffff]
[    4.227110] kernel: pci 0000:c4:00.1: BAR 1 [mem 0xd4800000-0xd4801fff]
[    4.227143] kernel: pci 0000:c4:00.1: BAR 2 [mem 0x5900800000-0x590087ff=
ff 64bit pref]
[    4.227177] kernel: pci 0000:c4:00.1: BAR 4 [mem 0xd4803000-0xd4803fff]
[    4.227210] kernel: pci 0000:c4:00.1: BAR 5 [mem 0xd4802000-0xd4802fff]
[    4.227244] kernel: pci 0000:c4:00.1: enabling Extended Tags
[    4.227277] kernel: pci 0000:00:08.2: PCI bridge to [bus c4]
[    4.227312] kernel: pci 0000:c5:00.0: [1022:1588] type 00 class 0x0c0330=
 PCIe Endpoint
[    4.227347] kernel: pci 0000:c5:00.0: BAR 0 [mem 0xd4300000-0xd43fffff 6=
4bit]
[    4.227382] kernel: pci 0000:c5:00.0: enabling Extended Tags
[    4.227417] kernel: pci 0000:c5:00.0: PME# supported from D0 D3hot D3cold
[    4.227452] kernel: pci 0000:c5:00.3: [1022:1589] type 00 class 0x0c0330=
 PCIe Endpoint
[    4.227486] kernel: pci 0000:c5:00.3: BAR 0 [mem 0xd4400000-0xd44fffff 6=
4bit]
[    4.227520] kernel: pci 0000:c5:00.3: enabling Extended Tags
[    4.227555] kernel: pci 0000:c5:00.3: PME# supported from D0 D3hot D3cold
[    4.227591] kernel: pci 0000:c5:00.4: [1022:158b] type 00 class 0x0c0330=
 PCIe Endpoint
[    4.227627] kernel: pci 0000:c5:00.4: BAR 0 [mem 0xd4500000-0xd45fffff 6=
4bit]
[    4.227660] kernel: pci 0000:c5:00.4: enabling Extended Tags
[    4.227695] kernel: pci 0000:c5:00.4: PME# supported from D0 D3hot D3cold
[    4.227732] kernel: pci 0000:c5:00.5: [1022:158d] type 00 class 0x0c0340=
 PCIe Endpoint
[    4.227766] kernel: pci 0000:c5:00.5: BAR 0 [mem 0xd4600000-0xd467ffff 6=
4bit]
[    4.227801] kernel: pci 0000:c5:00.5: Max Payload Size set to 128 (was 2=
56, max 256)
[    4.227835] kernel: pci 0000:c5:00.5: enabling Extended Tags
[    4.227869] kernel: pci 0000:c5:00.5: PME# supported from D0 D3hot D3cold
[    4.227906] kernel: pci 0000:c5:00.6: [1022:158e] type 00 class 0x0c0340=
 PCIe Endpoint
[    4.227942] kernel: pci 0000:c5:00.6: BAR 0 [mem 0xd4680000-0xd46fffff 6=
4bit]
[    4.227976] kernel: pci 0000:c5:00.6: Max Payload Size set to 128 (was 2=
56, max 256)
[    4.228014] kernel: pci 0000:c5:00.6: enabling Extended Tags
[    4.228049] kernel: pci 0000:c5:00.6: PME# supported from D0 D3hot D3cold
[    4.228083] kernel: pci 0000:00:08.3: PCI bridge to [bus c5]
[    4.228087] kernel: Low-power S0 idle used by default for system suspend
[    4.228091] kernel: ACPI: PCI: Interrupt link LNKA configured for IRQ 0
[    4.228095] kernel: ACPI: PCI: Interrupt link LNKA disabled
[    4.228099] kernel: ACPI: PCI: Interrupt link LNKB configured for IRQ 0
[    4.228102] kernel: ACPI: PCI: Interrupt link LNKB disabled
[    4.228106] kernel: ACPI: PCI: Interrupt link LNKC configured for IRQ 0
[    4.228110] kernel: ACPI: PCI: Interrupt link LNKC disabled
[    4.228113] kernel: ACPI: PCI: Interrupt link LNKD configured for IRQ 0
[    4.228117] kernel: ACPI: PCI: Interrupt link LNKD disabled
[    4.228120] kernel: ACPI: PCI: Interrupt link LNKE configured for IRQ 0
[    4.228124] kernel: ACPI: PCI: Interrupt link LNKE disabled
[    4.228127] kernel: ACPI: PCI: Interrupt link LNKF configured for IRQ 0
[    4.228131] kernel: ACPI: PCI: Interrupt link LNKF disabled
[    4.228133] kernel: ACPI: PCI: Interrupt link LNKG configured for IRQ 0
[    4.228137] kernel: ACPI: PCI: Interrupt link LNKG disabled
[    4.228140] kernel: ACPI: PCI: Interrupt link LNKH configured for IRQ 0
[    4.228143] kernel: ACPI: PCI: Interrupt link LNKH disabled
[    4.228147] kernel: ACPI: EC: interrupt unblocked
[    4.228151] kernel: ACPI: EC: event unblocked
[    4.228154] kernel: ACPI: EC: EC_CMD/EC_SC=3D0x66, EC_DATA=3D0x62
[    4.228158] kernel: ACPI: EC: GPE=3D0x3
[    4.228162] kernel: ACPI: \_SB_.PCI0.LPCB.EC0_: Boot DSDT EC initializat=
ion complete
[    4.228165] kernel: ACPI: \_SB_.PCI0.LPCB.EC0_: EC: Used to handle trans=
actions and events
[    4.228169] kernel: iommu: Default domain type: Translated
[    4.228172] kernel: iommu: DMA domain TLB invalidation policy: lazy mode
[    4.228178] kernel: SCSI subsystem initialized
[    4.228182] kernel: libata version 3.00 loaded.
[    4.228185] kernel: ACPI: bus type USB registered
[    4.228188] kernel: usbcore: registered new interface driver usbfs
[    4.228192] kernel: usbcore: registered new interface driver hub
[    4.228195] kernel: usbcore: registered new device driver usb
[    4.228198] kernel: EDAC MC: Ver: 3.0.0
[    4.228202] kernel: efivars: Registered efivars operations
[    4.228205] kernel: NetLabel: Initializing
[    4.228209] kernel: NetLabel:  domain hash size =3D 128
[    4.228212] kernel: NetLabel:  protocols =3D UNLABELED CIPSOv4 CALIPSO
[    4.228215] kernel: NetLabel:  unlabeled traffic allowed by default
[    4.228219] kernel: mctp: management component transport protocol core
[    4.228222] kernel: NET: Registered PF_MCTP protocol family
[    4.228226] kernel: PCI: Using ACPI for IRQ routing
[    4.228230] kernel: PCI: pci_cache_line_size set to 64 bytes
[    4.228233] kernel: e820: reserve RAM buffer [mem 0x0009f000-0x0009ffff]
[    4.228237] kernel: e820: reserve RAM buffer [mem 0x09f00000-0x0bffffff]
[    4.228240] kernel: e820: reserve RAM buffer [mem 0x37bee000-0x37ffffff]
[    4.228244] kernel: e820: reserve RAM buffer [mem 0x44bd0000-0x47ffffff]
[    4.228247] kernel: e820: reserve RAM buffer [mem 0x52bd2000-0x53ffffff]
[    4.228250] kernel: e820: reserve RAM buffer [mem 0x52bdc000-0x53ffffff]
[    4.228253] kernel: e820: reserve RAM buffer [mem 0x5d134000-0x5fffffff]
[    4.228257] kernel: e820: reserve RAM buffer [mem 0xf7e0c0000-0xf7ffffff=
f]
[    4.228261] kernel: vgaarb: loaded
[    4.228264] kernel: hpet0: at MMIO 0xfed00000, IRQs 2, 8, 0
[    4.228267] kernel: hpet0: 3 comparators, 32-bit 14.318180 MHz counter
[    4.228270] kernel: clocksource: Switched to clocksource tsc-early
[    4.228274] kernel: VFS: Disk quotas dquot_6.6.0
[    4.228278] kernel: VFS: Dquot-cache hash table entries: 512 (order 0, 4=
096 bytes)
[    4.228281] kernel: pnp: PnP ACPI init
[    4.228317] kernel: system 00:01: [io  0x0400-0x04cf] has been reserved
[    4.228350] kernel: system 00:01: [io  0x04d0-0x04d1] has been reserved
[    4.228382] kernel: system 00:01: [io  0x04d6] has been reserved
[    4.228413] kernel: system 00:01: [io  0x0680-0x06ff] has been reserved
[    4.228445] kernel: system 00:01: [io  0x077a] has been reserved
[    4.228475] kernel: system 00:01: [io  0x0c00-0x0c01] has been reserved
[    4.228507] kernel: system 00:01: [io  0x0c14] has been reserved
[    4.228538] kernel: system 00:01: [io  0x0c50-0x0c52] has been reserved
[    4.228568] kernel: system 00:01: [io  0x0c6c] has been reserved
[    4.228599] kernel: system 00:01: [io  0x0c6f] has been reserved
[    4.228629] kernel: system 00:01: [io  0x0cd0-0x0cdb] has been reserved
[    4.228660] kernel: system 00:01: [io  0x0840-0x0847] has been reserved
[    4.228692] kernel: system 00:02: [mem 0x000e0000-0x000fffff] could not =
be reserved
[    4.228725] kernel: system 00:04: [io  0x0600-0x067f] has been reserved
[    4.228756] kernel: system 00:04: [mem 0xfedf1000-0xfedf1fff] has been r=
eserved
[    4.228788] kernel: system 00:05: [mem 0xfec00000-0xfec00fff] could not =
be reserved
[    4.228819] kernel: system 00:05: [mem 0xfee00000-0xfee00fff] has been r=
eserved
[    4.228850] kernel: system 00:05: [mem 0xfec20000-0xfec20fff] has been r=
eserved
[    4.228883] kernel: system 00:06: [mem 0xfed40000-0xfed44fff] has been r=
eserved
[    4.228887] kernel: pnp: PnP ACPI: found 7 devices
[    4.228891] kernel: clocksource: acpi_pm: mask: 0xffffff max_cycles: 0xf=
fffff, max_idle_ns: 2085701024 ns
[    4.228894] kernel: NET: Registered PF_INET protocol family
[    4.228898] kernel: IP idents hash table entries: 262144 (order: 9, 2097=
152 bytes, linear)
[    4.228901] kernel: tcp_listen_portaddr_hash hash table entries: 32768 (=
order: 7, 524288 bytes, linear)
[    4.228904] kernel: Table-perturb hash table entries: 65536 (order: 6, 2=
62144 bytes, linear)
[    4.228908] kernel: TCP established hash table entries: 524288 (order: 1=
0, 4194304 bytes, linear)
[    4.228912] kernel: TCP bind hash table entries: 65536 (order: 9, 209715=
2 bytes, linear)
[    4.228915] kernel: TCP: Hash tables configured (established 524288 bind=
 65536)
[    4.228918] kernel: MPTCP token hash table entries: 65536 (order: 8, 157=
2864 bytes, linear)
[    4.228922] kernel: UDP hash table entries: 32768 (order: 9, 2097152 byt=
es, linear)
[    4.228925] kernel: UDP-Lite hash table entries: 32768 (order: 9, 209715=
2 bytes, linear)
[    4.228929] kernel: NET: Registered PF_UNIX/PF_LOCAL protocol family
[    4.228933] kernel: NET: Registered PF_XDP protocol family
[    4.228966] kernel: pci 0000:00:01.1: PCI bridge to [bus 01-60]
[    4.229001] kernel: pci 0000:00:01.1:   bridge window [io  0x6000-0x9fff]
[    4.229037] kernel: pci 0000:00:01.1:   bridge window [mem 0xbc000000-0x=
d3ffffff]
[    4.229070] kernel: pci 0000:00:01.1:   bridge window [mem 0x3800000000-=
0x57ffffffff 64bit pref]
[    4.229104] kernel: pci 0000:00:01.2: PCI bridge to [bus 61-c0]
[    4.229136] kernel: pci 0000:00:01.2:   bridge window [io  0x2000-0x5fff]
[    4.229171] kernel: pci 0000:00:01.2:   bridge window [mem 0xa4000000-0x=
bbffffff]
[    4.229204] kernel: pci 0000:00:01.2:   bridge window [mem 0x1800000000-=
0x37ffffffff 64bit pref]
[    4.229237] kernel: pci 0000:00:02.3: PCI bridge to [bus c1]
[    4.229269] kernel: pci 0000:00:02.3:   bridge window [mem 0xd4000000-0x=
d42fffff]
[    4.229302] kernel: pci 0000:00:02.5: PCI bridge to [bus c2]
[    4.229335] kernel: pci 0000:00:02.5:   bridge window [mem 0xd4900000-0x=
d49fffff]
[    4.229369] kernel: pci 0000:00:08.1: PCI bridge to [bus c3]
[    4.229402] kernel: pci 0000:00:08.1:   bridge window [io  0x1000-0x1fff]
[    4.229435] kernel: pci 0000:00:08.1:   bridge window [mem 0x90000000-0x=
a04fffff]
[    4.229468] kernel: pci 0000:00:08.1:   bridge window [mem 0x5800000000-=
0x59007fffff 64bit pref]
[    4.229502] kernel: pci 0000:00:08.2: PCI bridge to [bus c4]
[    4.229535] kernel: pci 0000:00:08.2:   bridge window [mem 0xd4700000-0x=
d48fffff]
[    4.229567] kernel: pci 0000:00:08.2:   bridge window [mem 0x5900800000-=
0x59008fffff 64bit pref]
[    4.229600] kernel: pci 0000:00:08.3: PCI bridge to [bus c5]
[    4.229633] kernel: pci 0000:00:08.3:   bridge window [mem 0xd4300000-0x=
d46fffff]
[    4.229665] kernel: pci_bus 0000:00: resource 4 [io  0x0000-0x0cf7 windo=
w]
[    4.229696] kernel: pci_bus 0000:00: resource 5 [io  0x0d00-0xffff windo=
w]
[    4.229726] kernel: pci_bus 0000:00: resource 6 [mem 0x000a0000-0x000bff=
ff window]
[    4.229755] kernel: pci_bus 0000:00: resource 7 [mem 0x000c0000-0x000cff=
ff window]
[    4.229784] kernel: pci_bus 0000:00: resource 8 [mem 0x000d0000-0x000eff=
ff window]
[    4.229814] kernel: pci_bus 0000:00: resource 9 [mem 0x80000000-0xefffff=
ff window]
[    4.229843] kernel: pci_bus 0000:00: resource 10 [mem 0xfed45000-0xfed81=
4ff window]
[    4.229873] kernel: pci_bus 0000:00: resource 11 [mem 0xfed81900-0xfed81=
fff window]
[    4.229901] kernel: pci_bus 0000:00: resource 12 [mem 0xfedc0000-0xfedc0=
fff window]
[    4.229931] kernel: pci_bus 0000:00: resource 13 [mem 0xfedc6000-0xfedc6=
fff window]
[    4.229960] kernel: pci_bus 0000:00: resource 14 [mem 0xf7e0c0000-0x108f=
ffffff window]
[    4.229989] kernel: pci_bus 0000:00: resource 15 [mem 0x10b0200000-0x8b4=
fffffff window]
[    4.230071] kernel: pci_bus 0000:01: resource 0 [io  0x6000-0x9fff]
[    4.230102] kernel: pci_bus 0000:01: resource 1 [mem 0xbc000000-0xd3ffff=
ff]
[    4.230134] kernel: pci_bus 0000:01: resource 2 [mem 0x3800000000-0x57ff=
ffffff 64bit pref]
[    4.230169] kernel: pci_bus 0000:61: resource 0 [io  0x2000-0x5fff]
[    4.230200] kernel: pci_bus 0000:61: resource 1 [mem 0xa4000000-0xbbffff=
ff]
[    4.230230] kernel: pci_bus 0000:61: resource 2 [mem 0x1800000000-0x37ff=
ffffff 64bit pref]
[    4.230265] kernel: pci_bus 0000:c1: resource 1 [mem 0xd4000000-0xd42fff=
ff]
[    4.230301] kernel: pci_bus 0000:c2: resource 1 [mem 0xd4900000-0xd49fff=
ff]
[    4.230338] kernel: pci_bus 0000:c3: resource 0 [io  0x1000-0x1fff]
[    4.230369] kernel: pci_bus 0000:c3: resource 1 [mem 0x90000000-0xa04fff=
ff]
[    4.230401] kernel: pci_bus 0000:c3: resource 2 [mem 0x5800000000-0x5900=
7fffff 64bit pref]
[    4.230437] kernel: pci_bus 0000:c4: resource 1 [mem 0xd4700000-0xd48fff=
ff]
[    4.230467] kernel: pci_bus 0000:c4: resource 2 [mem 0x5900800000-0x5900=
8fffff 64bit pref]
[    4.230503] kernel: pci_bus 0000:c5: resource 1 [mem 0xd4300000-0xd46fff=
ff]
[    4.230538] kernel: pci 0000:c3:00.1: D0 power state depends on 0000:c3:=
00.0
[    4.230574] kernel: pci 0000:c3:00.4: enabling device (0000 -> 0002)
[    4.230609] kernel: pci 0000:c5:00.0: enabling device (0000 -> 0002)
[    4.230643] kernel: pci 0000:c5:00.3: enabling device (0000 -> 0002)
[    4.230677] kernel: pci 0000:c5:00.4: enabling device (0000 -> 0002)
[    4.230682] kernel: PCI: CLS 0 bytes, default 64
[    4.230715] kernel: pci 0000:00:00.2: AMD-Vi: IOMMU performance counters=
 supported
[    4.230719] kernel: Trying to unpack rootfs image as initramfs...
[    4.230753] kernel: pci 0000:00:00.0: Adding to iommu group 0
[    4.230787] kernel: pci 0000:00:01.0: Adding to iommu group 1
[    4.230822] kernel: pci 0000:00:01.1: Adding to iommu group 2
[    4.230854] kernel: pci 0000:00:01.2: Adding to iommu group 3
[    4.230887] kernel: pci 0000:00:02.0: Adding to iommu group 4
[    4.230920] kernel: pci 0000:00:02.3: Adding to iommu group 5
[    4.230953] kernel: pci 0000:00:02.5: Adding to iommu group 6
[    4.230986] kernel: pci 0000:00:03.0: Adding to iommu group 7
[    4.231022] kernel: pci 0000:00:08.0: Adding to iommu group 8
[    4.231056] kernel: pci 0000:00:08.1: Adding to iommu group 9
[    4.231090] kernel: pci 0000:00:08.2: Adding to iommu group 10
[    4.231123] kernel: pci 0000:00:08.3: Adding to iommu group 11
[    4.231156] kernel: pci 0000:00:14.0: Adding to iommu group 12
[    4.231189] kernel: pci 0000:00:14.3: Adding to iommu group 12
[    4.231222] kernel: pci 0000:00:18.0: Adding to iommu group 13
[    4.231255] kernel: pci 0000:00:18.1: Adding to iommu group 13
[    4.231288] kernel: pci 0000:00:18.2: Adding to iommu group 13
[    4.231321] kernel: pci 0000:00:18.3: Adding to iommu group 13
[    4.231355] kernel: pci 0000:00:18.4: Adding to iommu group 13
[    4.231388] kernel: pci 0000:00:18.5: Adding to iommu group 13
[    4.231422] kernel: pci 0000:00:18.6: Adding to iommu group 13
[    4.231455] kernel: pci 0000:00:18.7: Adding to iommu group 13
[    4.231488] kernel: pci 0000:c1:00.0: Adding to iommu group 14
[    4.231523] kernel: pci 0000:c2:00.0: Adding to iommu group 15
[    4.231556] kernel: pci 0000:c3:00.0: Adding to iommu group 16
[    4.231591] kernel: pci 0000:c3:00.1: Adding to iommu group 17
[    4.231625] kernel: pci 0000:c3:00.2: Adding to iommu group 18
[    4.231660] kernel: pci 0000:c3:00.4: Adding to iommu group 19
[    4.231694] kernel: pci 0000:c3:00.5: Adding to iommu group 20
[    4.231728] kernel: pci 0000:c3:00.6: Adding to iommu group 21
[    4.231763] kernel: pci 0000:c3:00.7: Adding to iommu group 22
[    4.231797] kernel: pci 0000:c4:00.0: Adding to iommu group 23
[    4.231831] kernel: pci 0000:c4:00.1: Adding to iommu group 24
[    4.231865] kernel: pci 0000:c5:00.0: Adding to iommu group 25
[    4.231900] kernel: pci 0000:c5:00.3: Adding to iommu group 26
[    4.231934] kernel: pci 0000:c5:00.4: Adding to iommu group 27
[    4.231967] kernel: pci 0000:c5:00.5: Adding to iommu group 28
[    4.232002] kernel: pci 0000:c5:00.6: Adding to iommu group 29
[    4.232008] kernel: AMD-Vi: Extended features (0x246577efa2254afa, 0x10)=
: PPR NX GT [5] IA GA PC GA_vAPIC
[    4.232014] kernel: AMD-Vi: Interrupt remapping enabled
[    4.232019] kernel: AMD-Vi: Virtual APIC enabled
[    4.232024] kernel: PCI-DMA: Using software bounce buffering for IO (SWI=
OTLB)
[    4.232029] kernel: software IO TLB: mapped [mem 0x0000000074000000-0x00=
00000078000000] (64MB)
[    4.232034] kernel: LVT offset 0 assigned for vector 0x400
[    4.232038] kernel: perf: AMD IBS detected (0x00081bff)
[    4.232042] kernel: perf/amd_iommu: Detected AMD IOMMU #0 (2 banks, 4 co=
unters/bank).
[    4.232046] kernel: Initialise system trusted keyrings
[    4.232050] kernel: Key type blacklist registered
[    4.232054] kernel: workingset: timestamp_bits=3D36 max_order=3D24 bucke=
t_order=3D0
[    4.232057] kernel: fuse: init (API version 7.44)
[    4.232061] kernel: integrity: Platform Keyring initialized
[    4.232065] kernel: integrity: Machine keyring initialized
[    4.232068] kernel: xor: automatically using best checksumming function =
  avx      =20
[    4.232072] kernel: Key type asymmetric registered
[    4.232076] kernel: Asymmetric key parser 'x509' registered
[    4.232079] kernel: Block layer SCSI generic (bsg) driver version 0.4 lo=
aded (major 246)
[    4.232083] kernel: io scheduler mq-deadline registered
[    4.232086] kernel: io scheduler kyber registered
[    4.232090] kernel: io scheduler bfq registered
[    4.232094] kernel: Freeing initrd memory: 67500K
[    4.232097] kernel: ledtrig-cpu: registered to indicate activity on CPUs
[    4.232129] kernel: pcieport 0000:00:01.1: PME: Signaling with IRQ 32
[    4.232163] kernel: pcieport 0000:00:01.1: pciehp: Slot #0 AttnBtn- PwrC=
trl- MRL- AttnInd- PwrInd- HotPlug+ Surprise+ Interlock- NoCompl+ IbPresDis=
- LLActRep+
[    4.232198] kernel: pcieport 0000:00:01.2: PME: Signaling with IRQ 33
[    4.232231] kernel: pcieport 0000:00:01.2: pciehp: Slot #0 AttnBtn- PwrC=
trl- MRL- AttnInd- PwrInd- HotPlug+ Surprise+ Interlock- NoCompl+ IbPresDis=
- LLActRep+
[    4.232264] kernel: pcieport 0000:00:02.3: PME: Signaling with IRQ 34
[    4.232298] kernel: pcieport 0000:00:02.5: PME: Signaling with IRQ 35
[    4.232331] kernel: pcieport 0000:00:08.1: PME: Signaling with IRQ 36
[    4.232363] kernel: pcieport 0000:00:08.2: PME: Signaling with IRQ 37
[    4.232396] kernel: pcieport 0000:00:08.3: PME: Signaling with IRQ 38
[    4.232400] kernel: ACPI: AC: AC Adapter [AC] (off-line)
[    4.232403] kernel: input: Power Button as /devices/LNXSYSTM:00/LNXSYBUS=
:00/PNP0C0C:00/input/input0
[    4.232407] kernel: ACPI: button: Power Button [PWRB]
[    4.232410] kernel: input: Sleep Button as /devices/LNXSYSTM:00/LNXSYBUS=
:00/PNP0C0E:00/input/input1
[    4.232414] kernel: ACPI: button: Sleep Button [SLPB]
[    4.232418] kernel: input: Lid Switch as /devices/LNXSYSTM:00/LNXSYBUS:0=
0/PNP0C0D:00/input/input2
[    4.232421] kernel: ACPI: button: Lid Switch [LID]
[    4.232424] kernel: input: Power Button as /devices/LNXSYSTM:00/LNXPWRBN=
:00/input/input3
[    4.232428] kernel: ACPI: button: Power Button [PWRF]
[    4.232431] kernel: Monitor-Mwait will be used to enter C-1 state
[    4.232435] kernel: Estimated ratio of average max frequency by base fre=
quency (times 1024): 1397
[    4.232471] kernel: thermal LNXTHERM:00: registered as thermal_zone0
[    4.232477] kernel: ACPI: thermal: Thermal Zone [CPUZ] (49 C)
[    4.232512] kernel: thermal LNXTHERM:01: registered as thermal_zone1
[    4.232517] kernel: ACPI: thermal: Thermal Zone [GFXZ] (25 C)
[    4.232551] kernel: thermal LNXTHERM:02: registered as thermal_zone2
[    4.232556] kernel: ACPI: thermal: Thermal Zone [EXTZ] (0 C)
[    4.232591] kernel: thermal LNXTHERM:03: registered as thermal_zone3
[    4.232596] kernel: ACPI: thermal: Thermal Zone [LOCZ] (47 C)
[    4.232630] kernel: thermal LNXTHERM:04: registered as thermal_zone4
[    4.232636] kernel: ACPI: thermal: Thermal Zone [BATZ] (30 C)
[    4.232670] kernel: thermal LNXTHERM:05: registered as thermal_zone5
[    4.232675] kernel: ACPI: thermal: Thermal Zone [CHGZ] (45 C)
[    4.232709] kernel: thermal LNXTHERM:06: registered as thermal_zone6
[    4.232714] kernel: ACPI: thermal: Thermal Zone [MSHZ] (30 C)
[    4.232717] kernel: Serial: 8250/16550 driver, 32 ports, IRQ sharing ena=
bled
[    4.232721] kernel: Non-volatile memory driver v1.3
[    4.232724] kernel: Linux agpgart interface v0.103
[    4.232728] kernel: ACPI: bus type drm_connector registered
[    4.232762] kernel: xhci_hcd 0000:c3:00.4: xHCI Host Controller
[    4.232798] kernel: xhci_hcd 0000:c3:00.4: new USB bus registered, assig=
ned bus number 1
[    4.232832] kernel: xhci_hcd 0000:c3:00.4: hcc params 0x0118ffc5 hci ver=
sion 0x120 quirks 0x0000000200000010
[    4.232866] kernel: xhci_hcd 0000:c3:00.4: xHCI Host Controller
[    4.232900] kernel: xhci_hcd 0000:c3:00.4: new USB bus registered, assig=
ned bus number 2
[    4.232935] kernel: xhci_hcd 0000:c3:00.4: Host supports USB 3.1 Enhance=
d SuperSpeed
[    4.232972] kernel: usb usb1: New USB device found, idVendor=3D1d6b, idP=
roduct=3D0002, bcdDevice=3D 6.16
[    4.233004] kernel: usb usb1: New USB device strings: Mfr=3D3, Product=
=3D2, SerialNumber=3D1
[    4.233032] kernel: usb usb1: Product: xHCI Host Controller
[    4.233059] kernel: usb usb1: Manufacturer: Linux 6.16.0-00020-g541e951a=
4e8a xhci-hcd
[    4.233086] kernel: usb usb1: SerialNumber: 0000:c3:00.4
[    4.233130] kernel: hub 1-0:1.0: USB hub found
[    4.233173] kernel: hub 1-0:1.0: 1 port detected
[    4.233214] kernel: usb usb2: We don't know the algorithms for LPM for t=
his host, disabling LPM.
[    4.233245] kernel: usb usb2: New USB device found, idVendor=3D1d6b, idP=
roduct=3D0003, bcdDevice=3D 6.16
[    4.233272] kernel: usb usb2: New USB device strings: Mfr=3D3, Product=
=3D2, SerialNumber=3D1
[    4.233299] kernel: usb usb2: Product: xHCI Host Controller
[    4.233324] kernel: usb usb2: Manufacturer: Linux 6.16.0-00020-g541e951a=
4e8a xhci-hcd
[    4.233350] kernel: usb usb2: SerialNumber: 0000:c3:00.4
[    4.233389] kernel: hub 2-0:1.0: USB hub found
[    4.233426] kernel: hub 2-0:1.0: 1 port detected
[    4.233462] kernel: xhci_hcd 0000:c5:00.0: xHCI Host Controller
[    4.233496] kernel: xhci_hcd 0000:c5:00.0: new USB bus registered, assig=
ned bus number 3
[    4.233530] kernel: xhci_hcd 0000:c5:00.0: hcc params 0x0128ffc5 hci ver=
sion 0x120 quirks 0x0000000200000010
[    4.233564] kernel: xhci_hcd 0000:c5:00.0: xHCI Host Controller
[    4.233598] kernel: xhci_hcd 0000:c5:00.0: new USB bus registered, assig=
ned bus number 4
[    4.233633] kernel: xhci_hcd 0000:c5:00.0: Host supports USB 3.1 Enhance=
d SuperSpeed
[    4.233663] kernel: usb usb3: New USB device found, idVendor=3D1d6b, idP=
roduct=3D0002, bcdDevice=3D 6.16
[    4.233690] kernel: usb usb3: New USB device strings: Mfr=3D3, Product=
=3D2, SerialNumber=3D1
[    4.233718] kernel: usb usb3: Product: xHCI Host Controller
[    4.233743] kernel: usb usb3: Manufacturer: Linux 6.16.0-00020-g541e951a=
4e8a xhci-hcd
[    4.233770] kernel: usb usb3: SerialNumber: 0000:c5:00.0
[    4.233808] kernel: hub 3-0:1.0: USB hub found
[    4.233845] kernel: hub 3-0:1.0: 5 ports detected
[    4.233885] kernel: usb usb4: We don't know the algorithms for LPM for t=
his host, disabling LPM.
[    4.233914] kernel: usb usb4: New USB device found, idVendor=3D1d6b, idP=
roduct=3D0003, bcdDevice=3D 6.16
[    4.233942] kernel: usb usb4: New USB device strings: Mfr=3D3, Product=
=3D2, SerialNumber=3D1
[    4.233968] kernel: usb usb4: Product: xHCI Host Controller
[    4.233995] kernel: usb usb4: Manufacturer: Linux 6.16.0-00020-g541e951a=
4e8a xhci-hcd
[    4.234026] kernel: usb usb4: SerialNumber: 0000:c5:00.0
[    4.234066] kernel: hub 4-0:1.0: USB hub found
[    4.234104] kernel: hub 4-0:1.0: 2 ports detected
[    4.234139] kernel: xhci_hcd 0000:c5:00.3: xHCI Host Controller
[    4.234175] kernel: xhci_hcd 0000:c5:00.3: new USB bus registered, assig=
ned bus number 5
[    4.234209] kernel: xhci_hcd 0000:c5:00.3: hcc params 0x0118ffc5 hci ver=
sion 0x120 quirks 0x0000000200000010
[    4.234245] kernel: xhci_hcd 0000:c5:00.3: xHCI Host Controller
[    4.234279] kernel: xhci_hcd 0000:c5:00.3: new USB bus registered, assig=
ned bus number 6
[    4.234313] kernel: xhci_hcd 0000:c5:00.3: Host supports USB 3.1 Enhance=
d SuperSpeed
[    4.234344] kernel: usb usb5: New USB device found, idVendor=3D1d6b, idP=
roduct=3D0002, bcdDevice=3D 6.16
[    4.234372] kernel: usb usb5: New USB device strings: Mfr=3D3, Product=
=3D2, SerialNumber=3D1
[    4.234399] kernel: usb usb5: Product: xHCI Host Controller
[    4.234426] kernel: usb usb5: Manufacturer: Linux 6.16.0-00020-g541e951a=
4e8a xhci-hcd
[    4.234452] kernel: usb usb5: SerialNumber: 0000:c5:00.3
[    4.234491] kernel: hub 5-0:1.0: USB hub found
[    4.234528] kernel: hub 5-0:1.0: 1 port detected
[    4.234569] kernel: usb usb6: We don't know the algorithms for LPM for t=
his host, disabling LPM.
[    4.234598] kernel: usb usb6: New USB device found, idVendor=3D1d6b, idP=
roduct=3D0003, bcdDevice=3D 6.16
[    4.234626] kernel: usb usb6: New USB device strings: Mfr=3D3, Product=
=3D2, SerialNumber=3D1
[    4.234653] kernel: usb usb6: Product: xHCI Host Controller
[    4.234679] kernel: usb usb6: Manufacturer: Linux 6.16.0-00020-g541e951a=
4e8a xhci-hcd
[    4.234705] kernel: usb usb6: SerialNumber: 0000:c5:00.3
[    4.234744] kernel: hub 6-0:1.0: USB hub found
[    4.234780] kernel: hub 6-0:1.0: 1 port detected
[    4.234815] kernel: xhci_hcd 0000:c5:00.4: xHCI Host Controller
[    4.234849] kernel: xhci_hcd 0000:c5:00.4: new USB bus registered, assig=
ned bus number 7
[    4.234884] kernel: xhci_hcd 0000:c5:00.4: hcc params 0x0118ffc5 hci ver=
sion 0x120 quirks 0x0000000200000010
[    4.234919] kernel: xhci_hcd 0000:c5:00.4: xHCI Host Controller
[    4.234953] kernel: xhci_hcd 0000:c5:00.4: new USB bus registered, assig=
ned bus number 8
[    4.234989] kernel: xhci_hcd 0000:c5:00.4: Host supports USB 3.1 Enhance=
d SuperSpeed
[    4.235023] kernel: usb usb7: New USB device found, idVendor=3D1d6b, idP=
roduct=3D0002, bcdDevice=3D 6.16
[    4.235052] kernel: usb usb7: New USB device strings: Mfr=3D3, Product=
=3D2, SerialNumber=3D1
[    4.235079] kernel: usb usb7: Product: xHCI Host Controller
[    4.235105] kernel: usb usb7: Manufacturer: Linux 6.16.0-00020-g541e951a=
4e8a xhci-hcd
[    4.235132] kernel: usb usb7: SerialNumber: 0000:c5:00.4
[    4.235170] kernel: hub 7-0:1.0: USB hub found
[    4.235208] kernel: hub 7-0:1.0: 1 port detected
[    4.235247] kernel: usb usb8: We don't know the algorithms for LPM for t=
his host, disabling LPM.
[    4.235276] kernel: usb usb8: New USB device found, idVendor=3D1d6b, idP=
roduct=3D0003, bcdDevice=3D 6.16
[    4.235303] kernel: usb usb8: New USB device strings: Mfr=3D3, Product=
=3D2, SerialNumber=3D1
[    4.235328] kernel: usb usb8: Product: xHCI Host Controller
[    4.235354] kernel: usb usb8: Manufacturer: Linux 6.16.0-00020-g541e951a=
4e8a xhci-hcd
[    4.235380] kernel: usb usb8: SerialNumber: 0000:c5:00.4
[    4.235419] kernel: hub 8-0:1.0: USB hub found
[    4.235458] kernel: hub 8-0:1.0: 1 port detected
[    4.235462] kernel: usbcore: registered new interface driver usbserial_g=
eneric
[    4.235466] kernel: usbserial: USB Serial support registered for generic
[    4.235469] kernel: i8042: PNP: PS/2 Controller [PNP0303:KBC0] at 0x60,0=
x64 irq 1
[    4.235473] kernel: i8042: PNP: PS/2 appears to have AUX port disabled, =
if this is incorrect please boot with i8042.nopnp
[    4.235477] kernel: serio: i8042 KBD port at 0x60,0x64 irq 1
[    4.235510] kernel: rtc_cmos 00:00: RTC can wake from S4
[    4.235542] kernel: rtc_cmos 00:00: registered as rtc0
[    4.235573] kernel: rtc_cmos 00:00: setting system clock to 2025-07-29T0=
6:54:06 UTC (1753772046)
[    4.235604] kernel: rtc_cmos 00:00: alarms up to one month, y3k, 114 byt=
es nvram
[    4.235608] kernel: ACPI: battery: Slot [BAT0] (battery present)
[    4.235650] kernel: simple-framebuffer simple-framebuffer.0: [drm] Regis=
tered 1 planes with drm panic
[    4.235655] kernel: [drm] Initialized simpledrm 1.0.0 for simple-framebu=
ffer.0 on minor 0
[    4.235659] kernel: fbcon: Deferring console take-over
[    4.235693] kernel: simple-framebuffer simple-framebuffer.0: [drm] fb0: =
simpledrmdrmfb frame buffer device
[    4.235698] kernel: pstore: Using crash dump compression: deflate
[    4.235702] kernel: pstore: Registered efi_pstore as persistent store ba=
ckend
[    4.235706] kernel: hid: raw HID events driver (C) Jiri Kosina
[    4.235710] kernel: usbcore: registered new interface driver usbhid
[    4.235713] kernel: usbhid: USB HID core driver
[    4.235717] kernel: drop_monitor: Initializing network drop monitor serv=
ice
[    4.235720] kernel: NET: Registered PF_INET6 protocol family
[    4.235724] kernel: Segment Routing with IPv6
[    4.235728] kernel: RPL Segment Routing with IPv6
[    4.235731] kernel: In-situ OAM (IOAM) with IPv6
[    4.235735] kernel: NET: Registered PF_PACKET protocol family
[    4.235738] kernel: x86/amd: Previous system reset reason [0x00180800]: =
software wrote 0x6 to reset control register 0xCF9
[    4.235742] kernel: x86/amd: Previous system reset reason [0x00180800]: =
software wrote 0xE to reset control register 0xCF9
[    4.235745] kernel: microcode: Current revision: 0x0b700032
[    4.235749] kernel: resctrl: L3 allocation detected
[    4.235752] kernel: resctrl: MB allocation detected
[    4.235755] kernel: resctrl: SMBA allocation detected
[    4.235759] kernel: resctrl: L3 monitoring detected
[    4.235763] kernel: IPI shorthand broadcast: enabled
[    4.235766] kernel: sched_clock: Marking stable (466093501, 1406194)->(4=
89944784, -22445089)
[    4.235769] kernel: registered taskstats version 1
[    4.235773] kernel: Loading compiled-in X.509 certificates
[    4.235777] kernel: input: AT Translated Set 2 keyboard as /devices/plat=
form/i8042/serio0/input/input4
[    4.235780] kernel: Loaded X.509 cert 'Build time autogenerated kernel k=
ey: ed3e664c1852a069aadf6897aea0bb6fd2a49d18'
[    4.235784] kernel: Demotion targets for Node 0: null
[    4.235787] kernel: Key type .fscrypt registered
[    4.235791] kernel: Key type fscrypt-provisioning registered
[    4.235795] kernel: Btrfs loaded, zoned=3Dyes, fsverity=3Dyes
[    4.235799] kernel: Key type big_key registered
[    4.235802] kernel: integrity: Loading X.509 certificate: UEFI:db
[    4.235805] kernel: integrity: Loaded X.509 cert 'HP Inc.: HP UEFI Secur=
e Boot DB 2017: d9c01b50cfcae89d3b05345c163aa76e5dd589e7'
[    4.235809] kernel: integrity: Loading X.509 certificate: UEFI:db
[    4.235812] kernel: integrity: Loaded X.509 cert 'HP Inc.: HP UEFI Secur=
e Boot DB 2024: 9031be8bd10636d7ed703b1ec5807354b05cd8ee'
[    4.235816] kernel: integrity: Loading X.509 certificate: UEFI:db
[    4.235819] kernel: integrity: Loaded X.509 cert 'Microsoft Corporation:=
 Windows UEFI CA 2023: aefc5fbbbe055d8f8daa585473499417ab5a5272'
[    4.235823] kernel: integrity: Loading X.509 certificate: UEFI:db
[    4.235826] kernel: integrity: Loaded X.509 cert 'Microsoft Windows Prod=
uction PCA 2011: a92902398e16c49778cd90f99e4f9ae17c55af53'
[    4.235830] kernel: PM:   Magic number: 1:711:924
[    4.235870] kernel: clockevents clockevent17: hash matches
[    4.235902] kernel: msr msr19: hash matches
[    4.235942] kernel: memory memory351: hash matches
[    4.235947] kernel: RAS: Correctable Errors collector initialized.
[    4.235952] kernel: clk: Disabling unused clocks
[    4.235955] kernel: PM: genpd: Disabling unused power domains
[    4.235959] kernel: Freeing unused decrypted memory: 2028K
[    4.235962] kernel: Freeing unused kernel image (initmem) memory: 4644K
[    4.235966] kernel: Write protecting the kernel read-only data: 36864k
[    4.235969] kernel: Freeing unused kernel image (text/rodata gap) memory=
: 860K
[    4.235973] kernel: Freeing unused kernel image (rodata/data gap) memory=
: 564K
[    4.235976] kernel: x86/mm: Checked W+X mappings: passed, no W+X pages f=
ound.
[    4.235980] kernel: rodata_test: all tests were successful
[    4.235984] kernel: Run /init as init process
[    4.235988] kernel:   with arguments:
[    4.235991] kernel:     /init
[    4.235994] kernel:   with environment:
[    4.235997] kernel:     HOME=3D/
[    4.236003] kernel:     TERM=3Dlinux
[    4.236007] kernel:     BOOT_IMAGE=3D/vmlinuz-linux-sultan
[    4.236012] kernel:     cryptdevice=3DUUID=3D086cda6b-894f-4a2b-b380-335=
846421e3f:cryptroot:allow-discards,no-read-workqueue,no-write-workqueue
[    4.236016] kernel:     tsx=3Doff
[    4.236020] kernel:     split_lock_detect=3Doff
[    4.236023] kernel: Key type psk registered
[    4.236059] kernel: ccp 0000:c3:00.2: tee enabled
[    4.236094] kernel: ccp 0000:c3:00.2: psp: TSME enabled
[    4.236128] kernel: ccp 0000:c3:00.2: psp enabled
[    4.236164] kernel: nvme 0000:c2:00.0: platform quirk: setting simple su=
spend
[    4.236198] kernel: nvme nvme0: pci function 0000:c2:00.0
[    4.236224] kernel: nvme nvme0: D3 entry latency set to 10 seconds
[    4.236250] kernel: nvme nvme0: 16/0/0 default/read/poll queues
[    4.236255] kernel:  nvme0n1: p1 p2 p3
[    4.236295] kernel: usb 3-5: new high-speed USB device number 2 using xh=
ci_hcd
[    4.236325] kernel: usb 3-5: New USB device found, idVendor=3D0e8d, idPr=
oduct=3D8c38, bcdDevice=3D 1.00
[    4.236354] kernel: usb 3-5: New USB device strings: Mfr=3D5, Product=3D=
6, SerialNumber=3D7
[    4.236381] kernel: usb 3-5: Product: Wireless_Device
[    4.236408] kernel: usb 3-5: Manufacturer: MediaTek Inc.
[    4.236436] kernel: usb 3-5: SerialNumber: 000000000
[    4.236440] kernel: device-mapper: uevent: version 1.0.3
[    4.236444] kernel: device-mapper: ioctl: 4.50.0-ioctl (2025-04-28) init=
ialised: dm-devel@lists.linux.dev
[    4.236448] kernel: Key type encrypted registered
[    4.236451] kernel: fbcon: Taking over console
[    4.236455] kernel: Console: switching to colour frame buffer device 180=
x56
[    4.236459] kernel: tsc: Refined TSC clocksource calibration: 2994.413 M=
Hz
[    4.236463] kernel: clocksource: tsc: mask: 0xffffffffffffffff max_cycle=
s: 0x2b29a7619ca, max_idle_ns: 440795265835 ns
[    4.236466] kernel: clocksource: Switched to clocksource tsc
[    4.236470] kernel: EXT4-fs (dm-0): mounted filesystem 18516d14-ae39-4b8=
9-8899-95270912d67b r/w with ordered data mode. Quota mode: none.
[    4.236476] systemd[1]: systemd 257.7-1-arch running in system mode (+PA=
M +AUDIT -SELINUX -APPARMOR -IMA +IPE +SMACK +SECCOMP +GCRYPT +GNUTLS +OPEN=
SSL +ACL +BLKID +CURL +ELFUTILS +FIDO2 +IDN2 -IDN +IPTC +KMOD +LIBCRYPTSETU=
P +LIBCRYPTSETUP_PLUGINS +LIBFDISK +PCRE2 +PWQUALITY +P11KIT +QRENCODE +TPM=
2 +BZIP2 +LZ4 +XZ +ZLIB +ZSTD +BPF_FRAMEWORK +BTF +XKBCOMMON +UTMP -SYSVINI=
T +LIBARCHIVE)
[    4.236482] systemd[1]: Detected architecture x86-64.
[    4.236486] systemd[1]: Hostname set to <sultan-box>.
[    4.236490] systemd[1]: bpf-restrict-fs: LSM BPF program attached
[    4.236494] systemd[1]: Queued start job for default target Graphical In=
terface.
[    4.236498] systemd[1]: Created slice Slice /system/dirmngr.
[    4.236502] systemd[1]: Created slice Slice /system/getty.
[    4.236506] systemd[1]: Created slice Slice /system/gpg-agent.
[    4.236510] systemd[1]: Created slice Slice /system/gpg-agent-browser.
[    4.236514] systemd[1]: Created slice Slice /system/gpg-agent-extra.
[    4.236517] systemd[1]: Created slice Slice /system/gpg-agent-ssh.
[    4.236521] systemd[1]: Created slice Slice /system/keyboxd.
[    4.236525] systemd[1]: Created slice Slice /system/modprobe.
[    4.236529] systemd[1]: Created slice Slice /system/systemd-fsck.
[    4.236533] systemd[1]: Created slice User and Session Slice.
[    4.236538] systemd[1]: Started Forward Password Requests to Wall Direct=
ory Watch.
[    4.236542] systemd[1]: Set up automount Arbitrary Executable File Forma=
ts File System Automount Point.
[    4.236546] systemd[1]: Expecting device /dev/disk/by-uuid/1eac7954-5ada=
-45c6-a3bf-a282774abc56...
[    4.236550] systemd[1]: Expecting device /dev/disk/by-uuid/4D03-55DF...
[    4.236553] systemd[1]: Reached target Login Prompts.
[    4.236557] systemd[1]: Reached target Local Integrity Protected Volumes.
[    4.236561] systemd[1]: Reached target Remote File Systems.
[    4.236565] systemd[1]: Reached target Slice Units.
[    4.236568] systemd[1]: Reached target Swaps.
[    4.236573] systemd[1]: Reached target Local Verity Protected Volumes.
[    4.236576] systemd[1]: Listening on Device-mapper event daemon FIFOs.
[    4.236580] systemd[1]: Listening on LVM2 poll daemon socket.
[    4.236583] systemd[1]: Listening on Process Core Dump Socket.
[    4.236587] systemd[1]: Listening on Credential Encryption/Decryption.
[    4.236590] systemd[1]: Listening on Journal Socket (/dev/log).
[    4.236594] systemd[1]: Listening on Journal Sockets.
[    4.236598] systemd[1]: TPM PCR Measurements was skipped because of an u=
nmet condition check (ConditionSecurity=3Dmeasured-uki).
[    4.236601] systemd[1]: Make TPM PCR Policy was skipped because of an un=
met condition check (ConditionSecurity=3Dmeasured-uki).
[    4.236606] systemd[1]: Listening on udev Control Socket.
[    4.236609] systemd[1]: Listening on udev Kernel Socket.
[    4.236613] systemd[1]: Mounting Huge Pages File System...
[    4.236617] systemd[1]: Mounting POSIX Message Queue File System...
[    4.236621] systemd[1]: Mounting Kernel Debug File System...
[    4.236624] systemd[1]: Mounting Kernel Trace File System...
[    4.236628] systemd[1]: tmp.mount: Directory /tmp to mount over is not e=
mpty, mounting anyway.
[    4.236632] systemd[1]: Mounting Temporary Directory /tmp...
[    4.236636] systemd[1]: Starting Create List of Static Device Nodes...
[    4.236640] systemd[1]: Starting Monitoring of LVM2 mirrors, snapshots e=
tc. using dmeventd or progress polling...
[    4.236644] systemd[1]: Starting Load Kernel Module configfs...
[    4.236650] systemd[1]: Starting Load Kernel Module dm_mod...
[    4.236655] systemd[1]: Starting Load Kernel Module drm...
[    4.236659] systemd[1]: Starting Load Kernel Module efi_pstore...
[    4.236662] systemd[1]: Starting Load Kernel Module fuse...
[    4.236666] systemd[1]: Starting Load Kernel Module loop...
[    4.236669] systemd[1]: File System Check on Root Device was skipped bec=
ause of an unmet condition check (ConditionPathIsReadWrite=3D!/).
[    4.236673] systemd[1]: Clear Stale Hibernate Storage Info was skipped b=
ecause of an unmet condition check (ConditionPathExists=3D/sys/firmware/efi=
/efivars/HibernateLocation-8cf2644b-4b0b-428f-9387-6d876050dc67).
[    4.236677] systemd[1]: Starting Journal Service...
[    4.236681] systemd[1]: Starting Load Kernel Modules...
[    4.236685] systemd[1]: TPM PCR Machine ID Measurement was skipped becau=
se of an unmet condition check (ConditionSecurity=3Dmeasured-uki).
[    4.236689] systemd[1]: Starting Remount Root and Kernel File Systems...
[    4.236693] systemd[1]: Early TPM SRK Setup was skipped because of an un=
met condition check (ConditionSecurity=3Dmeasured-uki).
[    4.236697] systemd[1]: Starting Load udev Rules from Credentials...
[    4.236701] systemd[1]: Starting Coldplug All udev Devices...
[    4.236705] systemd[1]: Starting Virtual Console Setup...
[    4.236708] systemd[1]: Mounted Huge Pages File System.
[    4.236712] systemd[1]: Mounted POSIX Message Queue File System.
[    4.236715] systemd[1]: Mounted Kernel Debug File System.
[    4.236720] systemd[1]: Mounted Kernel Trace File System.
[    4.236724] systemd[1]: Mounted Temporary Directory /tmp.
[    4.236727] systemd[1]: Finished Create List of Static Device Nodes.
[    4.236731] kernel: loop: module loaded
[    4.236734] systemd[1]: modprobe@configfs.service: Deactivated successfu=
lly.
[    4.236738] systemd[1]: Finished Load Kernel Module configfs.
[    4.236742] systemd[1]: modprobe@dm_mod.service: Deactivated successfull=
y.
[    4.236746] systemd[1]: Finished Load Kernel Module dm_mod.
[    4.236750] systemd[1]: modprobe@drm.service: Deactivated successfully.
