Return-Path: <linux-media+bounces-22976-lists+linux-media=lfdr.de@vger.kernel.org>
X-Original-To: lists+linux-media@lfdr.de
Delivered-To: lists+linux-media@lfdr.de
Received: from ny.mirrors.kernel.org (ny.mirrors.kernel.org [IPv6:2604:1380:45d1:ec00::1])
	by mail.lfdr.de (Postfix) with ESMTPS id 291B39EA95E
	for <lists+linux-media@lfdr.de>; Tue, 10 Dec 2024 08:16:52 +0100 (CET)
Received: from smtp.subspace.kernel.org (relay.kernel.org [52.25.139.140])
	(using TLSv1.2 with cipher ECDHE-ECDSA-AES256-GCM-SHA384 (256/256 bits))
	(No client certificate requested)
	by ny.mirrors.kernel.org (Postfix) with ESMTPS id B0E521686BC
	for <lists+linux-media@lfdr.de>; Tue, 10 Dec 2024 07:16:48 +0000 (UTC)
Received: from localhost.localdomain (localhost.localdomain [127.0.0.1])
	by smtp.subspace.kernel.org (Postfix) with ESMTP id DAE6E22CBDA;
	Tue, 10 Dec 2024 07:16:36 +0000 (UTC)
Authentication-Results: smtp.subspace.kernel.org;
	dkim=pass (2048-bit key) header.d=intel.com header.i=@intel.com header.b="iAqUCL4E"
X-Original-To: linux-media@vger.kernel.org
Received: from mgamail.intel.com (mgamail.intel.com [192.198.163.11])
	(using TLSv1.2 with cipher ECDHE-RSA-AES256-GCM-SHA384 (256/256 bits))
	(No client certificate requested)
	by smtp.subspace.kernel.org (Postfix) with ESMTPS id 9E8067DA6C;
	Tue, 10 Dec 2024 07:15:39 +0000 (UTC)
Authentication-Results: smtp.subspace.kernel.org; arc=none smtp.client-ip=192.198.163.11
ARC-Seal:i=1; a=rsa-sha256; d=subspace.kernel.org; s=arc-20240116;
	t=1733814994; cv=none; b=i5mkll/BbI8YSjvFp/B02kmLH74LbPBrSToQxBYVVwAXURKygiOirmf6UdGvobl0jyQwDqqiBhJ9qp1zvch5YtpqN8BL0fJQ9pcKVy5VDF/gd/4sDqN3daFKaWT/IC5EwKTNX6cGEqfLUTlhnecnMxlWFszerJdqFaPufsCnDdI=
ARC-Message-Signature:i=1; a=rsa-sha256; d=subspace.kernel.org;
	s=arc-20240116; t=1733814994; c=relaxed/simple;
	bh=/IRQ+cqtlm3Qjqa5utrjZ+QoJJKkxmtbLP/XtTmV0EQ=;
	h=Date:From:To:Cc:Subject:Message-ID:References:MIME-Version:
	 Content-Type:Content-Disposition:In-Reply-To; b=QQ6JUYiByu6DRMXvqE8eHbS+/VsuRonxs3RMl7emcmlAQ1dMM5gCFbUbGv7RL7thdjoq9NKS3W13JLKYMWzHm1SMNKxnfwjNe0H930l7CD1RGWaps5uggsKgagmg9z6nHS8Ih7xVAlGHOEuetr4pflRl43MJ8bOYSqA/YuinSNw=
ARC-Authentication-Results:i=1; smtp.subspace.kernel.org; dmarc=pass (p=none dis=none) header.from=linux.intel.com; spf=none smtp.mailfrom=linux.intel.com; dkim=pass (2048-bit key) header.d=intel.com header.i=@intel.com header.b=iAqUCL4E; arc=none smtp.client-ip=192.198.163.11
Authentication-Results: smtp.subspace.kernel.org; dmarc=pass (p=none dis=none) header.from=linux.intel.com
Authentication-Results: smtp.subspace.kernel.org; spf=none smtp.mailfrom=linux.intel.com
DKIM-Signature: v=1; a=rsa-sha256; c=relaxed/simple;
  d=intel.com; i=@intel.com; q=dns/txt; s=Intel;
  t=1733814940; x=1765350940;
  h=date:from:to:cc:subject:message-id:references:
   mime-version:content-transfer-encoding:in-reply-to;
  bh=/IRQ+cqtlm3Qjqa5utrjZ+QoJJKkxmtbLP/XtTmV0EQ=;
  b=iAqUCL4Ed/p3CZBX3bVxU37SfSDtDEGtofUNL4pH3q/diyfxziGlqoD5
   YOXL6mYDAjUvaWhs8rlAiXmHHLS8M4/kGyTlQsItTLR/ENynEkxcOuj94
   YNP2KIhypa/gwo6dMmk+hkYK5CAlyBsJ5p8Y3jSGgS9Vtw/ySfSKlLfwz
   JM5yTQV69lolhM8DBjG6uPtaMnGW84YkP92sxqp/u7F/n2fUKbBdw+tAN
   K8NxNtxuk9sAT2nrAt0RS9PEsNvQmceXbKte9JsEYiH9h2+hwJoodRKPj
   eHd+VPMnmkHClmaM326tFexS3lLU0x+7rJGjq9b1BuZQ1xvCu3t4OG8NH
   A==;
X-CSE-ConnectionGUID: DruOIrrhTgWNyFJFF4gwmQ==
X-CSE-MsgGUID: 7vA0ru1nQtGRQ7tOO+YOKA==
X-IronPort-AV: E=McAfee;i="6700,10204,11281"; a="44746481"
X-IronPort-AV: E=Sophos;i="6.12,221,1728975600"; 
   d="scan'208";a="44746481"
Received: from fmviesa007.fm.intel.com ([10.60.135.147])
  by fmvoesa105.fm.intel.com with ESMTP/TLS/ECDHE-RSA-AES256-GCM-SHA384; 09 Dec 2024 23:15:30 -0800
X-CSE-ConnectionGUID: dh1CWFKDRwyyK24YW8p4kg==
X-CSE-MsgGUID: c46FmdATTmyCOPiDjY6AYw==
X-ExtLoop1: 1
X-IronPort-AV: E=Sophos;i="6.12,221,1728975600"; 
   d="scan'208";a="95154622"
Received: from turnipsi.fi.intel.com (HELO kekkonen.fi.intel.com) ([10.237.72.44])
  by fmviesa007-auth.fm.intel.com with ESMTP/TLS/ECDHE-RSA-AES256-GCM-SHA384; 09 Dec 2024 23:15:25 -0800
Received: from kekkonen.localdomain (localhost [127.0.0.1])
	by kekkonen.fi.intel.com (Postfix) with SMTP id 6ECD511F71F;
	Tue, 10 Dec 2024 09:15:22 +0200 (EET)
Date: Tue, 10 Dec 2024 07:15:22 +0000
Organization: Intel Finland Oy - BIC 0357606-4 - Westendinkatu 7, 02160 Espoo
From: Sakari Ailus <sakari.ailus@linux.intel.com>
To: Genes Lists <lists@sapience.com>
Cc: Greg Kroah-Hartman <gregkh@linuxfoundation.org>,
	linux-kernel@vger.kernel.org, akpm@linux-foundation.org,
	torvalds@linux-foundation.org, stable@vger.kernel.org,
	linux-media@vger.kernel.org, bingbu.cao@intel.com,
	Jani Nikula <jani.nikula@linux.intel.com>,
	Rodrigo Vivi <rodrigo.vivi@intel.com>,
	Joonas Lahtinen <joonas.lahtinen@linux.intel.com>,
	Tvrtko Ursulin <tursulin@ursulin.net>,
	David Airlie <airlied@gmail.com>, Simona Vetter <simona@ffwll.ch>,
	intel-gfx@lists.freedesktop.org, intel-xe@lists.freedesktop.org,
	dri-devel@lists.freedesktop.org
Subject: Re: Linux 6.12.4 - crash dma_alloc_attrs+0x12b via ipu6
Message-ID: <Z1fqitbWlmELb5pj@kekkonen.localdomain>
References: <2024120917-vision-outcast-85f2@gregkh>
 <c0e94be466b367f1a3cfdc3cb7b1a4f47e5953ae.camel@sapience.com>
Precedence: bulk
X-Mailing-List: linux-media@vger.kernel.org
List-Id: <linux-media.vger.kernel.org>
List-Subscribe: <mailto:linux-media+subscribe@vger.kernel.org>
List-Unsubscribe: <mailto:linux-media+unsubscribe@vger.kernel.org>
MIME-Version: 1.0
Content-Type: text/plain; charset=us-ascii
Content-Disposition: inline
Content-Transfer-Encoding: quoted-printable
In-Reply-To: <c0e94be466b367f1a3cfdc3cb7b1a4f47e5953ae.camel@sapience.com>

Hi,

On Mon, Dec 09, 2024 at 09:52:17AM -0500, Genes Lists wrote:
> On Mon, 2024-12-09 at 11:48 +0100, Greg Kroah-Hartman wrote:
> > I'm announcing the release of the 6.12.4 kernel.
> >=20
> > All users of the 6.12 kernel series must upgrade.
> > ...
> > greg k-h
> >=20
> >=20
>=20
> FYI 6.12.4 got a crash shortly after booting in dma_alloc_attrs - maybe
> triggered in ipu6_probe. Crash only happened on laptop with ipu6. All
> other machines are running fine.

Have you read the dmesg further than the IPU6 related warning? The IPU6
driver won't work (maybe not even probe?) but if the system crashes, it
appears unlikely the IPU6 drivers would have something to do with that.
Look for warnings on linked list corruption later, they seem to be coming
=66rom the i915 driver.

I cc'd the i915 folks here.

I'd be interested in seeing your .config, too.

Thanks.

>=20
> Logs attached and first trace below
>=20
> In case it's helpful gdb shows:
>=20
> (1) gdb ./kernel/dma/mapping.o
> (gdb) list *(dma_alloc_attrs+0x12b)
> 0x161b is in dma_alloc_attrs (kernel/dma/mapping.c:597).
> 592			gfp_t flag, unsigned long attrs)
> 593	{
> 594		const struct dma_map_ops *ops =3D get_dma_ops(dev);
> 595		void *cpu_addr;
> 596=09
> 597		WARN_ON_ONCE(!dev->coherent_dma_mask);
> 598=09
>=20
> (2) gdb ./drivers/media/pci/intel/ipu6/ipu6-isys.o
> (gdb) list *(alloc_fw_msg_bufs+0x67)
> 0x597 is in alloc_fw_msg_bufs (drivers/media/pci/intel/ipu6/ipu6-
> isys.c:957).
> 952		dma_addr_t dma_addr;
> 953		unsigned long flags;
> 954		unsigned int i;
> 955=09
> 956		for (i =3D 0; i < amount; i++) {
> 957			addr =3D dma_alloc_attrs(dev, sizeof(struct
> isys_fw_msgs),
> 958					       &dma_addr, GFP_KERNEL,
> 0);
> 959			if (!addr)
> 960				break;
> 961			addr->dma_addr =3D dma_addr;
>=20
> (3) gdb ./drivers/media/pci/intel/ipu6/ipu6-isys.o
> (gdb) list *(isys_probe+0x349)
> 0xa79 is in isys_probe (drivers/media/pci/intel/ipu6/ipu6-isys.c:1113).
> 1108				goto remove_shared_buffer;
> 1109		}
> 1110=09
> 1111		cpu_latency_qos_add_request(&isys->pm_qos,
> PM_QOS_DEFAULT_VALUE);
> 1112=09
> 1113		ret =3D alloc_fw_msg_bufs(isys, 20);
> 1114		if (ret < 0)
> 1115			goto out_remove_pkg_dir_shared_buffer;
> 1116=09
> 1117		isys_iwake_watermark_init(isys);
>=20
>=20
> --------------- trace ----------
> Call trace:
>  RIP: 0010:dma_alloc_attrs+0x12b/0x140
>  Call Trace:
>   <TASK>
>   ? dma_alloc_attrs+0x12b/0x140
>   ? __warn.cold+0x93/0xf6
>   ? dma_alloc_attrs+0x12b/0x140
>   ? report_bug+0xff/0x140
>   ? handle_bug+0x58/0x90
>   ? exc_invalid_op+0x17/0x70
>   ? asm_exc_invalid_op+0x1a/0x20
>   ? dma_alloc_attrs+0x12b/0x140
>   alloc_fw_msg_bufs+0x67/0x1f0 [intel_ipu6_isys
> 1d0f5de0838fdfad5eeaac454f00234fa5b8fdd3]
>   isys_probe+0x349/0x980 [intel_ipu6_isys
> 1d0f5de0838fdfad5eeaac454f00234fa5b8fdd3]
>   ? __kmalloc_cache_noprof+0x11c/0x310
>   ? kernfs_activate+0x82/0xd0
>   ? kernfs_add_one+0x141/0x150=20
>   ? __pfx_isys_probe+0x10/0x10 [intel_ipu6_isys
> 1d0f5de0838fdfad5eeaac454f00234fa5b8fdd3]
>   auxiliary_bus_probe+0x46/0x80
>   ? driver_sysfs_add+0x57/0xc0
>   really_probe+0xdb/0x340
>   ? pm_runtime_barrier+0x54/0x90
>   ? __pfx___driver_attach+0x10/0x10
>   __driver_probe_device+0x78/0x110
>   driver_probe_device+0x1f/0xa0
>   __driver_attach+0xba/0x1c0
>   bus_for_each_dev+0x8c/0xe0
>   bus_add_driver+0x112/0x1f0
>   driver_register+0x72/0xd0
>   __auxiliary_driver_register+0x6e/0xd0
>   ? __pfx_isys_driver_init+0x10/0x10 [intel_ipu6_isys
> 1d0f5de0838fdfad5eeaac454f00234fa5b8fdd3]
>   do_one_initcall+0x58/0x310
>   do_init_module+0x60/0x230
>   init_module_from_file+0x89/0xe0
>   idempotent_init_module+0x11e/0x310
>   __x64_sys_finit_module+0x5e/0xb0
>   do_syscall_64+0x82/0x160=20
>   do_syscall_64+0x82/0x160
>   entry_SYSCALL_64_after_hwframe+0x76/0x7e
>  RIP: 0033:0x72ae5c2bf1fd
>=20
>=20
>=20
> Gene
>=20

> 0000:00:00.0 Host bridge: Intel Corporation Raptor Lake-P/U 4p+8e cores H=
ost Bridge/DRAM Controller
> 0000:00:02.0 VGA compatible controller: Intel Corporation Raptor Lake-P [=
Iris Xe Graphics] (rev 04)
> 0000:00:04.0 Signal processing controller: Intel Corporation Raptor Lake =
Dynamic Platform and Thermal Framework Processor Participant
> 0000:00:05.0 Multimedia controller: Intel Corporation Raptor Lake IPU
> 0000:00:06.0 System peripheral: Intel Corporation RST VMD Managed Control=
ler
> 0000:00:07.0 PCI bridge: Intel Corporation Raptor Lake-P Thunderbolt 4 PC=
I Express Root Port #0
> 0000:00:07.2 PCI bridge: Intel Corporation Raptor Lake-P Thunderbolt 4 PC=
I Express Root Port #2
> 0000:00:08.0 System peripheral: Intel Corporation GNA Scoring Accelerator=
 module
> 0000:00:0a.0 Signal processing controller: Intel Corporation Raptor Lake =
Crashlog and Telemetry (rev 01)
> 0000:00:0d.0 USB controller: Intel Corporation Raptor Lake-P Thunderbolt =
4 USB Controller
> 0000:00:0d.2 USB controller: Intel Corporation Raptor Lake-P Thunderbolt =
4 NHI #0
> 0000:00:0d.3 USB controller: Intel Corporation Raptor Lake-P Thunderbolt =
4 NHI #1
> 0000:00:0e.0 RAID bus controller: Intel Corporation Volume Management Dev=
ice NVMe RAID Controller Intel Corporation
> 0000:00:12.0 Serial controller: Intel Corporation Alder Lake-P Integrated=
 Sensor Hub (rev 01)
> 0000:00:14.0 USB controller: Intel Corporation Alder Lake PCH USB 3.2 xHC=
I Host Controller (rev 01)
> 0000:00:14.2 RAM memory: Intel Corporation Alder Lake PCH Shared SRAM (re=
v 01)
> 0000:00:14.3 Network controller: Intel Corporation Raptor Lake PCH CNVi W=
iFi (rev 01)
> 0000:00:15.0 Serial bus controller: Intel Corporation Alder Lake PCH Seri=
al IO I2C Controller #0 (rev 01)
> 0000:00:15.1 Serial bus controller: Intel Corporation Alder Lake PCH Seri=
al IO I2C Controller #1 (rev 01)
> 0000:00:16.0 Communication controller: Intel Corporation Alder Lake PCH H=
ECI Controller (rev 01)
> 0000:00:1e.0 Communication controller: Intel Corporation Alder Lake PCH U=
ART #0 (rev 01)
> 0000:00:1e.3 Serial bus controller: Intel Corporation Alder Lake SPI Cont=
roller (rev 01)
> 0000:00:1f.0 ISA bridge: Intel Corporation Raptor Lake LPC/eSPI Controlle=
r (rev 01)
> 0000:00:1f.3 Multimedia audio controller: Intel Corporation Raptor Lake-P=
/U/H cAVS (rev 01)
> 0000:00:1f.4 SMBus: Intel Corporation Alder Lake PCH-P SMBus Host Control=
ler (rev 01)
> 0000:00:1f.5 Serial bus controller: Intel Corporation Alder Lake-P PCH SP=
I Controller (rev 01)
> 0000:01:00.0 PCI bridge: Intel Corporation Thunderbolt 4 Bridge [Goshen R=
idge 2020] (rev 02)
> 0000:02:00.0 PCI bridge: Intel Corporation Thunderbolt 4 Bridge [Goshen R=
idge 2020] (rev 02)
> 0000:02:01.0 PCI bridge: Intel Corporation Thunderbolt 4 Bridge [Goshen R=
idge 2020] (rev 02)
> 0000:02:02.0 PCI bridge: Intel Corporation Thunderbolt 4 Bridge [Goshen R=
idge 2020] (rev 02)
> 0000:02:03.0 PCI bridge: Intel Corporation Thunderbolt 4 Bridge [Goshen R=
idge 2020] (rev 02)
> 0000:02:04.0 PCI bridge: Intel Corporation Thunderbolt 4 Bridge [Goshen R=
idge 2020] (rev 02)
> 10000:e0:06.0 PCI bridge: Intel Corporation Raptor Lake PCIe 4.0 Graphics=
 Port
> 10000:e1:00.0 Non-Volatile memory controller: SK hynix Platinum P41/PC801=
 NVMe Solid State Drive

> [    1.758154] l7 kernel: Linux version 6.12.4-stable-1 (linux-stable@sap=
linux) (gcc (GCC) 14.2.1 20240910, GNU ld (GNU Binutils) 2.43.0) #3 SMP PRE=
EMPT_DYNAMIC Mon, 09 Dec 2024 12:31:27 +0000
> [    1.758169] l7 kernel: Command line: initrd=3D\initrd-linux-stable.img=
 root=3D"UUID=3Daa97c5c2-c3cf-4b82-8773-5970f490a90b" rw audit=3D0 nowatchd=
og
> [    1.758175] l7 kernel: x86/split lock detection: #AC: crashing the ker=
nel on kernel split_locks and warning on user-space split_locks
> [    1.758179] l7 kernel: BIOS-provided physical RAM map:
> [    1.758182] l7 kernel: BIOS-e820: [mem 0x0000000000000000-0x0000000000=
09efff] usable
> [    1.758186] l7 kernel: BIOS-e820: [mem 0x000000000009f000-0x0000000000=
0fffff] reserved
> [    1.758191] l7 kernel: BIOS-e820: [mem 0x0000000000100000-0x0000000058=
0b5fff] usable
> [    1.758195] l7 kernel: BIOS-e820: [mem 0x00000000580b6000-0x000000005d=
110fff] reserved
> [    1.758198] l7 kernel: BIOS-e820: [mem 0x000000005d111000-0x000000005d=
971fff] ACPI NVS
> [    1.758201] l7 kernel: BIOS-e820: [mem 0x000000005d972000-0x000000005d=
bfefff] ACPI data
> [    1.758204] l7 kernel: BIOS-e820: [mem 0x000000005dbff000-0x000000005d=
bfffff] usable
> [    1.758207] l7 kernel: BIOS-e820: [mem 0x000000005dc00000-0x0000000066=
3fffff] reserved
> [    1.758210] l7 kernel: BIOS-e820: [mem 0x0000000066e00000-0x0000000070=
7fffff] reserved
> [    1.758214] l7 kernel: BIOS-e820: [mem 0x00000000c0000000-0x00000000cf=
ffffff] reserved
> [    1.758218] l7 kernel: BIOS-e820: [mem 0x00000000f9000000-0x00000000f9=
ffffff] reserved
> [    1.758221] l7 kernel: BIOS-e820: [mem 0x00000000fed20000-0x00000000fe=
d7ffff] reserved
> [    1.758224] l7 kernel: BIOS-e820: [mem 0x00000000ff000000-0x00000000ff=
ffffff] reserved
> [    1.758228] l7 kernel: BIOS-e820: [mem 0x0000000100000000-0x000000088f=
7fffff] usable
> [    1.758231] l7 kernel: NX (Execute Disable) protection: active
> [    1.758235] l7 kernel: APIC: Static calls initialized
> [    1.758238] l7 kernel: efi: EFI v2.7 by Dell
> [    1.758241] l7 kernel: efi: ACPI=3D0x5dbfe000 ACPI 2.0=3D0x5dbfe014 SM=
BIOS=3D0x58c06000 TPMFinalLog=3D0x5d8ab000 ESRT=3D0x58b96718 MEMATTR=3D0x52=
87c018 RNG=3D0x5db2df18 INITRD=3D0x52831718 TPMEventLog=3D0x5db22018=20
> [    1.758245] l7 kernel: random: crng init done
> [    1.758248] l7 kernel: efi: Remove mem129: MMIO range=3D[0xc0000000-0x=
cfffffff] (256MB) from e820 map
> [    1.758252] l7 kernel: e820: remove [mem 0xc0000000-0xcfffffff] reserv=
ed
> [    1.758255] l7 kernel: efi: Remove mem130: MMIO range=3D[0xf9000000-0x=
f9ffffff] (16MB) from e820 map
> [    1.758258] l7 kernel: e820: remove [mem 0xf9000000-0xf9ffffff] reserv=
ed
> [    1.758262] l7 kernel: efi: Remove mem132: MMIO range=3D[0xff000000-0x=
ffffffff] (16MB) from e820 map
> [    1.758265] l7 kernel: e820: remove [mem 0xff000000-0xffffffff] reserv=
ed
> [    1.758268] l7 kernel: SMBIOS 3.6 present.
> [    1.758271] l7 kernel: DMI: Dell Inc. XPS 9320/0CR6NC, BIOS 2.16.1 09/=
11/2024
> [    1.758274] l7 kernel: DMI: Memory slots populated: 8/8
> [    1.758277] l7 kernel: tsc: Detected 2600.000 MHz processor
> [    1.758282] l7 kernel: tsc: Detected 2611.200 MHz TSC
> [    1.758285] l7 kernel: e820: update [mem 0x00000000-0x00000fff] usable=
 =3D=3D> reserved
> [    1.758289] l7 kernel: e820: remove [mem 0x000a0000-0x000fffff] usable
> [    1.758292] l7 kernel: last_pfn =3D 0x88f800 max_arch_pfn =3D 0x400000=
000
> [    1.758295] l7 kernel: MTRR map: 5 entries (3 fixed + 2 variable; max =
23), built from 10 variable MTRRs
> [    1.758299] l7 kernel: x86/PAT: Configuration [0-7]: WB  WC  UC- UC  W=
B  WP  UC- WT =20
> [    1.758303] l7 kernel: last_pfn =3D 0x5dc00 max_arch_pfn =3D 0x4000000=
00
> [    1.758308] l7 kernel: esrt: Reserving ESRT space from 0x0000000058b96=
718 to 0x0000000058b967a0.
> [    1.758312] l7 kernel: Using GB pages for direct mapping
> [    1.758315] l7 kernel: Incomplete global flushes, disabling PCID
> [    1.758318] l7 kernel: Secure boot disabled
> [    1.758322] l7 kernel: RAMDISK: [mem 0x4cab5000-0x4eb3efff]
> [    1.758325] l7 kernel: ACPI: Early table checksum verification disabled
> [    1.758328] l7 kernel: ACPI: RSDP 0x000000005DBFE014 000024 (v02 DELL =
 )
> [    1.758332] l7 kernel: ACPI: XSDT 0x000000005DB3D188 00012C (v01 DELL =
  Dell Inc 00000002      01000013)
> [    1.758336] l7 kernel: ACPI: FACP 0x000000005DBF0000 000114 (v06 DELL =
  Dell Inc 00000002      01000013)
> [    1.758340] l7 kernel: ACPI: DSDT 0x000000005DB67000 085C03 (v02 DELL =
  Dell Inc 00000002      01000013)
> [    1.758343] l7 kernel: ACPI: FACS 0x000000005D8DB000 000040
> [    1.758346] l7 kernel: ACPI: SSDT 0x000000005DBFC000 00038C (v02 PmaxD=
v Pmax_Dev 00000001 INTL 20200717)
> [    1.758350] l7 kernel: ACPI: SSDT 0x000000005DBF6000 005C55 (v02 CpuRe=
f CpuSsdt  00003000 INTL 20200717)
> [    1.758353] l7 kernel: ACPI: SSDT 0x000000005DBF1000 004472 (v02 DptfT=
b DptfTabl 00001000 INTL 20200717)
> [    1.758356] l7 kernel: ACPI: HPET 0x000000005DBEF000 000038 (v01 DELL =
  Dell Inc 00000002      01000013)
> [    1.758360] l7 kernel: ACPI: APIC 0x000000005DBEE000 0001DC (v05 DELL =
  Dell Inc 00000002      01000013)
> [    1.758363] l7 kernel: ACPI: MCFG 0x000000005DBED000 00003C (v01 DELL =
  Dell Inc 00000002      01000013)
> [    1.758366] l7 kernel: ACPI: SSDT 0x000000005DB65000 0013DF (v02 DELL =
  DellRtd3 00001000 INTL 20200717)
> [    1.758369] l7 kernel: ACPI: SSDT 0x000000005DB62000 002C71 (v02 SaSsd=
t SaSsdt   00003000 INTL 20200717)
> [    1.758374] l7 kernel: ACPI: SSDT 0x000000005DB60000 001343 (v02 INTEL=
  IgfxSsdt 00003000 INTL 20200717)
> [    1.758377] l7 kernel: ACPI: SSDT 0x000000005DB52000 00D7C2 (v02 INTEL=
  TcssSsdt 00001000 INTL 20200717)
> [    1.758381] l7 kernel: ACPI: SSDT 0x000000005DB51000 000150 (v02 INTEL=
  IpuSsdt  00001000 INTL 20200717)
> [    1.758384] l7 kernel: ACPI: NHLT 0x000000005DB50000 0002F1 (v00 DELL =
  Dell Inc 00000002      01000013)
> [    1.758387] l7 kernel: ACPI: SSDT 0x000000005DB4E000 0010C0 (v02 DELL =
  UsbCTabl 00001000 INTL 20200717)
> [    1.758391] l7 kernel: ACPI: LPIT 0x000000005DB4D000 0000CC (v01 DELL =
  Dell Inc 00000002      01000013)
> [    1.758394] l7 kernel: ACPI: WSMT 0x000000005DB4C000 000028 (v01 DELL =
  Dell Inc 00000002      01000013)
> [    1.758397] l7 kernel: ACPI: SSDT 0x000000005DB4B000 000B44 (v02 DELL =
  PtidDevc 00001000 INTL 20200717)
> [    1.758401] l7 kernel: ACPI: SSDT 0x000000005DB41000 0092F4 (v02 DELL =
  TbtTypeC 00000000 INTL 20200717)
> [    1.758404] l7 kernel: ACPI: DBGP 0x000000005DB40000 000034 (v01 DELL =
  Dell Inc 00000002      01000013)
> [    1.758407] l7 kernel: ACPI: DBG2 0x000000005DB3F000 000054 (v00 DELL =
  Dell Inc 00000002      01000013)
> [    1.758412] l7 kernel: ACPI: BOOT 0x000000005DB3E000 000028 (v01 DELL =
  CBX3     00000002      01000013)
> [    1.758415] l7 kernel: ACPI: SSDT 0x000000005DBFD000 00060E (v02 DELL =
  Tpm2Tabl 00001000 INTL 20200717)
> [    1.758418] l7 kernel: ACPI: TPM2 0x000000005DB3C000 00004C (v04 DELL =
  Dell Inc 00000002      01000013)
> [    1.758422] l7 kernel: ACPI: DMAR 0x000000005DB3B000 0000A0 (v01 INTEL=
  Dell Inc 00000002      01000013)
> [    1.758425] l7 kernel: ACPI: FPDT 0x000000005DB3A000 000034 (v01 DELL =
  Dell Inc 00000002      01000013)
> [    1.758429] l7 kernel: ACPI: SSDT 0x000000005DB39000 00091C (v02 DELL =
  xh_Dell_ 00000000 INTL 20200717)
> [    1.758432] l7 kernel: ACPI: SSDT 0x000000005DB35000 0039DA (v02 SocGp=
e SocGpe   00003000 INTL 20200717)
> [    1.758435] l7 kernel: ACPI: SSDT 0x000000005DB31000 0039DA (v02 SocCm=
n SocCmn   00003000 INTL 20200717)
> [    1.758439] l7 kernel: ACPI: SSDT 0x000000005DB30000 000144 (v02 Intel=
  ADebTabl 00001000 INTL 20200717)
> [    1.758442] l7 kernel: ACPI: UEFI 0x000000005D8A6000 00063A (v01 INTEL=
  RstVmdE  00000000 INTL 00000000)
> [    1.758445] l7 kernel: ACPI: UEFI 0x000000005D8A5000 00005C (v01 INTEL=
  RstVmdV  00000000 INTL 00000000)
> [    1.758450] l7 kernel: ACPI: PHAT 0x000000005DB2F000 0005AD (v01 DELL =
  Dell Inc 00000005 MSFT 0100000D)
> [    1.758453] l7 kernel: ACPI: BGRT 0x000000005DB2E000 000038 (v01 DELL =
  Dell Inc 00000002      01000013)
> [    1.758456] l7 kernel: ACPI: Reserving FACP table memory at [mem 0x5db=
f0000-0x5dbf0113]
> [    1.758460] l7 kernel: ACPI: Reserving DSDT table memory at [mem 0x5db=
67000-0x5dbecc02]
> [    1.758463] l7 kernel: ACPI: Reserving FACS table memory at [mem 0x5d8=
db000-0x5d8db03f]
> [    1.758466] l7 kernel: ACPI: Reserving SSDT table memory at [mem 0x5db=
fc000-0x5dbfc38b]
> [    1.758470] l7 kernel: ACPI: Reserving SSDT table memory at [mem 0x5db=
f6000-0x5dbfbc54]
> [    1.758473] l7 kernel: ACPI: Reserving SSDT table memory at [mem 0x5db=
f1000-0x5dbf5471]
> [    1.758476] l7 kernel: ACPI: Reserving HPET table memory at [mem 0x5db=
ef000-0x5dbef037]
> [    1.758480] l7 kernel: ACPI: Reserving APIC table memory at [mem 0x5db=
ee000-0x5dbee1db]
> [    1.758483] l7 kernel: ACPI: Reserving MCFG table memory at [mem 0x5db=
ed000-0x5dbed03b]
> [    1.758487] l7 kernel: ACPI: Reserving SSDT table memory at [mem 0x5db=
65000-0x5db663de]
> [    1.758491] l7 kernel: ACPI: Reserving SSDT table memory at [mem 0x5db=
62000-0x5db64c70]
> [    1.758494] l7 kernel: ACPI: Reserving SSDT table memory at [mem 0x5db=
60000-0x5db61342]
> [    1.758497] l7 kernel: ACPI: Reserving SSDT table memory at [mem 0x5db=
52000-0x5db5f7c1]
> [    1.758501] l7 kernel: ACPI: Reserving SSDT table memory at [mem 0x5db=
51000-0x5db5114f]
> [    1.758504] l7 kernel: ACPI: Reserving NHLT table memory at [mem 0x5db=
50000-0x5db502f0]
> [    1.758507] l7 kernel: ACPI: Reserving SSDT table memory at [mem 0x5db=
4e000-0x5db4f0bf]
> [    1.758511] l7 kernel: ACPI: Reserving LPIT table memory at [mem 0x5db=
4d000-0x5db4d0cb]
> [    1.758514] l7 kernel: ACPI: Reserving WSMT table memory at [mem 0x5db=
4c000-0x5db4c027]
> [    1.758517] l7 kernel: ACPI: Reserving SSDT table memory at [mem 0x5db=
4b000-0x5db4bb43]
> [    1.758521] l7 kernel: ACPI: Reserving SSDT table memory at [mem 0x5db=
41000-0x5db4a2f3]
> [    1.758525] l7 kernel: ACPI: Reserving DBGP table memory at [mem 0x5db=
40000-0x5db40033]
> [    1.758528] l7 kernel: ACPI: Reserving DBG2 table memory at [mem 0x5db=
3f000-0x5db3f053]
> [    1.758532] l7 kernel: ACPI: Reserving BOOT table memory at [mem 0x5db=
3e000-0x5db3e027]
> [    1.758535] l7 kernel: ACPI: Reserving SSDT table memory at [mem 0x5db=
fd000-0x5dbfd60d]
> [    1.758538] l7 kernel: ACPI: Reserving TPM2 table memory at [mem 0x5db=
3c000-0x5db3c04b]
> [    1.758542] l7 kernel: ACPI: Reserving DMAR table memory at [mem 0x5db=
3b000-0x5db3b09f]
> [    1.758545] l7 kernel: ACPI: Reserving FPDT table memory at [mem 0x5db=
3a000-0x5db3a033]
> [    1.758548] l7 kernel: ACPI: Reserving SSDT table memory at [mem 0x5db=
39000-0x5db3991b]
> [    1.758552] l7 kernel: ACPI: Reserving SSDT table memory at [mem 0x5db=
35000-0x5db389d9]
> [    1.758555] l7 kernel: ACPI: Reserving SSDT table memory at [mem 0x5db=
31000-0x5db349d9]
> [    1.758558] l7 kernel: ACPI: Reserving SSDT table memory at [mem 0x5db=
30000-0x5db30143]
> [    1.758561] l7 kernel: ACPI: Reserving UEFI table memory at [mem 0x5d8=
a6000-0x5d8a6639]
> [    1.758566] l7 kernel: ACPI: Reserving UEFI table memory at [mem 0x5d8=
a5000-0x5d8a505b]
> [    1.758569] l7 kernel: ACPI: Reserving PHAT table memory at [mem 0x5db=
2f000-0x5db2f5ac]
> [    1.758573] l7 kernel: ACPI: Reserving BGRT table memory at [mem 0x5db=
2e000-0x5db2e037]
> [    1.758578] l7 kernel: No NUMA configuration found
> [    1.758582] l7 kernel: Faking a node at [mem 0x0000000000000000-0x0000=
00088f7fffff]
> [    1.758586] l7 kernel: NODE_DATA(0) allocated [mem 0x88f7d52c0-0x88f7f=
ffff]
> [    1.758589] l7 kernel: Zone ranges:
> [    1.758592] l7 kernel:   DMA      [mem 0x0000000000001000-0x0000000000=
ffffff]
> [    1.758596] l7 kernel:   DMA32    [mem 0x0000000001000000-0x00000000ff=
ffffff]
> [    1.758599] l7 kernel:   Normal   [mem 0x0000000100000000-0x000000088f=
7fffff]
> [    1.758602] l7 kernel:   Device   empty
> [    1.758607] l7 kernel: Movable zone start for each node
> [    1.758610] l7 kernel: Early memory node ranges
> [    1.758613] l7 kernel:   node   0: [mem 0x0000000000001000-0x000000000=
009efff]
> [    1.758617] l7 kernel:   node   0: [mem 0x0000000000100000-0x000000005=
80b5fff]
> [    1.758620] l7 kernel:   node   0: [mem 0x000000005dbff000-0x000000005=
dbfffff]
> [    1.758624] l7 kernel:   node   0: [mem 0x0000000100000000-0x000000088=
f7fffff]
> [    1.758627] l7 kernel: Initmem setup node 0 [mem 0x0000000000001000-0x=
000000088f7fffff]
> [    1.758630] l7 kernel: On node 0, zone DMA: 1 pages in unavailable ran=
ges
> [    1.758633] l7 kernel: On node 0, zone DMA: 97 pages in unavailable ra=
nges
> [    1.758637] l7 kernel: On node 0, zone DMA32: 23369 pages in unavailab=
le ranges
> [    1.758640] l7 kernel: On node 0, zone Normal: 9216 pages in unavailab=
le ranges
> [    1.758645] l7 kernel: On node 0, zone Normal: 2048 pages in unavailab=
le ranges
> [    1.758648] l7 kernel: Reserving Intel graphics memory at [mem 0x6c800=
000-0x707fffff]
> [    1.758651] l7 kernel: ACPI: PM-Timer IO Port: 0x1808
> [    1.758654] l7 kernel: ACPI: LAPIC_NMI (acpi_id[0x01] high edge lint[0=
x1])
> [    1.758658] l7 kernel: ACPI: LAPIC_NMI (acpi_id[0x02] high edge lint[0=
x1])
> [    1.758661] l7 kernel: ACPI: LAPIC_NMI (acpi_id[0x03] high edge lint[0=
x1])
> [    1.758664] l7 kernel: ACPI: LAPIC_NMI (acpi_id[0x04] high edge lint[0=
x1])
> [    1.758668] l7 kernel: ACPI: LAPIC_NMI (acpi_id[0x05] high edge lint[0=
x1])
> [    1.758671] l7 kernel: ACPI: LAPIC_NMI (acpi_id[0x06] high edge lint[0=
x1])
> [    1.758674] l7 kernel: ACPI: LAPIC_NMI (acpi_id[0x07] high edge lint[0=
x1])
> [    1.758677] l7 kernel: ACPI: LAPIC_NMI (acpi_id[0x08] high edge lint[0=
x1])
> [    1.758681] l7 kernel: ACPI: LAPIC_NMI (acpi_id[0x09] high edge lint[0=
x1])
> [    1.758685] l7 kernel: ACPI: LAPIC_NMI (acpi_id[0x0a] high edge lint[0=
x1])
> [    1.758688] l7 kernel: ACPI: LAPIC_NMI (acpi_id[0x0b] high edge lint[0=
x1])
> [    1.758692] l7 kernel: ACPI: LAPIC_NMI (acpi_id[0x0c] high edge lint[0=
x1])
> [    1.758695] l7 kernel: ACPI: LAPIC_NMI (acpi_id[0x0d] high edge lint[0=
x1])
> [    1.758698] l7 kernel: ACPI: LAPIC_NMI (acpi_id[0x0e] high edge lint[0=
x1])
> [    1.758702] l7 kernel: ACPI: LAPIC_NMI (acpi_id[0x0f] high edge lint[0=
x1])
> [    1.758705] l7 kernel: ACPI: LAPIC_NMI (acpi_id[0x10] high edge lint[0=
x1])
> [    1.758708] l7 kernel: ACPI: LAPIC_NMI (acpi_id[0x11] high edge lint[0=
x1])
> [    1.758711] l7 kernel: ACPI: LAPIC_NMI (acpi_id[0x12] high edge lint[0=
x1])
> [    1.758715] l7 kernel: ACPI: LAPIC_NMI (acpi_id[0x13] high edge lint[0=
x1])
> [    1.758718] l7 kernel: ACPI: LAPIC_NMI (acpi_id[0x14] high edge lint[0=
x1])
> [    1.758722] l7 kernel: ACPI: LAPIC_NMI (acpi_id[0x15] high edge lint[0=
x1])
> [    1.758725] l7 kernel: ACPI: LAPIC_NMI (acpi_id[0x16] high edge lint[0=
x1])
> [    1.758729] l7 kernel: ACPI: LAPIC_NMI (acpi_id[0x17] high edge lint[0=
x1])
> [    1.758732] l7 kernel: ACPI: LAPIC_NMI (acpi_id[0x00] high edge lint[0=
x1])
> [    1.758735] l7 kernel: IOAPIC[0]: apic_id 2, version 32, address 0xfec=
00000, GSI 0-119
> [    1.758739] l7 kernel: ACPI: INT_SRC_OVR (bus 0 bus_irq 0 global_irq 2=
 dfl dfl)
> [    1.758742] l7 kernel: ACPI: INT_SRC_OVR (bus 0 bus_irq 9 global_irq 9=
 high level)
> [    1.758745] l7 kernel: ACPI: Using ACPI (MADT) for SMP configuration i=
nformation
> [    1.758749] l7 kernel: ACPI: HPET id: 0x8086a201 base: 0xfed00000
> [    1.758752] l7 kernel: e820: update [mem 0x5263d000-0x52741fff] usable=
 =3D=3D> reserved
> [    1.758755] l7 kernel: TSC deadline timer available
> [    1.758759] l7 kernel: CPU topo: Max. logical packages:   1
> [    1.758763] l7 kernel: CPU topo: Max. logical dies:       1
> [    1.758766] l7 kernel: CPU topo: Max. dies per package:   1
> [    1.758770] l7 kernel: CPU topo: Max. threads per core:   2
> [    1.758773] l7 kernel: CPU topo: Num. cores per package:    12
> [    1.758776] l7 kernel: CPU topo: Num. threads per package:  16
> [    1.758780] l7 kernel: CPU topo: Allowing 16 present CPUs plus 0 hotpl=
ug CPUs
> [    1.758783] l7 kernel: PM: hibernation: Registered nosave memory: [mem=
 0x00000000-0x00000fff]
> [    1.758786] l7 kernel: PM: hibernation: Registered nosave memory: [mem=
 0x0009f000-0x000fffff]
> [    1.758790] l7 kernel: PM: hibernation: Registered nosave memory: [mem=
 0x5263d000-0x52741fff]
> [    1.758793] l7 kernel: PM: hibernation: Registered nosave memory: [mem=
 0x580b6000-0x5d110fff]
> [    1.758796] l7 kernel: PM: hibernation: Registered nosave memory: [mem=
 0x5d111000-0x5d971fff]
> [    1.758801] l7 kernel: PM: hibernation: Registered nosave memory: [mem=
 0x5d972000-0x5dbfefff]
> [    1.758804] l7 kernel: PM: hibernation: Registered nosave memory: [mem=
 0x5dc00000-0x663fffff]
> [    1.758807] l7 kernel: PM: hibernation: Registered nosave memory: [mem=
 0x66400000-0x66dfffff]
> [    1.758811] l7 kernel: PM: hibernation: Registered nosave memory: [mem=
 0x66e00000-0x707fffff]
> [    1.758814] l7 kernel: PM: hibernation: Registered nosave memory: [mem=
 0x70800000-0xfed1ffff]
> [    1.758817] l7 kernel: PM: hibernation: Registered nosave memory: [mem=
 0xfed20000-0xfed7ffff]
> [    1.758821] l7 kernel: PM: hibernation: Registered nosave memory: [mem=
 0xfed80000-0xffffffff]
> [    1.758824] l7 kernel: [mem 0x70800000-0xfed1ffff] available for PCI d=
evices
> [    1.758827] l7 kernel: Booting paravirtualized kernel on bare hardware
> [    1.758831] l7 kernel: clocksource: refined-jiffies: mask: 0xffffffff =
max_cycles: 0xffffffff, max_idle_ns: 1910969940391419 ns
> [    1.758834] l7 kernel: setup_percpu: NR_CPUS:8192 nr_cpumask_bits:16 n=
r_cpu_ids:16 nr_node_ids:1
> [    1.758838] l7 kernel: percpu: Embedded 67 pages/cpu s237568 r8192 d28=
672 u524288
> [    1.758842] l7 kernel: pcpu-alloc: s237568 r8192 d28672 u524288 alloc=
=3D1*2097152
> [    1.758846] l7 kernel: pcpu-alloc: [0] 00 01 02 03 [0] 04 05 06 07=20
> [    1.758849] l7 kernel: pcpu-alloc: [0] 08 09 10 11 [0] 12 13 14 15=20
> [    1.758853] l7 kernel: Kernel command line: initrd=3D\initrd-linux-sta=
ble.img root=3D"UUID=3Daa97c5c2-c3cf-4b82-8773-5970f490a90b" rw audit=3D0 n=
owatchdog
> [    1.758856] l7 kernel: audit: disabled (until reboot)
> [    1.758860] l7 kernel: Dentry cache hash table entries: 4194304 (order=
: 13, 33554432 bytes, linear)
> [    1.758863] l7 kernel: Inode-cache hash table entries: 2097152 (order:=
 12, 16777216 bytes, linear)
> [    1.758866] l7 kernel: Fallback order for Node 0: 0=20
> [    1.758870] l7 kernel: Built 1 zonelists, mobility grouping on.  Total=
 pages: 8288341
> [    1.758873] l7 kernel: Policy zone: Normal
> [    1.758877] l7 kernel: mem auto-init: stack:all(zero), heap alloc:on, =
heap free:off
> [    1.758881] l7 kernel: software IO TLB: area num 16.
> [    1.758884] l7 kernel: SLUB: HWalign=3D64, Order=3D0-3, MinObjects=3D0=
, CPUs=3D16, Nodes=3D1
> [    1.758888] l7 kernel: ftrace: allocating 51261 entries in 201 pages
> [    1.758891] l7 kernel: ftrace: allocated 201 pages with 4 groups
> [    1.758895] l7 kernel: Dynamic Preempt: full
> [    1.758898] l7 kernel: rcu: Preemptible hierarchical RCU implementatio=
n.
> [    1.758902] l7 kernel: rcu:         RCU restricting CPUs from NR_CPUS=
=3D8192 to nr_cpu_ids=3D16.
> [    1.758905] l7 kernel: rcu:         RCU priority boosting: priority 1 =
delay 500 ms.
> [    1.758908] l7 kernel:         Trampoline variant of Tasks RCU enabled.
> [    1.758912] l7 kernel:         Rude variant of Tasks RCU enabled.
> [    1.758915] l7 kernel:         Tracing variant of Tasks RCU enabled.
> [    1.758919] l7 kernel: rcu: RCU calculated value of scheduler-enlistme=
nt delay is 100 jiffies.
> [    1.758923] l7 kernel: rcu: Adjusting geometry for rcu_fanout_leaf=3D1=
6, nr_cpu_ids=3D16
> [    1.758927] l7 kernel: RCU Tasks: Setting shift to 4 and lim to 1 rcu_=
task_cb_adjust=3D1 rcu_task_cpu_ids=3D16.
> [    1.758930] l7 kernel: RCU Tasks Rude: Setting shift to 4 and lim to 1=
 rcu_task_cb_adjust=3D1 rcu_task_cpu_ids=3D16.
> [    1.758934] l7 kernel: RCU Tasks Trace: Setting shift to 4 and lim to =
1 rcu_task_cb_adjust=3D1 rcu_task_cpu_ids=3D16.
> [    1.758937] l7 kernel: NR_IRQS: 524544, nr_irqs: 2184, preallocated ir=
qs: 16
> [    1.758941] l7 kernel: rcu: srcu_init: Setting srcu_struct sizes based=
 on contention.
> [    1.758944] l7 kernel: kfence: initialized - using 2097152 bytes for 2=
55 objects at 0x(____ptrval____)-0x(____ptrval____)
> [    1.758947] l7 kernel: Console: colour dummy device 80x25
> [    1.758950] l7 kernel: printk: legacy console [tty0] enabled
> [    1.758954] l7 kernel: ACPI: Core revision 20240827
> [    1.758957] l7 kernel: hpet: HPET dysfunctional in PC10. Force disable=
d.
> [    1.758961] l7 kernel: APIC: Switch to symmetric I/O mode setup
> [    1.758965] l7 kernel: DMAR: Host address width 39
> [    1.758968] l7 kernel: DMAR: DRHD base: 0x000000fed90000 flags: 0x0
> [    1.758972] l7 kernel: DMAR: dmar0: reg_base_addr fed90000 ver 4:0 cap=
 1c0000c40660462 ecap 29a00f0505e
> [    1.758975] l7 kernel: DMAR: DRHD base: 0x000000fed92000 flags: 0x0
> [    1.758979] l7 kernel: DMAR: dmar1: reg_base_addr fed92000 ver 1:0 cap=
 d2008c40660462 ecap f050da
> [    1.758982] l7 kernel: DMAR: DRHD base: 0x000000fed91000 flags: 0x1
> [    1.758985] l7 kernel: DMAR: dmar2: reg_base_addr fed91000 ver 5:0 cap=
 d2008c40660462 ecap f050da
> [    1.758989] l7 kernel: DMAR: RMRR base: 0x0000006c000000 end: 0x000000=
707fffff
> [    1.758992] l7 kernel: DMAR-IR: IOAPIC id 2 under DRHD base  0xfed9100=
0 IOMMU 2
> [    1.758995] l7 kernel: DMAR-IR: HPET id 0 under DRHD base 0xfed91000
> [    1.758999] l7 kernel: DMAR-IR: Queued invalidation will be enabled to=
 support x2apic and Intr-remapping.
> [    1.759006] l7 kernel: DMAR-IR: Enabled IRQ remapping in x2apic mode
> [    1.759009] l7 kernel: x2apic enabled
> [    1.759012] l7 kernel: APIC: Switched APIC routing to: cluster x2apic
> [    1.759016] l7 kernel: clocksource: tsc-early: mask: 0xfffffffffffffff=
f max_cycles: 0x25a39079a08, max_idle_ns: 440795310461 ns
> [    1.759019] l7 kernel: Calibrating delay loop (skipped), value calcula=
ted using timer frequency.. 5222.40 BogoMIPS (lpj=3D2611200)
> [    1.759023] l7 kernel: CPU0: Thermal monitoring enabled (TM1)
> [    1.759026] l7 kernel: x86/cpu: User Mode Instruction Prevention (UMIP=
) activated
> [    1.759030] l7 kernel: CET detected: Indirect Branch Tracking enabled
> [    1.759033] l7 kernel: Last level iTLB entries: 4KB 0, 2MB 0, 4MB 0
> [    1.759036] l7 kernel: Last level dTLB entries: 4KB 0, 2MB 0, 4MB 0, 1=
GB 0
> [    1.759040] l7 kernel: process: using mwait in idle threads
> [    1.759043] l7 kernel: Spectre V1 : Mitigation: usercopy/swapgs barrie=
rs and __user pointer sanitization
> [    1.759047] l7 kernel: Spectre V2 : Mitigation: Enhanced / Automatic I=
BRS
> [    1.759051] l7 kernel: Spectre V2 : Spectre v2 / SpectreRSB mitigation=
: Filling RSB on context switch
> [    1.759054] l7 kernel: Spectre V2 : Spectre v2 / PBRSB-eIBRS: Retire a=
 single CALL on VMEXIT
> [    1.759058] l7 kernel: Spectre V2 : mitigation: Enabling conditional I=
ndirect Branch Prediction Barrier
> [    1.759061] l7 kernel: Speculative Store Bypass: Mitigation: Speculati=
ve Store Bypass disabled via prctl
> [    1.759064] l7 kernel: Register File Data Sampling: Mitigation: Clear =
Register File
> [    1.759068] l7 kernel: x86/fpu: Supporting XSAVE feature 0x001: 'x87 f=
loating point registers'
> [    1.759071] l7 kernel: x86/fpu: Supporting XSAVE feature 0x002: 'SSE r=
egisters'
> [    1.759074] l7 kernel: x86/fpu: Supporting XSAVE feature 0x004: 'AVX r=
egisters'
> [    1.759078] l7 kernel: x86/fpu: Supporting XSAVE feature 0x200: 'Prote=
ction Keys User registers'
> [    1.759081] l7 kernel: x86/fpu: Supporting XSAVE feature 0x800: 'Contr=
ol-flow User registers'
> [    1.759086] l7 kernel: x86/fpu: xstate_offset[2]:  576, xstate_sizes[2=
]:  256
> [    1.759089] l7 kernel: x86/fpu: xstate_offset[9]:  832, xstate_sizes[9=
]:    8
> [    1.759092] l7 kernel: x86/fpu: xstate_offset[11]:  840, xstate_sizes[=
11]:   16
> [    1.759096] l7 kernel: x86/fpu: Enabled xstate features 0xa07, context=
 size is 856 bytes, using 'compacted' format.
> [    1.759099] l7 kernel: Freeing SMP alternatives memory: 40K
> [    1.759103] l7 kernel: pid_max: default: 32768 minimum: 301
> [    1.759106] l7 kernel: LSM: initializing lsm=3Dcapability,landlock,loc=
kdown,yama,bpf
> [    1.759109] l7 kernel: landlock: Up and running.
> [    1.759112] l7 kernel: Yama: becoming mindful.
> [    1.759116] l7 kernel: LSM support for eBPF active
> [    1.759119] l7 kernel: Mount-cache hash table entries: 65536 (order: 7=
, 524288 bytes, linear)
> [    1.759122] l7 kernel: Mountpoint-cache hash table entries: 65536 (ord=
er: 7, 524288 bytes, linear)
> [    1.759125] l7 kernel: smpboot: CPU0: 13th Gen Intel(R) Core(TM) i7-13=
60P (family: 0x6, model: 0xba, stepping: 0x2)
> [    1.759129] l7 kernel: Performance Events: XSAVE Architectural LBR, PE=
BS fmt4+-baseline,  AnyThread deprecated, Alderlake Hybrid events, 32-deep =
LBR, full-width counters, Intel PMU driver.
> [    1.759133] l7 kernel: core: cpu_core PMU driver:=20
> [    1.759136] l7 kernel: ... version:                5
> [    1.759139] l7 kernel: ... bit width:              48
> [    1.759143] l7 kernel: ... generic registers:      8
> [    1.759146] l7 kernel: ... value mask:             0000ffffffffffff
> [    1.759149] l7 kernel: ... max period:             00007fffffffffff
> [    1.759152] l7 kernel: ... fixed-purpose events:   4
> [    1.759155] l7 kernel: ... event mask:             0001000f000000ff
> [    1.759158] l7 kernel: signal: max sigframe size: 3632
> [    1.759161] l7 kernel: Estimated ratio of average max frequency by bas=
e frequency (times 1024): 1772
> [    1.759165] l7 kernel: rcu: Hierarchical SRCU implementation.
> [    1.759168] l7 kernel: rcu:         Max phase no-delay instances is 40=
0.
> [    1.759171] l7 kernel: Timer migration: 2 hierarchy levels; 8 children=
 per group; 2 crossnode level
> [    1.759174] l7 kernel: smp: Bringing up secondary CPUs ...
> [    1.759178] l7 kernel: smpboot: x86: Booting SMP configuration:
> [    1.759181] l7 kernel: .... node  #0, CPUs:        #2  #4  #6  #8  #9 =
#10 #11 #12 #13 #14 #15
> [    1.759186] l7 kernel: core: cpu_atom PMU driver: PEBS-via-PT=20
> [    1.759189] l7 kernel: ... version:                5
> [    1.759192] l7 kernel: ... bit width:              48
> [    1.759196] l7 kernel: ... generic registers:      6
> [    1.759199] l7 kernel: ... value mask:             0000ffffffffffff
> [    1.759202] l7 kernel: ... max period:             00007fffffffffff
> [    1.759205] l7 kernel: ... fixed-purpose events:   3
> [    1.759208] l7 kernel: ... event mask:             000000070000003f
> [    1.759211] l7 kernel:   #1  #3  #5  #7
> [    1.759215] l7 kernel: smp: Brought up 1 node, 16 CPUs
> [    1.759219] l7 kernel: smpboot: Total of 16 processors activated (8355=
8.40 BogoMIPS)
> [    1.759222] l7 kernel: Memory: 32405836K/33153364K available (18432K k=
ernel code, 2689K rwdata, 14200K rodata, 4248K init, 4044K bss, 726844K res=
erved, 0K cma-reserved)
> [    1.759226] l7 kernel: devtmpfs: initialized
> [    1.759229] l7 kernel: x86/mm: Memory block size: 128MB
> [    1.759232] l7 kernel: ACPI: PM: Registering ACPI NVS region [mem 0x5d=
111000-0x5d971fff] (8785920 bytes)
> [    1.759237] l7 kernel: clocksource: jiffies: mask: 0xffffffff max_cycl=
es: 0xffffffff, max_idle_ns: 1911260446275000 ns
> [    1.759240] l7 kernel: futex hash table entries: 4096 (order: 6, 26214=
4 bytes, linear)
> [    1.759244] l7 kernel: pinctrl core: initialized pinctrl subsystem
> [    1.759247] l7 kernel: PM: RTC time: 14:08:17, date: 2024-12-09
> [    1.759250] l7 kernel: NET: Registered PF_NETLINK/PF_ROUTE protocol fa=
mily
> [    1.759254] l7 kernel: DMA: preallocated 4096 KiB GFP_KERNEL pool for =
atomic allocations
> [    1.759257] l7 kernel: DMA: preallocated 4096 KiB GFP_KERNEL|GFP_DMA p=
ool for atomic allocations
> [    1.759261] l7 kernel: DMA: preallocated 4096 KiB GFP_KERNEL|GFP_DMA32=
 pool for atomic allocations
> [    1.759264] l7 kernel: thermal_sys: Registered thermal governor 'fair_=
share'
> [    1.759267] l7 kernel: thermal_sys: Registered thermal governor 'bang_=
bang'
> [    1.759271] l7 kernel: thermal_sys: Registered thermal governor 'step_=
wise'
> [    1.759275] l7 kernel: thermal_sys: Registered thermal governor 'user_=
space'
> [    1.759278] l7 kernel: thermal_sys: Registered thermal governor 'power=
_allocator'
> [    1.759282] l7 kernel: cpuidle: using governor ladder
> [    1.759285] l7 kernel: cpuidle: using governor menu
> [    1.759289] l7 kernel: Simple Boot Flag at 0x47 set to 0x80
> [    1.759292] l7 kernel: ACPI FADT declares the system doesn't support P=
CIe ASPM, so disable it
> [    1.759295] l7 kernel: acpiphp: ACPI Hot Plug PCI Controller Driver ve=
rsion: 0.5
> [    1.759299] l7 kernel: PCI: ECAM [mem 0xc0000000-0xce0fffff] (base 0xc=
0000000) for domain 0000 [bus 00-e0]
> [    1.759302] l7 kernel: PCI: Using configuration type 1 for base access
> [    1.759306] l7 kernel: kprobes: kprobe jump-optimization is enabled. A=
ll kprobes are optimized if possible.
> [    1.759309] l7 kernel: HugeTLB: registered 1.00 GiB page size, pre-all=
ocated 0 pages
> [    1.759314] l7 kernel: HugeTLB: 16380 KiB vmemmap can be freed for a 1=
=2E00 GiB page
> [    1.759320] l7 kernel: HugeTLB: registered 2.00 MiB page size, pre-all=
ocated 0 pages
> [    1.759325] l7 kernel: HugeTLB: 28 KiB vmemmap can be freed for a 2.00=
 MiB page
> [    1.759329] l7 kernel: ACPI: Added _OSI(Module Device)
> [    1.759332] l7 kernel: ACPI: Added _OSI(Processor Device)
> [    1.759336] l7 kernel: ACPI: Added _OSI(3.0 _SCP Extensions)
> [    1.759339] l7 kernel: ACPI: Added _OSI(Processor Aggregator Device)
> [    1.759342] l7 kernel: ACPI: 17 ACPI AML tables successfully acquired =
and loaded
> [    1.759346] l7 kernel: ACPI: USB4 _OSC: OS supports USB3+ DisplayPort+=
 PCIe+ XDomain+
> [    1.759352] l7 kernel: ACPI: USB4 _OSC: OS controls USB3+ DisplayPort+=
 PCIe+ XDomain+
> [    1.759355] l7 kernel: ACPI: Dynamic OEM Table Load:
> [    1.759360] l7 kernel: ACPI: SSDT 0xFFFF8E9E81E5F400 000394 (v02 PmRef=
  Cpu0Cst  00003001 INTL 20200717)
> [    1.759364] l7 kernel: ACPI: Dynamic OEM Table Load:
> [    1.759368] l7 kernel: ACPI: SSDT 0xFFFF8E9E81E72000 000605 (v02 PmRef=
  Cpu0Ist  00003000 INTL 20200717)
> [    1.759371] l7 kernel: ACPI: Dynamic OEM Table Load:
> [    1.759375] l7 kernel: ACPI: SSDT 0xFFFF8E9E81F06600 0001AB (v02 PmRef=
  Cpu0Psd  00003000 INTL 20200717)
> [    1.759379] l7 kernel: ACPI: Dynamic OEM Table Load:
> [    1.759382] l7 kernel: ACPI: SSDT 0xFFFF8E9E81E70800 0004B5 (v02 PmRef=
  Cpu0Hwp  00003000 INTL 20200717)
> [    1.759388] l7 kernel: ACPI: Dynamic OEM Table Load:
> [    1.759394] l7 kernel: ACPI: SSDT 0xFFFF8E9E81E66000 001BAF (v02 PmRef=
  ApIst    00003000 INTL 20200717)
> [    1.759400] l7 kernel: ACPI: Dynamic OEM Table Load:
> [    1.759415] l7 kernel: ACPI: SSDT 0xFFFF8E9E81E60000 001038 (v02 PmRef=
  ApHwp    00003000 INTL 20200717)
> [    1.759418] l7 kernel: ACPI: Dynamic OEM Table Load:
> [    1.759421] l7 kernel: ACPI: SSDT 0xFFFF8E9E81E7C000 001349 (v02 PmRef=
  ApPsd    00003000 INTL 20200717)
> [    1.759425] l7 kernel: ACPI: Dynamic OEM Table Load:
> [    1.759428] l7 kernel: ACPI: SSDT 0xFFFF8E9E81E6E000 000FBB (v02 PmRef=
  ApCst    00003000 INTL 20200717)
> [    1.759431] l7 kernel: ACPI: EC: EC started
> [    1.759435] l7 kernel: ACPI: EC: interrupt blocked
> [    1.759438] l7 kernel: ACPI: EC: EC_CMD/EC_SC=3D0x934, EC_DATA=3D0x930
> [    1.759442] l7 kernel: ACPI: \_SB_.PC00.LPCB.ECDV: Boot DSDT EC used t=
o handle transactions
> [    1.759445] l7 kernel: ACPI: Interpreter enabled
> [    1.759449] l7 kernel: ACPI: PM: (supports S0 S4 S5)
> [    1.759452] l7 kernel: ACPI: Using IOAPIC for interrupt routing
> [    1.759456] l7 kernel: PCI: Using host bridge windows from ACPI; if ne=
cessary, use "pci=3Dnocrs" and report a bug
> [    1.759460] l7 kernel: PCI: Ignoring E820 reservations for host bridge=
 windows
> [    1.759464] l7 kernel: ACPI: Enabled 8 GPEs in block 00 to 7F
> [    1.759467] l7 kernel: ACPI: \_SB_.PC00.XHCI.RHUB.HS10.BTRT: New power=
 resource
> [    1.759471] l7 kernel: ACPI: \_SB_.PC00.CNVW.WRST: New power resource
> [    1.759475] l7 kernel: ACPI: \_SB_.PC00.TBT0: New power resource
> [    1.759478] l7 kernel: ACPI: \_SB_.PC00.TBT1: New power resource
> [    1.759482] l7 kernel: ACPI: \_SB_.PC00.D3C_: New power resource
> [    1.759485] l7 kernel: ACPI: \PIN_: New power resource
> [    1.759491] l7 kernel: ACPI: PCI Root Bridge [PC00] (domain 0000 [bus =
00-e0])
> [    1.759577] l7 kernel: acpi PNP0A08:00: _OSC: OS supports [ExtendedCon=
fig ASPM ClockPM Segments MSI EDR HPX-Type3]
> [    1.759622] l7 kernel: acpi PNP0A08:00: _OSC: platform does not suppor=
t [AER]
> [    1.759661] l7 kernel: acpi PNP0A08:00: _OSC: OS now controls [PCIeHot=
plug SHPCHotplug PME PCIeCapability LTR DPC]
> [    1.759698] l7 kernel: acpi PNP0A08:00: FADT indicates ASPM is unsuppo=
rted, using BIOS configuration
> [    1.759703] l7 kernel: PCI host bridge to bus 0000:00
> [    1.759745] l7 kernel: pci_bus 0000:00: root bus resource [io  0x0000-=
0x0cf7 window]
> [    1.759780] l7 kernel: pci_bus 0000:00: root bus resource [io  0x0d00-=
0xffff window]
> [    1.759815] l7 kernel: pci_bus 0000:00: root bus resource [mem 0x000a0=
000-0x000bffff window]
> [    1.759848] l7 kernel: pci_bus 0000:00: root bus resource [mem 0x70800=
000-0xbfffffff window]
> [    1.759881] l7 kernel: pci_bus 0000:00: root bus resource [mem 0x40000=
00000-0x7fffffffff window]
> [    1.759915] l7 kernel: pci_bus 0000:00: root bus resource [bus 00-e0]
> [    1.759964] l7 kernel: pci 0000:00:00.0: [8086:a707] type 00 class 0x0=
60000 conventional PCI endpoint
> [    1.760013] l7 kernel: pci 0000:00:02.0: [8086:a7a0] type 00 class 0x0=
30000 PCIe Root Complex Integrated Endpoint
> [    1.760056] l7 kernel: pci 0000:00:02.0: BAR 0 [mem 0x603f000000-0x603=
fffffff 64bit]
> [    1.760095] l7 kernel: pci 0000:00:02.0: BAR 2 [mem 0x4000000000-0x400=
fffffff 64bit pref]
> [    1.760135] l7 kernel: pci 0000:00:02.0: BAR 4 [io  0x3000-0x303f]
> [    1.760174] l7 kernel: pci 0000:00:02.0: DMAR: Skip IOMMU disabling fo=
r graphics
> [    1.760213] l7 kernel: pci 0000:00:02.0: Video device with shadowed RO=
M at [mem 0x000c0000-0x000dffff]
> [    1.760253] l7 kernel: pci 0000:00:02.0: VF BAR 0 [mem 0x00000000-0x00=
ffffff 64bit]
> [    1.760304] l7 kernel: pci 0000:00:02.0: VF BAR 0 [mem 0x00000000-0x06=
ffffff 64bit]: contains BAR 0 for 7 VFs
> [    1.760392] l7 kernel: pci 0000:00:02.0: VF BAR 2 [mem 0x00000000-0x1f=
ffffff 64bit pref]
> [    1.760479] l7 kernel: pci 0000:00:02.0: VF BAR 2 [mem 0x00000000-0xdf=
ffffff 64bit pref]: contains BAR 2 for 7 VFs
> [    1.760580] l7 kernel: pci 0000:00:04.0: [8086:a71d] type 00 class 0x1=
18000 conventional PCI endpoint
> [    1.760669] l7 kernel: pci 0000:00:04.0: BAR 0 [mem 0x6040280000-0x604=
029ffff 64bit]
> [    1.760764] l7 kernel: pci 0000:00:05.0: [8086:a75d] type 00 class 0x0=
48000 PCIe Root Complex Integrated Endpoint
> [    1.760850] l7 kernel: pci 0000:00:05.0: BAR 0 [mem 0x603e000000-0x603=
effffff 64bit]
> [    1.760936] l7 kernel: pci 0000:00:05.0: enabling Extended Tags
> [    1.761040] l7 kernel: pci 0000:00:06.0: [8086:09ab] type 00 class 0x0=
88000 conventional PCI endpoint
> [    1.761137] l7 kernel: pci 0000:00:07.0: [8086:a76e] type 01 class 0x0=
60400 PCIe Root Port
> [    1.761219] l7 kernel: pci 0000:00:07.0: PCI bridge to [bus 01-3f]
> [    1.761261] l7 kernel: pci 0000:00:07.0:   bridge window [mem 0x820000=
00-0x8e1fffff]
> [    1.761300] l7 kernel: pci 0000:00:07.0:   bridge window [mem 0x600000=
0000-0x601bffffff 64bit pref]
> [    1.761339] l7 kernel: pci 0000:00:07.0: PME# supported from D0 D3hot =
D3cold
> [    1.761378] l7 kernel: pci 0000:00:07.0: PTM enabled (root), 4ns granu=
larity
> [    1.761422] l7 kernel: pci 0000:00:07.2: [8086:a72f] type 01 class 0x0=
60400 PCIe Root Port
> [    1.761461] l7 kernel: pci 0000:00:07.2: PCI bridge to [bus 40-7e]
> [    1.761501] l7 kernel: pci 0000:00:07.2:   bridge window [mem 0x740000=
00-0x801fffff]
> [    1.761541] l7 kernel: pci 0000:00:07.2:   bridge window [mem 0x602000=
0000-0x603bffffff 64bit pref]
> [    1.761580] l7 kernel: pci 0000:00:07.2: PME# supported from D0 D3hot =
D3cold
> [    1.761621] l7 kernel: pci 0000:00:07.2: PTM enabled (root), 4ns granu=
larity
> [    1.761664] l7 kernel: pci 0000:00:08.0: [8086:a74f] type 00 class 0x0=
88000 conventional PCI endpoint
> [    1.761704] l7 kernel: pci 0000:00:08.0: BAR 0 [mem 0x60402f5000-0x604=
02f5fff 64bit]
> [    1.761746] l7 kernel: pci 0000:00:0a.0: [8086:a77d] type 00 class 0x1=
18000 PCIe Root Complex Integrated Endpoint
> [    1.761785] l7 kernel: pci 0000:00:0a.0: BAR 0 [mem 0x60402d0000-0x604=
02d7fff 64bit]
> [    1.761825] l7 kernel: pci 0000:00:0a.0: enabling Extended Tags
> [    1.761878] l7 kernel: pci 0000:00:0d.0: [8086:a71e] type 00 class 0x0=
c0330 conventional PCI endpoint
> [    1.761935] l7 kernel: pci 0000:00:0d.0: BAR 0 [mem 0x60402c0000-0x604=
02cffff 64bit]
> [    1.761974] l7 kernel: pci 0000:00:0d.0: PME# supported from D3hot D3c=
old
> [    1.762022] l7 kernel: pci 0000:00:0d.2: [8086:a73e] type 00 class 0x0=
c0340 conventional PCI endpoint
> [    1.762061] l7 kernel: pci 0000:00:0d.2: BAR 0 [mem 0x6040240000-0x604=
027ffff 64bit]
> [    1.762100] l7 kernel: pci 0000:00:0d.2: BAR 2 [mem 0x60402f4000-0x604=
02f4fff 64bit]
> [    1.762139] l7 kernel: pci 0000:00:0d.2: supports D1 D2
> [    1.762177] l7 kernel: pci 0000:00:0d.2: PME# supported from D0 D1 D2 =
D3hot D3cold
> [    1.762219] l7 kernel: pci 0000:00:0d.3: [8086:a76d] type 00 class 0x0=
c0340 conventional PCI endpoint
> [    1.762258] l7 kernel: pci 0000:00:0d.3: BAR 0 [mem 0x6040200000-0x604=
023ffff 64bit]
> [    1.762296] l7 kernel: pci 0000:00:0d.3: BAR 2 [mem 0x60402f3000-0x604=
02f3fff 64bit]
> [    1.762336] l7 kernel: pci 0000:00:0d.3: supports D1 D2
> [    1.762375] l7 kernel: pci 0000:00:0d.3: PME# supported from D0 D1 D2 =
D3hot D3cold
> [    1.762417] l7 kernel: pci 0000:00:0e.0: [8086:a77f] type 00 class 0x0=
10400 PCIe Root Complex Integrated Endpoint
> [    1.762456] l7 kernel: pci 0000:00:0e.0: BAR 0 [mem 0x603c000000-0x603=
dffffff 64bit]
> [    1.762495] l7 kernel: pci 0000:00:0e.0: BAR 2 [mem 0x72000000-0x73fff=
fff]
> [    1.762533] l7 kernel: pci 0000:00:0e.0: BAR 4 [mem 0x6040100000-0x604=
01fffff 64bit]
> [    1.762575] l7 kernel: pci 0000:00:12.0: [8086:51fc] type 00 class 0x0=
70000 conventional PCI endpoint
> [    1.762614] l7 kernel: pci 0000:00:12.0: BAR 0 [mem 0x60402b0000-0x604=
02bffff 64bit]
> [    1.762652] l7 kernel: pci 0000:00:12.0: PME# supported from D0 D3hot
> [    1.762695] l7 kernel: pci 0000:00:14.0: [8086:51ed] type 00 class 0x0=
c0330 conventional PCI endpoint
> [    1.762735] l7 kernel: pci 0000:00:14.0: BAR 0 [mem 0x60402a0000-0x604=
02affff 64bit]
> [    1.762774] l7 kernel: pci 0000:00:14.0: PME# supported from D3hot D3c=
old
> [    1.762817] l7 kernel: pci 0000:00:14.2: [8086:51ef] type 00 class 0x0=
50000 conventional PCI endpoint
> [    1.762857] l7 kernel: pci 0000:00:14.2: BAR 0 [mem 0x60402e8000-0x604=
02ebfff 64bit]
> [    1.762896] l7 kernel: pci 0000:00:14.2: BAR 2 [mem 0x60402f2000-0x604=
02f2fff 64bit]
> [    1.762937] l7 kernel: pci 0000:00:14.3: [8086:51f1] type 00 class 0x0=
28000 PCIe Root Complex Integrated Endpoint
> [    1.762977] l7 kernel: pci 0000:00:14.3: BAR 0 [mem 0x60402e4000-0x604=
02e7fff 64bit]
> [    1.763055] l7 kernel: pci 0000:00:14.3: PME# supported from D0 D3hot =
D3cold
> [    1.763100] l7 kernel: pci 0000:00:15.0: [8086:51e8] type 00 class 0x0=
c8000 conventional PCI endpoint
> [    1.763139] l7 kernel: pci 0000:00:15.0: BAR 0 [mem 0x00000000-0x00000=
fff 64bit]
> [    1.763181] l7 kernel: pci 0000:00:15.1: [8086:51e9] type 00 class 0x0=
c8000 conventional PCI endpoint
> [    1.763220] l7 kernel: pci 0000:00:15.1: BAR 0 [mem 0x00000000-0x00000=
fff 64bit]
> [    1.763262] l7 kernel: pci 0000:00:16.0: [8086:51e0] type 00 class 0x0=
78000 conventional PCI endpoint
> [    1.763300] l7 kernel: pci 0000:00:16.0: BAR 0 [mem 0x60402ef000-0x604=
02effff 64bit]
> [    1.763338] l7 kernel: pci 0000:00:16.0: PME# supported from D3hot
> [    1.763380] l7 kernel: pci 0000:00:1e.0: [8086:51a8] type 00 class 0x0=
78000 conventional PCI endpoint
> [    1.763420] l7 kernel: pci 0000:00:1e.0: BAR 0 [mem 0x00000000-0x00000=
fff 64bit]
> [    1.763464] l7 kernel: pci 0000:00:1e.3: [8086:51ab] type 00 class 0x0=
c8000 conventional PCI endpoint
> [    1.763503] l7 kernel: pci 0000:00:1e.3: BAR 0 [mem 0x00000000-0x00000=
fff 64bit]
> [    1.763544] l7 kernel: pci 0000:00:1f.0: [8086:519d] type 00 class 0x0=
60100 conventional PCI endpoint
> [    1.763587] l7 kernel: pci 0000:00:1f.3: [8086:51ca] type 00 class 0x0=
40100 conventional PCI endpoint
> [    1.763625] l7 kernel: pci 0000:00:1f.3: BAR 0 [mem 0x60402e0000-0x604=
02e3fff 64bit]
> [    1.763665] l7 kernel: pci 0000:00:1f.3: BAR 4 [mem 0x6040000000-0x604=
00fffff 64bit]
> [    1.763703] l7 kernel: pci 0000:00:1f.3: PME# supported from D3hot D3c=
old
> [    1.763745] l7 kernel: pci 0000:00:1f.4: [8086:51a3] type 00 class 0x0=
c0500 conventional PCI endpoint
> [    1.763785] l7 kernel: pci 0000:00:1f.4: BAR 0 [mem 0x60402ec000-0x604=
02ec0ff 64bit]
> [    1.763823] l7 kernel: pci 0000:00:1f.4: BAR 4 [io  0xefa0-0xefbf]
> [    1.763870] l7 kernel: pci 0000:00:1f.5: [8086:51a4] type 00 class 0x0=
c8000 conventional PCI endpoint
> [    1.763918] l7 kernel: pci 0000:00:1f.5: BAR 0 [mem 0xfe010000-0xfe010=
fff]
> [    1.763968] l7 kernel: pci 0000:01:00.0: [8086:0b26] type 01 class 0x0=
60400 PCIe Switch Upstream Port
> [    1.764015] l7 kernel: pci 0000:01:00.0: PCI bridge to [bus 02-3f]
> [    1.764057] l7 kernel: pci 0000:01:00.0:   bridge window [mem 0x820000=
00-0x8dffffff]
> [    1.764099] l7 kernel: pci 0000:01:00.0:   bridge window [mem 0x600000=
0000-0x601befffff 64bit pref]
> [    1.764141] l7 kernel: pci 0000:01:00.0: enabling Extended Tags
> [    1.764182] l7 kernel: pci 0000:01:00.0: supports D1 D2
> [    1.764223] l7 kernel: pci 0000:01:00.0: PME# supported from D0 D1 D2 =
D3hot D3cold
> [    1.764263] l7 kernel: pci 0000:01:00.0: PTM enabled, 4ns granularity
> [    1.764304] l7 kernel: pci 0000:01:00.0: 8.000 Gb/s available PCIe ban=
dwidth, limited by 2.5 GT/s PCIe x4 link at 0000:00:07.0 (capable of 31.504=
 Gb/s with 8.0 GT/s PCIe x4 link)
> [    1.764344] l7 kernel: pci 0000:00:07.0: PCI bridge to [bus 01-3f]
> [    1.764390] l7 kernel: pci 0000:02:00.0: [8086:0b26] type 01 class 0x0=
60400 PCIe Switch Downstream Port
> [    1.764434] l7 kernel: pci 0000:02:00.0: PCI bridge to [bus 03]
> [    1.764476] l7 kernel: pci 0000:02:00.0: enabling Extended Tags
> [    1.764520] l7 kernel: pci 0000:02:00.0: supports D1 D2
> [    1.764563] l7 kernel: pci 0000:02:00.0: PME# supported from D0 D1 D2 =
D3hot D3cold
> [    1.764613] l7 kernel: pci 0000:02:01.0: [8086:0b26] type 01 class 0x0=
60400 PCIe Switch Downstream Port
> [    1.764656] l7 kernel: pci 0000:02:01.0: PCI bridge to [bus 04-16]
> [    1.764698] l7 kernel: pci 0000:02:01.0:   bridge window [mem 0x8a0000=
00-0x8dffffff]
> [    1.764742] l7 kernel: pci 0000:02:01.0:   bridge window [mem 0x6012a0=
0000-0x601befffff 64bit pref]
> [    1.764784] l7 kernel: pci 0000:02:01.0: enabling Extended Tags
> [    1.764826] l7 kernel: pci 0000:02:01.0: supports D1 D2
> [    1.764869] l7 kernel: pci 0000:02:01.0: PME# supported from D0 D1 D2 =
D3hot D3cold
> [    1.764917] l7 kernel: pci 0000:02:02.0: [8086:0b26] type 01 class 0x0=
60400 PCIe Switch Downstream Port
> [    1.764959] l7 kernel: pci 0000:02:02.0: PCI bridge to [bus 17-29]
> [    1.765005] l7 kernel: pci 0000:02:02.0:   bridge window [mem 0x860000=
00-0x89ffffff]
> [    1.765047] l7 kernel: pci 0000:02:02.0:   bridge window [mem 0x600950=
0000-0x60129fffff 64bit pref]
> [    1.765090] l7 kernel: pci 0000:02:02.0: enabling Extended Tags
> [    1.765132] l7 kernel: pci 0000:02:02.0: supports D1 D2
> [    1.765174] l7 kernel: pci 0000:02:02.0: PME# supported from D0 D1 D2 =
D3hot D3cold
> [    1.765221] l7 kernel: pci 0000:02:03.0: [8086:0b26] type 01 class 0x0=
60400 PCIe Switch Downstream Port
> [    1.765263] l7 kernel: pci 0000:02:03.0: PCI bridge to [bus 2a-3e]
> [    1.765304] l7 kernel: pci 0000:02:03.0:   bridge window [mem 0x820000=
00-0x85ffffff]
> [    1.765346] l7 kernel: pci 0000:02:03.0:   bridge window [mem 0x600000=
0000-0x60094fffff 64bit pref]
> [    1.765388] l7 kernel: pci 0000:02:03.0: enabling Extended Tags
> [    1.765430] l7 kernel: pci 0000:02:03.0: supports D1 D2
> [    1.765472] l7 kernel: pci 0000:02:03.0: PME# supported from D0 D1 D2 =
D3hot D3cold
> [    1.765518] l7 kernel: pci 0000:02:04.0: [8086:0b26] type 01 class 0x0=
60400 PCIe Switch Downstream Port
> [    1.765560] l7 kernel: pci 0000:02:04.0: PCI bridge to [bus 3f]
> [    1.765602] l7 kernel: pci 0000:02:04.0: enabling Extended Tags
> [    1.765643] l7 kernel: pci 0000:02:04.0: supports D1 D2
> [    1.765686] l7 kernel: pci 0000:02:04.0: PME# supported from D0 D1 D2 =
D3hot D3cold
> [    1.765728] l7 kernel: pci 0000:01:00.0: PCI bridge to [bus 02-3f]
> [    1.765771] l7 kernel: pci 0000:02:00.0: PCI bridge to [bus 03]
> [    1.765813] l7 kernel: pci 0000:02:01.0: PCI bridge to [bus 04-16]
> [    1.765855] l7 kernel: pci 0000:02:02.0: PCI bridge to [bus 17-29]
> [    1.765902] l7 kernel: pci 0000:02:03.0: PCI bridge to [bus 2a-3e]
> [    1.765949] l7 kernel: pci 0000:02:04.0: PCI bridge to [bus 3f]
> [    1.766025] l7 kernel: pci 0000:00:07.2: PCI bridge to [bus 40-7e]
> [    1.766030] l7 kernel: ACPI: \_SB_.PEPD: Duplicate LPS0 _DSM functions=
 (mask: 0x7f)
> [    1.766034] l7 kernel: Low-power S0 idle used by default for system su=
spend
> [    1.766037] l7 kernel: ACPI: EC: interrupt unblocked
> [    1.766041] l7 kernel: ACPI: EC: event unblocked
> [    1.766044] l7 kernel: ACPI: EC: EC_CMD/EC_SC=3D0x934, EC_DATA=3D0x930
> [    1.766048] l7 kernel: ACPI: EC: GPE=3D0x6e
> [    1.766053] l7 kernel: ACPI: \_SB_.PC00.LPCB.ECDV: Boot DSDT EC initia=
lization complete
> [    1.766056] l7 kernel: ACPI: \_SB_.PC00.LPCB.ECDV: EC: Used to handle =
transactions and events
> [    1.766060] l7 kernel: iommu: Default domain type: Translated
> [    1.766063] l7 kernel: iommu: DMA domain TLB invalidation policy: lazy=
 mode
> [    1.766067] l7 kernel: SCSI subsystem initialized
> [    1.766070] l7 kernel: libata version 3.00 loaded.
> [    1.766074] l7 kernel: ACPI: bus type USB registered
> [    1.766077] l7 kernel: usbcore: registered new interface driver usbfs
> [    1.766081] l7 kernel: usbcore: registered new interface driver hub
> [    1.766084] l7 kernel: usbcore: registered new device driver usb
> [    1.766088] l7 kernel: pps_core: LinuxPPS API ver. 1 registered
> [    1.766091] l7 kernel: pps_core: Software ver. 5.3.6 - Copyright 2005-=
2007 Rodolfo Giometti <giometti@linux.it>
> [    1.766096] l7 kernel: PTP clock support registered
> [    1.766099] l7 kernel: EDAC MC: Ver: 3.0.0
> [    1.766103] l7 kernel: efivars: Registered efivars operations
> [    1.766106] l7 kernel: NetLabel: Initializing
> [    1.766109] l7 kernel: NetLabel:  domain hash size =3D 128
> [    1.766113] l7 kernel: NetLabel:  protocols =3D UNLABELED CIPSOv4 CALI=
PSO
> [    1.766116] l7 kernel: NetLabel:  unlabeled traffic allowed by default
> [    1.766119] l7 kernel: mctp: management component transport protocol c=
ore
> [    1.766123] l7 kernel: NET: Registered PF_MCTP protocol family
> [    1.766126] l7 kernel: PCI: Using ACPI for IRQ routing
> [    1.766129] l7 kernel: PCI: pci_cache_line_size set to 64 bytes
> [    1.766168] l7 kernel: pci 0000:00:1f.5: BAR 0 [mem 0xfe010000-0xfe010=
fff]: can't claim; no compatible bridge window
> [    1.766173] l7 kernel: e820: reserve RAM buffer [mem 0x0009f000-0x0009=
ffff]
> [    1.766176] l7 kernel: e820: reserve RAM buffer [mem 0x5263d000-0x53ff=
ffff]
> [    1.766181] l7 kernel: e820: reserve RAM buffer [mem 0x580b6000-0x5bff=
ffff]
> [    1.766185] l7 kernel: e820: reserve RAM buffer [mem 0x5dc00000-0x5fff=
ffff]
> [    1.766188] l7 kernel: e820: reserve RAM buffer [mem 0x88f800000-0x88f=
ffffff]
> [    1.766227] l7 kernel: pci 0000:00:02.0: vgaarb: setting as boot VGA d=
evice
> [    1.766266] l7 kernel: pci 0000:00:02.0: vgaarb: bridge control possib=
le
> [    1.766304] l7 kernel: pci 0000:00:02.0: vgaarb: VGA device added: dec=
odes=3Dio+mem,owns=3Dio+mem,locks=3Dnone
> [    1.766308] l7 kernel: vgaarb: loaded
> [    1.766311] l7 kernel: clocksource: Switched to clocksource tsc-early
> [    1.766315] l7 kernel: VFS: Disk quotas dquot_6.6.0
> [    1.766319] l7 kernel: VFS: Dquot-cache hash table entries: 512 (order=
 0, 4096 bytes)
> [    1.766322] l7 kernel: pnp: PnP ACPI init
> [    1.766365] l7 kernel: system 00:00: [io  0x0680-0x069f] has been rese=
rved
> [    1.766403] l7 kernel: system 00:00: [io  0x164e-0x164f] has been rese=
rved
> [    1.766444] l7 kernel: system 00:02: [io  0x1854-0x1857] has been rese=
rved
> [    1.766483] l7 kernel: pnp 00:05: disabling [mem 0xc0000000-0xcfffffff=
] because it overlaps 0000:00:02.0 BAR 9 [mem 0x00000000-0xdfffffff 64bit p=
ref]
> [    1.766518] l7 kernel: system 00:05: [mem 0xfedc0000-0xfedc7fff] has b=
een reserved
> [    1.766553] l7 kernel: system 00:05: [mem 0xfeda0000-0xfeda0fff] has b=
een reserved
> [    1.766588] l7 kernel: system 00:05: [mem 0xfeda1000-0xfeda1fff] has b=
een reserved
> [    1.766622] l7 kernel: system 00:05: [mem 0xfed20000-0xfed7ffff] could=
 not be reserved
> [    1.766657] l7 kernel: system 00:05: [mem 0xfed90000-0xfed93fff] could=
 not be reserved
> [    1.766693] l7 kernel: system 00:05: [mem 0xfed45000-0xfed8ffff] could=
 not be reserved
> [    1.766727] l7 kernel: system 00:05: [mem 0xfee00000-0xfeefffff] has b=
een reserved
> [    1.766766] l7 kernel: system 00:06: [io  0x2000-0x20fe] has been rese=
rved
> [    1.766770] l7 kernel: pnp: PnP ACPI: found 8 devices
> [    1.766774] l7 kernel: clocksource: acpi_pm: mask: 0xffffff max_cycles=
: 0xffffff, max_idle_ns: 2085701024 ns
> [    1.766777] l7 kernel: NET: Registered PF_INET protocol family
> [    1.766781] l7 kernel: IP idents hash table entries: 262144 (order: 9,=
 2097152 bytes, linear)
> [    1.766785] l7 kernel: tcp_listen_portaddr_hash hash table entries: 16=
384 (order: 6, 262144 bytes, linear)
> [    1.766788] l7 kernel: Table-perturb hash table entries: 65536 (order:=
 6, 262144 bytes, linear)
> [    1.766792] l7 kernel: TCP established hash table entries: 262144 (ord=
er: 9, 2097152 bytes, linear)
> [    1.766795] l7 kernel: TCP bind hash table entries: 65536 (order: 9, 2=
097152 bytes, linear)
> [    1.766800] l7 kernel: TCP: Hash tables configured (established 262144=
 bind 65536)
> [    1.766803] l7 kernel: MPTCP token hash table entries: 32768 (order: 7=
, 786432 bytes, linear)
> [    1.766807] l7 kernel: UDP hash table entries: 16384 (order: 7, 524288=
 bytes, linear)
> [    1.766810] l7 kernel: UDP-Lite hash table entries: 16384 (order: 7, 5=
24288 bytes, linear)
> [    1.766814] l7 kernel: NET: Registered PF_UNIX/PF_LOCAL protocol family
> [    1.766817] l7 kernel: NET: Registered PF_XDP protocol family
> [    1.766861] l7 kernel: pci 0000:02:01.0: bridge window [io  0x1000-0x0=
fff] to [bus 04-16] add_size 1000
> [    1.766904] l7 kernel: pci 0000:02:02.0: bridge window [io  0x1000-0x0=
fff] to [bus 17-29] add_size 1000
> [    1.766949] l7 kernel: pci 0000:02:03.0: bridge window [io  0x1000-0x0=
fff] to [bus 2a-3e] add_size 1000
> [    1.766990] l7 kernel: pci 0000:01:00.0: bridge window [io  0x1000-0x0=
fff] to [bus 02-3f] add_size 3000
> [    1.767032] l7 kernel: pci 0000:00:07.0: bridge window [io  0x1000-0x0=
fff] to [bus 01-3f] add_size 4000
> [    1.767072] l7 kernel: pci 0000:00:07.2: bridge window [io  0x1000-0x0=
fff] to [bus 40-7e] add_size 1000
> [    1.767112] l7 kernel: pci 0000:00:02.0: VF BAR 2 [mem 0x4020000000-0x=
40ffffffff 64bit pref]: assigned
> [    1.767151] l7 kernel: pci 0000:00:02.0: VF BAR 0 [mem 0x4010000000-0x=
4016ffffff 64bit]: assigned
> [    1.767190] l7 kernel: pci 0000:00:07.0: bridge window [io  0x4000-0x7=
fff]: assigned
> [    1.767230] l7 kernel: pci 0000:00:07.2: bridge window [io  0x8000-0x8=
fff]: assigned
> [    1.767270] l7 kernel: pci 0000:00:15.0: BAR 0 [mem 0x4017000000-0x401=
7000fff 64bit]: assigned
> [    1.767311] l7 kernel: pci 0000:00:15.1: BAR 0 [mem 0x4017001000-0x401=
7001fff 64bit]: assigned
> [    1.767350] l7 kernel: pci 0000:00:1e.0: BAR 0 [mem 0x4017002000-0x401=
7002fff 64bit]: assigned
> [    1.767389] l7 kernel: pci 0000:00:1e.3: BAR 0 [mem 0x4017003000-0x401=
7003fff 64bit]: assigned
> [    1.767426] l7 kernel: pci 0000:00:1f.5: BAR 0 [mem 0x70800000-0x70800=
fff]: assigned
> [    1.767473] l7 kernel: pci 0000:01:00.0: bridge window [io  0x4000-0x6=
fff]: assigned
> [    1.767515] l7 kernel: pci 0000:02:01.0: bridge window [io  0x4000-0x4=
fff]: assigned
> [    1.767557] l7 kernel: pci 0000:02:02.0: bridge window [io  0x5000-0x5=
fff]: assigned
> [    1.767600] l7 kernel: pci 0000:02:03.0: bridge window [io  0x6000-0x6=
fff]: assigned
> [    1.767641] l7 kernel: pci 0000:02:00.0: PCI bridge to [bus 03]
> [    1.767684] l7 kernel: pci 0000:02:01.0: PCI bridge to [bus 04-16]
> [    1.767725] l7 kernel: pci 0000:02:01.0:   bridge window [io  0x4000-0=
x4fff]
> [    1.767767] l7 kernel: pci 0000:02:01.0:   bridge window [mem 0x8a0000=
00-0x8dffffff]
> [    1.767814] l7 kernel: pci 0000:02:01.0:   bridge window [mem 0x6012a0=
0000-0x601befffff 64bit pref]
> [    1.767870] l7 kernel: pci 0000:02:02.0: PCI bridge to [bus 17-29]
> [    1.767918] l7 kernel: pci 0000:02:02.0:   bridge window [io  0x5000-0=
x5fff]
> [    1.767961] l7 kernel: pci 0000:02:02.0:   bridge window [mem 0x860000=
00-0x89ffffff]
> [    1.768007] l7 kernel: pci 0000:02:02.0:   bridge window [mem 0x600950=
0000-0x60129fffff 64bit pref]
> [    1.768049] l7 kernel: pci 0000:02:03.0: PCI bridge to [bus 2a-3e]
> [    1.768091] l7 kernel: pci 0000:02:03.0:   bridge window [io  0x6000-0=
x6fff]
> [    1.768133] l7 kernel: pci 0000:02:03.0:   bridge window [mem 0x820000=
00-0x85ffffff]
> [    1.768175] l7 kernel: pci 0000:02:03.0:   bridge window [mem 0x600000=
0000-0x60094fffff 64bit pref]
> [    1.768218] l7 kernel: pci 0000:02:04.0: PCI bridge to [bus 3f]
> [    1.768258] l7 kernel: pci 0000:01:00.0: PCI bridge to [bus 02-3f]
> [    1.768298] l7 kernel: pci 0000:01:00.0:   bridge window [io  0x4000-0=
x6fff]
> [    1.768340] l7 kernel: pci 0000:01:00.0:   bridge window [mem 0x820000=
00-0x8dffffff]
> [    1.768380] l7 kernel: pci 0000:01:00.0:   bridge window [mem 0x600000=
0000-0x601befffff 64bit pref]
> [    1.768419] l7 kernel: pci 0000:00:07.0: PCI bridge to [bus 01-3f]
> [    1.768457] l7 kernel: pci 0000:00:07.0:   bridge window [io  0x4000-0=
x7fff]
> [    1.768497] l7 kernel: pci 0000:00:07.0:   bridge window [mem 0x820000=
00-0x8e1fffff]
> [    1.768536] l7 kernel: pci 0000:00:07.0:   bridge window [mem 0x600000=
0000-0x601bffffff 64bit pref]
> [    1.768574] l7 kernel: pci 0000:00:07.2: PCI bridge to [bus 40-7e]
> [    1.768612] l7 kernel: pci 0000:00:07.2:   bridge window [io  0x8000-0=
x8fff]
> [    1.768651] l7 kernel: pci 0000:00:07.2:   bridge window [mem 0x740000=
00-0x801fffff]
> [    1.768691] l7 kernel: pci 0000:00:07.2:   bridge window [mem 0x602000=
0000-0x603bffffff 64bit pref]
> [    1.768727] l7 kernel: pci_bus 0000:00: resource 4 [io  0x0000-0x0cf7 =
window]
> [    1.768763] l7 kernel: pci_bus 0000:00: resource 5 [io  0x0d00-0xffff =
window]
> [    1.768797] l7 kernel: pci_bus 0000:00: resource 6 [mem 0x000a0000-0x0=
00bffff window]
> [    1.768831] l7 kernel: pci_bus 0000:00: resource 7 [mem 0x70800000-0xb=
fffffff window]
> [    1.768865] l7 kernel: pci_bus 0000:00: resource 8 [mem 0x4000000000-0=
x7fffffffff window]
> [    1.768906] l7 kernel: pci_bus 0000:01: resource 0 [io  0x4000-0x7fff]
> [    1.768944] l7 kernel: pci_bus 0000:01: resource 1 [mem 0x82000000-0x8=
e1fffff]
> [    1.768979] l7 kernel: pci_bus 0000:01: resource 2 [mem 0x6000000000-0=
x601bffffff 64bit pref]
> [    1.769069] l7 kernel: pci_bus 0000:02: resource 0 [io  0x4000-0x6fff]
> [    1.769111] l7 kernel: pci_bus 0000:02: resource 1 [mem 0x82000000-0x8=
dffffff]
> [    1.769149] l7 kernel: pci_bus 0000:02: resource 2 [mem 0x6000000000-0=
x601befffff 64bit pref]
> [    1.769193] l7 kernel: pci_bus 0000:04: resource 0 [io  0x4000-0x4fff]
> [    1.769232] l7 kernel: pci_bus 0000:04: resource 1 [mem 0x8a000000-0x8=
dffffff]
> [    1.769271] l7 kernel: pci_bus 0000:04: resource 2 [mem 0x6012a00000-0=
x601befffff 64bit pref]
> [    1.769316] l7 kernel: pci_bus 0000:17: resource 0 [io  0x5000-0x5fff]
> [    1.769357] l7 kernel: pci_bus 0000:17: resource 1 [mem 0x86000000-0x8=
9ffffff]
> [    1.769396] l7 kernel: pci_bus 0000:17: resource 2 [mem 0x6009500000-0=
x60129fffff 64bit pref]
> [    1.769439] l7 kernel: pci_bus 0000:2a: resource 0 [io  0x6000-0x6fff]
> [    1.769478] l7 kernel: pci_bus 0000:2a: resource 1 [mem 0x82000000-0x8=
5ffffff]
> [    1.769516] l7 kernel: pci_bus 0000:2a: resource 2 [mem 0x6000000000-0=
x60094fffff 64bit pref]
> [    1.769555] l7 kernel: pci_bus 0000:40: resource 0 [io  0x8000-0x8fff]
> [    1.769590] l7 kernel: pci_bus 0000:40: resource 1 [mem 0x74000000-0x8=
01fffff]
> [    1.769625] l7 kernel: pci_bus 0000:40: resource 2 [mem 0x6020000000-0=
x603bffffff 64bit pref]
> [    1.769629] l7 kernel: PCI: CLS 0 bytes, default 64
> [    1.769634] l7 kernel: DMAR: Intel-IOMMU force enabled due to platform=
 opt in
> [    1.769638] l7 kernel: DMAR: No ATSR found
> [    1.769641] l7 kernel: DMAR: No SATC found
> [    1.769645] l7 kernel: DMAR: IOMMU feature fl1gp_support inconsistent
> [    1.769648] l7 kernel: DMAR: IOMMU feature pgsel_inv inconsistent
> [    1.769652] l7 kernel: DMAR: IOMMU feature nwfs inconsistent
> [    1.769656] l7 kernel: DMAR: IOMMU feature dit inconsistent
> [    1.769659] l7 kernel: DMAR: IOMMU feature sc_support inconsistent
> [    1.769663] l7 kernel: DMAR: IOMMU feature dev_iotlb_support inconsist=
ent
> [    1.769667] l7 kernel: DMAR: dmar1: Using Queued invalidation
> [    1.769670] l7 kernel: DMAR: dmar0: Using Queued invalidation
> [    1.769674] l7 kernel: DMAR: dmar2: Using Queued invalidation
> [    1.769678] l7 kernel: Trying to unpack rootfs image as initramfs...
> [    1.769718] l7 kernel: pci 0000:00:05.0: Adding to iommu group 0
> [    1.769759] l7 kernel: pci 0000:00:02.0: Adding to iommu group 1
> [    1.769800] l7 kernel: pci 0000:00:00.0: Adding to iommu group 2
> [    1.769848] l7 kernel: pci 0000:00:04.0: Adding to iommu group 3
> [    1.769911] l7 kernel: pci 0000:00:06.0: Adding to iommu group 4
> [    1.769954] l7 kernel: pci 0000:00:07.0: Adding to iommu group 5
> [    1.769993] l7 kernel: pci 0000:00:07.2: Adding to iommu group 6
> [    1.770035] l7 kernel: pci 0000:00:08.0: Adding to iommu group 7
> [    1.770075] l7 kernel: pci 0000:00:0a.0: Adding to iommu group 8
> [    1.770116] l7 kernel: pci 0000:00:0d.0: Adding to iommu group 9
> [    1.770155] l7 kernel: pci 0000:00:0d.2: Adding to iommu group 9
> [    1.770194] l7 kernel: pci 0000:00:0d.3: Adding to iommu group 9
> [    1.770234] l7 kernel: pci 0000:00:0e.0: Adding to iommu group 10
> [    1.770274] l7 kernel: pci 0000:00:12.0: Adding to iommu group 11
> [    1.770314] l7 kernel: pci 0000:00:14.0: Adding to iommu group 12
> [    1.770353] l7 kernel: pci 0000:00:14.2: Adding to iommu group 12
> [    1.770392] l7 kernel: pci 0000:00:14.3: Adding to iommu group 13
> [    1.770431] l7 kernel: pci 0000:00:15.0: Adding to iommu group 14
> [    1.770470] l7 kernel: pci 0000:00:15.1: Adding to iommu group 14
> [    1.770508] l7 kernel: pci 0000:00:16.0: Adding to iommu group 15
> [    1.770548] l7 kernel: pci 0000:00:1e.0: Adding to iommu group 16
> [    1.770586] l7 kernel: pci 0000:00:1e.3: Adding to iommu group 16
> [    1.770625] l7 kernel: pci 0000:00:1f.0: Adding to iommu group 17
> [    1.770665] l7 kernel: pci 0000:00:1f.3: Adding to iommu group 17
> [    1.770703] l7 kernel: pci 0000:00:1f.4: Adding to iommu group 17
> [    1.770741] l7 kernel: pci 0000:00:1f.5: Adding to iommu group 17
> [    1.770783] l7 kernel: pci 0000:01:00.0: Adding to iommu group 18
> [    1.770825] l7 kernel: pci 0000:02:00.0: Adding to iommu group 19
> [    1.770868] l7 kernel: pci 0000:02:01.0: Adding to iommu group 20
> [    1.770909] l7 kernel: pci 0000:02:02.0: Adding to iommu group 21
> [    1.770952] l7 kernel: pci 0000:02:03.0: Adding to iommu group 22
> [    1.770994] l7 kernel: pci 0000:02:04.0: Adding to iommu group 23
> [    1.770999] l7 kernel: DMAR: Intel(R) Virtualization Technology for Di=
rected I/O
> [    1.771005] l7 kernel: PCI-DMA: Using software bounce buffering for IO=
 (SWIOTLB)
> [    1.771009] l7 kernel: software IO TLB: mapped [mem 0x00000000432d4000=
-0x00000000472d4000] (64MB)
> [    1.771012] l7 kernel: clocksource: tsc: mask: 0xffffffffffffffff max_=
cycles: 0x25a39079a08, max_idle_ns: 440795310461 ns
> [    1.771016] l7 kernel: clocksource: Switched to clocksource tsc
> [    1.771020] l7 kernel: Initialise system trusted keyrings
> [    1.771024] l7 kernel: Key type blacklist registered
> [    1.771027] l7 kernel: workingset: timestamp_bits=3D36 max_order=3D23 =
bucket_order=3D0
> [    1.771031] l7 kernel: zbud: loaded
> [    1.771034] l7 kernel: integrity: Platform Keyring initialized
> [    1.771039] l7 kernel: integrity: Machine keyring initialized
> [    1.771042] l7 kernel: Key type asymmetric registered
> [    1.771046] l7 kernel: Asymmetric key parser 'x509' registered
> [    1.771049] l7 kernel: Block layer SCSI generic (bsg) driver version 0=
=2E4 loaded (major 242)
> [    1.771053] l7 kernel: io scheduler mq-deadline registered
> [    1.771056] l7 kernel: io scheduler kyber registered
> [    1.771060] l7 kernel: io scheduler bfq registered
> [    1.771063] l7 kernel: ledtrig-cpu: registered to indicate activity on=
 CPUs
> [    1.771102] l7 kernel: pcieport 0000:00:07.0: PME: Signaling with IRQ =
123
> [    1.771140] l7 kernel: pcieport 0000:00:07.0: pciehp: Slot #3 AttnBtn-=
 PwrCtrl- MRL- AttnInd- PwrInd- HotPlug+ Surprise+ Interlock- NoCompl+ IbPr=
esDis- LLActRep+
> [    1.771179] l7 kernel: pcieport 0000:00:07.2: PME: Signaling with IRQ =
124
> [    1.771217] l7 kernel: pcieport 0000:00:07.2: pciehp: Slot #5 AttnBtn-=
 PwrCtrl- MRL- AttnInd- PwrInd- HotPlug+ Surprise+ Interlock- NoCompl+ IbPr=
esDis- LLActRep+
> [    1.771261] l7 kernel: pcieport 0000:02:01.0: pciehp: Slot #1 AttnBtn-=
 PwrCtrl- MRL- AttnInd- PwrInd- HotPlug+ Surprise+ Interlock- NoCompl+ IbPr=
esDis- LLActRep+
> [    1.771303] l7 kernel: pcieport 0000:02:02.0: pciehp: Slot #2 AttnBtn-=
 PwrCtrl- MRL- AttnInd- PwrInd- HotPlug+ Surprise+ Interlock- NoCompl+ IbPr=
esDis- LLActRep+
> [    1.771346] l7 kernel: pcieport 0000:02:03.0: pciehp: Slot #3 AttnBtn-=
 PwrCtrl- MRL- AttnInd- PwrInd- HotPlug+ Surprise+ Interlock- NoCompl+ IbPr=
esDis- LLActRep+
> [    1.771350] l7 kernel: shpchp: Standard Hot Plug PCI Controller Driver=
 version: 0.4
> [    1.771354] l7 kernel: Monitor-Mwait will be used to enter C-1 state
> [    1.771357] l7 kernel: Monitor-Mwait will be used to enter C-2 state
> [    1.771361] l7 kernel: Monitor-Mwait will be used to enter C-3 state
> [    1.771365] l7 kernel: ACPI: AC: AC Adapter [AC] (on-line)
> [    1.771368] l7 kernel: input: Lid Switch as /devices/LNXSYSTM:00/LNXSY=
BUS:00/PNP0C0D:00/input/input0
> [    1.771372] l7 kernel: ACPI: button: Lid Switch [LID0]
> [    1.771375] l7 kernel: input: Power Button as /devices/LNXSYSTM:00/LNX=
SYBUS:00/PNP0C0C:00/input/input1
> [    1.771380] l7 kernel: ACPI: button: Power Button [PBTN]
> [    1.771384] l7 kernel: Serial: 8250/16550 driver, 32 ports, IRQ sharin=
g enabled
> [    1.771422] l7 kernel: serial 0000:00:12.0: enabling device (0000 -> 0=
002)
> [    1.771426] l7 kernel: hpet_acpi_add: no address or irqs in _CRS
> [    1.771430] l7 kernel: Non-volatile memory driver v1.3
> [    1.771433] l7 kernel: Linux agpgart interface v0.103
> [    1.771478] l7 kernel: tpm_tis STM0176:00: 2.0 TPM (device-id 0x0, rev=
-id 78)
> [    1.771484] l7 kernel: Freeing initrd memory: 33320K
> [    1.771487] l7 kernel: ACPI: battery: Slot [BAT0] (battery present)
> [    1.771491] l7 kernel: ACPI: bus type drm_connector registered
> [    1.771528] l7 kernel: ahci 0000:00:0e.0: version 3.0
> [    1.771568] l7 kernel: ahci 0000:00:0e.0: probe with driver ahci faile=
d with error -22
> [    1.771608] l7 kernel: xhci_hcd 0000:00:0d.0: xHCI Host Controller
> [    1.771647] l7 kernel: xhci_hcd 0000:00:0d.0: new USB bus registered, =
assigned bus number 1
> [    1.771687] l7 kernel: xhci_hcd 0000:00:0d.0: hcc params 0x20007fc1 hc=
i version 0x120 quirks 0x0000000200009810
> [    1.771727] l7 kernel: xhci_hcd 0000:00:0d.0: xHCI Host Controller
> [    1.771766] l7 kernel: xhci_hcd 0000:00:0d.0: new USB bus registered, =
assigned bus number 2
> [    1.771804] l7 kernel: xhci_hcd 0000:00:0d.0: Host supports USB 3.2 En=
hanced SuperSpeed
> [    1.771869] l7 kernel: usb usb1: New USB device found, idVendor=3D1d6b=
, idProduct=3D0002, bcdDevice=3D 6.12
> [    1.771931] l7 kernel: usb usb1: New USB device strings: Mfr=3D3, Prod=
uct=3D2, SerialNumber=3D1
> [    1.771980] l7 kernel: usb usb1: Product: xHCI Host Controller
> [    1.772023] l7 kernel: usb usb1: Manufacturer: Linux 6.12.4-stable-1 x=
hci-hcd
> [    1.772063] l7 kernel: usb usb1: SerialNumber: 0000:00:0d.0
> [    1.772113] l7 kernel: hub 1-0:1.0: USB hub found
> [    1.772157] l7 kernel: hub 1-0:1.0: 1 port detected
> [    1.772204] l7 kernel: usb usb2: New USB device found, idVendor=3D1d6b=
, idProduct=3D0003, bcdDevice=3D 6.12
> [    1.772246] l7 kernel: usb usb2: New USB device strings: Mfr=3D3, Prod=
uct=3D2, SerialNumber=3D1
> [    1.772286] l7 kernel: usb usb2: Product: xHCI Host Controller
> [    1.772326] l7 kernel: usb usb2: Manufacturer: Linux 6.12.4-stable-1 x=
hci-hcd
> [    1.772367] l7 kernel: usb usb2: SerialNumber: 0000:00:0d.0
> [    1.772413] l7 kernel: hub 2-0:1.0: USB hub found
> [    1.772457] l7 kernel: hub 2-0:1.0: 3 ports detected
> [    1.772497] l7 kernel: xhci_hcd 0000:00:14.0: xHCI Host Controller
> [    1.772537] l7 kernel: xhci_hcd 0000:00:14.0: new USB bus registered, =
assigned bus number 3
> [    1.772575] l7 kernel: xhci_hcd 0000:00:14.0: hcc params 0x20007fc1 hc=
i version 0x120 quirks 0x0000100200009810
> [    1.772614] l7 kernel: xhci_hcd 0000:00:14.0: xHCI Host Controller
> [    1.772653] l7 kernel: xhci_hcd 0000:00:14.0: new USB bus registered, =
assigned bus number 4
> [    1.772691] l7 kernel: xhci_hcd 0000:00:14.0: Host supports USB 3.1 En=
hanced SuperSpeed
> [    2.751655] l7 kernel: usb usb3: New USB device found, idVendor=3D1d6b=
, idProduct=3D0002, bcdDevice=3D 6.12
> [    2.751817] l7 kernel: usb usb3: New USB device strings: Mfr=3D3, Prod=
uct=3D2, SerialNumber=3D1
> [    2.751923] l7 kernel: usb usb3: Product: xHCI Host Controller
> [    2.752032] l7 kernel: usb usb3: Manufacturer: Linux 6.12.4-stable-1 x=
hci-hcd
> [    2.752132] l7 kernel: usb usb3: SerialNumber: 0000:00:14.0
> [    2.752249] l7 kernel: hub 3-0:1.0: USB hub found
> [    2.752356] l7 kernel: hub 3-0:1.0: 12 ports detected
> [    2.752463] l7 kernel: usb usb4: New USB device found, idVendor=3D1d6b=
, idProduct=3D0003, bcdDevice=3D 6.12
> [    2.752562] l7 kernel: usb usb4: New USB device strings: Mfr=3D3, Prod=
uct=3D2, SerialNumber=3D1
> [    2.752661] l7 kernel: usb usb4: Product: xHCI Host Controller
> [    2.752755] l7 kernel: usb usb4: Manufacturer: Linux 6.12.4-stable-1 x=
hci-hcd
> [    2.752847] l7 kernel: usb usb4: SerialNumber: 0000:00:14.0
> [    2.752956] l7 kernel: hub 4-0:1.0: USB hub found
> [    2.753065] l7 kernel: hub 4-0:1.0: 4 ports detected
> [    2.753077] l7 kernel: usbcore: registered new interface driver usbser=
ial_generic
> [    2.753086] l7 kernel: usbserial: USB Serial support registered for ge=
neric
> [    2.753180] l7 kernel: rtc_cmos 00:01: RTC can wake from S4
> [    2.753267] l7 kernel: rtc_cmos 00:01: registered as rtc0
> [    2.753352] l7 kernel: rtc_cmos 00:01: setting system clock to 2024-12=
-09T14:08:19 UTC (1733753299)
> [    2.753438] l7 kernel: rtc_cmos 00:01: alarms up to one month, y3k, 24=
2 bytes nvram
> [    2.753450] l7 kernel: intel_pstate: Intel P-state driver initializing
> [    2.753458] l7 kernel: intel_pstate: HWP enabled
> [    2.753486] l7 kernel: simple-framebuffer simple-framebuffer.0: [drm] =
Registered 1 planes with drm panic
> [    2.753498] l7 kernel: [drm] Initialized simpledrm 1.0.0 for simple-fr=
amebuffer.0 on minor 0
> [    2.753506] l7 kernel: Console: switching to colour frame buffer devic=
e 100x37
> [    2.753520] l7 kernel: simple-framebuffer simple-framebuffer.0: [drm] =
fb0: simpledrmdrmfb frame buffer device
> [    2.753530] l7 kernel: hid: raw HID events driver (C) Jiri Kosina
> [    2.753538] l7 kernel: drop_monitor: Initializing network drop monitor=
 service
> [    2.753546] l7 kernel: Initializing XFRM netlink socket
> [    2.753554] l7 kernel: NET: Registered PF_INET6 protocol family
> [    2.753566] l7 kernel: Segment Routing with IPv6
> [    2.753574] l7 kernel: RPL Segment Routing with IPv6
> [    2.753581] l7 kernel: In-situ OAM (IOAM) with IPv6
> [    2.753589] l7 kernel: NET: Registered PF_PACKET protocol family
> [    2.753597] l7 kernel: ENERGY_PERF_BIAS: Set to 'normal', was 'perform=
ance'
> [    2.753605] l7 kernel: microcode: Current revision: 0x00004123
> [    2.753613] l7 kernel: IPI shorthand broadcast: enabled
> [    2.753621] l7 kernel: sched_clock: Marking stable (1525000675, 214532=
39)->(1594406682, -47952768)
> [    2.753629] l7 kernel: registered taskstats version 1
> [    2.753637] l7 kernel: Loading compiled-in X.509 certificates
> [    2.753645] l7 kernel: Loaded X.509 cert 'Build time autogenerated ker=
nel key: 59abc6dcefd75e35e0cbc4cebceebc293ade7d58'
> [    2.753654] l7 kernel: Loaded X.509 cert 'Local Out of tree kernel mod=
ule signing key: 9e2b9d061cdadaf330120fb68b87843d0c736272'
> [    2.753664] l7 kernel: zswap: loaded using pool zstd/zsmalloc
> [    2.753672] l7 kernel: Demotion targets for Node 0: null
> [    2.753680] l7 kernel: Key type .fscrypt registered
> [    2.753688] l7 kernel: Key type fscrypt-provisioning registered
> [    2.753696] l7 kernel: integrity: Loading X.509 certificate: UEFI:db
> [    2.753704] l7 kernel: integrity: Loaded X.509 cert 'Dell Inc.: Dell B=
ios DB Key: 637fa7a9f74471b406de0511557071fd41dd5487'
> [    2.753712] l7 kernel: integrity: Loading X.509 certificate: UEFI:db
> [    2.753720] l7 kernel: integrity: Loaded X.509 cert 'Dell Inc.: Dell B=
ios FW Aux Authority 2018: dd4df7c3f5ce7e5a77847915abc37b031f6b10bd'
> [    2.753728] l7 kernel: integrity: Loading X.509 certificate: UEFI:db
> [    2.753735] l7 kernel: integrity: Loaded X.509 cert 'Microsoft Windows=
 Production PCA 2011: a92902398e16c49778cd90f99e4f9ae17c55af53'
> [    2.753743] l7 kernel: integrity: Loading X.509 certificate: UEFI:db
> [    2.753751] l7 kernel: integrity: Loaded X.509 cert 'Microsoft Corpora=
tion UEFI CA 2011: 13adbf4309bd82709c8cd54f316ed522988a1bd4'
> [    2.753761] l7 kernel: PM:   Magic number: 4:263:131
> [    2.753861] l7 kernel: acpi PNP0C02:03: hash matches
> [    2.753967] l7 kernel: acpi device:06: hash matches
> [    2.754087] l7 kernel: memory memory272: hash matches
> [    2.754108] l7 kernel: RAS: Correctable Errors collector initialized.
> [    2.754114] l7 kernel: clk: Disabling unused clocks
> [    2.754118] l7 kernel: PM: genpd: Disabling unused power domains
> [    2.754123] l7 kernel: Freeing unused decrypted memory: 2028K
> [    2.754127] l7 kernel: Freeing unused kernel image (initmem) memory: 4=
248K
> [    2.754134] l7 kernel: Write protecting the kernel read-only data: 327=
68k
> [    2.754139] l7 kernel: Freeing unused kernel image (rodata/data gap) m=
emory: 136K
> [    2.754143] l7 kernel: x86/mm: Checked W+X mappings: passed, no W+X pa=
ges found.
> [    2.754147] l7 kernel: rodata_test: all tests were successful
> [    2.754151] l7 kernel: Run /init as init process
> [    2.754155] l7 kernel:   with arguments:
> [    2.754161] l7 kernel:     /init
> [    2.754165] l7 kernel:   with environment:
> [    2.754169] l7 kernel:     HOME=3D/
> [    2.754173] l7 kernel:     TERM=3Dlinux
> [    2.754178] l7 systemd[1]: Successfully made /usr/ read-only.
> [    2.754186] l7 systemd[1]: systemd 256.9-1-arch running in system mode=
 (+PAM +AUDIT -SELINUX -APPARMOR -IMA +SMACK +SECCOMP +GCRYPT +GNUTLS +OPEN=
SSL +ACL +BLKID +CURL +ELFUTILS +FIDO2 +IDN2 -IDN +IPTC +KMOD +LIBCRYPTSETU=
P +LIBCRYPTSETUP_PLUGINS +LIBFDISK +PCRE2 +PWQUALITY +P11KIT +QRENCODE +TPM=
2 +BZIP2 +LZ4 +XZ +ZLIB +ZSTD +BPF_FRAMEWORK +XKBCOMMON +UTMP -SYSVINIT +LI=
BARCHIVE)
> [    2.754193] l7 systemd[1]: Detected architecture x86-64.
> [    2.754198] l7 systemd[1]: Running in initrd.
> [    2.754203] l7 systemd[1]: Hostname set to <l7>.
> [    2.754207] l7 systemd[1]: bpf-restrict-fs: LSM BPF program attached
> [    2.754212] l7 systemd[1]: Queued start job for default target Initrd =
Default Target.
> [    2.754217] l7 systemd[1]: Expecting device /dev/disk/by-uuid/54B1-665=
A...
> [    2.754222] l7 systemd[1]: Expecting device /dev/disk/by-uuid/aa97c5c2=
-c3cf-4b82-8773-5970f490a90b...
> [    2.754227] l7 systemd[1]: Reached target Initrd /usr File System.
> [    2.754231] l7 systemd[1]: Reached target Slice Units.
> [    2.754244] l7 systemd[1]: Reached target Swaps.
> [    2.754250] l7 systemd[1]: Reached target Timer Units.
> [    2.754255] l7 systemd[1]: Listening on Journal Socket (/dev/log).
> [    2.754260] l7 systemd[1]: Listening on Journal Sockets.
> [    2.754264] l7 systemd[1]: Listening on udev Control Socket.
> [    2.754268] l7 systemd[1]: Listening on udev Kernel Socket.
> [    2.754273] l7 systemd[1]: Reached target Socket Units.
> [    2.754277] l7 systemd[1]: Starting Create List of Static Device Nodes=
=2E..
> [    2.754282] l7 systemd[1]: Starting Journal Service...
> [    2.754286] l7 systemd[1]: Starting Load Kernel Modules...
> [    3.082028] l7 kernel: usb 3-1: new high-speed USB device number 2 usi=
ng xhci_hcd
> [    3.082045] l7 systemd[1]: Starting Virtual Console Setup...
> [    3.082051] l7 systemd[1]: Finished Create List of Static Device Nodes.
> [    3.082055] l7 systemd[1]: Starting Create Static Device Nodes in /dev=
 gracefully...
> [    3.082077] l7 systemd-journald[227]: Collecting audit messages is dis=
abled.
> [    3.082092] l7 systemd[1]: Finished Virtual Console Setup.
> [    3.082097] l7 kernel: loop: module loaded
> [    3.082102] l7 systemd[1]: Starting dracut ask for additional cmdline =
parameters...
> [    3.082106] l7 systemd[1]: Finished Create Static Device Nodes in /dev=
 gracefully.
> [    3.082110] l7 systemd[1]: Starting Create System Users...
> [    3.082114] l7 systemd[1]: Finished Create System Users.
> [    3.082119] l7 systemd[1]: Starting Create Static Device Nodes in /dev=
=2E..
> [    3.082123] l7 systemd[1]: Finished dracut ask for additional cmdline =
parameters.
> [    3.082131] l7 systemd[1]: Starting dracut cmdline hook...
> [    3.082135] l7 kernel: wireguard: WireGuard 1.0.0 loaded. See www.wire=
guard.com for information.
> [    3.082139] l7 kernel: wireguard: Copyright (C) 2015-2019 Jason A. Don=
enfeld <Jason@zx2c4.com>. All Rights Reserved.
> [    3.082143] l7 systemd[1]: Finished Create Static Device Nodes in /dev.
> [    3.082147] l7 kernel: Asymmetric key parser 'pkcs8' registered
> [    3.082151] l7 systemd[1]: Reached target Preparation for Local File S=
ystems.
> [    3.082157] l7 systemd[1]: Reached target Local File Systems.
> [    3.082161] l7 systemd[1]: Finished Load Kernel Modules.
> [    3.082165] l7 systemd[1]: Starting Apply Kernel Variables...
> [    3.082169] l7 systemd[1]: Finished Apply Kernel Variables.
> [    3.082173] l7 systemd[1]: Finished dracut cmdline hook.
> [    3.082177] l7 systemd[1]: Starting dracut pre-udev hook...
> [    3.082182] l7 systemd[1]: Finished dracut pre-udev hook.
> [    3.082186] l7 systemd[1]: Starting Rule-based Manager for Device Even=
ts and Files...
> [    3.082284] l7 kernel: usb 3-1: New USB device found, idVendor=3D1d5c,=
 idProduct=3D5801, bcdDevice=3D 1.01
> [    3.082368] l7 kernel: usb 3-1: New USB device strings: Mfr=3D1, Produ=
ct=3D2, SerialNumber=3D0
> [    3.082449] l7 kernel: usb 3-1: Product: USB2.0 Hub
> [    3.082526] l7 kernel: usb 3-1: Manufacturer: Fresco Logic, Inc.
> [    3.082584] l7 kernel: hub 3-1:1.0: USB hub found
> [    3.082640] l7 kernel: hub 3-1:1.0: 6 ports detected
> [    3.082645] l7 systemd[1]: Started Rule-based Manager for Device Event=
s and Files.
> [    3.082649] l7 systemd[1]: dracut pre-trigger hook was skipped because=
 no trigger condition checks were met.
> [    3.082653] l7 systemd[1]: Starting Coldplug All udev Devices...
> [    3.082744] l7 kernel: usb 2-1: new SuperSpeed Plus Gen 2x1 USB device=
 number 2 using xhci_hcd
> [    3.082826] l7 kernel: usb 2-1: New USB device found, idVendor=3D8087,=
 idProduct=3D0b40, bcdDevice=3D12.34
> [    3.082899] l7 kernel: usb 2-1: New USB device strings: Mfr=3D1, Produ=
ct=3D2, SerialNumber=3D0
> [    3.082973] l7 kernel: usb 2-1: Product: USB3.0 Hub
> [    3.083049] l7 kernel: usb 2-1: Manufacturer: Intel Corporation.
> [    3.083111] l7 kernel: hub 2-1:1.0: USB hub found
> [    3.083163] l7 kernel: hub 2-1:1.0: 4 ports detected
> [    3.083168] l7 systemd[1]: Created slice Slice /system/modprobe.
> [    3.083173] l7 systemd[1]: Starting Load Kernel Module configfs...
> [    3.083228] l7 kernel: usb 3-8: new full-speed USB device number 3 usi=
ng xhci_hcd
> [    3.083285] l7 kernel: wmi_bus wmi_bus-PNP0C14:02: [Firmware Bug]: WQB=
C data block query control method not found
> [    3.083291] l7 systemd[1]: Finished Coldplug All udev Devices.
> [    3.083296] l7 kernel: i8042: PNP: PS/2 Controller [PNP0303:PS2K,PNP0f=
13:PS2M] at 0x60,0x64 irq 1,12
> [    3.083300] l7 systemd[1]: Starting dracut initqueue hook...
> [    3.083304] l7 kernel: i8042: Warning: Keylock active
> [    3.083308] l7 systemd[1]: Starting Show Plymouth Boot Screen...
> [    3.083312] l7 kernel: serio: i8042 KBD port at 0x60,0x64 irq 1
> [    3.083316] l7 kernel: serio: i8042 AUX port at 0x60,0x64 irq 12
> [    3.083320] l7 systemd[1]: modprobe@configfs.service: Deactivated succ=
essfully.
> [    3.083325] l7 systemd[1]: Finished Load Kernel Module configfs.
> [    3.083330] l7 systemd[1]: Received SIGRTMIN+20 from PID 379 (plymouth=
d).
> [    3.083380] l7 kernel: vmd 0000:00:0e.0: PCI host bridge to bus 10000:=
e0
> [    3.083433] l7 kernel: pci_bus 10000:e0: root bus resource [bus e0-ff]
> [    3.083474] l7 kernel: pci_bus 10000:e0: root bus resource [mem 0x7200=
0000-0x73ffffff]
> [    3.083512] l7 kernel: pci_bus 10000:e0: root bus resource [mem 0x6040=
102000-0x60401fffff 64bit]
> [    3.083578] l7 kernel: pci 10000:e0:06.0: [8086:a74d] type 01 class 0x=
060400 PCIe Root Port
> [    3.083652] l7 kernel: pci 10000:e0:06.0: PCI bridge to [bus e1]
> [    3.083725] l7 kernel: pci 10000:e0:06.0:   bridge window [io  0x0000-=
0x0fff]
> [    3.083779] l7 kernel: pci 10000:e0:06.0:   bridge window [mem 0x72000=
000-0x720fffff]
> [    3.083840] l7 kernel: pci 10000:e0:06.0: PME# supported from D0 D3hot=
 D3cold
> [    3.083916] l7 kernel: pci 10000:e0:06.0: PTM enabled (root), 4ns gran=
ularity
> [    3.083998] l7 kernel: pci 10000:e0:06.0: Adding to iommu group 10
> [    3.084080] l7 kernel: pci 10000:e0:06.0: Primary bus is hard wired to=
 0
> [    3.084156] l7 kernel: pci 10000:e1:00.0: [1c5c:1959] type 00 class 0x=
010802 PCIe Endpoint
> [    3.084209] l7 kernel: pci 10000:e1:00.0: BAR 0 [mem 0x72000000-0x7200=
3fff 64bit]
> [    3.084260] l7 kernel: pci 10000:e1:00.0: Adding to iommu group 10
> [    3.084310] l7 kernel: pci 10000:e0:06.0: PCI bridge to [bus e1]
> [    3.084361] l7 kernel: pci 10000:e0:06.0: Primary bus is hard wired to=
 0
> [    3.084366] l7 kernel: cryptd: max_cpu_qlen set to 1000
> [    3.084371] l7 systemd[1]: Received SIGRTMIN+20 from PID 379 (plymouth=
d).
> [    3.084378] l7 systemd[1]: Started Show Plymouth Boot Screen.
> [    3.084428] l7 kernel: intel-lpss 0000:00:15.0: enabling device (0000 =
-> 0002)
> [    3.084485] l7 kernel: idma64 idma64.0: Found Intel integrated DMA 64-=
bit
> [    3.084491] l7 kernel: AES CTR mode by8 optimization enabled
> [    3.084495] l7 systemd[1]: Dispatch Password Requests to Console Direc=
tory Watch was skipped because of an unmet condition check (ConditionPathEx=
ists=3D!/run/plymouth/pid).
> [    3.084500] l7 systemd[1]: Started Forward Password Requests to Plymou=
th Directory Watch.
> [    3.084504] l7 systemd[1]: Reached target Path Units.
> [    3.084508] l7 systemd[1]: systemd-vconsole-setup.service: Deactivated=
 successfully.
> [    3.084512] l7 systemd[1]: Stopped Virtual Console Setup.
> [    3.084516] l7 systemd[1]: Stopping Virtual Console Setup...
> [    3.084520] l7 systemd[1]: Starting Virtual Console Setup...
> [    3.084525] l7 kernel: input: AT Translated Set 2 keyboard as /devices=
/platform/i8042/serio0/input/input2
> [    3.084529] l7 systemd[1]: Finished Virtual Console Setup.
> [    3.084612] l7 kernel: usb 3-8: New USB device found, idVendor=3D8086,=
 idProduct=3D0b63, bcdDevice=3D10.01
> [    3.084690] l7 kernel: usb 3-8: New USB device strings: Mfr=3D1, Produ=
ct=3D2, SerialNumber=3D0
> [    3.084764] l7 kernel: usb 3-8: Product: USB Bridge
> [    3.084838] l7 kernel: usb 3-8: Manufacturer: MCHP
> [    3.084891] l7 kernel: intel-lpss 0000:00:15.1: enabling device (0000 =
-> 0002)
> [    3.084949] l7 kernel: idma64 idma64.1: Found Intel integrated DMA 64-=
bit
> [    3.085010] l7 kernel: intel-lpss 0000:00:1e.0: enabling device (0000 =
-> 0002)
> [    3.085066] l7 kernel: idma64 idma64.2: Found Intel integrated DMA 64-=
bit
> [    3.085121] l7 kernel: intel-lpss 0000:00:1e.3: enabling device (0000 =
-> 0002)
> [    3.085177] l7 kernel: idma64 idma64.3: Found Intel integrated DMA 64-=
bit
> [    3.085269] l7 kernel: usb 3-9: new full-speed USB device number 4 usi=
ng xhci_hcd
> [    3.085322] l7 kernel: pci 10000:e0:06.0: bridge window [mem 0x7200000=
0-0x720fffff]: assigned
> [    3.085375] l7 kernel: pci 10000:e0:06.0: bridge window [io  size 0x10=
00]: can't assign; no space
> [    3.085439] l7 kernel: pci 10000:e0:06.0: bridge window [io  size 0x10=
00]: failed to assign
> [    3.085526] l7 kernel: pci 10000:e1:00.0: BAR 0 [mem 0x72000000-0x7200=
3fff 64bit]: assigned
> [    3.085607] l7 kernel: pci 10000:e0:06.0: PCI bridge to [bus e1]
> [    3.085688] l7 kernel: pci 10000:e0:06.0:   bridge window [mem 0x72000=
000-0x720fffff]
> [    3.085775] l7 kernel: pci 10000:e1:00.0: can't override BIOS ASPM; OS=
 doesn't have ASPM control
> [    3.085855] l7 kernel: pcieport 10000:e0:06.0: can't derive routing fo=
r PCI INT D
> [    3.085936] l7 kernel: pcieport 10000:e0:06.0: PCI INT D: no GSI
> [    3.086020] l7 kernel: pcieport 10000:e0:06.0: PME: Signaling with IRQ=
 166
> [    3.086097] l7 kernel: vmd 0000:00:0e.0: Bound to PCI domain 10000
> [    3.086105] l7 kernel: input: LXT2021:00 29BD:3303 Touchscreen as /dev=
ices/pci0000:00/0000:00:15.0/i2c_designware.0/i2c-0/i2c-LXT2021:00/0018:29B=
D:3303.0001/input/input5
> [    3.086199] l7 kernel: hid-generic 0018:29BD:3303.0001: input,hidraw0:=
 I2C HID v1.00 Device [LXT2021:00 29BD:3303] on i2c-LXT2021:00
> [    3.871261] l7 kernel: i915 0000:00:02.0: [drm] Found ALDERLAKE_P/RPL-=
P (device ID a7a0) display version 13.00 stepping E0
> [    3.871373] l7 kernel: i915 0000:00:02.0: [drm] VT-d active for gfx ac=
cess
> [    3.871384] l7 kernel: input: VEN_04F3:00 04F3:31D1 Mouse as /devices/=
pci0000:00/0000:00:15.1/i2c_designware.1/i2c-1/i2c-VEN_04F3:00/0018:04F3:31=
D1.0002/input/input7
> [    3.871395] l7 kernel: input: VEN_04F3:00 04F3:31D1 Touchpad as /devic=
es/pci0000:00/0000:00:15.1/i2c_designware.1/i2c-1/i2c-VEN_04F3:00/0018:04F3=
:31D1.0002/input/input8
> [    3.871435] l7 kernel: input: VEN_04F3:00 04F3:31D1 as /devices/pci000=
0:00/0000:00:15.1/i2c_designware.1/i2c-1/i2c-VEN_04F3:00/0018:04F3:31D1.000=
2/input/input10
> [    3.871559] l7 kernel: hid-generic 0018:04F3:31D1.0002: input,hidraw1:=
 I2C HID v1.00 Mouse [VEN_04F3:00 04F3:31D1] on i2c-VEN_04F3:00
> [    3.871650] l7 kernel: nvme nvme0: pci function 10000:e1:00.0
> [    3.871727] l7 kernel: pcieport 10000:e0:06.0: can't derive routing fo=
r PCI INT A
> [    3.871799] l7 kernel: nvme 10000:e1:00.0: PCI INT A: not connected
> [    3.871806] l7 kernel: Console: switching to colour dummy device 80x25
> [    3.871812] l7 kernel: dw-apb-uart.2: ttyS4 at MMIO 0x4017002000 (irq =
=3D 16, base_baud =3D 6250000) is a 16550A
> [    3.871875] l7 kernel: nvme nvme0: 16/0/0 default/read/poll queues
> [    3.871882] l7 kernel:  nvme0n1: p1 p2 p3
> [    3.871944] l7 kernel: i915 0000:00:02.0: vgaarb: deactivate vga conso=
le
> [    3.872009] l7 kernel: i915 0000:00:02.0: [drm] Using Transparent Huge=
pages
> [    3.872068] l7 kernel: i915 0000:00:02.0: vgaarb: VGA decodes changed:=
 olddecodes=3Dio+mem,decodes=3Dio+mem:owns=3Dio+mem
> [    3.872127] l7 kernel: i915 0000:00:02.0: [drm] Finished loading DMC f=
irmware i915/adlp_dmc.bin (v2.20)
> [    3.872133] l7 kernel: input: LXT2021:00 29BD:3303 as /devices/pci0000=
:00/0000:00:15.0/i2c_designware.0/i2c-0/i2c-LXT2021:00/0018:29BD:3303.0001/=
input/input11
> [    3.872195] l7 kernel: hid-multitouch 0018:29BD:3303.0001: input,hidra=
w0: I2C HID v1.00 Device [LXT2021:00 29BD:3303] on i2c-LXT2021:00
> [    3.872203] l7 systemd[1]: Found device PC801 NVMe SK hynix 2TB root.
> [    3.872309] l7 kernel: usb 3-9: New USB device found, idVendor=3D27c6,=
 idProduct=3D63bc, bcdDevice=3D 1.00
> [    3.872446] l7 kernel: usb 3-9: New USB device strings: Mfr=3D1, Produ=
ct=3D2, SerialNumber=3D3
> [    3.872615] l7 kernel: usb 3-9: Product: Goodix USB2.0 MISC
> [    3.872784] l7 kernel: usb 3-9: Manufacturer: Goodix Technology Co., L=
td.
> [    3.872953] l7 kernel: usb 3-9: SerialNumber: UIDBC032E31_XXXX_MOC_B0
> [    3.872963] l7 systemd[1]: Found device PC801 NVMe SK hynix 2TB ESP.
> [    3.872972] l7 systemd[1]: Reached target Initrd Root Device.
> [    3.873085] l7 kernel: i915 0000:00:02.0: [drm] GT0: GuC firmware i915=
/adlp_guc_70.bin version 70.36.0
> [    3.873192] l7 kernel: i915 0000:00:02.0: [drm] GT0: HuC firmware i915=
/tgl_huc.bin version 7.9.3
> [    3.873203] l7 kernel: input: VEN_04F3:00 04F3:31D1 Mouse as /devices/=
pci0000:00/0000:00:15.1/i2c_designware.1/i2c-1/i2c-VEN_04F3:00/0018:04F3:31=
D1.0002/input/input13
