Return-Path: <linux-media+bounces-23990-lists+linux-media=lfdr.de@vger.kernel.org>
X-Original-To: lists+linux-media@lfdr.de
Delivered-To: lists+linux-media@lfdr.de
Received: from ny.mirrors.kernel.org (ny.mirrors.kernel.org [IPv6:2604:1380:45d1:ec00::1])
	by mail.lfdr.de (Postfix) with ESMTPS id E7BCC9FA5CF
	for <lists+linux-media@lfdr.de>; Sun, 22 Dec 2024 14:36:31 +0100 (CET)
Received: from smtp.subspace.kernel.org (relay.kernel.org [52.25.139.140])
	(using TLSv1.2 with cipher ECDHE-ECDSA-AES256-GCM-SHA384 (256/256 bits))
	(No client certificate requested)
	by ny.mirrors.kernel.org (Postfix) with ESMTPS id 1C3871659E0
	for <lists+linux-media@lfdr.de>; Sun, 22 Dec 2024 13:36:29 +0000 (UTC)
Received: from localhost.localdomain (localhost.localdomain [127.0.0.1])
	by smtp.subspace.kernel.org (Postfix) with ESMTP id 3431218BBB0;
	Sun, 22 Dec 2024 13:36:15 +0000 (UTC)
X-Original-To: linux-media@vger.kernel.org
Received: from mail2.tds.syn-alias.com (mail2.tds.syn-alias.com [129.159.94.43])
	by smtp.subspace.kernel.org (Postfix) with ESMTP id D93D8DF59
	for <linux-media@vger.kernel.org>; Sun, 22 Dec 2024 13:35:59 +0000 (UTC)
Authentication-Results: smtp.subspace.kernel.org; arc=none smtp.client-ip=129.159.94.43
ARC-Seal:i=1; a=rsa-sha256; d=subspace.kernel.org; s=arc-20240116;
	t=1734874574; cv=none; b=dmrlG8cTzEzBSZyUyMIRefDZ7/2ys1FZnxkh74i813+GO1FHzvgjnU/r9EFHrdaswBv5X0JjM5h4CwWMVdo9ahe3SFSpmTvjZWwdqP3GYFEQXfpR+5zyvUEpEJGH60kOizu6CGPjr4X9GURmSA7Ui8TE5dt/ZHd6iIMO7/Pkah4=
ARC-Message-Signature:i=1; a=rsa-sha256; d=subspace.kernel.org;
	s=arc-20240116; t=1734874574; c=relaxed/simple;
	bh=bZTd0Gq8N+gOX0Nf4CvZpaagEmQbTlYPbag5+vJXYbY=;
	h=Date:From:To:Cc:Message-ID:In-Reply-To:References:Subject:
	 MIME-Version:Content-Type; b=Um211imAS1L7eStV0sGj1BvTu2Y2sHZdZuX9YIoI4pJCwMld22HoXqLOpzNmybUWvL1RcLOUC1o6NU029z/VQ1Ak7P0UU1KPDDBszclEFpN/kNGWnmqPud42iXkNdPerh5NHSwfHblCltZo0rY+LGcn1oqIad7Rk/Ega8Hf0Apc=
ARC-Authentication-Results:i=1; smtp.subspace.kernel.org; dmarc=none (p=none dis=none) header.from=chorus.net; spf=pass smtp.mailfrom=chorus.net; arc=none smtp.client-ip=129.159.94.43
Authentication-Results: smtp.subspace.kernel.org; dmarc=none (p=none dis=none) header.from=chorus.net
Authentication-Results: smtp.subspace.kernel.org; spf=pass smtp.mailfrom=chorus.net
X-Authed-Username: ZHVhbmVrQGNob3J1cy5uZXQ=
Received: from [10.219.153.37] ([10.219.153.37:17937] helo=md15.tds.email-ash1.sync.lan)
	by mail.tds.net (envelope-from <duanek@chorus.net>)
	(ecelerity 4.4.1.20033 r(msys-ecelerity:tags/4.4.1.0^0)) with ESMTP
	id 80/21-22338-FB518676; Sun, 22 Dec 2024 08:35:59 -0500
Date: Sun, 22 Dec 2024 08:35:58 -0500 (EST)
From: "duanek@chorus.net" <duanek@chorus.net>
To: Hans de Goede <hdegoede@redhat.com>
Cc: Bryan O'Donoghue <bryan.odonoghue@linaro.org>, 
	Sakari Ailus <sakari.ailus@linux.intel.com>, 
	Jason Chen <jason.z.chen@intel.com>, 
	Mauro Carvalho Chehab <mchehab@kernel.org>, 
	linux-media <linux-media@vger.kernel.org>
Message-ID: <1664997903.107383327.1734874558698.JavaMail.zimbra@chorus.net>
In-Reply-To: <ab8a2af5-f049-4ce8-b2cb-b6e012ffc9bb@redhat.com>
References: <20241220144130.66765-1-hdegoede@redhat.com> <21fb2807-3886-4559-a7a0-dca3031a5388@linaro.org> <759031849.104848728.1734717736340.JavaMail.zimbra@chorus.net> <3ad46a7f-e2c7-4b68-b6a9-6c5e093d14b2@linaro.org> <120983801.106092806.1734789603490.JavaMail.zimbra@chorus.net> <1deda413-a2cd-4d3b-a375-065d53bb6861@redhat.com> <594369434.106198845.1734793186348.JavaMail.zimbra@chorus.net> <ab8a2af5-f049-4ce8-b2cb-b6e012ffc9bb@redhat.com>
Subject: Re: [PATCH v2 00/10] media: ov08x40: Various improvements
Precedence: bulk
X-Mailing-List: linux-media@vger.kernel.org
List-Id: <linux-media.vger.kernel.org>
List-Subscribe: <mailto:linux-media+subscribe@vger.kernel.org>
List-Unsubscribe: <mailto:linux-media+unsubscribe@vger.kernel.org>
MIME-Version: 1.0
Content-Type: text/plain; charset=utf-8
Content-Transfer-Encoding: 7bit
X-Mailer: Zimbra 9.0.0_GA_4653 (ZimbraWebClient - GC131 (Linux)/9.0.0_GA_4653)
Thread-Topic: media: ov08x40: Various improvements
Thread-Index: W79xnG5fKtY7glxLlHQr6CNXb2i8LA==
X-Vade-Verdict: clean
X-Vade-Analysis-1: gggruggvucftvghtrhhoucdtuddrgeefuddruddtkedgheegucetufdoteggodetrfdotffvucfrrhho
X-Vade-Analysis-2: fhhilhgvmecuufgjpfetvefqtfdpvfffufdpgffpggdqvfffufdpqfgfvfenuceurghilhhouhhtmecu
X-Vade-Analysis-3: fedtudenucesvcftvggtihhpihgvnhhtshculddquddttddmnecujfgurhepfffhvfevkfgjfhfugggt
X-Vade-Analysis-4: gfhiofhtsehtjegttdiitdejnecuhfhrohhmpedfughurghnvghksegthhhorhhushdrnhgvthdfuceo
X-Vade-Analysis-5: ughurghnvghksegthhhorhhushdrnhgvtheqnecuggftrfgrthhtvghrnhepjeetveektedvvefghfdv
X-Vade-Analysis-6: feevhedvveefkeefgeduueehudeggfevtdfgteejueefnecuffhomhgrihhnpehgihhthhhusgdrtgho
X-Vade-Analysis-7: mhenucfkphepuddtrddvudelrdduheefrdefjedpvddtjedrvddttddrvddvjedrgeegnecuvehluhhs
X-Vade-Analysis-8: thgvrhfuihiivgeptdenucfrrghrrghmpehinhgvthepuddtrddvudelrdduheefrdefjedphhgvlhho
X-Vade-Analysis-9: pehmugduhedrthgushdrvghmrghilhdqrghshhdurdhshihntgdrlhgrnhdpmhgrihhlfhhrohhmpegu
X-Vade-Analysis-10: uhgrnhgvkhestghhohhruhhsrdhnvghtpdhrtghpthhtohephhguvghgohgvuggvsehrvgguhhgrthdr
X-Vade-Analysis-11: tghomhdprhgtphhtthhopegsrhihrghnrdhoughonhhoghhhuhgvsehlihhnrghrohdrohhrghdprhgt
X-Vade-Analysis-12: phhtthhopehsrghkrghrihdrrghilhhusheslhhinhhugidrihhnthgvlhdrtghomhdprhgtphhtthho
X-Vade-Analysis-13: pehjrghsohhnrdiirdgthhgvnhesihhnthgvlhdrtghomhdprhgtphhtthhopehmtghhvghhrggssehk
X-Vade-Analysis-14: vghrnhgvlhdrohhrghdprhgtphhtthhopehlihhnuhigqdhmvgguihgrsehvghgvrhdrkhgvrhhnvghl
X-Vade-Analysis-15: rdhorhhgpdhmthgrhhhoshhtpehsmhhtphdtvddrthgushdrvghmrghilhdqrghshhdurdhshihntgdr
X-Vade-Analysis-16: lhgrnhdpnhgspghrtghpthhtohepiedpihhspghnrgepfhgrlhhsvg
X-Vade-Client: TDS

Dear All,

I was able to do some testing yesterday.

----- On Dec 21, 2024, at 9:53 AM, Hans de Goede hdegoede@redhat.com wrote:

> Hi,
> 
> On 21-Dec-24 3:59 PM, duanek@chorus.net wrote:
>> 
>> 
>> ----- On Dec 21, 2024, at 8:23 AM, Hans de Goede hdegoede@redhat.com wrote:
>> 
>>> Hi,
>>>
>>> On 21-Dec-24 3:00 PM, duanek@chorus.net wrote:
>>>> Dear All,
>>>>
>>>> I have tested a kernel implementing the latest patches from Hans, but the camera
>>>> still does not work on my HP Spectre 16" laptop.
>>>
>>> I believe you are running a git branch provided by Bryan, right ?
>>>
>>> It seems that Bryan's branch is missing the last 2 patches from this set,
>>> otherwise these messages:
>>>
>>> [    4.867524] ov08x40 i2c-OVTI08F4:00: failed to check hwcfg: -517
>>>
>>> should not be in your log since patch 10/10 of the v2 series drops that,
>>> but that is otherwise harmless.
>>>
>>> I do wonder if your kernel has this commit, which as I mentioned before
>>> likely is also necessary:
>>>
>>> https://github.com/jwrdegoede/linux-sunxi/commit/c7803b1a32dab79f8a516e8aa9c08fb4ba74354d
>>>
>>> I have also attached 2 further patches which would be good to add
>>> and see if they help.
>> 
>> Dear Hans,
>> 
>> !!BINGO!! I am able to stream images from my camera under Linux.
> 
> That is very good to hear.
> 
>> I thought you had closed your work laptop for a couple of weeks ;)
> 
> Mostly, I'm still tracking this email thread because I felt
> we were close.
> 
>> Thank you _all_ for helping getting this to work.
> 
> You're welcome.
> 
> The next step would be to figure out which of the 3 extra
> patches are really needed.
> 
> The next step would be to figure out which of the 3 extra
> patches are really needed.
>
> Can you:
>
> 1. Drop the "media: ov08x40: Increase post reset deassert delay to 25 ms"
> patch and then try again.
>
reverting this change lead to a kernel that did not have a camera (20241221_original_sleep_delay_dmesg.txt - below)
[putting the patch back in made the camera work again]


> 2. If things are still ok after dropping that patch, drop:
> "platform/x86: int3472: Map GPIO type 0x12 to reset"

With the post reset deassert delay patch back in, I removed the 'Map GPIO type 0x12 to reset' patch.
(20241221_revert_map_GPIO_type_0x12_to_reset_dmesg.txt), in which cam --list shows a camera present, but when I try
to access it, cam locks up, and my system locks up too (20241221_revert_map_GPIO_type_0x12_to_reset_2_dmesg.txt)

restoring this patch got everything working again

>
> 3. Regardless of 1. and 2. (re-apply them if necessary to get
> things to work again) try dropping "media: ov08x40: HACK disable
> 3856x2416 mode"
>
I then reverted this change (it had already been done in the original ov08x40.c I had, so I just used your patch info)
qcam -s "width=1928,height=1208"    works as it had before

qcam -s "width=3856,height=2416"  works, framerate is slower (went from 30 fps to 10 fps, and snapshot is 3852x2416
according to GIMP)

> 
> Once we know which patches are necessary we can see from there.
> 
----begin 20241221_original_sleep_delay_dmesg.txt ----------
[    0.000000] Linux version 6.13.0-rc2-ipu6+ (duane@DuanesSpectre16) (gcc (Debian 14.2.0-11) 14.2.0, GNU ld (GNU Binutils for Debian) 2.43.50.20241215) #6 SMP PREEMPT_DYNAMIC Sat Dec 21 14:53:27 CST 2024
[    0.000000] Command line: BOOT_IMAGE=/boot/vmlinuz-6.13.0-rc2-ipu6+ root=UUID=7881f7bb-dbe6-4323-887f-dd718adb7a8b ro intel_skl_int3472_discrete.dyndbg
[    0.000000] x86/split lock detection: #AC: crashing the kernel on kernel split_locks and warning on user-space split_locks
[    0.000000] BIOS-provided physical RAM map:
[    0.000000] BIOS-e820: [mem 0x0000000000000000-0x000000000009efff] usable
[    0.000000] BIOS-e820: [mem 0x000000000009f000-0x00000000000fffff] reserved
[    0.000000] BIOS-e820: [mem 0x0000000000100000-0x0000000057818fff] usable
[    0.000000] BIOS-e820: [mem 0x0000000057819000-0x000000005ad4dfff] reserved
[    0.000000] BIOS-e820: [mem 0x000000005ad4e000-0x000000005ae6dfff] ACPI data
[    0.000000] BIOS-e820: [mem 0x000000005ae6e000-0x000000005aff0fff] ACPI NVS
[    0.000000] BIOS-e820: [mem 0x000000005aff1000-0x0000000065ffefff] reserved
[    0.000000] BIOS-e820: [mem 0x0000000065fff000-0x0000000065ffffff] usable
[    0.000000] BIOS-e820: [mem 0x0000000066000000-0x00000000787fffff] reserved
[    0.000000] BIOS-e820: [mem 0x00000000c0000000-0x00000000cfffffff] reserved
[    0.000000] BIOS-e820: [mem 0x00000000fe000000-0x00000000fe010fff] reserved
[    0.000000] BIOS-e820: [mem 0x00000000fec00000-0x00000000fec00fff] reserved
[    0.000000] BIOS-e820: [mem 0x00000000fed00000-0x00000000fed00fff] reserved
[    0.000000] BIOS-e820: [mem 0x00000000fed20000-0x00000000fed7ffff] reserved
[    0.000000] BIOS-e820: [mem 0x00000000fee00000-0x00000000fee00fff] reserved
[    0.000000] BIOS-e820: [mem 0x00000000ff000000-0x00000000ffffffff] reserved
[    0.000000] BIOS-e820: [mem 0x0000000100000000-0x000000087fffffff] usable
[    0.000000] NX (Execute Disable) protection: active
[    0.000000] APIC: Static calls initialized
[    0.000000] e820: update [mem 0x4fe69018-0x4fe78c57] usable ==> usable
[    0.000000] extended physical RAM map:
[    0.000000] reserve setup_data: [mem 0x0000000000000000-0x000000000009efff] usable
[    0.000000] reserve setup_data: [mem 0x000000000009f000-0x00000000000fffff] reserved
[    0.000000] reserve setup_data: [mem 0x0000000000100000-0x000000004fe69017] usable
[    0.000000] reserve setup_data: [mem 0x000000004fe69018-0x000000004fe78c57] usable
[    0.000000] reserve setup_data: [mem 0x000000004fe78c58-0x0000000057818fff] usable
[    0.000000] reserve setup_data: [mem 0x0000000057819000-0x000000005ad4dfff] reserved
[    0.000000] reserve setup_data: [mem 0x000000005ad4e000-0x000000005ae6dfff] ACPI data
[    0.000000] reserve setup_data: [mem 0x000000005ae6e000-0x000000005aff0fff] ACPI NVS
[    0.000000] reserve setup_data: [mem 0x000000005aff1000-0x0000000065ffefff] reserved
[    0.000000] reserve setup_data: [mem 0x0000000065fff000-0x0000000065ffffff] usable
[    0.000000] reserve setup_data: [mem 0x0000000066000000-0x00000000787fffff] reserved
[    0.000000] reserve setup_data: [mem 0x00000000c0000000-0x00000000cfffffff] reserved
[    0.000000] reserve setup_data: [mem 0x00000000fe000000-0x00000000fe010fff] reserved
[    0.000000] reserve setup_data: [mem 0x00000000fec00000-0x00000000fec00fff] reserved
[    0.000000] reserve setup_data: [mem 0x00000000fed00000-0x00000000fed00fff] reserved
[    0.000000] reserve setup_data: [mem 0x00000000fed20000-0x00000000fed7ffff] reserved
[    0.000000] reserve setup_data: [mem 0x00000000fee00000-0x00000000fee00fff] reserved
[    0.000000] reserve setup_data: [mem 0x00000000ff000000-0x00000000ffffffff] reserved
[    0.000000] reserve setup_data: [mem 0x0000000100000000-0x000000087fffffff] usable
[    0.000000] efi: EFI v2.9 by American Megatrends
[    0.000000] efi: ACPI=0x5ae6d000 ACPI 2.0=0x5ae6d014 TPMFinalLog=0x5af09000 SMBIOS=0x64a28000 SMBIOS 3.0=0x64a27000 MEMATTR=0x544a7818 ESRT=0x55b40d18 MOKvar=0x65a8a000 INITRD=0x540b6598 RNG=0x5ad87018 TPMEventLog=0x5ad77018 
[    0.000000] random: crng init done
[    0.000000] efi: Remove mem89: MMIO range=[0xc0000000-0xcfffffff] (256MB) from e820 map
[    0.000000] e820: remove [mem 0xc0000000-0xcfffffff] reserved
[    0.000000] efi: Not removing mem90: MMIO range=[0xfe000000-0xfe010fff] (68KB) from e820 map
[    0.000000] efi: Not removing mem91: MMIO range=[0xfec00000-0xfec00fff] (4KB) from e820 map
[    0.000000] efi: Not removing mem92: MMIO range=[0xfed00000-0xfed00fff] (4KB) from e820 map
[    0.000000] efi: Not removing mem94: MMIO range=[0xfee00000-0xfee00fff] (4KB) from e820 map
[    0.000000] efi: Remove mem95: MMIO range=[0xff000000-0xffffffff] (16MB) from e820 map
[    0.000000] e820: remove [mem 0xff000000-0xffffffff] reserved
[    0.000000] SMBIOS 3.6.0 present.
[    0.000000] DMI: HP HP Spectre x360 2-in-1 Laptop 16t-aa000/8C17, BIOS F.11 08/14/2024
[    0.000000] DMI: Memory slots populated: 2/2
[    0.000000] tsc: Detected 3000.000 MHz processor
[    0.000000] tsc: Detected 2995.200 MHz TSC
[    0.000007] e820: update [mem 0x00000000-0x00000fff] usable ==> reserved
[    0.000009] e820: remove [mem 0x000a0000-0x000fffff] usable
[    0.000014] last_pfn = 0x880000 max_arch_pfn = 0x400000000
[    0.000017] MTRR map: 8 entries (3 fixed + 5 variable; max 23), built from 10 variable MTRRs
[    0.000019] x86/PAT: Configuration [0-7]: WB  WC  UC- UC  WB  WP  UC- WT  
[    0.000467] x2apic: enabled by BIOS, switching to x2apic ops
[    0.000469] last_pfn = 0x66000 max_arch_pfn = 0x400000000
[    0.005181] esrt: Reserving ESRT space from 0x0000000055b40d18 to 0x0000000055b40d50.
[    0.005185] e820: update [mem 0x55b40000-0x55b40fff] usable ==> reserved
[    0.005198] Using GB pages for direct mapping
[    0.005433] Secure boot disabled
[    0.005433] RAMDISK: [mem 0x3c30e000-0x412b3fff]
[    0.005437] ACPI: Early table checksum verification disabled
[    0.005439] ACPI: RSDP 0x000000005AE6D014 000024 (v02 HPQOEM)
[    0.005442] ACPI: XSDT 0x000000005AE6C728 000194 (v01 HPQOEM SLIC-MPC 01072009 AMI  01000013)
[    0.005446] ACPI: FACP 0x000000005AE53000 000114 (v06 HPQOEM SLIC-MPC 01072009 HP   01000013)
[    0.005449] ACPI: DSDT 0x000000005ADDB000 077690 (v02 HPQOEM 8C17     01072009 ACPI 20210930)
[    0.005451] ACPI: FACS 0x000000005AFEA000 000040
[    0.005452] ACPI: SSDT 0x000000005AE6B000 000689 (v02 HPQOEM 8C17     00003000 ACPI 20210930)
[    0.005454] ACPI: SSDT 0x000000005AE6A000 0005E4 (v02 HPQOEM 8C17     00003000 ACPI 20210930)
[    0.005455] ACPI: SSDT 0x000000005AE69000 0001AB (v02 HPQOEM 8C17     00003000 ACPI 20210930)
[    0.005456] ACPI: SSDT 0x000000005AE68000 000394 (v02 HPQOEM 8C17     00003001 ACPI 20210930)
[    0.005458] ACPI: SSDT 0x000000005AE66000 001BAF (v02 HPQOEM 8C17     00003000 ACPI 20210930)
[    0.005459] ACPI: SSDT 0x000000005AE64000 001620 (v02 HPQOEM 8C17     00003000 ACPI 20210930)
[    0.005461] ACPI: SSDT 0x000000005AE62000 001349 (v02 HPQOEM 8C17     00003000 ACPI 20210930)
[    0.005462] ACPI: SSDT 0x000000005AE61000 000FBB (v02 HPQOEM 8C17     00003000 ACPI 20210930)
[    0.005464] ACPI: SSDT 0x000000005AE5D000 003BC8 (v02 HPQOEM 8C17     00003000 ACPI 20210930)
[    0.005465] ACPI: DTPR 0x000000005AE5C000 000098 (v01 HPQOEM 8C17     00000000 HP   00000000)
[    0.005467] ACPI: SSDT 0x000000005AE56000 0058E1 (v02 HPQOEM 8C17     00001000 ACPI 20210930)
[    0.005468] ACPI: SSDT 0x000000005AE54000 00165F (v02 HPQOEM 8C17     00001000 ACPI 20210930)
[    0.005470] ACPI: FIDT 0x000000005ADDA000 00009C (v01 HPQOEM 8C17     01072009 HP   00010013)
[    0.005472] ACPI: MSDM 0x000000005ADD9000 000055 (v03 HPQOEM SLIC-MPC 00000001 HP   00010013)
[    0.005473] ACPI: SSDT 0x000000005ADD8000 00038C (v02 HPQOEM 8C17     00000001 ACPI 20210930)
[    0.005475] ACPI: SSDT 0x000000005ADD5000 002494 (v02 HPQOEM 8C17     00003000 ACPI 20210930)
[    0.005477] ACPI: SSDT 0x000000005ADCA000 0000F9 (v02 HPQOEM 8C17     00001000 ACPI 20210930)
[    0.005478] ACPI: HPET 0x000000005ADC9000 000038 (v01 HPQOEM 8C17     01072009 HP   01000013)
[    0.005480] ACPI: APIC 0x000000005ADC8000 000358 (v05 HPQOEM 8C17     01072009 HP   01000013)
[    0.005481] ACPI: MCFG 0x000000005ADC7000 00003C (v01 HPQOEM 8C17     01072009 HP   01000013)
[    0.005483] ACPI: SSDT 0x000000005ADC5000 00147F (v02 HPQOEM 8C17     00001000 ACPI 20210930)
[    0.005485] ACPI: SSDT 0x000000005ADC3000 00140F (v02 HPQOEM 8C17     00001000 ACPI 20210930)
[    0.005486] ACPI: SSDT 0x000000005ADB2000 01023F (v02 HPQOEM 8C17     00001000 ACPI 20210930)
[    0.005488] ACPI: UEFI 0x000000005AEF0000 000048 (v01 HPQOEM 8C17     01072009 HP   01000013)
[    0.005489] ACPI: NHLT 0x000000005ADB1000 000960 (v00 HPQOEM 8C17     01072009 HP   01000013)
[    0.005491] ACPI: LPIT 0x000000005ADB0000 0000CC (v01 HPQOEM 8C17     01072009 HP   01000013)
[    0.005492] ACPI: SSDT 0x000000005ADAE000 000CA6 (v02 HPQOEM 8C17     00001000 ACPI 20210930)
[    0.005493] ACPI: SSDT 0x000000005ADA8000 005E42 (v02 HPQOEM 8C17     00000000 ACPI 20210930)
[    0.005495] ACPI: DBGP 0x000000005ADA7000 000034 (v01 HPQOEM 8C17     01072009 HP   01000013)
[    0.005496] ACPI: DBG2 0x000000005ADA6000 000054 (v00 HPQOEM 8C17     01072009 HP   01000013)
[    0.005498] ACPI: SSDT 0x000000005ADA4000 00113F (v02 HPQOEM 8C17     00001000 ACPI 20210930)
[    0.005499] ACPI: DMAR 0x000000005ADA3000 0000A8 (v01 HPQOEM 8C17     01072009 HP   01000013)
[    0.005501] ACPI: FPDT 0x000000005ADA2000 000044 (v01 HPQOEM 8C17     01072009 HP   01000013)
[    0.005502] ACPI: SSDT 0x000000005ADA0000 001021 (v02 HPQOEM 8C17     00000000 ACPI 20210930)
[    0.005504] ACPI: SSDT 0x000000005AD9D000 00281A (v02 HPQOEM 8C17     00003000 ACPI 20210930)
[    0.005505] ACPI: SSDT 0x000000005AD9A000 0028D3 (v02 HPQOEM 8C17     00003000 ACPI 20210930)
[    0.005507] ACPI: SSDT 0x000000005AD99000 000060 (v01 HPQOEM 8C17     00000001 ACPI 20210930)
[    0.005508] ACPI: SSDT 0x000000005AD90000 0085C5 (v02 HPQOEM 8C17     00001000 ACPI 20210930)
[    0.005510] ACPI: OEM1 0x000000005AD8F000 0002B0 (v01 HPQOEM HPOEM1DC 00000000 HP   00000000)
[    0.005511] ACPI: SSDT 0x000000005AD8B000 003210 (v02 HPQOEM 8C17     00001000 ACPI 20210930)
[    0.005512] ACPI: PHAT 0x000000005AD8A000 000734 (v01 HPQOEM 8C17     00000005 HP   0100000D)
[    0.005514] ACPI: SSDT 0x000000005ADCB000 009BC2 (v02 HPQOEM 8C17     00001000 ACPI 20210930)
[    0.005515] ACPI: TPM2 0x000000005AD89000 00004C (v04 HPQOEM 8C17     00000001 HP   00000000)
[    0.005517] ACPI: WSMT 0x000000005ADAF000 000028 (v01 HPQOEM 8C17     01072009 HP   00010013)
[    0.005518] ACPI: BGRT 0x000000005AD88000 000038 (v01 HPQOEM 8C17     01072009 HP   00010013)
[    0.005519] ACPI: Reserving FACP table memory at [mem 0x5ae53000-0x5ae53113]
[    0.005520] ACPI: Reserving DSDT table memory at [mem 0x5addb000-0x5ae5268f]
[    0.005521] ACPI: Reserving FACS table memory at [mem 0x5afea000-0x5afea03f]
[    0.005521] ACPI: Reserving SSDT table memory at [mem 0x5ae6b000-0x5ae6b688]
[    0.005522] ACPI: Reserving SSDT table memory at [mem 0x5ae6a000-0x5ae6a5e3]
[    0.005522] ACPI: Reserving SSDT table memory at [mem 0x5ae69000-0x5ae691aa]
[    0.005522] ACPI: Reserving SSDT table memory at [mem 0x5ae68000-0x5ae68393]
[    0.005523] ACPI: Reserving SSDT table memory at [mem 0x5ae66000-0x5ae67bae]
[    0.005523] ACPI: Reserving SSDT table memory at [mem 0x5ae64000-0x5ae6561f]
[    0.005523] ACPI: Reserving SSDT table memory at [mem 0x5ae62000-0x5ae63348]
[    0.005524] ACPI: Reserving SSDT table memory at [mem 0x5ae61000-0x5ae61fba]
[    0.005524] ACPI: Reserving SSDT table memory at [mem 0x5ae5d000-0x5ae60bc7]
[    0.005525] ACPI: Reserving DTPR table memory at [mem 0x5ae5c000-0x5ae5c097]
[    0.005525] ACPI: Reserving SSDT table memory at [mem 0x5ae56000-0x5ae5b8e0]
[    0.005525] ACPI: Reserving SSDT table memory at [mem 0x5ae54000-0x5ae5565e]
[    0.005526] ACPI: Reserving FIDT table memory at [mem 0x5adda000-0x5adda09b]
[    0.005526] ACPI: Reserving MSDM table memory at [mem 0x5add9000-0x5add9054]
[    0.005526] ACPI: Reserving SSDT table memory at [mem 0x5add8000-0x5add838b]
[    0.005527] ACPI: Reserving SSDT table memory at [mem 0x5add5000-0x5add7493]
[    0.005527] ACPI: Reserving SSDT table memory at [mem 0x5adca000-0x5adca0f8]
[    0.005527] ACPI: Reserving HPET table memory at [mem 0x5adc9000-0x5adc9037]
[    0.005528] ACPI: Reserving APIC table memory at [mem 0x5adc8000-0x5adc8357]
[    0.005528] ACPI: Reserving MCFG table memory at [mem 0x5adc7000-0x5adc703b]
[    0.005529] ACPI: Reserving SSDT table memory at [mem 0x5adc5000-0x5adc647e]
[    0.005529] ACPI: Reserving SSDT table memory at [mem 0x5adc3000-0x5adc440e]
[    0.005529] ACPI: Reserving SSDT table memory at [mem 0x5adb2000-0x5adc223e]
[    0.005530] ACPI: Reserving UEFI table memory at [mem 0x5aef0000-0x5aef0047]
[    0.005530] ACPI: Reserving NHLT table memory at [mem 0x5adb1000-0x5adb195f]
[    0.005530] ACPI: Reserving LPIT table memory at [mem 0x5adb0000-0x5adb00cb]
[    0.005531] ACPI: Reserving SSDT table memory at [mem 0x5adae000-0x5adaeca5]
[    0.005531] ACPI: Reserving SSDT table memory at [mem 0x5ada8000-0x5adade41]
[    0.005532] ACPI: Reserving DBGP table memory at [mem 0x5ada7000-0x5ada7033]
[    0.005532] ACPI: Reserving DBG2 table memory at [mem 0x5ada6000-0x5ada6053]
[    0.005532] ACPI: Reserving SSDT table memory at [mem 0x5ada4000-0x5ada513e]
[    0.005533] ACPI: Reserving DMAR table memory at [mem 0x5ada3000-0x5ada30a7]
[    0.005533] ACPI: Reserving FPDT table memory at [mem 0x5ada2000-0x5ada2043]
[    0.005533] ACPI: Reserving SSDT table memory at [mem 0x5ada0000-0x5ada1020]
[    0.005534] ACPI: Reserving SSDT table memory at [mem 0x5ad9d000-0x5ad9f819]
[    0.005534] ACPI: Reserving SSDT table memory at [mem 0x5ad9a000-0x5ad9c8d2]
[    0.005535] ACPI: Reserving SSDT table memory at [mem 0x5ad99000-0x5ad9905f]
[    0.005535] ACPI: Reserving SSDT table memory at [mem 0x5ad90000-0x5ad985c4]
[    0.005535] ACPI: Reserving OEM1 table memory at [mem 0x5ad8f000-0x5ad8f2af]
[    0.005536] ACPI: Reserving SSDT table memory at [mem 0x5ad8b000-0x5ad8e20f]
[    0.005536] ACPI: Reserving PHAT table memory at [mem 0x5ad8a000-0x5ad8a733]
[    0.005536] ACPI: Reserving SSDT table memory at [mem 0x5adcb000-0x5add4bc1]
[    0.005537] ACPI: Reserving TPM2 table memory at [mem 0x5ad89000-0x5ad8904b]
[    0.005537] ACPI: Reserving WSMT table memory at [mem 0x5adaf000-0x5adaf027]
[    0.005538] ACPI: Reserving BGRT table memory at [mem 0x5ad88000-0x5ad88037]
[    0.005574] APIC: Switched APIC routing to: cluster x2apic
[    0.005769] No NUMA configuration found
[    0.005770] Faking a node at [mem 0x0000000000000000-0x000000087fffffff]
[    0.005774] NODE_DATA(0) allocated [mem 0x87ffd5680-0x87fffffff]
[    0.005930] Zone ranges:
[    0.005931]   DMA      [mem 0x0000000000001000-0x0000000000ffffff]
[    0.005932]   DMA32    [mem 0x0000000001000000-0x00000000ffffffff]
[    0.005933]   Normal   [mem 0x0000000100000000-0x000000087fffffff]
[    0.005934]   Device   empty
[    0.005934] Movable zone start for each node
[    0.005935] Early memory node ranges
[    0.005935]   node   0: [mem 0x0000000000001000-0x000000000009efff]
[    0.005936]   node   0: [mem 0x0000000000100000-0x0000000057818fff]
[    0.005937]   node   0: [mem 0x0000000065fff000-0x0000000065ffffff]
[    0.005937]   node   0: [mem 0x0000000100000000-0x000000087fffffff]
[    0.005940] Initmem setup node 0 [mem 0x0000000000001000-0x000000087fffffff]
[    0.005943] On node 0, zone DMA: 1 pages in unavailable ranges
[    0.005962] On node 0, zone DMA: 97 pages in unavailable ranges
[    0.007834] On node 0, zone DMA32: 26598 pages in unavailable ranges
[    0.008064] On node 0, zone Normal: 8192 pages in unavailable ranges
[    0.008450] ACPI: PM-Timer IO Port: 0x1808
[    0.008457] ACPI: X2APIC_NMI (uid[0xffffffff] high level lint[0x1])
[    0.008491] IOAPIC[0]: apic_id 2, version 32, address 0xfec00000, GSI 0-119
[    0.008493] ACPI: INT_SRC_OVR (bus 0 bus_irq 0 global_irq 2 dfl dfl)
[    0.008494] ACPI: INT_SRC_OVR (bus 0 bus_irq 9 global_irq 9 high level)
[    0.008497] ACPI: Using ACPI (MADT) for SMP configuration information
[    0.008497] ACPI: HPET id: 0x8086a201 base: 0xfed00000
[    0.008505] e820: update [mem 0x5453a000-0x54563fff] usable ==> reserved
[    0.008512] TSC deadline timer available
[    0.008514] CPU topo: Max. logical packages:   1
[    0.008515] CPU topo: Max. logical dies:       1
[    0.008515] CPU topo: Max. dies per package:   1
[    0.008517] CPU topo: Max. threads per core:   2
[    0.008518] CPU topo: Num. cores per package:    16
[    0.008518] CPU topo: Num. threads per package:  22
[    0.008518] CPU topo: Allowing 22 present CPUs plus 0 hotplug CPUs
[    0.008529] PM: hibernation: Registered nosave memory: [mem 0x00000000-0x00000fff]
[    0.008530] PM: hibernation: Registered nosave memory: [mem 0x0009f000-0x000fffff]
[    0.008531] PM: hibernation: Registered nosave memory: [mem 0x4fe69000-0x4fe69fff]
[    0.008532] PM: hibernation: Registered nosave memory: [mem 0x4fe78000-0x4fe78fff]
[    0.008533] PM: hibernation: Registered nosave memory: [mem 0x5453a000-0x54563fff]
[    0.008533] PM: hibernation: Registered nosave memory: [mem 0x55b40000-0x55b40fff]
[    0.008534] PM: hibernation: Registered nosave memory: [mem 0x57819000-0x5ad4dfff]
[    0.008534] PM: hibernation: Registered nosave memory: [mem 0x5ad4e000-0x5ae6dfff]
[    0.008535] PM: hibernation: Registered nosave memory: [mem 0x5ae6e000-0x5aff0fff]
[    0.008535] PM: hibernation: Registered nosave memory: [mem 0x5aff1000-0x65ffefff]
[    0.008536] PM: hibernation: Registered nosave memory: [mem 0x66000000-0x787fffff]
[    0.008536] PM: hibernation: Registered nosave memory: [mem 0x78800000-0xfdffffff]
[    0.008537] PM: hibernation: Registered nosave memory: [mem 0xfe000000-0xfe010fff]
[    0.008537] PM: hibernation: Registered nosave memory: [mem 0xfe011000-0xfebfffff]
[    0.008537] PM: hibernation: Registered nosave memory: [mem 0xfec00000-0xfec00fff]
[    0.008538] PM: hibernation: Registered nosave memory: [mem 0xfec01000-0xfecfffff]
[    0.008538] PM: hibernation: Registered nosave memory: [mem 0xfed00000-0xfed00fff]
[    0.008538] PM: hibernation: Registered nosave memory: [mem 0xfed01000-0xfed1ffff]
[    0.008539] PM: hibernation: Registered nosave memory: [mem 0xfed20000-0xfed7ffff]
[    0.008539] PM: hibernation: Registered nosave memory: [mem 0xfed80000-0xfedfffff]
[    0.008539] PM: hibernation: Registered nosave memory: [mem 0xfee00000-0xfee00fff]
[    0.008540] PM: hibernation: Registered nosave memory: [mem 0xfee01000-0xffffffff]
[    0.008540] [mem 0x78800000-0xfdffffff] available for PCI devices
[    0.008541] Booting paravirtualized kernel on bare hardware
[    0.008543] clocksource: refined-jiffies: mask: 0xffffffff max_cycles: 0xffffffff, max_idle_ns: 7645519600211568 ns
[    0.011928] setup_percpu: NR_CPUS:8192 nr_cpumask_bits:22 nr_cpu_ids:22 nr_node_ids:1
[    0.013270] percpu: Embedded 66 pages/cpu s233472 r8192 d28672 u524288
[    0.013277] pcpu-alloc: s233472 r8192 d28672 u524288 alloc=1*2097152
[    0.013279] pcpu-alloc: [0] 00 01 02 03 [0] 04 05 06 07 
[    0.013282] pcpu-alloc: [0] 08 09 10 11 [0] 12 13 14 15 
[    0.013284] pcpu-alloc: [0] 16 17 18 19 [0] 20 21 -- -- 
[    0.013295] Kernel command line: BOOT_IMAGE=/boot/vmlinuz-6.13.0-rc2-ipu6+ root=UUID=7881f7bb-dbe6-4323-887f-dd718adb7a8b ro intel_skl_int3472_discrete.dyndbg
[    0.013327] Unknown kernel command line parameters "BOOT_IMAGE=/boot/vmlinuz-6.13.0-rc2-ipu6+", will be passed to user space.
[    0.013335] printk: log_buf_len individual max cpu contribution: 4096 bytes
[    0.013336] printk: log_buf_len total cpu_extra contributions: 86016 bytes
[    0.013336] printk: log_buf_len min size: 131072 bytes
[    0.013487] printk: log buffer data + meta data: 262144 + 917504 = 1179648 bytes
[    0.013488] printk: early log buf free: 112520(85%)
[    0.016155] Dentry cache hash table entries: 4194304 (order: 13, 33554432 bytes, linear)
[    0.017488] Inode-cache hash table entries: 2097152 (order: 12, 16777216 bytes, linear)
[    0.017652] Fallback order for Node 0: 0 
[    0.017655] Built 1 zonelists, mobility grouping on.  Total pages: 8222648
[    0.017656] Policy zone: Normal
[    0.017662] mem auto-init: stack:all(zero), heap alloc:on, heap free:off
[    0.017672] software IO TLB: area num 32.
[    0.033219] SLUB: HWalign=64, Order=0-3, MinObjects=0, CPUs=22, Nodes=1
[    0.033275] ftrace: allocating 45850 entries in 180 pages
[    0.044336] ftrace: allocated 180 pages with 4 groups
[    0.044898] Dynamic Preempt: voluntary
[    0.044964] rcu: Preemptible hierarchical RCU implementation.
[    0.044965] rcu: 	RCU restricting CPUs from NR_CPUS=8192 to nr_cpu_ids=22.
[    0.044966] 	Trampoline variant of Tasks RCU enabled.
[    0.044966] 	Rude variant of Tasks RCU enabled.
[    0.044966] 	Tracing variant of Tasks RCU enabled.
[    0.044967] rcu: RCU calculated value of scheduler-enlistment delay is 25 jiffies.
[    0.044967] rcu: Adjusting geometry for rcu_fanout_leaf=16, nr_cpu_ids=22
[    0.044978] RCU Tasks: Setting shift to 5 and lim to 1 rcu_task_cb_adjust=1 rcu_task_cpu_ids=22.
[    0.044985] RCU Tasks Rude: Setting shift to 5 and lim to 1 rcu_task_cb_adjust=1 rcu_task_cpu_ids=22.
[    0.044986] RCU Tasks Trace: Setting shift to 5 and lim to 1 rcu_task_cb_adjust=1 rcu_task_cpu_ids=22.
[    0.047508] NR_IRQS: 524544, nr_irqs: 2232, preallocated irqs: 16
[    0.047797] rcu: srcu_init: Setting srcu_struct sizes based on contention.
[    0.047966] Console: colour dummy device 80x25
[    0.047968] printk: legacy console [tty0] enabled
[    0.048197] ACPI: Core revision 20240827
[    0.048508] hpet: HPET dysfunctional in PC10. Force disabled.
[    0.048601] APIC: Switch to symmetric I/O mode setup
[    0.048603] DMAR: Host address width 42
[    0.048605] DMAR: DRHD base: 0x000000fc800000 flags: 0x0
[    0.048611] DMAR: dmar0: reg_base_addr fc800000 ver 7:0 cap c9de008cee690462 ecap 12ca9a00f0ef5e
[    0.048614] DMAR: DRHD base: 0x000000fc801000 flags: 0x1
[    0.048620] DMAR: dmar1: reg_base_addr fc801000 ver 7:0 cap c9de008cee690462 ecap 12ca9a00f0efde
[    0.048622] DMAR: SATC flags: 0x1
[    0.048625] DMAR-IR: IOAPIC id 2 under DRHD base  0xfc801000 IOMMU 1
[    0.048626] DMAR-IR: HPET id 0 under DRHD base 0xfc801000
[    0.048628] DMAR-IR: Queued invalidation will be enabled to support x2apic and Intr-remapping.
[    0.050239] DMAR-IR: Enabled IRQ remapping in x2apic mode
[    0.054199] clocksource: tsc-early: mask: 0xffffffffffffffff max_cycles: 0x2b2c8ec87c7, max_idle_ns: 440795278598 ns
[    0.054206] Calibrating delay loop (skipped), value calculated using timer frequency.. 5990.40 BogoMIPS (lpj=11980800)
[    0.054263] CPU0: Thermal monitoring enabled (TM1)
[    0.054266] x86/cpu: User Mode Instruction Prevention (UMIP) activated
[    0.054438] CET detected: Indirect Branch Tracking enabled
[    0.054440] Last level iTLB entries: 4KB 0, 2MB 0, 4MB 0
[    0.054441] Last level dTLB entries: 4KB 0, 2MB 0, 4MB 0, 1GB 0
[    0.054444] process: using mwait in idle threads
[    0.054446] Spectre V1 : Mitigation: usercopy/swapgs barriers and __user pointer sanitization
[    0.054448] Spectre V2 : Mitigation: Enhanced / Automatic IBRS
[    0.054450] Spectre V2 : Spectre v2 / SpectreRSB mitigation: Filling RSB on context switch
[    0.054452] Spectre V2 : mitigation: Enabling conditional Indirect Branch Prediction Barrier
[    0.054454] Speculative Store Bypass: Mitigation: Speculative Store Bypass disabled via prctl
[    0.054463] x86/fpu: Supporting XSAVE feature 0x001: 'x87 floating point registers'
[    0.054464] x86/fpu: Supporting XSAVE feature 0x002: 'SSE registers'
[    0.054466] x86/fpu: Supporting XSAVE feature 0x004: 'AVX registers'
[    0.054467] x86/fpu: Supporting XSAVE feature 0x200: 'Protection Keys User registers'
[    0.054468] x86/fpu: Supporting XSAVE feature 0x800: 'Control-flow User registers'
[    0.054470] x86/fpu: xstate_offset[2]:  576, xstate_sizes[2]:  256
[    0.054471] x86/fpu: xstate_offset[9]:  832, xstate_sizes[9]:    8
[    0.054472] x86/fpu: xstate_offset[11]:  840, xstate_sizes[11]:   16
[    0.054474] x86/fpu: Enabled xstate features 0xa07, context size is 856 bytes, using 'compacted' format.
[    0.058204] Freeing SMP alternatives memory: 40K
[    0.058204] pid_max: default: 32768 minimum: 301
[    0.058204] LSM: initializing lsm=lockdown,capability,landlock,yama,apparmor,tomoyo,bpf,ima,evm
[    0.058204] landlock: Up and running.
[    0.058204] Yama: becoming mindful.
[    0.058204] AppArmor: AppArmor initialized
[    0.058204] TOMOYO Linux initialized
[    0.058204] LSM support for eBPF active
[    0.058204] Mount-cache hash table entries: 65536 (order: 7, 524288 bytes, linear)
[    0.058204] Mountpoint-cache hash table entries: 65536 (order: 7, 524288 bytes, linear)
[    0.058204] smpboot: CPU0: Intel(R) Core(TM) Ultra 7 155H (family: 0x6, model: 0xaa, stepping: 0x4)
[    0.058204] Performance Events: XSAVE Architectural LBR, PEBS fmt4+-baseline,  AnyThread deprecated, Meteorlake Hybrid events, 32-deep LBR, full-width counters, Intel PMU driver.
[    0.058204] core: cpu_core PMU driver: 
[    0.058204] ... version:                5
[    0.058204] ... bit width:              48
[    0.058204] ... generic registers:      8
[    0.058204] ... value mask:             0000ffffffffffff
[    0.058204] ... max period:             00007fffffffffff
[    0.058204] ... fixed-purpose events:   4
[    0.058204] ... event mask:             0001000f000000ff
[    0.058204] signal: max sigframe size: 3632
[    0.058204] Estimated ratio of average max frequency by base frequency (times 1024): 1638
[    0.058204] rcu: Hierarchical SRCU implementation.
[    0.058204] rcu: 	Max phase no-delay instances is 1000.
[    0.058204] Timer migration: 2 hierarchy levels; 8 children per group; 2 crossnode level
[    0.058204] NMI watchdog: Enabled. Permanently consumes one hw-PMU counter.
[    0.058204] smp: Bringing up secondary CPUs ...
[    0.058204] smpboot: x86: Booting SMP configuration:
[    0.058204] .... node  #0, CPUs:        #1  #3  #6  #8 #10 #12 #13 #14 #15 #16 #17 #18 #19 #20 #21
[    0.010279] core: cpu_atom PMU driver: PEBS-via-PT 
[    0.010279] ... version:                5
[    0.010279] ... bit width:              48
[    0.010279] ... generic registers:      8
[    0.010279] ... value mask:             0000ffffffffffff
[    0.010279] ... max period:             00007fffffffffff
[    0.010279] ... fixed-purpose events:   3
[    0.010279] ... event mask:             00000007000000ff
[    0.066299]   #2  #4  #5  #7  #9 #11
[    0.074287] smp: Brought up 1 node, 22 CPUs
[    0.074287] smpboot: Total of 22 processors activated (131788.80 BogoMIPS)
[    0.094263] node 0 deferred pages initialised in 16ms
[    0.096943] Memory: 32106408K/32890592K available (16384K kernel code, 2504K rwdata, 6904K rodata, 4148K init, 4924K bss, 762380K reserved, 0K cma-reserved)
[    0.096943] devtmpfs: initialized
[    0.096943] x86/mm: Memory block size: 128MB
[    0.099506] ACPI: PM: Registering ACPI NVS region [mem 0x5ae6e000-0x5aff0fff] (1585152 bytes)
[    0.099506] clocksource: jiffies: mask: 0xffffffff max_cycles: 0xffffffff, max_idle_ns: 7645041785100000 ns
[    0.099506] futex hash table entries: 8192 (order: 7, 524288 bytes, linear)
[    0.099506] pinctrl core: initialized pinctrl subsystem
[    0.099506] NET: Registered PF_NETLINK/PF_ROUTE protocol family
[    0.099506] DMA: preallocated 4096 KiB GFP_KERNEL pool for atomic allocations
[    0.099649] DMA: preallocated 4096 KiB GFP_KERNEL|GFP_DMA pool for atomic allocations
[    0.100015] DMA: preallocated 4096 KiB GFP_KERNEL|GFP_DMA32 pool for atomic allocations
[    0.100023] audit: initializing netlink subsys (disabled)
[    0.100030] audit: type=2000 audit(1734814591.000:1): state=initialized audit_enabled=0 res=1
[    0.100030] thermal_sys: Registered thermal governor 'fair_share'
[    0.100030] thermal_sys: Registered thermal governor 'bang_bang'
[    0.100030] thermal_sys: Registered thermal governor 'step_wise'
[    0.100030] thermal_sys: Registered thermal governor 'user_space'
[    0.100030] thermal_sys: Registered thermal governor 'power_allocator'
[    0.100030] cpuidle: using governor ladder
[    0.100030] cpuidle: using governor menu
[    0.100030] acpiphp: ACPI Hot Plug PCI Controller Driver version: 0.5
[    0.100030] PCI: ECAM [mem 0xc0000000-0xcfffffff] (base 0xc0000000) for domain 0000 [bus 00-ff]
[    0.100030] PCI: Using configuration type 1 for base access
[    0.100030] kprobes: kprobe jump-optimization is enabled. All kprobes are optimized if possible.
[    0.100030] HugeTLB: registered 1.00 GiB page size, pre-allocated 0 pages
[    0.100030] HugeTLB: 16380 KiB vmemmap can be freed for a 1.00 GiB page
[    0.100030] HugeTLB: registered 2.00 MiB page size, pre-allocated 0 pages
[    0.100030] HugeTLB: 28 KiB vmemmap can be freed for a 2.00 MiB page
[    0.102265] ACPI: Added _OSI(Module Device)
[    0.102266] ACPI: Added _OSI(Processor Device)
[    0.102267] ACPI: Added _OSI(3.0 _SCP Extensions)
[    0.102269] ACPI: Added _OSI(Processor Aggregator Device)
[    0.163834] ACPI BIOS Error (bug): Failure creating named object [\_SB.PC00.I2C3.PACT], AE_ALREADY_EXISTS (20240827/dswload2-326)
[    0.163839] ACPI Error: AE_ALREADY_EXISTS, During name lookup/catalog (20240827/psobject-220)
[    0.163841] ACPI BIOS Error (bug): Failure creating named object [\_SB.PC00.I2C3.PABN], AE_ALREADY_EXISTS (20240827/dswload2-326)
[    0.163844] ACPI Error: AE_ALREADY_EXISTS, During name lookup/catalog (20240827/psobject-220)
[    0.163845] ACPI BIOS Error (bug): Failure creating named object [\_SB.PC00.I2C3.PAS1], AE_ALREADY_EXISTS (20240827/dswload2-326)
[    0.163848] ACPI Error: AE_ALREADY_EXISTS, During name lookup/catalog (20240827/psobject-220)
[    0.163851] ACPI BIOS Error (bug): Failure creating named object [\_SB.PC00.I2C3.PMP0], AE_ALREADY_EXISTS (20240827/dswload2-326)
[    0.163853] ACPI Error: AE_ALREADY_EXISTS, During name lookup/catalog (20240827/psobject-220)
[    0.163862] ACPI BIOS Error (bug): Failure creating named object [\_SB.PC00.I2C3.PMP1], AE_ALREADY_EXISTS (20240827/dswload2-326)
[    0.163866] ACPI Error: AE_ALREADY_EXISTS, During name lookup/catalog (20240827/psobject-220)
[    0.163873] ACPI BIOS Error (bug): Failure creating named object [\_SB.PC00.I2C3.PA01], AE_ALREADY_EXISTS (20240827/dswload2-326)
[    0.163876] ACPI Error: AE_ALREADY_EXISTS, During name lookup/catalog (20240827/psobject-220)
[    0.163878] ACPI: Skipping parse of AML opcode: OpcodeName unavailable (0x5B82)
[    0.163880] ACPI BIOS Error (bug): Failure creating named object [\_SB.PC00.I2C3.PA02], AE_ALREADY_EXISTS (20240827/dswload2-326)
[    0.163882] ACPI Error: AE_ALREADY_EXISTS, During name lookup/catalog (20240827/psobject-220)
[    0.163883] ACPI: Skipping parse of AML opcode: OpcodeName unavailable (0x5B82)
[    0.163885] ACPI BIOS Error (bug): Failure creating named object [\_SB.PC00.I2C3.PA03], AE_ALREADY_EXISTS (20240827/dswload2-326)
[    0.163887] ACPI Error: AE_ALREADY_EXISTS, During name lookup/catalog (20240827/psobject-220)
[    0.163888] ACPI: Skipping parse of AML opcode: OpcodeName unavailable (0x5B82)
[    0.163890] ACPI BIOS Error (bug): Failure creating named object [\_SB.PC00.I2C3.PA04], AE_ALREADY_EXISTS (20240827/dswload2-326)
[    0.163892] ACPI Error: AE_ALREADY_EXISTS, During name lookup/catalog (20240827/psobject-220)
[    0.163893] ACPI: Skipping parse of AML opcode: OpcodeName unavailable (0x5B82)
[    0.163895] ACPI BIOS Error (bug): Failure creating named object [\_SB.PC00.I2C3.PA05], AE_ALREADY_EXISTS (20240827/dswload2-326)
[    0.163897] ACPI Error: AE_ALREADY_EXISTS, During name lookup/catalog (20240827/psobject-220)
[    0.163898] ACPI: Skipping parse of AML opcode: OpcodeName unavailable (0x5B82)
[    0.163900] ACPI BIOS Error (bug): Failure creating named object [\_SB.PC00.I2C3.PA06], AE_ALREADY_EXISTS (20240827/dswload2-326)
[    0.163902] ACPI Error: AE_ALREADY_EXISTS, During name lookup/catalog (20240827/psobject-220)
[    0.163903] ACPI: Skipping parse of AML opcode: OpcodeName unavailable (0x5B82)
[    0.163905] ACPI BIOS Error (bug): Failure creating named object [\_SB.PC00.I2C3.PA07], AE_ALREADY_EXISTS (20240827/dswload2-326)
[    0.163907] ACPI Error: AE_ALREADY_EXISTS, During name lookup/catalog (20240827/psobject-220)
[    0.163909] ACPI: Skipping parse of AML opcode: OpcodeName unavailable (0x5B82)
[    0.163910] ACPI BIOS Error (bug): Failure creating named object [\_SB.PC00.I2C3.PA08], AE_ALREADY_EXISTS (20240827/dswload2-326)
[    0.163912] ACPI Error: AE_ALREADY_EXISTS, During name lookup/catalog (20240827/psobject-220)
[    0.163913] ACPI: Skipping parse of AML opcode: OpcodeName unavailable (0x5B82)
[    0.164714] ACPI BIOS Error (bug): Could not resolve symbol [\_SB.PC00.I2C3.TPD0], AE_NOT_FOUND (20240827/dswload2-162)
[    0.164717] ACPI Error: AE_NOT_FOUND, During name lookup/catalog (20240827/psobject-220)
[    0.164718] ACPI: Skipping parse of AML opcode: OpcodeName unavailable (0x0010)
[    0.170126] ACPI BIOS Error (bug): Could not resolve symbol [\_SB.PC00.TXHC.RHUB.SS01], AE_NOT_FOUND (20240827/dswload2-162)
[    0.170129] ACPI Error: AE_NOT_FOUND, During name lookup/catalog (20240827/psobject-220)
[    0.170131] ACPI: Skipping parse of AML opcode: OpcodeName unavailable (0x0010)
[    0.170133] ACPI BIOS Error (bug): Could not resolve symbol [\_SB.PC00.TXHC.RHUB.SS02], AE_NOT_FOUND (20240827/dswload2-162)
[    0.170135] ACPI Error: AE_NOT_FOUND, During name lookup/catalog (20240827/psobject-220)
[    0.170137] ACPI: Skipping parse of AML opcode: OpcodeName unavailable (0x0010)
[    0.170138] ACPI BIOS Error (bug): Could not resolve symbol [\_SB.PC00.TXHC.RHUB.SS03], AE_NOT_FOUND (20240827/dswload2-162)
[    0.170140] ACPI Error: AE_NOT_FOUND, During name lookup/catalog (20240827/psobject-220)
[    0.170142] ACPI: Skipping parse of AML opcode: OpcodeName unavailable (0x0010)
[    0.170144] ACPI BIOS Error (bug): Could not resolve symbol [\_SB.PC00.TXHC.RHUB.SS04], AE_NOT_FOUND (20240827/dswload2-162)
[    0.170146] ACPI Error: AE_NOT_FOUND, During name lookup/catalog (20240827/psobject-220)
[    0.170147] ACPI: Skipping parse of AML opcode: OpcodeName unavailable (0x0010)
[    0.170163] ACPI BIOS Error (bug): Failure creating named object [\_SB.PC00.XHCI.RHUB.HS01._UPC], AE_ALREADY_EXISTS (20240827/dswload2-326)
[    0.170166] ACPI Error: AE_ALREADY_EXISTS, During name lookup/catalog (20240827/psobject-220)
[    0.170167] ACPI: Skipping parse of AML opcode: OpcodeName unavailable (0x0014)
[    0.170169] ACPI BIOS Error (bug): Failure creating named object [\_SB.PC00.XHCI.RHUB.HS01._PLD], AE_ALREADY_EXISTS (20240827/dswload2-326)
[    0.170171] ACPI Error: AE_ALREADY_EXISTS, During name lookup/catalog (20240827/psobject-220)
[    0.170173] ACPI: Skipping parse of AML opcode: OpcodeName unavailable (0x0014)
[    0.170176] ACPI BIOS Error (bug): Failure creating named object [\_SB.PC00.XHCI.RHUB.HS02._UPC], AE_ALREADY_EXISTS (20240827/dswload2-326)
[    0.170178] ACPI Error: AE_ALREADY_EXISTS, During name lookup/catalog (20240827/psobject-220)
[    0.170180] ACPI: Skipping parse of AML opcode: OpcodeName unavailable (0x0014)
[    0.170181] ACPI BIOS Error (bug): Failure creating named object [\_SB.PC00.XHCI.RHUB.HS02._PLD], AE_ALREADY_EXISTS (20240827/dswload2-326)
[    0.170183] ACPI Error: AE_ALREADY_EXISTS, During name lookup/catalog (20240827/psobject-220)
[    0.170185] ACPI: Skipping parse of AML opcode: OpcodeName unavailable (0x0014)
[    0.170188] ACPI BIOS Error (bug): Failure creating named object [\_SB.PC00.XHCI.RHUB.HS03._UPC], AE_ALREADY_EXISTS (20240827/dswload2-326)
[    0.170190] ACPI Error: AE_ALREADY_EXISTS, During name lookup/catalog (20240827/psobject-220)
[    0.170192] ACPI: Skipping parse of AML opcode: OpcodeName unavailable (0x0014)
[    0.170193] ACPI BIOS Error (bug): Failure creating named object [\_SB.PC00.XHCI.RHUB.HS03._PLD], AE_ALREADY_EXISTS (20240827/dswload2-326)
[    0.170195] ACPI Error: AE_ALREADY_EXISTS, During name lookup/catalog (20240827/psobject-220)
[    0.170197] ACPI: Skipping parse of AML opcode: OpcodeName unavailable (0x0014)
[    0.170201] ACPI BIOS Error (bug): Failure creating named object [\_SB.PC00.XHCI.RHUB.HS04._UPC], AE_ALREADY_EXISTS (20240827/dswload2-326)
[    0.170203] ACPI Error: AE_ALREADY_EXISTS, During name lookup/catalog (20240827/psobject-220)
[    0.170205] ACPI: Skipping parse of AML opcode: OpcodeName unavailable (0x0014)
[    0.170212] ACPI BIOS Error (bug): Failure creating named object [\_SB.PC00.XHCI.RHUB.HS04._PLD], AE_ALREADY_EXISTS (20240827/dswload2-326)
[    0.170244] ACPI Error: AE_ALREADY_EXISTS, During name lookup/catalog (20240827/psobject-220)
[    0.170255] ACPI: Skipping parse of AML opcode: OpcodeName unavailable (0x0014)
[    0.170296] ACPI BIOS Error (bug): Failure creating named object [\_SB.PC00.XHCI.RHUB.HS05._UPC], AE_ALREADY_EXISTS (20240827/dswload2-326)
[    0.170311] ACPI Error: AE_ALREADY_EXISTS, During name lookup/catalog (20240827/psobject-220)
[    0.170321] ACPI: Skipping parse of AML opcode: OpcodeName unavailable (0x0014)
[    0.170329] ACPI BIOS Error (bug): Failure creating named object [\_SB.PC00.XHCI.RHUB.HS05._PLD], AE_ALREADY_EXISTS (20240827/dswload2-326)
[    0.170341] ACPI Error: AE_ALREADY_EXISTS, During name lookup/catalog (20240827/psobject-220)
[    0.170350] ACPI: Skipping parse of AML opcode: OpcodeName unavailable (0x0014)
[    0.170369] ACPI BIOS Error (bug): Failure creating named object [\_SB.PC00.XHCI.RHUB.HS06._UPC], AE_ALREADY_EXISTS (20240827/dswload2-326)
[    0.170381] ACPI Error: AE_ALREADY_EXISTS, During name lookup/catalog (20240827/psobject-220)
[    0.170385] ACPI: Skipping parse of AML opcode: OpcodeName unavailable (0x0014)
[    0.170388] ACPI BIOS Error (bug): Failure creating named object [\_SB.PC00.XHCI.RHUB.HS06._PLD], AE_ALREADY_EXISTS (20240827/dswload2-326)
[    0.170392] ACPI Error: AE_ALREADY_EXISTS, During name lookup/catalog (20240827/psobject-220)
[    0.170395] ACPI: Skipping parse of AML opcode: OpcodeName unavailable (0x0014)
[    0.170400] ACPI BIOS Error (bug): Failure creating named object [\_SB.PC00.XHCI.RHUB.HS07._UPC], AE_ALREADY_EXISTS (20240827/dswload2-326)
[    0.170405] ACPI Error: AE_ALREADY_EXISTS, During name lookup/catalog (20240827/psobject-220)
[    0.170408] ACPI: Skipping parse of AML opcode: OpcodeName unavailable (0x0014)
[    0.170410] ACPI BIOS Error (bug): Failure creating named object [\_SB.PC00.XHCI.RHUB.HS07._PLD], AE_ALREADY_EXISTS (20240827/dswload2-326)
[    0.170414] ACPI Error: AE_ALREADY_EXISTS, During name lookup/catalog (20240827/psobject-220)
[    0.170417] ACPI: Skipping parse of AML opcode: OpcodeName unavailable (0x0014)
[    0.170423] ACPI BIOS Error (bug): Failure creating named object [\_SB.PC00.XHCI.RHUB.HS08._UPC], AE_ALREADY_EXISTS (20240827/dswload2-326)
[    0.170427] ACPI Error: AE_ALREADY_EXISTS, During name lookup/catalog (20240827/psobject-220)
[    0.170430] ACPI: Skipping parse of AML opcode: OpcodeName unavailable (0x0014)
[    0.170433] ACPI BIOS Error (bug): Failure creating named object [\_SB.PC00.XHCI.RHUB.HS08._PLD], AE_ALREADY_EXISTS (20240827/dswload2-326)
[    0.170437] ACPI Error: AE_ALREADY_EXISTS, During name lookup/catalog (20240827/psobject-220)
[    0.170440] ACPI: Skipping parse of AML opcode: OpcodeName unavailable (0x0014)
[    0.170445] ACPI BIOS Error (bug): Failure creating named object [\_SB.PC00.XHCI.RHUB.HS09._UPC], AE_ALREADY_EXISTS (20240827/dswload2-326)
[    0.170449] ACPI Error: AE_ALREADY_EXISTS, During name lookup/catalog (20240827/psobject-220)
[    0.170452] ACPI: Skipping parse of AML opcode: OpcodeName unavailable (0x0014)
[    0.170455] ACPI BIOS Error (bug): Failure creating named object [\_SB.PC00.XHCI.RHUB.HS09._PLD], AE_ALREADY_EXISTS (20240827/dswload2-326)
[    0.170459] ACPI Error: AE_ALREADY_EXISTS, During name lookup/catalog (20240827/psobject-220)
[    0.170462] ACPI: Skipping parse of AML opcode: OpcodeName unavailable (0x0014)
[    0.170468] ACPI BIOS Error (bug): Failure creating named object [\_SB.PC00.XHCI.RHUB.HS10._UPC], AE_ALREADY_EXISTS (20240827/dswload2-326)
[    0.170472] ACPI Error: AE_ALREADY_EXISTS, During name lookup/catalog (20240827/psobject-220)
[    0.170475] ACPI: Skipping parse of AML opcode: OpcodeName unavailable (0x0014)
[    0.170478] ACPI BIOS Error (bug): Failure creating named object [\_SB.PC00.XHCI.RHUB.HS10._PLD], AE_ALREADY_EXISTS (20240827/dswload2-326)
[    0.170482] ACPI Error: AE_ALREADY_EXISTS, During name lookup/catalog (20240827/psobject-220)
[    0.170485] ACPI: Skipping parse of AML opcode: OpcodeName unavailable (0x0014)
[    0.170649] ACPI BIOS Error (bug): Failure creating named object [\_SB.PC00.XHCI.RHUB.SS01._UPC], AE_ALREADY_EXISTS (20240827/dswload2-326)
[    0.170654] ACPI Error: AE_ALREADY_EXISTS, During name lookup/catalog (20240827/psobject-220)
[    0.170657] ACPI: Skipping parse of AML opcode: OpcodeName unavailable (0x0014)
[    0.170660] ACPI BIOS Error (bug): Failure creating named object [\_SB.PC00.XHCI.RHUB.SS01._PLD], AE_ALREADY_EXISTS (20240827/dswload2-326)
[    0.170664] ACPI Error: AE_ALREADY_EXISTS, During name lookup/catalog (20240827/psobject-220)
[    0.170667] ACPI: Skipping parse of AML opcode: OpcodeName unavailable (0x0014)
[    0.170673] ACPI BIOS Error (bug): Failure creating named object [\_SB.PC00.XHCI.RHUB.SS02._UPC], AE_ALREADY_EXISTS (20240827/dswload2-326)
[    0.170677] ACPI Error: AE_ALREADY_EXISTS, During name lookup/catalog (20240827/psobject-220)
[    0.170680] ACPI: Skipping parse of AML opcode: OpcodeName unavailable (0x0014)
[    0.170683] ACPI BIOS Error (bug): Failure creating named object [\_SB.PC00.XHCI.RHUB.SS02._PLD], AE_ALREADY_EXISTS (20240827/dswload2-326)
[    0.170687] ACPI Error: AE_ALREADY_EXISTS, During name lookup/catalog (20240827/psobject-220)
[    0.170690] ACPI: Skipping parse of AML opcode: OpcodeName unavailable (0x0014)
[    0.178295] ACPI: 28 ACPI AML tables successfully acquired and loaded
[    0.194315] ACPI: USB4 _OSC: OS supports USB3+ DisplayPort+ PCIe+ XDomain+
[    0.194315] ACPI: USB4 _OSC: OS controls USB3+ DisplayPort+ PCIe+ XDomain+
[    0.200804] ACPI: EC: EC started
[    0.200807] ACPI: EC: interrupt blocked
[    0.210417] ACPI: EC: EC_CMD/EC_SC=0x66, EC_DATA=0x62
[    0.210421] ACPI: \_SB_.PC00.LPCB.EC0_: Boot DSDT EC used to handle transactions
[    0.210424] ACPI: Interpreter enabled
[    0.210497] ACPI: PM: (supports S0 S3 S4 S5)
[    0.210500] ACPI: Using IOAPIC for interrupt routing
[    0.210567] PCI: Using host bridge windows from ACPI; if necessary, use "pci=nocrs" and report a bug
[    0.210570] PCI: Ignoring E820 reservations for host bridge windows
[    0.213240] ACPI: Enabled 10 GPEs in block 00 to 7F
[    0.213262] ACPI: Enabled 8 GPEs in block 80 to DF
[    0.215845] ACPI: \_SB_.PC00.RP01.PXP_: New power resource
[    0.220855] ACPI: \_SB_.PC00.RP06.PXP_: New power resource
[    0.222391] ACPI: \_SB_.PC00.RP07.PXP_: New power resource
[    0.224991] ACPI: \_SB_.PC00.RP09.PXP_: New power resource
[    0.226199] ACPI: \_SB_.PC00.RP10.PXP_: New power resource
[    0.227600] ACPI: \_SB_.PC00.RP11.PXP_: New power resource
[    0.229098] ACPI: \_SB_.PC00.RP12.PXP_: New power resource
[    0.232734] ACPI: \_SB_.PC00.XHCI.RHUB.HS10.BTRT: New power resource
[    0.232790] ACPI: \_SB_.PC00.XHCI.RHUB.HS10.DBTR: New power resource
[    0.232947] ACPI: \_SB_.PC00.PAUD: New power resource
[    0.238632] ACPI: \_SB_.PC00.I2C3.PXTC: New power resource
[    0.244909] ACPI: \_SB_.PC00.CNVW.WRST: New power resource
[    0.262417] ACPI: \_SB_.PC00.TBT0: New power resource
[    0.262479] ACPI: \_SB_.PC00.TBT1: New power resource
[    0.262537] ACPI: \_SB_.PC00.D3C_: New power resource
[    0.280531] ACPI: \PIN_: New power resource
[    0.281125] ACPI: PCI Root Bridge [PC00] (domain 0000 [bus 00-fe])
[    0.281133] acpi PNP0A08:00: _OSC: OS supports [ExtendedConfig ASPM ClockPM Segments MSI HPX-Type3]
[    0.281978] acpi PNP0A08:00: _OSC: platform does not support [AER]
[    0.283611] acpi PNP0A08:00: _OSC: OS now controls [PCIeHotplug SHPCHotplug PME PCIeCapability LTR]
[    0.285461] PCI host bridge to bus 0000:00
[    0.285466] pci_bus 0000:00: root bus resource [io  0x0000-0x0cf7 window]
[    0.285469] pci_bus 0000:00: root bus resource [io  0x0d00-0xffff window]
[    0.285471] pci_bus 0000:00: root bus resource [mem 0x000a0000-0x000bffff window]
[    0.285476] pci_bus 0000:00: root bus resource [mem 0x80000000-0xbfffffff window]
[    0.285478] pci_bus 0000:00: root bus resource [mem 0x4000000000-0x3ffbfffffff window]
[    0.285481] pci_bus 0000:00: root bus resource [bus 00-fe]
[    0.287512] pci 0000:00:00.0: [8086:7d01] type 00 class 0x060000 conventional PCI endpoint
[    0.287654] pci 0000:00:02.0: [8086:7d55] type 00 class 0x030000 PCIe Root Complex Integrated Endpoint
[    0.287669] pci 0000:00:02.0: BAR 0 [mem 0x5220000000-0x5220ffffff 64bit pref]
[    0.287679] pci 0000:00:02.0: BAR 2 [mem 0x4210000000-0x421fffffff 64bit pref]
[    0.287713] pci 0000:00:02.0: DMAR: Skip IOMMU disabling for graphics
[    0.287718] pci 0000:00:02.0: Video device with shadowed ROM at [mem 0x000c0000-0x000dffff]
[    0.287754] pci 0000:00:02.0: PME# supported from D0 D3hot
[    0.287773] pci 0000:00:02.0: VF BAR 0 [mem 0x00000000-0x00ffffff 64bit pref]
[    0.287776] pci 0000:00:02.0: VF BAR 0 [mem 0x00000000-0x06ffffff 64bit pref]: contains BAR 0 for 7 VFs
[    0.287961] pci 0000:00:04.0: [8086:7d03] type 00 class 0x118000 conventional PCI endpoint
[    0.287978] pci 0000:00:04.0: BAR 0 [mem 0x52312c0000-0x52312dffff 64bit]
[    0.288223] pci 0000:00:05.0: [8086:7d19] type 00 class 0x048000 PCIe Root Complex Integrated Endpoint
[    0.288233] pci 0000:00:05.0: BAR 0 [mem 0x5230000000-0x5230ffffff 64bit]
[    0.288250] pci 0000:00:05.0: enabling Extended Tags
[    0.288375] pci 0000:00:06.0: [8086:7ecb] type 01 class 0x060400 PCIe Root Port
[    0.288407] pci 0000:00:06.0: PCI bridge to [bus 01]
[    0.288421] pci 0000:00:06.0:   bridge window [mem 0x8d200000-0x8d2fffff]
[    0.288540] pci 0000:00:06.0: PME# supported from D0 D3hot D3cold
[    0.288628] pci 0000:00:06.0: PTM enabled (root), 4ns granularity
[    0.289492] pci 0000:00:07.0: [8086:7ec4] type 01 class 0x060400 PCIe Root Port
[    0.289520] pci 0000:00:07.0: PCI bridge to [bus 02-2b]
[    0.289527] pci 0000:00:07.0:   bridge window [mem 0x86000000-0x8bffffff]
[    0.289543] pci 0000:00:07.0:   bridge window [mem 0x4a20000000-0x521fffffff 64bit pref]
[    0.289655] pci 0000:00:07.0: PME# supported from D0 D3hot D3cold
[    0.289691] pci 0000:00:07.0: PTM enabled (root), 4ns granularity
[    0.290478] pci 0000:00:07.2: [8086:7ec6] type 01 class 0x060400 PCIe Root Port
[    0.290506] pci 0000:00:07.2: PCI bridge to [bus 2c-55]
[    0.290513] pci 0000:00:07.2:   bridge window [mem 0x80000000-0x85ffffff]
[    0.290523] pci 0000:00:07.2:   bridge window [mem 0x4220000000-0x4a1fffffff 64bit pref]
[    0.290639] pci 0000:00:07.2: PME# supported from D0 D3hot D3cold
[    0.290671] pci 0000:00:07.2: PTM enabled (root), 4ns granularity
[    0.291439] pci 0000:00:08.0: [8086:7e4c] type 00 class 0x088000 conventional PCI endpoint
[    0.291455] pci 0000:00:08.0: BAR 0 [mem 0x5231327000-0x5231327fff 64bit]
[    0.291569] pci 0000:00:0a.0: [8086:7d0d] type 00 class 0x118000 PCIe Root Complex Integrated Endpoint
[    0.291579] pci 0000:00:0a.0: BAR 0 [mem 0x5231280000-0x52312bffff 64bit]
[    0.291597] pci 0000:00:0a.0: enabling Extended Tags
[    0.291670] pci 0000:00:0b.0: [8086:7d1d] type 00 class 0x120000 PCIe Root Complex Integrated Endpoint
[    0.291682] pci 0000:00:0b.0: BAR 0 [mem 0x5228000000-0x522fffffff 64bit]
[    0.291695] pci 0000:00:0b.0: BAR 4 [mem 0x5231326000-0x5231326fff 64bit]
[    0.291819] pci 0000:00:0d.0: [8086:7ec0] type 00 class 0x0c0330 conventional PCI endpoint
[    0.291836] pci 0000:00:0d.0: BAR 0 [mem 0x5231300000-0x523130ffff 64bit]
[    0.291929] pci 0000:00:0d.0: PME# supported from D3hot D3cold
[    0.292363] pci 0000:00:0d.2: [8086:7ec2] type 00 class 0x0c0340 conventional PCI endpoint
[    0.292380] pci 0000:00:0d.2: BAR 0 [mem 0x5231240000-0x523127ffff 64bit]
[    0.292391] pci 0000:00:0d.2: BAR 2 [mem 0x5231325000-0x5231325fff 64bit]
[    0.292525] pci 0000:00:0d.2: supports D1 D2
[    0.292527] pci 0000:00:0d.2: PME# supported from D0 D1 D2 D3hot D3cold
[    0.292626] pci 0000:00:0d.3: [8086:7ec3] type 00 class 0x0c0340 conventional PCI endpoint
[    0.292642] pci 0000:00:0d.3: BAR 0 [mem 0x5231200000-0x523123ffff 64bit]
[    0.292653] pci 0000:00:0d.3: BAR 2 [mem 0x5231324000-0x5231324fff 64bit]
[    0.292745] pci 0000:00:0d.3: supports D1 D2
[    0.292747] pci 0000:00:0d.3: PME# supported from D0 D1 D2 D3hot D3cold
[    0.292871] pci 0000:00:12.0: [8086:7e45] type 00 class 0x070000 conventional PCI endpoint
[    0.292886] pci 0000:00:12.0: BAR 0 [mem 0x52312f0000-0x52312fffff 64bit]
[    0.292938] pci 0000:00:12.0: PME# supported from D0 D3hot
[    0.293638] pci 0000:00:14.0: [8086:7e7d] type 00 class 0x0c0330 conventional PCI endpoint
[    0.293655] pci 0000:00:14.0: BAR 0 [mem 0x52312e0000-0x52312effff 64bit]
[    0.293716] pci 0000:00:14.0: PME# supported from D3hot D3cold
[    0.294120] pci 0000:00:14.2: [8086:7e7f] type 00 class 0x050000 conventional PCI endpoint
[    0.294139] pci 0000:00:14.2: BAR 0 [mem 0x5231318000-0x523131bfff 64bit]
[    0.294152] pci 0000:00:14.2: BAR 2 [mem 0x5231323000-0x5231323fff 64bit]
[    0.294258] pci 0000:00:14.3: [8086:7e40] type 00 class 0x028000 PCIe Root Complex Integrated Endpoint
[    0.294285] pci 0000:00:14.3: BAR 0 [mem 0x5231314000-0x5231317fff 64bit]
[    0.294372] pci 0000:00:14.3: PME# supported from D0 D3hot D3cold
[    0.294602] pci 0000:00:15.0: [8086:7e78] type 00 class 0x0c8000 conventional PCI endpoint
[    0.294655] pci 0000:00:15.0: BAR 0 [mem 0x00000000-0x00000fff 64bit]
[    0.295007] pci 0000:00:15.1: [8086:7e79] type 00 class 0x0c8000 conventional PCI endpoint
[    0.295064] pci 0000:00:15.1: BAR 0 [mem 0x00000000-0x00000fff 64bit]
[    0.295451] pci 0000:00:15.3: [8086:7e7b] type 00 class 0x0c8000 conventional PCI endpoint
[    0.295502] pci 0000:00:15.3: BAR 0 [mem 0x00000000-0x00000fff 64bit]
[    0.295846] pci 0000:00:16.0: [8086:7e70] type 00 class 0x078000 conventional PCI endpoint
[    0.295866] pci 0000:00:16.0: BAR 0 [mem 0x523131f000-0x523131ffff 64bit]
[    0.295949] pci 0000:00:16.0: PME# supported from D3hot
[    0.296691] pci 0000:00:19.0: [8086:7e50] type 00 class 0x0c8000 conventional PCI endpoint
[    0.296742] pci 0000:00:19.0: BAR 0 [mem 0x00000000-0x00000fff 64bit]
[    0.297092] pci 0000:00:19.1: [8086:7e51] type 00 class 0x0c8000 conventional PCI endpoint
[    0.297144] pci 0000:00:19.1: BAR 0 [mem 0x00000000-0x00000fff 64bit]
[    0.297469] pci 0000:00:1c.0: [8086:7e38] type 01 class 0x060400 PCIe Root Port
[    0.297492] pci 0000:00:1c.0: PCI bridge to [bus 56]
[    0.297496] pci 0000:00:1c.0:   bridge window [io  0x3000-0x3fff]
[    0.297500] pci 0000:00:1c.0:   bridge window [mem 0x8c000000-0x8d0fffff]
[    0.297508] pci 0000:00:1c.0:   bridge window [mem 0x4000000000-0x4201ffffff 64bit pref]
[    0.297570] pci 0000:00:1c.0: PME# supported from D0 D3hot D3cold
[    0.297600] pci 0000:00:1c.0: PTM enabled (root), 4ns granularity
[    0.298227] pci 0000:00:1f.0: [8086:7e02] type 00 class 0x060100 conventional PCI endpoint
[    0.298603] pci 0000:00:1f.3: [8086:7e28] type 00 class 0x040100 conventional PCI endpoint
[    0.298629] pci 0000:00:1f.3: BAR 0 [mem 0x5231310000-0x5231313fff 64bit]
[    0.298654] pci 0000:00:1f.3: BAR 4 [mem 0x5231000000-0x52311fffff 64bit]
[    0.298719] pci 0000:00:1f.3: PME# supported from D3hot D3cold
[    0.298790] pci 0000:00:1f.4: [8086:7e22] type 00 class 0x0c0500 conventional PCI endpoint
[    0.298811] pci 0000:00:1f.4: BAR 0 [mem 0x523131c000-0x523131c0ff 64bit]
[    0.298836] pci 0000:00:1f.4: BAR 4 [io  0xefa0-0xefbf]
[    0.299056] pci 0000:00:1f.5: [8086:7e23] type 00 class 0x0c8000 conventional PCI endpoint
[    0.299092] pci 0000:00:1f.5: BAR 0 [mem 0xfe010000-0xfe010fff]
[    0.299600] pci 0000:01:00.0: [1c5c:1959] type 00 class 0x010802 PCIe Endpoint
[    0.299620] pci 0000:01:00.0: BAR 0 [mem 0x8d200000-0x8d203fff 64bit]
[    0.299916] pci 0000:00:06.0: PCI bridge to [bus 01]
[    0.299966] pci 0000:00:07.0: PCI bridge to [bus 02-2b]
[    0.300019] pci 0000:00:07.2: PCI bridge to [bus 2c-55]
[    0.300074] pci 0000:56:00.0: [10de:28a1] type 00 class 0x030000 PCIe Legacy Endpoint
[    0.300089] pci 0000:56:00.0: BAR 0 [mem 0x8c000000-0x8cffffff]
[    0.300100] pci 0000:56:00.0: BAR 1 [mem 0x4000000000-0x41ffffffff 64bit pref]
[    0.300112] pci 0000:56:00.0: BAR 3 [mem 0x4200000000-0x4201ffffff 64bit pref]
[    0.300120] pci 0000:56:00.0: BAR 5 [io  0x3000-0x307f]
[    0.300128] pci 0000:56:00.0: ROM [mem 0x8d000000-0x8d07ffff pref]
[    0.300192] pci 0000:56:00.0: PME# supported from D0 D3hot
[    0.300274] pci 0000:56:00.0: 63.012 Gb/s available PCIe bandwidth, limited by 16.0 GT/s PCIe x4 link at 0000:00:1c.0 (capable of 126.024 Gb/s with 16.0 GT/s PCIe x8 link)
[    0.300473] pci 0000:56:00.1: [10de:22be] type 00 class 0x040300 PCIe Endpoint
[    0.300486] pci 0000:56:00.1: BAR 0 [mem 0x8d080000-0x8d083fff]
[    0.300628] pci 0000:00:1c.0: PCI bridge to [bus 56]
[    0.305100] ACPI: PCI: Interrupt link LNKA configured for IRQ 0
[    0.305241] ACPI: PCI: Interrupt link LNKB configured for IRQ 1
[    0.305377] ACPI: PCI: Interrupt link LNKC configured for IRQ 0
[    0.305512] ACPI: PCI: Interrupt link LNKD configured for IRQ 0
[    0.305647] ACPI: PCI: Interrupt link LNKE configured for IRQ 0
[    0.305783] ACPI: PCI: Interrupt link LNKF configured for IRQ 0
[    0.305919] ACPI: PCI: Interrupt link LNKG configured for IRQ 0
[    0.306054] ACPI: PCI: Interrupt link LNKH configured for IRQ 0
[    0.306996] ACPI: \_SB_.PEPD: Duplicate LPS0 _DSM functions (mask: 0x1)
[    0.443478] Low-power S0 idle used by default for system suspend
[    0.453796] ACPI: EC: interrupt unblocked
[    0.453799] ACPI: EC: event unblocked
[    0.453820] ACPI: EC: EC_CMD/EC_SC=0x66, EC_DATA=0x62
[    0.453822] ACPI: EC: GPE=0x6e
[    0.453824] ACPI: \_SB_.PC00.LPCB.EC0_: Boot DSDT EC initialization complete
[    0.453827] ACPI: \_SB_.PC00.LPCB.EC0_: EC: Used to handle transactions and events
[    0.453924] iommu: Default domain type: Translated
[    0.453924] iommu: DMA domain TLB invalidation policy: lazy mode
[    0.453924] pps_core: LinuxPPS API ver. 1 registered
[    0.453924] pps_core: Software ver. 5.3.6 - Copyright 2005-2007 Rodolfo Giometti <giometti@linux.it>
[    0.453924] PTP clock support registered
[    0.453924] EDAC MC: Ver: 3.0.0
[    0.454307] efivars: Registered efivars operations
[    0.454452] NetLabel: Initializing
[    0.454454] NetLabel:  domain hash size = 128
[    0.454456] NetLabel:  protocols = UNLABELED CIPSOv4 CALIPSO
[    0.454475] NetLabel:  unlabeled traffic allowed by default
[    0.454482] PCI: Using ACPI for IRQ routing
[    0.465889] PCI: pci_cache_line_size set to 64 bytes
[    0.466046] pci 0000:00:1f.5: BAR 0 [mem 0xfe010000-0xfe010fff]: can't claim; no compatible bridge window
[    0.466170] e820: reserve RAM buffer [mem 0x0009f000-0x0009ffff]
[    0.466172] e820: reserve RAM buffer [mem 0x4fe69018-0x4fffffff]
[    0.466173] e820: reserve RAM buffer [mem 0x5453a000-0x57ffffff]
[    0.466174] e820: reserve RAM buffer [mem 0x55b40000-0x57ffffff]
[    0.466175] e820: reserve RAM buffer [mem 0x57819000-0x57ffffff]
[    0.466176] e820: reserve RAM buffer [mem 0x66000000-0x67ffffff]
[    0.466243] pci 0000:00:02.0: vgaarb: setting as boot VGA device
[    0.466243] pci 0000:00:02.0: vgaarb: bridge control possible
[    0.466243] pci 0000:00:02.0: vgaarb: VGA device added: decodes=io+mem,owns=io+mem,locks=none
[    0.466243] pci 0000:56:00.0: vgaarb: bridge control possible
[    0.466243] pci 0000:56:00.0: vgaarb: VGA device added: decodes=io+mem,owns=none,locks=none
[    0.466243] vgaarb: loaded
[    0.466300] clocksource: Switched to clocksource tsc-early
[    0.466434] VFS: Disk quotas dquot_6.6.0
[    0.466445] VFS: Dquot-cache hash table entries: 512 (order 0, 4096 bytes)
[    0.466572] AppArmor: AppArmor Filesystem Enabled
[    0.466586] pnp: PnP ACPI init
[    0.466778] system 00:00: [io  0x0680-0x069f] has been reserved
[    0.466783] system 00:00: [io  0x164e-0x164f] has been reserved
[    0.466919] system 00:01: [io  0x1854-0x1857] has been reserved
[    0.467638] pnp 00:03: disabling [mem 0x00000000-0x00000fff] because it overlaps 0000:00:02.0 BAR 7 [mem 0x00000000-0x06ffffff 64bit pref]
[    0.467644] pnp 00:03: disabling [mem 0x00000000-0x00000fff] because it overlaps 0000:00:02.0 BAR 7 [mem 0x00000000-0x06ffffff 64bit pref]
[    0.467671] system 00:03: [mem 0xfedc0000-0xfedc7fff] has been reserved
[    0.467674] system 00:03: [mem 0xc0000000-0xcfffffff] has been reserved
[    0.467676] system 00:03: [mem 0xfed20000-0xfed7ffff] could not be reserved
[    0.467679] system 00:03: [mem 0xfc800000-0xfc81ffff] could not be reserved
[    0.467681] system 00:03: [mem 0xfed45000-0xfed8ffff] could not be reserved
[    0.467684] system 00:03: [mem 0xfee00000-0xfeefffff] could not be reserved
[    0.469253] system 00:04: [io  0x2000-0x20fe] has been reserved
[    0.469572] system 00:05: [mem 0xfe02c008-0xfe02cfff] has been reserved
[    0.469576] system 00:05: [mem 0xfe02d000-0xfe02dfff] has been reserved
[    0.470528] pnp: PnP ACPI: found 6 devices
[    0.476131] clocksource: acpi_pm: mask: 0xffffff max_cycles: 0xffffff, max_idle_ns: 2085701024 ns
[    0.476203] NET: Registered PF_INET protocol family
[    0.476450] IP idents hash table entries: 262144 (order: 9, 2097152 bytes, linear)
[    0.479421] tcp_listen_portaddr_hash hash table entries: 16384 (order: 6, 262144 bytes, linear)
[    0.479466] Table-perturb hash table entries: 65536 (order: 6, 262144 bytes, linear)
[    0.479868] TCP established hash table entries: 262144 (order: 9, 2097152 bytes, linear)
[    0.480286] TCP bind hash table entries: 65536 (order: 9, 2097152 bytes, linear)
[    0.480393] TCP: Hash tables configured (established 262144 bind 65536)
[    0.480581] MPTCP token hash table entries: 32768 (order: 7, 786432 bytes, linear)
[    0.480731] UDP hash table entries: 16384 (order: 8, 1048576 bytes, linear)
[    0.480906] UDP-Lite hash table entries: 16384 (order: 8, 1048576 bytes, linear)
[    0.481023] NET: Registered PF_UNIX/PF_LOCAL protocol family
[    0.481032] NET: Registered PF_XDP protocol family
[    0.481039] pci_bus 0000:00: max bus depth: 1 pci_try_num: 2
[    0.481053] pci 0000:00:02.0: VF BAR 0 [mem 0x4202000000-0x4208ffffff 64bit pref]: assigned
[    0.481060] pci 0000:00:07.0: bridge window [io  0x4000-0x4fff]: assigned
[    0.481064] pci 0000:00:07.2: bridge window [io  0x5000-0x5fff]: assigned
[    0.481067] pci 0000:00:15.0: BAR 0 [mem 0x4209000000-0x4209000fff 64bit]: assigned
[    0.481107] pci 0000:00:15.1: BAR 0 [mem 0x4209001000-0x4209001fff 64bit]: assigned
[    0.481153] pci 0000:00:15.3: BAR 0 [mem 0x4209002000-0x4209002fff 64bit]: assigned
[    0.481199] pci 0000:00:19.0: BAR 0 [mem 0x4209003000-0x4209003fff 64bit]: assigned
[    0.481242] pci 0000:00:19.1: BAR 0 [mem 0x4209004000-0x4209004fff 64bit]: assigned
[    0.481285] pci 0000:00:1f.5: BAR 0 [mem 0x8d100000-0x8d100fff]: assigned
[    0.481296] pci 0000:00:06.0: PCI bridge to [bus 01]
[    0.481303] pci 0000:00:06.0:   bridge window [mem 0x8d200000-0x8d2fffff]
[    0.481311] pci 0000:00:07.0: PCI bridge to [bus 02-2b]
[    0.481318] pci 0000:00:07.0:   bridge window [io  0x4000-0x4fff]
[    0.481323] pci 0000:00:07.0:   bridge window [mem 0x86000000-0x8bffffff]
[    0.481327] pci 0000:00:07.0:   bridge window [mem 0x4a20000000-0x521fffffff 64bit pref]
[    0.481333] pci 0000:00:07.2: PCI bridge to [bus 2c-55]
[    0.481336] pci 0000:00:07.2:   bridge window [io  0x5000-0x5fff]
[    0.481340] pci 0000:00:07.2:   bridge window [mem 0x80000000-0x85ffffff]
[    0.481344] pci 0000:00:07.2:   bridge window [mem 0x4220000000-0x4a1fffffff 64bit pref]
[    0.481352] pci 0000:00:1c.0: PCI bridge to [bus 56]
[    0.481354] pci 0000:00:1c.0:   bridge window [io  0x3000-0x3fff]
[    0.481358] pci 0000:00:1c.0:   bridge window [mem 0x8c000000-0x8d0fffff]
[    0.481362] pci 0000:00:1c.0:   bridge window [mem 0x4000000000-0x4201ffffff 64bit pref]
[    0.481368] pci_bus 0000:00: resource 4 [io  0x0000-0x0cf7 window]
[    0.481370] pci_bus 0000:00: resource 5 [io  0x0d00-0xffff window]
[    0.481372] pci_bus 0000:00: resource 6 [mem 0x000a0000-0x000bffff window]
[    0.481375] pci_bus 0000:00: resource 7 [mem 0x80000000-0xbfffffff window]
[    0.481377] pci_bus 0000:00: resource 8 [mem 0x4000000000-0x3ffbfffffff window]
[    0.481380] pci_bus 0000:01: resource 1 [mem 0x8d200000-0x8d2fffff]
[    0.481382] pci_bus 0000:02: resource 0 [io  0x4000-0x4fff]
[    0.481384] pci_bus 0000:02: resource 1 [mem 0x86000000-0x8bffffff]
[    0.481386] pci_bus 0000:02: resource 2 [mem 0x4a20000000-0x521fffffff 64bit pref]
[    0.481389] pci_bus 0000:2c: resource 0 [io  0x5000-0x5fff]
[    0.481391] pci_bus 0000:2c: resource 1 [mem 0x80000000-0x85ffffff]
[    0.481393] pci_bus 0000:2c: resource 2 [mem 0x4220000000-0x4a1fffffff 64bit pref]
[    0.481396] pci_bus 0000:56: resource 0 [io  0x3000-0x3fff]
[    0.481398] pci_bus 0000:56: resource 1 [mem 0x8c000000-0x8d0fffff]
[    0.481400] pci_bus 0000:56: resource 2 [mem 0x4000000000-0x4201ffffff 64bit pref]
[    0.481982] pci 0000:56:00.1: extending delay after power-on from D3hot to 20 msec
[    0.482008] pci 0000:56:00.1: D0 power state depends on 0000:56:00.0
[    0.482015] PCI: CLS 64 bytes, default 64
[    0.482077] DMAR: Intel-IOMMU force enabled due to platform opt in
[    0.482087] DMAR: No RMRR found
[    0.482089] DMAR: No ATSR found
[    0.482091] DMAR: IOMMU feature sc_support inconsistent
[    0.482093] DMAR: dmar0: Using Queued invalidation
[    0.482098] DMAR: dmar1: Using Queued invalidation
[    0.482120] Trying to unpack rootfs image as initramfs...
[    0.482494] pci 0000:00:02.0: Adding to iommu group 0
[    0.482531] pci 0000:00:00.0: Adding to iommu group 1
[    0.482543] pci 0000:00:04.0: Adding to iommu group 2
[    0.482554] pci 0000:00:05.0: Adding to iommu group 3
[    0.482588] pci 0000:00:06.0: Adding to iommu group 4
[    0.482610] pci 0000:00:07.0: Adding to iommu group 5
[    0.482622] pci 0000:00:07.2: Adding to iommu group 6
[    0.482632] pci 0000:00:08.0: Adding to iommu group 7
[    0.482644] pci 0000:00:0a.0: Adding to iommu group 8
[    0.482658] pci 0000:00:0b.0: Adding to iommu group 9
[    0.482681] pci 0000:00:0d.0: Adding to iommu group 10
[    0.482692] pci 0000:00:0d.2: Adding to iommu group 10
[    0.482703] pci 0000:00:0d.3: Adding to iommu group 10
[    0.482720] pci 0000:00:12.0: Adding to iommu group 11
[    0.482738] pci 0000:00:14.0: Adding to iommu group 12
[    0.482749] pci 0000:00:14.2: Adding to iommu group 12
[    0.482760] pci 0000:00:14.3: Adding to iommu group 13
[    0.482783] pci 0000:00:15.0: Adding to iommu group 14
[    0.482795] pci 0000:00:15.1: Adding to iommu group 14
[    0.482807] pci 0000:00:15.3: Adding to iommu group 14
[    0.482821] pci 0000:00:16.0: Adding to iommu group 15
[    0.482839] pci 0000:00:19.0: Adding to iommu group 16
[    0.482851] pci 0000:00:19.1: Adding to iommu group 16
[    0.482863] pci 0000:00:1c.0: Adding to iommu group 17
[    0.482888] pci 0000:00:1f.0: Adding to iommu group 18
[    0.482901] pci 0000:00:1f.3: Adding to iommu group 18
[    0.482913] pci 0000:00:1f.4: Adding to iommu group 18
[    0.482926] pci 0000:00:1f.5: Adding to iommu group 18
[    0.482962] pci 0000:01:00.0: Adding to iommu group 19
[    0.482983] pci 0000:56:00.0: Adding to iommu group 20
[    0.482996] pci 0000:56:00.1: Adding to iommu group 20
[    0.483338] DMAR: Intel(R) Virtualization Technology for Directed I/O
[    0.483340] PCI-DMA: Using software bounce buffering for IO (SWIOTLB)
[    0.483343] software IO TLB: mapped [mem 0x00000000480b8000-0x000000004c0b8000] (64MB)
[    0.483376] clocksource: tsc: mask: 0xffffffffffffffff max_cycles: 0x2b2c8ec87c7, max_idle_ns: 440795278598 ns
[    0.483415] clocksource: Switched to clocksource tsc
[    0.483442] platform rtc_cmos: registered platform RTC device (no PNP device found)
[    0.486940] Initialise system trusted keyrings
[    0.486953] Key type blacklist registered
[    0.486987] workingset: timestamp_bits=36 max_order=23 bucket_order=0
[    0.486996] zbud: loaded
[    0.487088] fuse: init (API version 7.41)
[    0.487215] integrity: Platform Keyring initialized
[    0.487221] integrity: Machine keyring initialized
[    0.496428] Key type asymmetric registered
[    0.496431] Asymmetric key parser 'x509' registered
[    0.996253] Freeing initrd memory: 81560K
[    1.000929] Block layer SCSI generic (bsg) driver version 0.4 loaded (major 246)
[    1.000971] io scheduler mq-deadline registered
[    1.002565] ledtrig-cpu: registered to indicate activity on CPUs
[    1.003275] pcieport 0000:00:06.0: PME: Signaling with IRQ 122
[    1.003714] pcieport 0000:00:07.0: PME: Signaling with IRQ 123
[    1.003740] pcieport 0000:00:07.0: pciehp: Slot #12 AttnBtn- PwrCtrl- MRL- AttnInd- PwrInd- HotPlug+ Surprise+ Interlock- NoCompl+ IbPresDis- LLActRep+
[    1.004069] pcieport 0000:00:07.2: PME: Signaling with IRQ 124
[    1.004088] pcieport 0000:00:07.2: pciehp: Slot #14 AttnBtn- PwrCtrl- MRL- AttnInd- PwrInd- HotPlug+ Surprise+ Interlock- NoCompl+ IbPresDis- LLActRep+
[    1.004375] pcieport 0000:00:1c.0: PME: Signaling with IRQ 125
[    1.004476] shpchp: Standard Hot Plug PCI Controller Driver version: 0.4
[    1.016501] ACPI: thermal: [Firmware Bug]: Invalid critical threshold (-274000)
[    1.019411] thermal LNXTHERM:00: registered as thermal_zone0
[    1.019414] ACPI: thermal: Thermal Zone [TZ01] (76 C)
[    1.019610] Serial: 8250/16550 driver, 4 ports, IRQ sharing enabled
[    1.020330] serial 0000:00:12.0: enabling device (0000 -> 0002)
[    1.020675] hpet_acpi_add: no address or irqs in _CRS
[    1.020699] Linux agpgart interface v0.103
[    1.023085] tpm_tis MSFT0101:00: 2.0 TPM (device-id 0x1D, rev-id 54)
[    1.137127] i8042: PNP: PS/2 Controller [PNP0303:PS2K] at 0x60,0x64 irq 1
[    1.137133] i8042: PNP: PS/2 appears to have AUX port disabled, if this is incorrect please boot with i8042.nopnp
[    1.138745] serio: i8042 KBD port at 0x60,0x64 irq 1
[    1.139041] mousedev: PS/2 mouse device common for all mice
[    1.139066] rtc_cmos rtc_cmos: RTC can wake from S4
[    1.139878] rtc_cmos rtc_cmos: registered as rtc0
[    1.140010] rtc_cmos rtc_cmos: setting system clock to 2024-12-21T20:56:32 UTC (1734814592)
[    1.140034] rtc_cmos rtc_cmos: alarms up to one month, y3k, 114 bytes nvram
[    1.142755] intel_pstate: Intel P-state driver initializing
[    1.147682] intel_pstate: HWP enabled
[    1.147782] efifb: probing for efifb
[    1.147789] efifb: framebuffer at 0x70800000, using 20252k, total 20250k
[    1.147790] efifb: mode is 2880x1800x32, linelength=11520, pages=1
[    1.147791] efifb: scrolling: redraw
[    1.147792] efifb: Truecolor: size=8:8:8:8, shift=24:16:8:0
[    1.149398] Console: switching to colour frame buffer device 180x56
[    1.150930] fb0: EFI VGA frame buffer device
[    1.151053] NET: Registered PF_INET6 protocol family
[    1.154875] Segment Routing with IPv6
[    1.154900] In-situ OAM (IOAM) with IPv6
[    1.154937] mip6: Mobile IPv6
[    1.154952] NET: Registered PF_PACKET protocol family
[    1.154994] mpls_gso: MPLS GSO support
[    1.157420] ENERGY_PERF_BIAS: Set to 'normal', was 'performance'
[    1.158950] microcode: Current revision: 0x00000020
[    1.158971] microcode: Updated early from: 0x0000001f
[    1.160137] IPI shorthand broadcast: enabled
[    1.161065] sched_clock: Marking stable (1153822321, 6279942)->(1202198619, -42096356)
[    1.161873] registered taskstats version 1
[    1.161999] Loading compiled-in X.509 certificates
[    1.179664] Loaded X.509 cert 'Build time autogenerated kernel key: 24a2ef881874b1f607ad746af78b458b87f50423'
[    1.181343] Demotion targets for Node 0: null
[    1.181925] Key type .fscrypt registered
[    1.181936] Key type fscrypt-provisioning registered
[    1.194967] Key type encrypted registered
[    1.195004] AppArmor: AppArmor sha256 policy hashing enabled
[    1.195328] integrity: Loading X.509 certificate: UEFI:db
[    1.195383] integrity: Loaded X.509 cert 'HP Inc.: HP UEFI Secure Boot DB 2017: d9c01b50cfcae89d3b05345c163aa76e5dd589e7'
[    1.195433] integrity: Loading X.509 certificate: UEFI:db
[    1.195483] integrity: Loaded X.509 cert 'Microsoft UEFI CA 2023: 81aa6b3244c935bce0d6628af39827421e32497d'
[    1.195527] integrity: Loading X.509 certificate: UEFI:db
[    1.195570] integrity: Loaded X.509 cert 'Microsoft Corporation: Windows UEFI CA 2023: aefc5fbbbe055d8f8daa585473499417ab5a5272'
[    1.195622] integrity: Loading X.509 certificate: UEFI:db
[    1.195667] integrity: Loaded X.509 cert 'Microsoft Windows Production PCA 2011: a92902398e16c49778cd90f99e4f9ae17c55af53'
[    1.195716] integrity: Loading X.509 certificate: UEFI:db
[    1.195762] integrity: Loaded X.509 cert 'Microsoft Corporation UEFI CA 2011: 13adbf4309bd82709c8cd54f316ed522988a1bd4'
[    1.197131] ima: Allocated hash algorithm: sha256
[    1.203810] input: AT Translated Set 2 keyboard as /devices/platform/i8042/serio0/input/input0
[    1.353376] ima: No architecture policies found
[    1.354778] evm: Initialising EVM extended attributes:
[    1.355866] evm: security.selinux
[    1.356599] evm: security.SMACK64 (disabled)
[    1.357320] evm: security.SMACK64EXEC (disabled)
[    1.358027] evm: security.SMACK64TRANSMUTE (disabled)
[    1.358733] evm: security.SMACK64MMAP (disabled)
[    1.359431] evm: security.apparmor
[    1.360167] evm: security.ima
[    1.360841] evm: security.capability
[    1.361509] evm: HMAC attrs: 0x1
[    1.365642] RAS: Correctable Errors collector initialized.
[    1.366621] clk: Disabling unused clocks
[    1.367433] PM: genpd: Disabling unused power domains
[    1.370146] Freeing unused decrypted memory: 2028K
[    1.371797] Freeing unused kernel image (initmem) memory: 4148K
[    1.372406] Write protecting the kernel read-only data: 24576k
[    1.374383] Freeing unused kernel image (rodata/data gap) memory: 1288K
[    1.380067] x86/mm: Checked W+X mappings: passed, no W+X pages found.
[    1.380587] Run /init as init process
[    1.381137]   with arguments:
[    1.381138]     /init
[    1.381138]   with environment:
[    1.381139]     HOME=/
[    1.381139]     TERM=linux
[    1.381139]     BOOT_IMAGE=/boot/vmlinuz-6.13.0-rc2-ipu6+
[    1.441009] input: Sleep Button as /devices/LNXSYSTM:00/LNXSYBUS:00/PNP0C0E:00/input/input1
[    1.441604] ACPI: button: Sleep Button [SLPB]
[    1.442200] input: Lid Switch as /devices/LNXSYSTM:00/LNXSYBUS:00/PNP0C0D:00/input/input2
[    1.443027] ACPI: button: Lid Switch [LID0]
[    1.443761] input: Power Button as /devices/LNXSYSTM:00/LNXSYBUS:00/PNP0C0C:00/input/input3
[    1.451924] wmi_bus wmi_bus-PNP0C14:04: [Firmware Info]: 8F1F6436-9F42-42C8-BADC-0E9424F20C9A has zero instances
[    1.452809] wmi_bus wmi_bus-PNP0C14:04: [Firmware Info]: 8F1F6435-9F42-42C8-BADC-0E9424F20C9A has zero instances
[    1.453730] wmi_bus wmi_bus-PNP0C14:04: [Firmware Info]: 7391A661-223A-47DB-A77A-7BE84C60822D has zero instances
[    1.454704] wmi_bus wmi_bus-PNP0C14:04: [Firmware Info]: DF4E63B6-3BBC-4858-9737-C74F82F821F3 has zero instances
[    1.467124] ACPI: bus type drm_connector registered
[    1.469486] ACPI: bus type thunderbolt registered
[    1.470305] ACPI: button: Power Button [PWRB]
[    1.470967] input: Power Button as /devices/LNXSYSTM:00/LNXPWRBN:00/input/input4
[    1.471699] ACPI: button: Power Button [PWRF]
[    1.478678] ACPI: battery: Slot [BAT0] (battery present)
[    1.481307] i801_smbus 0000:00:1f.4: SPD Write Disable is set
[    1.482388] i801_smbus 0000:00:1f.4: SMBus using PCI interrupt
[    1.484371] nvme 0000:01:00.0: platform quirk: setting simple suspend
[    1.485518] nvme nvme0: pci function 0000:01:00.0
[    1.487225] hid: raw HID events driver (C) Jiri Kosina
[    1.490274] ACPI: bus type USB registered
[    1.491134] usbcore: registered new interface driver usbfs
[    1.491676] usbcore: registered new interface driver hub
[    1.492203] usbcore: registered new device driver usb
[    1.494293] intel-lpss 0000:00:15.0: enabling device (0004 -> 0006)
[    1.495202] idma64 idma64.0: Found Intel integrated DMA 64-bit
[    1.505897] nvme nvme0: 22/0/0 default/read/poll queues
[    1.510898]  nvme0n1: p1 p2 p3 p4 p5 p6 p7
[    1.512590] intel-lpss 0000:00:15.1: enabling device (0004 -> 0006)
[    1.513471] idma64 idma64.1: Found Intel integrated DMA 64-bit
[    1.530293] intel-lpss 0000:00:15.3: enabling device (0004 -> 0006)
[    1.531597] idma64 idma64.2: Found Intel integrated DMA 64-bit
[    1.550031] intel-lpss 0000:00:19.0: enabling device (0004 -> 0006)
[    1.569465] intel-lpss 0000:00:19.1: enabling device (0004 -> 0006)
[    1.688371] i801_smbus 0000:00:1f.4: SMBus is busy, can't use it!
[    1.808303] i2c_hid_acpi i2c-ELAN2513:00: i2c_hid_get_input: IRQ triggered but there's no data
[    1.810445] xhci_hcd 0000:00:0d.0: xHCI Host Controller
[    1.811812] xhci_hcd 0000:00:0d.0: new USB bus registered, assigned bus number 1
[    1.813321] input: ELAN07CE:00 04F3:32C8 Mouse as /devices/pci0000:00/0000:00:15.0/i2c_designware.0/i2c-1/i2c-ELAN07CE:00/0018:04F3:32C8.0001/input/input5
[    1.813757] xhci_hcd 0000:00:0d.0: hcc params 0x20007fc1 hci version 0x120 quirks 0x0000000200009810
[    1.815265] input: ELAN07CE:00 04F3:32C8 Touchpad as /devices/pci0000:00/0000:00:15.0/i2c_designware.0/i2c-1/i2c-ELAN07CE:00/0018:04F3:32C8.0001/input/input7
[    1.816106] xhci_hcd 0000:00:0d.0: xHCI Host Controller
[    1.816873] input: ELAN07CE:00 04F3:32C8 Consumer Control as /devices/pci0000:00/0000:00:15.0/i2c_designware.0/i2c-1/i2c-ELAN07CE:00/0018:04F3:32C8.0001/input/input8
[    1.817387] xhci_hcd 0000:00:0d.0: new USB bus registered, assigned bus number 2
[    1.818199] hid-generic 0018:04F3:32C8.0001: input,hidraw0: I2C HID v1.00 Mouse [ELAN07CE:00 04F3:32C8] on i2c-ELAN07CE:00
[    1.818994] xhci_hcd 0000:00:0d.0: Host supports USB 3.2 Enhanced SuperSpeed
[    1.820429] input: ELAN2513:00 04F3:422C Touchscreen as /devices/pci0000:00/0000:00:15.1/i2c_designware.1/i2c-2/i2c-ELAN2513:00/0018:04F3:422C.0002/input/input9
[    1.820702] usb usb1: New USB device found, idVendor=1d6b, idProduct=0002, bcdDevice= 6.13
[    1.821641] input: ELAN2513:00 04F3:422C as /devices/pci0000:00/0000:00:15.1/i2c_designware.1/i2c-2/i2c-ELAN2513:00/0018:04F3:422C.0002/input/input10
[    1.822502] usb usb1: New USB device strings: Mfr=3, Product=2, SerialNumber=1
[    1.823506] input: ELAN2513:00 04F3:422C as /devices/pci0000:00/0000:00:15.1/i2c_designware.1/i2c-2/i2c-ELAN2513:00/0018:04F3:422C.0002/input/input11
[    1.824404] usb usb1: Product: xHCI Host Controller
[    1.825287] input: ELAN2513:00 04F3:422C Stylus as /devices/pci0000:00/0000:00:15.1/i2c_designware.1/i2c-2/i2c-ELAN2513:00/0018:04F3:422C.0002/input/input12
[    1.826226] usb usb1: Manufacturer: Linux 6.13.0-rc2-ipu6+ xhci-hcd
[    1.827382] input: ELAN2513:00 04F3:422C Keyboard as /devices/pci0000:00/0000:00:15.1/i2c_designware.1/i2c-2/i2c-ELAN2513:00/0018:04F3:422C.0002/input/input13
[    1.828070] usb usb1: SerialNumber: 0000:00:0d.0
[    1.829045] input: ELAN2513:00 04F3:422C Mouse as /devices/pci0000:00/0000:00:15.1/i2c_designware.1/i2c-2/i2c-ELAN2513:00/0018:04F3:422C.0002/input/input14
[    1.830147] hub 1-0:1.0: USB hub found
[    1.831295] input: ELAN2513:00 04F3:422C as /devices/pci0000:00/0000:00:15.1/i2c_designware.1/i2c-2/i2c-ELAN2513:00/0018:04F3:422C.0002/input/input16
[    1.832385] hub 1-0:1.0: 1 port detected
[    1.833603] input: ELAN2513:00 04F3:422C as /devices/pci0000:00/0000:00:15.1/i2c_designware.1/i2c-2/i2c-ELAN2513:00/0018:04F3:422C.0002/input/input17
[    1.834837] usb usb2: New USB device found, idVendor=1d6b, idProduct=0003, bcdDevice= 6.13
[    1.835917] input: ELAN2513:00 04F3:422C as /devices/pci0000:00/0000:00:15.1/i2c_designware.1/i2c-2/i2c-ELAN2513:00/0018:04F3:422C.0002/input/input18
[    1.837822] usb usb2: New USB device strings: Mfr=3, Product=2, SerialNumber=1
[    1.841290] usb usb2: Product: xHCI Host Controller
[    1.843106] usb usb2: Manufacturer: Linux 6.13.0-rc2-ipu6+ xhci-hcd
[    1.844874] usb usb2: SerialNumber: 0000:00:0d.0
[    1.846696] hub 2-0:1.0: USB hub found
[    1.847688] hub 2-0:1.0: 4 ports detected
[    1.849662] xhci_hcd 0000:00:14.0: xHCI Host Controller
[    1.850665] xhci_hcd 0000:00:14.0: new USB bus registered, assigned bus number 3
[    1.852596] xhci_hcd 0000:00:14.0: hcc params 0x20007fc1 hci version 0x120 quirks 0x0000000200009810
[    1.853689] xhci_hcd 0000:00:14.0: xHCI Host Controller
[    1.854684] xhci_hcd 0000:00:14.0: new USB bus registered, assigned bus number 4
[    1.855590] xhci_hcd 0000:00:14.0: Host supports USB 3.2 Enhanced SuperSpeed
[    1.856506] usb usb3: New USB device found, idVendor=1d6b, idProduct=0002, bcdDevice= 6.13
[    1.857411] usb usb3: New USB device strings: Mfr=3, Product=2, SerialNumber=1
[    1.858327] usb usb3: Product: xHCI Host Controller
[    1.859267] usb usb3: Manufacturer: Linux 6.13.0-rc2-ipu6+ xhci-hcd
[    1.860402] usb usb3: SerialNumber: 0000:00:14.0
[    1.861354] hub 3-0:1.0: USB hub found
[    1.862261] hub 3-0:1.0: 12 ports detected
[    1.863928] usb usb4: New USB device found, idVendor=1d6b, idProduct=0003, bcdDevice= 6.13
[    1.864804] usb usb4: New USB device strings: Mfr=3, Product=2, SerialNumber=1
[    1.865675] usb usb4: Product: xHCI Host Controller
[    1.866653] usb usb4: Manufacturer: Linux 6.13.0-rc2-ipu6+ xhci-hcd
[    1.867521] usb usb4: SerialNumber: 0000:00:14.0
[    1.868435] hub 4-0:1.0: USB hub found
[    1.869318] hub 4-0:1.0: 2 ports detected
[    1.884098] hid-generic 0018:04F3:422C.0002: input,hidraw1: I2C HID v1.00 Keyboard [ELAN2513:00 04F3:422C] on i2c-ELAN2513:00
[    2.060747] i915 0000:00:02.0: [drm] Found meteorlake (device ID 7d55) display version 14.00 stepping C0
[    2.063444] i915 0000:00:02.0: [drm] VT-d active for gfx access
[    2.064543] Console: switching to colour dummy device 80x25
[    2.064559] i915 0000:00:02.0: vgaarb: deactivate vga console
[    2.064572] i915 0000:00:02.0: [drm] Using Transparent Hugepages
[    2.082389] i915 0000:00:02.0: vgaarb: VGA decodes changed: olddecodes=io+mem,decodes=none:owns=io+mem
[    2.090682] i915 0000:00:02.0: [drm] Finished loading DMC firmware i915/mtl_dmc.bin (v2.23)
[    2.110308] usb 3-3: new full-speed USB device number 2 using xhci_hcd
[    2.125557] i915 0000:00:02.0: [drm] GT0: GuC firmware i915/mtl_guc_70.bin version 70.36.0
[    2.132277] input: ELAN07CE:00 04F3:32C8 Touchpad as /devices/pci0000:00/0000:00:15.0/i2c_designware.0/i2c-1/i2c-ELAN07CE:00/0018:04F3:32C8.0001/input/input22
[    2.132344] input: ELAN07CE:00 04F3:32C8 Consumer Control as /devices/pci0000:00/0000:00:15.0/i2c_designware.0/i2c-1/i2c-ELAN07CE:00/0018:04F3:32C8.0001/input/input23
[    2.132378] hid-multitouch 0018:04F3:32C8.0001: input,hidraw0: I2C HID v1.00 Mouse [ELAN07CE:00 04F3:32C8] on i2c-ELAN07CE:00
[    2.138974] i915 0000:00:02.0: [drm] GT0: GUC: submission enabled
[    2.138978] i915 0000:00:02.0: [drm] GT0: GUC: SLPC enabled
[    2.139187] i915 0000:00:02.0: [drm] GT0: GUC: RC enabled
[    2.143866] i915 0000:00:02.0: [drm] GT1: can't init GSC proxy due to missing mei component
[    2.144088] i915 0000:00:02.0: [drm] GT1: GuC firmware i915/mtl_guc_70.bin version 70.36.0
[    2.144090] i915 0000:00:02.0: [drm] GT1: HuC firmware i915/mtl_huc_gsc.bin version 8.5.4
[    2.166288] i915 0000:00:02.0: [drm] GT1: HuC: authenticated for clear media
[    2.166641] i915 0000:00:02.0: [drm] GT1: GUC: submission enabled
[    2.166642] i915 0000:00:02.0: [drm] GT1: GUC: SLPC enabled
[    2.166749] i915 0000:00:02.0: [drm] GT1: GUC: RC enabled
[    2.168795] i915 0000:00:02.0: [drm] Protected Xe Path (PXP) protected content support initialized
[    2.175970] [drm] Initialized i915 1.6.0 for 0000:00:02.0 on minor 0
[    2.176232] ACPI: video: Video Device [PXSX] (multi-head: no  rom: yes  post: no)
[    2.176251] input: Video Bus as /devices/LNXSYSTM:00/LNXSYBUS:00/PNP0A08:00/device:01/LNXVIDEO:00/input/input24
[    2.191522] ACPI: video: Video Device [GFX0] (multi-head: yes  rom: no  post: no)
[    2.191748] input: Video Bus as /devices/LNXSYSTM:00/LNXSYBUS:00/PNP0A08:00/LNXVIDEO:01/input/input25
[    2.247548] usb 3-3: New USB device found, idVendor=06cb, idProduct=016c, bcdDevice= 0.00
[    2.247556] usb 3-3: New USB device strings: Mfr=0, Product=0, SerialNumber=1
[    2.247560] usb 3-3: SerialNumber: 17f07122a011
[    2.258313] tpm tpm0: auth session is active
[    2.307502] i915 0000:00:02.0: [drm] GT1: Loaded GSC firmware i915/mtl_gsc_1.bin (cv1.0, r102.1.15.1926, svn 1)
[    2.314017] fbcon: i915drmfb (fb0) is primary device
[    2.323180] input: ELAN2513:00 04F3:422C as /devices/pci0000:00/0000:00:15.1/i2c_designware.1/i2c-2/i2c-ELAN2513:00/0018:04F3:422C.0002/input/input26
[    2.323227] input: ELAN2513:00 04F3:422C UNKNOWN as /devices/pci0000:00/0000:00:15.1/i2c_designware.1/i2c-2/i2c-ELAN2513:00/0018:04F3:422C.0002/input/input27
[    2.323245] input: ELAN2513:00 04F3:422C UNKNOWN as /devices/pci0000:00/0000:00:15.1/i2c_designware.1/i2c-2/i2c-ELAN2513:00/0018:04F3:422C.0002/input/input28
[    2.323264] input: ELAN2513:00 04F3:422C Stylus as /devices/pci0000:00/0000:00:15.1/i2c_designware.1/i2c-2/i2c-ELAN2513:00/0018:04F3:422C.0002/input/input29
[    2.323306] input: ELAN2513:00 04F3:422C Keyboard as /devices/pci0000:00/0000:00:15.1/i2c_designware.1/i2c-2/i2c-ELAN2513:00/0018:04F3:422C.0002/input/input30
[    2.323325] input: ELAN2513:00 04F3:422C Mouse as /devices/pci0000:00/0000:00:15.1/i2c_designware.1/i2c-2/i2c-ELAN2513:00/0018:04F3:422C.0002/input/input31
[    2.323364] input: ELAN2513:00 04F3:422C UNKNOWN as /devices/pci0000:00/0000:00:15.1/i2c_designware.1/i2c-2/i2c-ELAN2513:00/0018:04F3:422C.0002/input/input33
[    2.323380] input: ELAN2513:00 04F3:422C UNKNOWN as /devices/pci0000:00/0000:00:15.1/i2c_designware.1/i2c-2/i2c-ELAN2513:00/0018:04F3:422C.0002/input/input34
[    2.323396] input: ELAN2513:00 04F3:422C UNKNOWN as /devices/pci0000:00/0000:00:15.1/i2c_designware.1/i2c-2/i2c-ELAN2513:00/0018:04F3:422C.0002/input/input35
[    2.327855] i915 0000:00:02.0: [drm] GT1: HuC: authenticated for all workloads
[    2.327861] i915 0000:00:02.0: [drm] *ERROR* GT1: GSC proxy handler failed to init
[    2.366367] usb 3-10: new full-speed USB device number 3 using xhci_hcd
[    2.369199] hid-multitouch 0018:04F3:422C.0002: input,hidraw1: I2C HID v1.00 Keyboard [ELAN2513:00 04F3:422C] on i2c-ELAN2513:00
[    2.504891] usb 3-10: New USB device found, idVendor=8087, idProduct=0033, bcdDevice= 0.00
[    2.504898] usb 3-10: New USB device strings: Mfr=0, Product=0, SerialNumber=0
[    2.563037] ish-hid {33AECD58-B679-4E54-9BD9-A04D34F0C226}: [hid-ish]: enum_devices_done OK, num_hid_devices=6
[    2.569985] hid-generic 001F:8087:0AC2.0003: hidraw2: SENSOR HUB HID v2.00 Device [hid-ishtp 8087:0AC2] on 
[    2.575719] hid-generic 001F:8087:0AC2.0004: hidraw3: SENSOR HUB HID v2.00 Device [hid-ishtp 8087:0AC2] on 
[    2.585170] hid-generic 001F:8087:0AC2.0005: hidraw4: SENSOR HUB HID v2.00 Device [hid-ishtp 8087:0AC2] on 
[    2.590844] hid-generic 001F:8087:0AC2.0006: hidraw5: SENSOR HUB HID v2.00 Device [hid-ishtp 8087:0AC2] on 
[    2.596378] hid-generic 001F:8087:0AC2.0007: hidraw6: SENSOR HUB HID v2.00 Device [hid-ishtp 8087:0AC2] on 
[    2.597889] hid-generic 001F:8087:0AC2.0008: hidraw7: SENSOR HUB HID v2.00 Device [hid-ishtp 8087:0AC2] on 
[    2.601700] hid-sensor-hub 001F:8087:0AC2.0003: hidraw2: SENSOR HUB HID v2.00 Device [hid-ishtp 8087:0AC2] on 
[    2.602787] hid-sensor-hub 001F:8087:0AC2.0004: hidraw3: SENSOR HUB HID v2.00 Device [hid-ishtp 8087:0AC2] on 
[    2.603462] hid-sensor-hub 001F:8087:0AC2.0005: hidraw4: SENSOR HUB HID v2.00 Device [hid-ishtp 8087:0AC2] on 
[    2.604202] hid-sensor-hub 001F:8087:0AC2.0006: hidraw5: SENSOR HUB HID v2.00 Device [hid-ishtp 8087:0AC2] on 
[    2.604843] hid-sensor-hub 001F:8087:0AC2.0007: hidraw6: SENSOR HUB HID v2.00 Device [hid-ishtp 8087:0AC2] on 
[    2.605020] hid-sensor-hub 001F:8087:0AC2.0008: hidraw7: SENSOR HUB HID v2.00 Device [hid-ishtp 8087:0AC2] on 
[    3.699215] Console: switching to colour frame buffer device 180x56
[    3.708829] i915 0000:00:02.0: [drm] fb0: i915drmfb frame buffer device
[    3.822284] raid6: avx2x4   gen() 20415 MB/s
[    3.890284] raid6: avx2x2   gen() 24268 MB/s
[    3.958295] raid6: avx2x1   gen() 20811 MB/s
[    3.959130] raid6: using algorithm avx2x2 gen() 24268 MB/s
[    4.026284] raid6: .... xor() 16196 MB/s, rmw enabled
[    4.027107] raid6: using avx2x2 recovery algorithm
[    4.029898] xor: automatically using best checksumming function   avx       
[    4.033351] async_tx: api initialized (async)
[    4.244809] Btrfs loaded, zoned=yes, fsverity=yes
[    4.303969] PM: Image not found (code -22)
[    4.367643] EXT4-fs (nvme0n1p4): orphan cleanup on readonly fs
[    4.367780] EXT4-fs (nvme0n1p4): mounted filesystem 7881f7bb-dbe6-4323-887f-dd718adb7a8b ro with ordered data mode. Quota mode: none.
[    4.401756] Not activating Mandatory Access Control as /sbin/tomoyo-init does not exist.
[    4.438307] systemd[1]: Inserted module 'autofs4'
[    4.468546] systemd[1]: systemd 257.1-3 running in system mode (+PAM +AUDIT +SELINUX +APPARMOR +IMA +IPE +SMACK +SECCOMP +GCRYPT -GNUTLS +OPENSSL +ACL +BLKID +CURL +ELFUTILS +FIDO2 +IDN2 -IDN +IPTC +KMOD +LIBCRYPTSETUP +LIBCRYPTSETUP_PLUGINS +LIBFDISK +PCRE2 +PWQUALITY +P11KIT +QRENCODE +TPM2 +BZIP2 +LZ4 +XZ +ZLIB +ZSTD +BPF_FRAMEWORK +BTF -XKBCOMMON -UTMP +SYSVINIT +LIBARCHIVE)
[    4.468549] systemd[1]: Detected architecture x86-64.
[    4.475738] systemd[1]: Hostname set to <DuanesSpectre16>.
[    4.527473] systemd[1]: bpf-restrict-fs: Failed to load BPF object: No such process
[    4.632533] systemd[1]: Queued start job for default target graphical.target.
[    4.677888] systemd[1]: Created slice system-getty.slice - Slice /system/getty.
[    4.678974] systemd[1]: Created slice system-modprobe.slice - Slice /system/modprobe.
[    4.682670] systemd[1]: Created slice system-systemd\x2dfsck.slice - Slice /system/systemd-fsck.
[    4.683589] systemd[1]: Created slice system-xfs_scrub.slice - xfs_scrub background service slice.
[    4.684442] systemd[1]: Created slice user.slice - User and Session Slice.
[    4.685364] systemd[1]: Started systemd-ask-password-wall.path - Forward Password Requests to Wall Directory Watch.
[    4.686566] systemd[1]: Set up automount proc-sys-fs-binfmt_misc.automount - Arbitrary Executable File Formats File System Automount Point.
[    4.687829] systemd[1]: Expecting device dev-disk-by\x2duuid-12DE8F49DE8F2457.device - /dev/disk/by-uuid/12DE8F49DE8F2457...
[    4.689094] systemd[1]: Expecting device dev-disk-by\x2duuid-96c2339a\x2dae0c\x2d4a9d\x2d9d62\x2dfbbce901defc.device - /dev/disk/by-uuid/96c2339a-ae0c-4a9d-9d62-fbbce901defc...
[    4.689740] systemd[1]: Expecting device dev-disk-by\x2duuid-9DB2\x2d2D80.device - /dev/disk/by-uuid/9DB2-2D80...
[    4.691014] systemd[1]: Reached target nss-user-lookup.target - User and Group Name Lookups.
[    4.692301] systemd[1]: Reached target slices.target - Slice Units.
[    4.700177] systemd[1]: Listening on rpcbind.socket - RPCbind Server Activation Socket.
[    4.705070] systemd[1]: Listening on systemd-coredump.socket - Process Core Dump Socket.
[    4.706781] systemd[1]: Listening on systemd-creds.socket - Credential Encryption/Decryption.
[    4.708051] systemd[1]: Listening on systemd-initctl.socket - initctl Compatibility Named Pipe.
[    4.709614] systemd[1]: Listening on systemd-journald-dev-log.socket - Journal Socket (/dev/log).
[    4.711215] systemd[1]: Listening on systemd-journald.socket - Journal Sockets.
[    4.712045] systemd[1]: systemd-pcrextend.socket - TPM PCR Measurements was skipped because of an unmet condition check (ConditionSecurity=measured-uki).
[    4.712055] systemd[1]: systemd-pcrlock.socket - Make TPM PCR Policy was skipped because of an unmet condition check (ConditionSecurity=measured-uki).
[    4.712092] systemd[1]: Listening on systemd-udevd-control.socket - udev Control Socket.
[    4.716650] systemd[1]: Listening on systemd-udevd-kernel.socket - udev Kernel Socket.
[    4.719906] systemd[1]: Mounting dev-hugepages.mount - Huge Pages File System...
[    4.721820] systemd[1]: Mounting dev-mqueue.mount - POSIX Message Queue File System...
[    4.724601] systemd[1]: Mounting run-lock.mount - Legacy Locks Directory /run/lock...
[    4.727234] systemd[1]: Mounting sys-kernel-debug.mount - Kernel Debug File System...
[    4.730711] systemd[1]: Mounting sys-kernel-tracing.mount - Kernel Trace File System...
[    4.732096] systemd[1]: auth-rpcgss-module.service - Kernel Module supporting RPCSEC_GSS was skipped because of an unmet condition check (ConditionPathExists=/etc/krb5.keytab).
[    4.733008] systemd[1]: Starting keyboard-setup.service - Set the console keyboard layout...
[    4.735257] systemd[1]: Starting kmod-static-nodes.service - Create List of Static Device Nodes...
[    4.737906] systemd[1]: Starting modprobe@configfs.service - Load Kernel Module configfs...
[    4.740227] systemd[1]: Starting modprobe@drm.service - Load Kernel Module drm...
[    4.744248] systemd[1]: Starting modprobe@efi_pstore.service - Load Kernel Module efi_pstore...
[    4.747157] systemd[1]: Starting modprobe@fuse.service - Load Kernel Module fuse...
[    4.751123] systemd[1]: systemd-fsck-root.service - File System Check on Root Device was skipped because of an unmet condition check (ConditionPathExists=!/run/initramfs/fsck-root).
[    4.753563] systemd[1]: systemd-hibernate-clear.service - Clear Stale Hibernate Storage Info was skipped because of an unmet condition check (ConditionPathExists=/sys/firmware/efi/efivars/HibernateLocation-8cf2644b-4b0b-428f-9387-6d876050dc67).
[    4.755003] pstore: Using crash dump compression: deflate
[    4.759493] systemd[1]: Starting systemd-journald.service - Journal Service...
[    4.762818] systemd[1]: Starting systemd-modules-load.service - Load Kernel Modules...
[    4.764190] pstore: Registered efi_pstore as persistent store backend
[    4.765410] systemd[1]: systemd-pcrmachine.service - TPM PCR Machine ID Measurement was skipped because of an unmet condition check (ConditionSecurity=measured-uki).
[    4.766081] systemd[1]: Starting systemd-remount-fs.service - Remount Root and Kernel File Systems...
